10.0.5.141 - - [11/Mar/2025:12:50:24 +0000] "GET /api-web/v1/chart_data?timespan=60 HTTP/1.1" 200 3149 "https://cyber.ltfe.org/" "Mozilla/5.0 (Macintosh; Intel Mac OS X 10_15_7) AppleWebKit/537.36 (KHTML, like Gecko) Chrome/133.0.0.0 Safari/537.36"
193.189.185.113 - - [11/Mar/2025:12:50:50 +0000] "GET /api-web/v1/traffic?timespan=10 HTTP/1.1" 200 25071 "https://cyber.ltfe.org/" "Mozilla/5.0 (Windows NT 10.0; Win64; x64) AppleWebKit/537.36 (KHTML, like Gecko) Chrome/134.0.0.0 Safari/537.36 Edg/134.0.0.0"
193.189.185.113 - - [11/Mar/2025:12:50:50 +0000] "GET /api-web/v1/traffic?timespan=10 HTTP/1.1" 200 25071 "https://cyber.ltfe.org/" "Mozilla/5.0 (Windows NT 10.0; Win64; x64) AppleWebKit/537.36 (KHTML, like Gecko) Chrome/134.0.0.0 Safari/537.36 Edg/134.0.0.0"


193.189.185.113 - - [11/Mar/2025:12:50:58 +0000] "GET /api-web/v1/chart_data?timespan=10 HTTP/1.1" 200 2835 "https://cyber.ltfe.org/" "Mozilla/5.0 (Windows NT 10.0; Win64; x64) AppleWebKit/537.36 (KHTML, like Gecko) Chrome/134.0.0.0 Safari/537.36 Edg/134.0.0.0"

20.171.29.48 - - [11/Mar/2025:12:51:06 +0000] "GET /druid/index.html HTTP/1.1" 404 48 "-" "Mozilla/5.0 zgrab/0.x"

10.0.5.141 - - [11/Mar/2025:12:51:25 +0000] "GET /api-web/v1/chart_data?timespan=60 HTTP/1.1" 200 3149 "https://cyber.ltfe.org/" "Mozilla/5.0 (Macintosh; Intel Mac OS X 10_15_7) AppleWebKit/537.36 (KHTML, like Gecko) Chrome/133.0.0.0 Safari/537.36"







10.0.5.141 - - [11/Mar/2025:12:51:48 +0000] "GET /api-web/v1/chart_data?timespan=60 HTTP/1.1" 200 3149 "https://cyber.ltfe.org/" "Mozilla/5.0 (Windows NT 10.0; Win64; x64) AppleWebKit/537.36 (KHTML, like Gecko) Chrome/134.0.0.0 Safari/537.36 Edg/134.0.0.0"
10.0.5.141 - - [11/Mar/2025:12:51:52 +0000] "GET /api-web/v1/traffic?timespan=60 HTTP/1.1" 200 82388 "https://cyber.ltfe.org/" "Mozilla/5.0 (Windows NT 10.0; Win64; x64) AppleWebKit/537.36 (KHTML, like Gecko) Chrome/134.0.0.0 Safari/537.36 Edg/134.0.0.0"

193.189.185.113 - - [11/Mar/2025:12:51:58 +0000] "GET /api-web/v1/chart_data?timespan=10 HTTP/1.1" 200 2835 "https://cyber.ltfe.org/" "Mozilla/5.0 (Windows NT 10.0; Win64; x64) AppleWebKit/537.36 (KHTML, like Gecko) Chrome/134.0.0.0 Safari/537.36 Edg/134.0.0.0"


10.0.5.141 - - [11/Mar/2025:12:52:14 +0000] "GET /api-web/v1/traffic?timespan=60 HTTP/1.1" 200 82388 "https://cyber.ltfe.org/" "Mozilla/5.0 (Macintosh; Intel Mac OS X 10_15_7) AppleWebKit/537.36 (KHTML, like Gecko) Chrome/133.0.0.0 Safari/537.36"
10.0.5.141 - - [11/Mar/2025:12:52:26 +0000] "GET /api-web/v1/chart_data?timespan=60 HTTP/1.1" 200 3149 "https://cyber.ltfe.org/" "Mozilla/5.0 (Macintosh; Intel Mac OS X 10_15_7) AppleWebKit/537.36 (KHTML, like Gecko) Chrome/133.0.0.0 Safari/537.36"




10.0.5.141 - - [11/Mar/2025:12:52:48 +0000] "GET /api-web/v1/chart_data?timespan=60 HTTP/1.1" 200 3149 "https://cyber.ltfe.org/" "Mozilla/5.0 (Windows NT 10.0; Win64; x64) AppleWebKit/537.36 (KHTML, like Gecko) Chrome/134.0.0.0 Safari/537.36 Edg/134.0.0.0"
193.189.185.113 - - [11/Mar/2025:12:52:58 +0000] "GET /api-web/v1/chart_data?timespan=10 HTTP/1.1" 200 2835 "https://cyber.ltfe.org/" "Mozilla/5.0 (Windows NT 10.0; Win64; x64) AppleWebKit/537.36 (KHTML, like Gecko) Chrome/134.0.0.0 Safari/537.36 Edg/134.0.0.0"



10.0.5.141 - - [11/Mar/2025:12:53:27 +0000] "GET /api-web/v1/chart_data?timespan=60 HTTP/1.1" 200 3149 "https://cyber.ltfe.org/" "Mozilla/5.0 (Macintosh; Intel Mac OS X 10_15_7) AppleWebKit/537.36 (KHTML, like Gecko) Chrome/133.0.0.0 Safari/537.36"
10.0.5.141 - - [11/Mar/2025:12:53:49 +0000] "GET /api-web/v1/chart_data?timespan=60 HTTP/1.1" 200 3149 "https://cyber.ltfe.org/" "Mozilla/5.0 (Windows NT 10.0; Win64; x64) AppleWebKit/537.36 (KHTML, like Gecko) Chrome/134.0.0.0 Safari/537.36 Edg/134.0.0.0"
193.189.185.113 - - [11/Mar/2025:12:53:58 +0000] "GET /api-web/v1/chart_data?timespan=10 HTTP/1.1" 200 2835 "https://cyber.ltfe.org/" "Mozilla/5.0 (Windows NT 10.0; Win64; x64) AppleWebKit/537.36 (KHTML, like Gecko) Chrome/134.0.0.0 Safari/537.36 Edg/134.0.0.0"






10.0.5.141 - - [11/Mar/2025:12:54:28 +0000] "GET /api-web/v1/chart_data?timespan=60 HTTP/1.1" 200 3149 "https://cyber.ltfe.org/" "Mozilla/5.0 (Macintosh; Intel Mac OS X 10_15_7) AppleWebKit/537.36 (KHTML, like Gecko) Chrome/133.0.0.0 Safari/537.36"


10.0.5.141 - - [11/Mar/2025:12:54:50 +0000] "GET /api-web/v1/chart_data?timespan=60 HTTP/1.1" 200 3149 "https://cyber.ltfe.org/" "Mozilla/5.0 (Windows NT 10.0; Win64; x64) AppleWebKit/537.36 (KHTML, like Gecko) Chrome/134.0.0.0 Safari/537.36 Edg/134.0.0.0"
193.189.185.113 - - [11/Mar/2025:12:54:58 +0000] "GET /api-web/v1/chart_data?timespan=10 HTTP/1.1" 200 2835 "https://cyber.ltfe.org/" "Mozilla/5.0 (Windows NT 10.0; Win64; x64) AppleWebKit/537.36 (KHTML, like Gecko) Chrome/134.0.0.0 Safari/537.36 Edg/134.0.0.0"



10.0.5.141 - - [11/Mar/2025:12:55:29 +0000] "GET /api-web/v1/chart_data?timespan=60 HTTP/1.1" 200 3149 "https://cyber.ltfe.org/" "Mozilla/5.0 (Macintosh; Intel Mac OS X 10_15_7) AppleWebKit/537.36 (KHTML, like Gecko) Chrome/133.0.0.0 Safari/537.36"
193.189.185.113 - - [11/Mar/2025:12:55:51 +0000] "GET /api-web/v1/traffic?timespan=10 HTTP/1.1" 200 25654 "https://cyber.ltfe.org/" "Mozilla/5.0 (Windows NT 10.0; Win64; x64) AppleWebKit/537.36 (KHTML, like Gecko) Chrome/134.0.0.0 Safari/537.36 Edg/134.0.0.0"
193.189.185.113 - - [11/Mar/2025:12:55:51 +0000] "GET /api-web/v1/traffic?timespan=10 HTTP/1.1" 200 25654 "https://cyber.ltfe.org/" "Mozilla/5.0 (Windows NT 10.0; Win64; x64) AppleWebKit/537.36 (KHTML, like Gecko) Chrome/134.0.0.0 Safari/537.36 Edg/134.0.0.0"
10.0.5.141 - - [11/Mar/2025:12:55:51 +0000] "GET /api-web/v1/chart_data?timespan=60 HTTP/1.1" 200 3149 "https://cyber.ltfe.org/" "Mozilla/5.0 (Windows NT 10.0; Win64; x64) AppleWebKit/537.36 (KHTML, like Gecko) Chrome/134.0.0.0 Safari/537.36 Edg/134.0.0.0"
193.189.185.113 - - [11/Mar/2025:12:55:58 +0000] "GET /api-web/v1/chart_data?timespan=10 HTTP/1.1" 200 2835 "https://cyber.ltfe.org/" "Mozilla/5.0 (Windows NT 10.0; Win64; x64) AppleWebKit/537.36 (KHTML, like Gecko) Chrome/134.0.0.0 Safari/537.36 Edg/134.0.0.0"

10.0.5.141 - - [11/Mar/2025:12:56:30 +0000] "GET /api-web/v1/chart_data?timespan=60 HTTP/1.1" 200 3149 "https://cyber.ltfe.org/" "Mozilla/5.0 (Macintosh; Intel Mac OS X 10_15_7) AppleWebKit/537.36 (KHTML, like Gecko) Chrome/133.0.0.0 Safari/537.36"


10.0.5.141 - - [11/Mar/2025:12:56:52 +0000] "GET /api-web/v1/chart_data?timespan=60 HTTP/1.1" 200 3149 "https://cyber.ltfe.org/" "Mozilla/5.0 (Windows NT 10.0; Win64; x64) AppleWebKit/537.36 (KHTML, like Gecko) Chrome/134.0.0.0 Safari/537.36 Edg/134.0.0.0"
10.0.5.141 - - [11/Mar/2025:12:56:58 +0000] "GET /api-web/v1/traffic?timespan=60 HTTP/1.1" 200 81288 "https://cyber.ltfe.org/" "Mozilla/5.0 (Windows NT 10.0; Win64; x64) AppleWebKit/537.36 (KHTML, like Gecko) Chrome/134.0.0.0 Safari/537.36 Edg/134.0.0.0"
193.189.185.113 - - [11/Mar/2025:12:56:58 +0000] "GET /api-web/v1/chart_data?timespan=10 HTTP/1.1" 200 2835 "https://cyber.ltfe.org/" "Mozilla/5.0 (Windows NT 10.0; Win64; x64) AppleWebKit/537.36 (KHTML, like Gecko) Chrome/134.0.0.0 Safari/537.36 Edg/134.0.0.0"



10.0.5.141 - - [11/Mar/2025:12:57:15 +0000] "GET /api-web/v1/traffic?timespan=60 HTTP/1.1" 200 81288 "https://cyber.ltfe.org/" "Mozilla/5.0 (Macintosh; Intel Mac OS X 10_15_7) AppleWebKit/537.36 (KHTML, like Gecko) Chrome/133.0.0.0 Safari/537.36"

10.0.5.141 - - [11/Mar/2025:12:57:32 +0000] "GET /api-web/v1/chart_data?timespan=60 HTTP/1.1" 200 3197 "https://cyber.ltfe.org/" "Mozilla/5.0 (Macintosh; Intel Mac OS X 10_15_7) AppleWebKit/537.36 (KHTML, like Gecko) Chrome/133.0.0.0 Safari/537.36"



10.0.5.141 - - [11/Mar/2025:12:57:53 +0000] "GET /api-web/v1/chart_data?timespan=60 HTTP/1.1" 200 3197 "https://cyber.ltfe.org/" "Mozilla/5.0 (Windows NT 10.0; Win64; x64) AppleWebKit/537.36 (KHTML, like Gecko) Chrome/134.0.0.0 Safari/537.36 Edg/134.0.0.0"
193.189.185.113 - - [11/Mar/2025:12:57:58 +0000] "GET /api-web/v1/chart_data?timespan=10 HTTP/1.1" 200 2835 "https://cyber.ltfe.org/" "Mozilla/5.0 (Windows NT 10.0; Win64; x64) AppleWebKit/537.36 (KHTML, like Gecko) Chrome/134.0.0.0 Safari/537.36 Edg/134.0.0.0"


10.0.5.141 - - [11/Mar/2025:12:58:32 +0000] "GET /api-web/v1/chart_data?timespan=60 HTTP/1.1" 200 3197 "https://cyber.ltfe.org/" "Mozilla/5.0 (Macintosh; Intel Mac OS X 10_15_7) AppleWebKit/537.36 (KHTML, like Gecko) Chrome/133.0.0.0 Safari/537.36"

193.189.185.113 - - [11/Mar/2025:12:58:59 +0000] "GET /api-web/v1/chart_data?timespan=10 HTTP/1.1" 200 2891 "https://cyber.ltfe.org/" "Mozilla/5.0 (Windows NT 10.0; Win64; x64) AppleWebKit/537.36 (KHTML, like Gecko) Chrome/134.0.0.0 Safari/537.36 Edg/134.0.0.0"



10.0.5.141 - - [11/Mar/2025:12:59:33 +0000] "GET /api-web/v1/chart_data?timespan=60 HTTP/1.1" 200 3197 "https://cyber.ltfe.org/" "Mozilla/5.0 (Macintosh; Intel Mac OS X 10_15_7) AppleWebKit/537.36 (KHTML, like Gecko) Chrome/133.0.0.0 Safari/537.36"
193.189.185.113 - - [11/Mar/2025:12:59:59 +0000] "GET /api-web/v1/chart_data?timespan=10 HTTP/1.1" 200 2891 "https://cyber.ltfe.org/" "Mozilla/5.0 (Windows NT 10.0; Win64; x64) AppleWebKit/537.36 (KHTML, like Gecko) Chrome/134.0.0.0 Safari/537.36 Edg/134.0.0.0"




10.0.5.141 - - [11/Mar/2025:13:00:34 +0000] "GET /api-web/v1/chart_data?timespan=60 HTTP/1.1" 200 3196 "https://cyber.ltfe.org/" "Mozilla/5.0 (Macintosh; Intel Mac OS X 10_15_7) AppleWebKit/537.36 (KHTML, like Gecko) Chrome/133.0.0.0 Safari/537.36"




193.189.185.113 - - [11/Mar/2025:13:00:52 +0000] "GET /api-web/v1/traffic?timespan=10 HTTP/1.1" 200 24582 "https://cyber.ltfe.org/" "Mozilla/5.0 (Windows NT 10.0; Win64; x64) AppleWebKit/537.36 (KHTML, like Gecko) Chrome/134.0.0.0 Safari/537.36 Edg/134.0.0.0"
193.189.185.113 - - [11/Mar/2025:13:00:52 +0000] "GET /api-web/v1/traffic?timespan=10 HTTP/1.1" 200 24582 "https://cyber.ltfe.org/" "Mozilla/5.0 (Windows NT 10.0; Win64; x64) AppleWebKit/537.36 (KHTML, like Gecko) Chrome/134.0.0.0 Safari/537.36 Edg/134.0.0.0"
193.189.185.113 - - [11/Mar/2025:13:00:59 +0000] "GET /api-web/v1/chart_data?timespan=10 HTTP/1.1" 200 2891 "https://cyber.ltfe.org/" "Mozilla/5.0 (Windows NT 10.0; Win64; x64) AppleWebKit/537.36 (KHTML, like Gecko) Chrome/134.0.0.0 Safari/537.36 Edg/134.0.0.0"





10.0.5.141 - - [11/Mar/2025:13:01:35 +0000] "GET /api-web/v1/chart_data?timespan=60 HTTP/1.1" 200 3196 "https://cyber.ltfe.org/" "Mozilla/5.0 (Macintosh; Intel Mac OS X 10_15_7) AppleWebKit/537.36 (KHTML, like Gecko) Chrome/133.0.0.0 Safari/537.36"
193.189.185.113 - - [11/Mar/2025:13:01:59 +0000] "GET /api-web/v1/chart_data?timespan=10 HTTP/1.1" 200 2890 "https://cyber.ltfe.org/" "Mozilla/5.0 (Windows NT 10.0; Win64; x64) AppleWebKit/537.36 (KHTML, like Gecko) Chrome/134.0.0.0 Safari/537.36 Edg/134.0.0.0"









10.0.5.141 - - [11/Mar/2025:13:02:21 +0000] "GET /api-web/v1/traffic?timespan=60 HTTP/1.1" 200 81971 "https://cyber.ltfe.org/" "Mozilla/5.0 (Macintosh; Intel Mac OS X 10_15_7) AppleWebKit/537.36 (KHTML, like Gecko) Chrome/133.0.0.0 Safari/537.36"
10.0.5.141 - - [11/Mar/2025:13:02:36 +0000] "GET /api-web/v1/chart_data?timespan=60 HTTP/1.1" 200 3196 "https://cyber.ltfe.org/" "Mozilla/5.0 (Macintosh; Intel Mac OS X 10_15_7) AppleWebKit/537.36 (KHTML, like Gecko) Chrome/133.0.0.0 Safari/537.36"

193.189.185.113 - - [11/Mar/2025:13:02:59 +0000] "GET /api-web/v1/chart_data?timespan=10 HTTP/1.1" 200 2890 "https://cyber.ltfe.org/" "Mozilla/5.0 (Windows NT 10.0; Win64; x64) AppleWebKit/537.36 (KHTML, like Gecko) Chrome/134.0.0.0 Safari/537.36 Edg/134.0.0.0"




10.0.5.141 - - [11/Mar/2025:13:03:37 +0000] "GET /api-web/v1/chart_data?timespan=60 HTTP/1.1" 200 3196 "https://cyber.ltfe.org/" "Mozilla/5.0 (Macintosh; Intel Mac OS X 10_15_7) AppleWebKit/537.36 (KHTML, like Gecko) Chrome/133.0.0.0 Safari/537.36"



193.189.185.113 - - [11/Mar/2025:13:03:59 +0000] "GET /api-web/v1/chart_data?timespan=10 HTTP/1.1" 200 2890 "https://cyber.ltfe.org/" "Mozilla/5.0 (Windows NT 10.0; Win64; x64) AppleWebKit/537.36 (KHTML, like Gecko) Chrome/134.0.0.0 Safari/537.36 Edg/134.0.0.0"







10.0.5.141 - - [11/Mar/2025:13:04:38 +0000] "GET /api-web/v1/chart_data?timespan=60 HTTP/1.1" 200 3196 "https://cyber.ltfe.org/" "Mozilla/5.0 (Macintosh; Intel Mac OS X 10_15_7) AppleWebKit/537.36 (KHTML, like Gecko) Chrome/133.0.0.0 Safari/537.36"




193.189.185.113 - - [11/Mar/2025:13:04:59 +0000] "GET /api-web/v1/chart_data?timespan=10 HTTP/1.1" 200 2890 "https://cyber.ltfe.org/" "Mozilla/5.0 (Windows NT 10.0; Win64; x64) AppleWebKit/537.36 (KHTML, like Gecko) Chrome/134.0.0.0 Safari/537.36 Edg/134.0.0.0"






10.0.5.141 - - [11/Mar/2025:13:05:39 +0000] "GET /api-web/v1/chart_data?timespan=60 HTTP/1.1" 200 3196 "https://cyber.ltfe.org/" "Mozilla/5.0 (Macintosh; Intel Mac OS X 10_15_7) AppleWebKit/537.36 (KHTML, like Gecko) Chrome/133.0.0.0 Safari/537.36"

193.189.185.113 - - [11/Mar/2025:13:05:53 +0000] "GET /api-web/v1/traffic?timespan=10 HTTP/1.1" 200 22654 "https://cyber.ltfe.org/" "Mozilla/5.0 (Windows NT 10.0; Win64; x64) AppleWebKit/537.36 (KHTML, like Gecko) Chrome/134.0.0.0 Safari/537.36 Edg/134.0.0.0"
193.189.185.113 - - [11/Mar/2025:13:05:53 +0000] "GET /api-web/v1/traffic?timespan=10 HTTP/1.1" 200 22654 "https://cyber.ltfe.org/" "Mozilla/5.0 (Windows NT 10.0; Win64; x64) AppleWebKit/537.36 (KHTML, like Gecko) Chrome/134.0.0.0 Safari/537.36 Edg/134.0.0.0"
193.189.185.113 - - [11/Mar/2025:13:05:59 +0000] "GET /api-web/v1/chart_data?timespan=10 HTTP/1.1" 200 2890 "https://cyber.ltfe.org/" "Mozilla/5.0 (Windows NT 10.0; Win64; x64) AppleWebKit/537.36 (KHTML, like Gecko) Chrome/134.0.0.0 Safari/537.36 Edg/134.0.0.0"







10.0.5.141 - - [11/Mar/2025:13:06:40 +0000] "GET /api-web/v1/chart_data?timespan=60 HTTP/1.1" 200 3196 "https://cyber.ltfe.org/" "Mozilla/5.0 (Macintosh; Intel Mac OS X 10_15_7) AppleWebKit/537.36 (KHTML, like Gecko) Chrome/133.0.0.0 Safari/537.36"


193.189.185.113 - - [11/Mar/2025:13:06:59 +0000] "GET /api-web/v1/chart_data?timespan=10 HTTP/1.1" 200 2890 "https://cyber.ltfe.org/" "Mozilla/5.0 (Windows NT 10.0; Win64; x64) AppleWebKit/537.36 (KHTML, like Gecko) Chrome/134.0.0.0 Safari/537.36 Edg/134.0.0.0"
10.0.5.141 - - [11/Mar/2025:13:07:26 +0000] "GET /api-web/v1/traffic?timespan=60 HTTP/1.1" 200 80712 "https://cyber.ltfe.org/" "Mozilla/5.0 (Macintosh; Intel Mac OS X 10_15_7) AppleWebKit/537.36 (KHTML, like Gecko) Chrome/133.0.0.0 Safari/537.36"

10.0.5.141 - - [11/Mar/2025:13:07:41 +0000] "GET /api-web/v1/chart_data?timespan=60 HTTP/1.1" 200 3196 "https://cyber.ltfe.org/" "Mozilla/5.0 (Macintosh; Intel Mac OS X 10_15_7) AppleWebKit/537.36 (KHTML, like Gecko) Chrome/133.0.0.0 Safari/537.36"




193.189.185.113 - - [11/Mar/2025:13:07:59 +0000] "GET /api-web/v1/chart_data?timespan=10 HTTP/1.1" 200 2890 "https://cyber.ltfe.org/" "Mozilla/5.0 (Windows NT 10.0; Win64; x64) AppleWebKit/537.36 (KHTML, like Gecko) Chrome/134.0.0.0 Safari/537.36 Edg/134.0.0.0"













10.0.5.141 - - [11/Mar/2025:13:08:42 +0000] "GET /api-web/v1/chart_data?timespan=60 HTTP/1.1" 200 3196 "https://cyber.ltfe.org/" "Mozilla/5.0 (Macintosh; Intel Mac OS X 10_15_7) AppleWebKit/537.36 (KHTML, like Gecko) Chrome/133.0.0.0 Safari/537.36"
193.189.185.113 - - [11/Mar/2025:13:08:59 +0000] "GET /api-web/v1/chart_data?timespan=10 HTTP/1.1" 200 2890 "https://cyber.ltfe.org/" "Mozilla/5.0 (Windows NT 10.0; Win64; x64) AppleWebKit/537.36 (KHTML, like Gecko) Chrome/134.0.0.0 Safari/537.36 Edg/134.0.0.0"














193.189.185.113 - - [11/Mar/2025:13:09:59 +0000] "GET /api-web/v1/chart_data?timespan=10 HTTP/1.1" 200 2890 "https://cyber.ltfe.org/" "Mozilla/5.0 (Windows NT 10.0; Win64; x64) AppleWebKit/537.36 (KHTML, like Gecko) Chrome/134.0.0.0 Safari/537.36 Edg/134.0.0.0"


193.189.185.113 - - [11/Mar/2025:13:10:54 +0000] "GET /api-web/v1/traffic?timespan=10 HTTP/1.1" 200 26498 "https://cyber.ltfe.org/" "Mozilla/5.0 (Windows NT 10.0; Win64; x64) AppleWebKit/537.36 (KHTML, like Gecko) Chrome/134.0.0.0 Safari/537.36 Edg/134.0.0.0"
193.189.185.113 - - [11/Mar/2025:13:10:54 +0000] "GET /api-web/v1/traffic?timespan=10 HTTP/1.1" 200 26498 "https://cyber.ltfe.org/" "Mozilla/5.0 (Windows NT 10.0; Win64; x64) AppleWebKit/537.36 (KHTML, like Gecko) Chrome/134.0.0.0 Safari/537.36 Edg/134.0.0.0"
193.189.185.113 - - [11/Mar/2025:13:10:59 +0000] "GET /api-web/v1/chart_data?timespan=10 HTTP/1.1" 200 3049 "https://cyber.ltfe.org/" "Mozilla/5.0 (Windows NT 10.0; Win64; x64) AppleWebKit/537.36 (KHTML, like Gecko) Chrome/134.0.0.0 Safari/537.36 Edg/134.0.0.0"


193.189.185.113 - - [11/Mar/2025:13:11:59 +0000] "GET /api-web/v1/chart_data?timespan=10 HTTP/1.1" 200 3049 "https://cyber.ltfe.org/" "Mozilla/5.0 (Windows NT 10.0; Win64; x64) AppleWebKit/537.36 (KHTML, like Gecko) Chrome/134.0.0.0 Safari/537.36 Edg/134.0.0.0"






193.189.185.113 - - [11/Mar/2025:13:13:00 +0000] "GET /api-web/v1/chart_data?timespan=10 HTTP/1.1" 200 3049 "https://cyber.ltfe.org/" "Mozilla/5.0 (Windows NT 10.0; Win64; x64) AppleWebKit/537.36 (KHTML, like Gecko) Chrome/134.0.0.0 Safari/537.36 Edg/134.0.0.0"






193.189.185.113 - - [11/Mar/2025:13:14:00 +0000] "GET /api-web/v1/chart_data?timespan=10 HTTP/1.1" 200 3048 "https://cyber.ltfe.org/" "Mozilla/5.0 (Windows NT 10.0; Win64; x64) AppleWebKit/537.36 (KHTML, like Gecko) Chrome/134.0.0.0 Safari/537.36 Edg/134.0.0.0"
193.189.185.113 - - [11/Mar/2025:13:15:00 +0000] "GET /api-web/v1/chart_data?timespan=10 HTTP/1.1" 200 3048 "https://cyber.ltfe.org/" "Mozilla/5.0 (Windows NT 10.0; Win64; x64) AppleWebKit/537.36 (KHTML, like Gecko) Chrome/134.0.0.0 Safari/537.36 Edg/134.0.0.0"





193.189.185.113 - - [11/Mar/2025:13:15:55 +0000] "GET /api-web/v1/traffic?timespan=10 HTTP/1.1" 200 27074 "https://cyber.ltfe.org/" "Mozilla/5.0 (Windows NT 10.0; Win64; x64) AppleWebKit/537.36 (KHTML, like Gecko) Chrome/134.0.0.0 Safari/537.36 Edg/134.0.0.0"
193.189.185.113 - - [11/Mar/2025:13:15:55 +0000] "GET /api-web/v1/traffic?timespan=10 HTTP/1.1" 200 27074 "https://cyber.ltfe.org/" "Mozilla/5.0 (Windows NT 10.0; Win64; x64) AppleWebKit/537.36 (KHTML, like Gecko) Chrome/134.0.0.0 Safari/537.36 Edg/134.0.0.0"

193.189.185.113 - - [11/Mar/2025:13:16:00 +0000] "GET /api-web/v1/chart_data?timespan=10 HTTP/1.1" 200 3048 "https://cyber.ltfe.org/" "Mozilla/5.0 (Windows NT 10.0; Win64; x64) AppleWebKit/537.36 (KHTML, like Gecko) Chrome/134.0.0.0 Safari/537.36 Edg/134.0.0.0"




193.189.185.113 - - [11/Mar/2025:13:17:00 +0000] "GET /api-web/v1/chart_data?timespan=10 HTTP/1.1" 200 3048 "https://cyber.ltfe.org/" "Mozilla/5.0 (Windows NT 10.0; Win64; x64) AppleWebKit/537.36 (KHTML, like Gecko) Chrome/134.0.0.0 Safari/537.36 Edg/134.0.0.0"








193.189.185.113 - - [11/Mar/2025:13:18:00 +0000] "GET /api-web/v1/chart_data?timespan=10 HTTP/1.1" 200 3048 "https://cyber.ltfe.org/" "Mozilla/5.0 (Windows NT 10.0; Win64; x64) AppleWebKit/537.36 (KHTML, like Gecko) Chrome/134.0.0.0 Safari/537.36 Edg/134.0.0.0"






193.189.185.113 - - [11/Mar/2025:13:19:00 +0000] "GET /api-web/v1/chart_data?timespan=10 HTTP/1.1" 200 3048 "https://cyber.ltfe.org/" "Mozilla/5.0 (Windows NT 10.0; Win64; x64) AppleWebKit/537.36 (KHTML, like Gecko) Chrome/134.0.0.0 Safari/537.36 Edg/134.0.0.0"


193.189.185.113 - - [11/Mar/2025:13:20:00 +0000] "GET /api-web/v1/chart_data?timespan=10 HTTP/1.1" 200 3048 "https://cyber.ltfe.org/" "Mozilla/5.0 (Windows NT 10.0; Win64; x64) AppleWebKit/537.36 (KHTML, like Gecko) Chrome/134.0.0.0 Safari/537.36 Edg/134.0.0.0"



45.148.10.235 - - [11/Mar/2025:13:20:38 +0000] "GET / HTTP/1.1" 404 48 "-" "Mozilla/5.0 (Windows NT 10.0; Win64; x64) AppleWebKit/537.36 (KHTML, like Gecko) Chrome/115.0.0.0 Safari/537.36"


193.189.185.113 - - [11/Mar/2025:13:20:56 +0000] "GET /api-web/v1/traffic?timespan=10 HTTP/1.1" 200 28686 "https://cyber.ltfe.org/" "Mozilla/5.0 (Windows NT 10.0; Win64; x64) AppleWebKit/537.36 (KHTML, like Gecko) Chrome/134.0.0.0 Safari/537.36 Edg/134.0.0.0"
193.189.185.113 - - [11/Mar/2025:13:20:56 +0000] "GET /api-web/v1/traffic?timespan=10 HTTP/1.1" 200 28686 "https://cyber.ltfe.org/" "Mozilla/5.0 (Windows NT 10.0; Win64; x64) AppleWebKit/537.36 (KHTML, like Gecko) Chrome/134.0.0.0 Safari/537.36 Edg/134.0.0.0"
193.189.185.113 - - [11/Mar/2025:13:21:00 +0000] "GET /api-web/v1/chart_data?timespan=10 HTTP/1.1" 200 3048 "https://cyber.ltfe.org/" "Mozilla/5.0 (Windows NT 10.0; Win64; x64) AppleWebKit/537.36 (KHTML, like Gecko) Chrome/134.0.0.0 Safari/537.36 Edg/134.0.0.0"





193.189.185.113 - - [11/Mar/2025:13:22:00 +0000] "GET /api-web/v1/chart_data?timespan=10 HTTP/1.1" 200 3048 "https://cyber.ltfe.org/" "Mozilla/5.0 (Windows NT 10.0; Win64; x64) AppleWebKit/537.36 (KHTML, like Gecko) Chrome/134.0.0.0 Safari/537.36 Edg/134.0.0.0"







193.189.185.113 - - [11/Mar/2025:13:23:00 +0000] "GET /api-web/v1/chart_data?timespan=10 HTTP/1.1" 200 2771 "https://cyber.ltfe.org/" "Mozilla/5.0 (Windows NT 10.0; Win64; x64) AppleWebKit/537.36 (KHTML, like Gecko) Chrome/134.0.0.0 Safari/537.36 Edg/134.0.0.0"




193.189.185.113 - - [11/Mar/2025:13:24:00 +0000] "GET /api-web/v1/chart_data?timespan=10 HTTP/1.1" 200 2771 "https://cyber.ltfe.org/" "Mozilla/5.0 (Windows NT 10.0; Win64; x64) AppleWebKit/537.36 (KHTML, like Gecko) Chrome/134.0.0.0 Safari/537.36 Edg/134.0.0.0"









193.189.185.113 - - [11/Mar/2025:13:25:00 +0000] "GET /api-web/v1/chart_data?timespan=10 HTTP/1.1" 200 2771 "https://cyber.ltfe.org/" "Mozilla/5.0 (Windows NT 10.0; Win64; x64) AppleWebKit/537.36 (KHTML, like Gecko) Chrome/134.0.0.0 Safari/537.36 Edg/134.0.0.0"




193.189.185.113 - - [11/Mar/2025:13:25:57 +0000] "GET /api-web/v1/traffic?timespan=10 HTTP/1.1" 200 26974 "https://cyber.ltfe.org/" "Mozilla/5.0 (Windows NT 10.0; Win64; x64) AppleWebKit/537.36 (KHTML, like Gecko) Chrome/134.0.0.0 Safari/537.36 Edg/134.0.0.0"
193.189.185.113 - - [11/Mar/2025:13:25:57 +0000] "GET /api-web/v1/traffic?timespan=10 HTTP/1.1" 200 26974 "https://cyber.ltfe.org/" "Mozilla/5.0 (Windows NT 10.0; Win64; x64) AppleWebKit/537.36 (KHTML, like Gecko) Chrome/134.0.0.0 Safari/537.36 Edg/134.0.0.0"
193.189.185.113 - - [11/Mar/2025:13:26:00 +0000] "GET /api-web/v1/chart_data?timespan=10 HTTP/1.1" 200 2770 "https://cyber.ltfe.org/" "Mozilla/5.0 (Windows NT 10.0; Win64; x64) AppleWebKit/537.36 (KHTML, like Gecko) Chrome/134.0.0.0 Safari/537.36 Edg/134.0.0.0"











193.189.185.113 - - [11/Mar/2025:13:27:00 +0000] "GET /api-web/v1/chart_data?timespan=10 HTTP/1.1" 200 2770 "https://cyber.ltfe.org/" "Mozilla/5.0 (Windows NT 10.0; Win64; x64) AppleWebKit/537.36 (KHTML, like Gecko) Chrome/134.0.0.0 Safari/537.36 Edg/134.0.0.0"



193.189.185.113 - - [11/Mar/2025:13:28:00 +0000] "GET /api-web/v1/chart_data?timespan=10 HTTP/1.1" 200 2770 "https://cyber.ltfe.org/" "Mozilla/5.0 (Windows NT 10.0; Win64; x64) AppleWebKit/537.36 (KHTML, like Gecko) Chrome/134.0.0.0 Safari/537.36 Edg/134.0.0.0"




193.189.185.113 - - [11/Mar/2025:13:29:00 +0000] "GET /api-web/v1/chart_data?timespan=10 HTTP/1.1" 200 2770 "https://cyber.ltfe.org/" "Mozilla/5.0 (Windows NT 10.0; Win64; x64) AppleWebKit/537.36 (KHTML, like Gecko) Chrome/134.0.0.0 Safari/537.36 Edg/134.0.0.0"



193.189.185.113 - - [11/Mar/2025:13:30:00 +0000] "GET /api-web/v1/chart_data?timespan=10 HTTP/1.1" 200 2770 "https://cyber.ltfe.org/" "Mozilla/5.0 (Windows NT 10.0; Win64; x64) AppleWebKit/537.36 (KHTML, like Gecko) Chrome/134.0.0.0 Safari/537.36 Edg/134.0.0.0"





193.189.185.113 - - [11/Mar/2025:13:30:59 +0000] "GET /api-web/v1/traffic?timespan=10 HTTP/1.1" 200 25548 "https://cyber.ltfe.org/" "Mozilla/5.0 (Windows NT 10.0; Win64; x64) AppleWebKit/537.36 (KHTML, like Gecko) Chrome/134.0.0.0 Safari/537.36 Edg/134.0.0.0"
193.189.185.113 - - [11/Mar/2025:13:30:59 +0000] "GET /api-web/v1/traffic?timespan=10 HTTP/1.1" 200 25548 "https://cyber.ltfe.org/" "Mozilla/5.0 (Windows NT 10.0; Win64; x64) AppleWebKit/537.36 (KHTML, like Gecko) Chrome/134.0.0.0 Safari/537.36 Edg/134.0.0.0"
193.189.185.113 - - [11/Mar/2025:13:31:00 +0000] "GET /api-web/v1/chart_data?timespan=10 HTTP/1.1" 200 2770 "https://cyber.ltfe.org/" "Mozilla/5.0 (Windows NT 10.0; Win64; x64) AppleWebKit/537.36 (KHTML, like Gecko) Chrome/134.0.0.0 Safari/537.36 Edg/134.0.0.0"








193.189.185.113 - - [11/Mar/2025:13:32:01 +0000] "GET /api-web/v1/chart_data?timespan=10 HTTP/1.1" 200 2770 "https://cyber.ltfe.org/" "Mozilla/5.0 (Windows NT 10.0; Win64; x64) AppleWebKit/537.36 (KHTML, like Gecko) Chrome/134.0.0.0 Safari/537.36 Edg/134.0.0.0"





193.189.185.113 - - [11/Mar/2025:13:33:01 +0000] "GET /api-web/v1/chart_data?timespan=10 HTTP/1.1" 200 2770 "https://cyber.ltfe.org/" "Mozilla/5.0 (Windows NT 10.0; Win64; x64) AppleWebKit/537.36 (KHTML, like Gecko) Chrome/134.0.0.0 Safari/537.36 Edg/134.0.0.0"








193.189.185.113 - - [11/Mar/2025:13:34:01 +0000] "GET /api-web/v1/chart_data?timespan=10 HTTP/1.1" 200 2770 "https://cyber.ltfe.org/" "Mozilla/5.0 (Windows NT 10.0; Win64; x64) AppleWebKit/537.36 (KHTML, like Gecko) Chrome/134.0.0.0 Safari/537.36 Edg/134.0.0.0"





193.189.185.113 - - [11/Mar/2025:13:35:01 +0000] "GET /api-web/v1/chart_data?timespan=10 HTTP/1.1" 200 3060 "https://cyber.ltfe.org/" "Mozilla/5.0 (Windows NT 10.0; Win64; x64) AppleWebKit/537.36 (KHTML, like Gecko) Chrome/134.0.0.0 Safari/537.36 Edg/134.0.0.0"




193.189.185.113 - - [11/Mar/2025:13:36:00 +0000] "GET /api-web/v1/traffic?timespan=10 HTTP/1.1" 200 25306 "https://cyber.ltfe.org/" "Mozilla/5.0 (Windows NT 10.0; Win64; x64) AppleWebKit/537.36 (KHTML, like Gecko) Chrome/134.0.0.0 Safari/537.36 Edg/134.0.0.0"
193.189.185.113 - - [11/Mar/2025:13:36:00 +0000] "GET /api-web/v1/traffic?timespan=10 HTTP/1.1" 200 25306 "https://cyber.ltfe.org/" "Mozilla/5.0 (Windows NT 10.0; Win64; x64) AppleWebKit/537.36 (KHTML, like Gecko) Chrome/134.0.0.0 Safari/537.36 Edg/134.0.0.0"
193.189.185.113 - - [11/Mar/2025:13:36:01 +0000] "GET /api-web/v1/chart_data?timespan=10 HTTP/1.1" 200 3060 "https://cyber.ltfe.org/" "Mozilla/5.0 (Windows NT 10.0; Win64; x64) AppleWebKit/537.36 (KHTML, like Gecko) Chrome/134.0.0.0 Safari/537.36 Edg/134.0.0.0"


193.189.185.113 - - [11/Mar/2025:13:37:01 +0000] "GET /api-web/v1/chart_data?timespan=10 HTTP/1.1" 200 3060 "https://cyber.ltfe.org/" "Mozilla/5.0 (Windows NT 10.0; Win64; x64) AppleWebKit/537.36 (KHTML, like Gecko) Chrome/134.0.0.0 Safari/537.36 Edg/134.0.0.0"
170.106.110.146 - - [11/Mar/2025:13:37:06 +0000] "GET / HTTP/1.1" 301 134 "-" "Mozilla/5.0 (iPhone; CPU iPhone OS 13_2_3 like Mac OS X) AppleWebKit/605.1.15 (KHTML, like Gecko) Version/13.0.3 Mobile/15E148 Safari/604.1"
170.106.110.146 - - [11/Mar/2025:13:37:07 +0000] "GET / HTTP/1.1" 200 1018 "http://cyber.ltfe.org" "Mozilla/5.0 (iPhone; CPU iPhone OS 13_2_3 like Mac OS X) AppleWebKit/605.1.15 (KHTML, like Gecko) Version/13.0.3 Mobile/15E148 Safari/604.1"
193.189.185.113 - - [11/Mar/2025:13:38:01 +0000] "GET /api-web/v1/chart_data?timespan=10 HTTP/1.1" 200 3059 "https://cyber.ltfe.org/" "Mozilla/5.0 (Windows NT 10.0; Win64; x64) AppleWebKit/537.36 (KHTML, like Gecko) Chrome/134.0.0.0 Safari/537.36 Edg/134.0.0.0"




94.102.49.155 - - [11/Mar/2025:13:38:51 +0000] "GET / HTTP/1.1" 404 48 "-" "Python/3.10 aiohttp/3.8.4"
193.189.185.113 - - [11/Mar/2025:13:39:01 +0000] "GET /api-web/v1/chart_data?timespan=10 HTTP/1.1" 200 3059 "https://cyber.ltfe.org/" "Mozilla/5.0 (Windows NT 10.0; Win64; x64) AppleWebKit/537.36 (KHTML, like Gecko) Chrome/134.0.0.0 Safari/537.36 Edg/134.0.0.0"











193.189.185.113 - - [11/Mar/2025:13:40:01 +0000] "GET /api-web/v1/chart_data?timespan=10 HTTP/1.1" 200 3059 "https://cyber.ltfe.org/" "Mozilla/5.0 (Windows NT 10.0; Win64; x64) AppleWebKit/537.36 (KHTML, like Gecko) Chrome/134.0.0.0 Safari/537.36 Edg/134.0.0.0"









193.189.185.113 - - [11/Mar/2025:13:41:02 +0000] "GET /api-web/v1/chart_data?timespan=10 HTTP/1.1" 200 3059 "https://cyber.ltfe.org/" "Mozilla/5.0 (Windows NT 10.0; Win64; x64) AppleWebKit/537.36 (KHTML, like Gecko) Chrome/134.0.0.0 Safari/537.36 Edg/134.0.0.0"
193.189.185.113 - - [11/Mar/2025:13:41:02 +0000] "GET /api-web/v1/traffic?timespan=10 HTTP/1.1" 200 26774 "https://cyber.ltfe.org/" "Mozilla/5.0 (Windows NT 10.0; Win64; x64) AppleWebKit/537.36 (KHTML, like Gecko) Chrome/134.0.0.0 Safari/537.36 Edg/134.0.0.0"
193.189.185.113 - - [11/Mar/2025:13:41:02 +0000] "GET /api-web/v1/traffic?timespan=10 HTTP/1.1" 200 26774 "https://cyber.ltfe.org/" "Mozilla/5.0 (Windows NT 10.0; Win64; x64) AppleWebKit/537.36 (KHTML, like Gecko) Chrome/134.0.0.0 Safari/537.36 Edg/134.0.0.0"




193.189.185.113 - - [11/Mar/2025:13:42:02 +0000] "GET /api-web/v1/chart_data?timespan=10 HTTP/1.1" 200 3059 "https://cyber.ltfe.org/" "Mozilla/5.0 (Windows NT 10.0; Win64; x64) AppleWebKit/537.36 (KHTML, like Gecko) Chrome/134.0.0.0 Safari/537.36 Edg/134.0.0.0"







193.189.185.113 - - [11/Mar/2025:13:43:02 +0000] "GET /api-web/v1/chart_data?timespan=10 HTTP/1.1" 200 3059 "https://cyber.ltfe.org/" "Mozilla/5.0 (Windows NT 10.0; Win64; x64) AppleWebKit/537.36 (KHTML, like Gecko) Chrome/134.0.0.0 Safari/537.36 Edg/134.0.0.0"


193.189.185.113 - - [11/Mar/2025:13:44:02 +0000] "GET /api-web/v1/chart_data?timespan=10 HTTP/1.1" 200 3059 "https://cyber.ltfe.org/" "Mozilla/5.0 (Windows NT 10.0; Win64; x64) AppleWebKit/537.36 (KHTML, like Gecko) Chrome/134.0.0.0 Safari/537.36 Edg/134.0.0.0"




193.189.185.113 - - [11/Mar/2025:13:45:02 +0000] "GET /api-web/v1/chart_data?timespan=10 HTTP/1.1" 200 3059 "https://cyber.ltfe.org/" "Mozilla/5.0 (Windows NT 10.0; Win64; x64) AppleWebKit/537.36 (KHTML, like Gecko) Chrome/134.0.0.0 Safari/537.36 Edg/134.0.0.0"








193.189.185.113 - - [11/Mar/2025:13:45:58 +0000] "GET / HTTP/1.1" 200 1018 "https://ltfe.org/" "Mozilla/5.0 (Windows NT 10.0; Win64; x64) AppleWebKit/537.36 (KHTML, like Gecko) Chrome/133.0.0.0 Safari/537.36 Edg/133.0.0.0"
193.189.185.113 - - [11/Mar/2025:13:45:58 +0000] "GET /css/app.96271e32.css HTTP/1.1" 200 24966 "https://cyber.ltfe.org/" "Mozilla/5.0 (Windows NT 10.0; Win64; x64) AppleWebKit/537.36 (KHTML, like Gecko) Chrome/133.0.0.0 Safari/537.36 Edg/133.0.0.0"
193.189.185.113 - - [11/Mar/2025:13:45:58 +0000] "GET /js/app.4c07236b.js HTTP/1.1" 200 87699 "https://cyber.ltfe.org/" "Mozilla/5.0 (Windows NT 10.0; Win64; x64) AppleWebKit/537.36 (KHTML, like Gecko) Chrome/133.0.0.0 Safari/537.36 Edg/133.0.0.0"
193.189.185.113 - - [11/Mar/2025:13:45:58 +0000] "GET /css/chunk-vendors.77e64f29.css HTTP/1.1" 200 748892 "https://cyber.ltfe.org/" "Mozilla/5.0 (Windows NT 10.0; Win64; x64) AppleWebKit/537.36 (KHTML, like Gecko) Chrome/133.0.0.0 Safari/537.36 Edg/133.0.0.0"
193.189.185.113 - - [11/Mar/2025:13:45:58 +0000] "GET /js/chunk-vendors.f0d1e719.js HTTP/1.1" 200 2111031 "https://cyber.ltfe.org/" "Mozilla/5.0 (Windows NT 10.0; Win64; x64) AppleWebKit/537.36 (KHTML, like Gecko) Chrome/133.0.0.0 Safari/537.36 Edg/133.0.0.0"
193.189.185.113 - - [11/Mar/2025:13:45:58 +0000] "GET /img/shield-full.1ea8ff61.png HTTP/1.1" 200 7248 "https://cyber.ltfe.org/" "Mozilla/5.0 (Windows NT 10.0; Win64; x64) AppleWebKit/537.36 (KHTML, like Gecko) Chrome/133.0.0.0 Safari/537.36 Edg/133.0.0.0"
193.189.185.113 - - [11/Mar/2025:13:45:58 +0000] "GET /img/lower-arrow.7a64c699.png HTTP/1.1" 200 16025 "https://cyber.ltfe.org/" "Mozilla/5.0 (Windows NT 10.0; Win64; x64) AppleWebKit/537.36 (KHTML, like Gecko) Chrome/133.0.0.0 Safari/537.36 Edg/133.0.0.0"
193.189.185.113 - - [11/Mar/2025:13:45:58 +0000] "GET /img/upper-arrow.860ee4d0.png HTTP/1.1" 200 20167 "https://cyber.ltfe.org/" "Mozilla/5.0 (Windows NT 10.0; Win64; x64) AppleWebKit/537.36 (KHTML, like Gecko) Chrome/133.0.0.0 Safari/537.36 Edg/133.0.0.0"
193.189.185.113 - - [11/Mar/2025:13:45:58 +0000] "GET /img/night-sky.1701d635.png HTTP/1.1" 200 904154 "https://cyber.ltfe.org/" "Mozilla/5.0 (Windows NT 10.0; Win64; x64) AppleWebKit/537.36 (KHTML, like Gecko) Chrome/133.0.0.0 Safari/537.36 Edg/133.0.0.0"
193.189.185.113 - - [11/Mar/2025:13:45:58 +0000] "GET /img/earth-night-resized.3dce4089.jpg HTTP/1.1" 200 3661689 "https://cyber.ltfe.org/" "Mozilla/5.0 (Windows NT 10.0; Win64; x64) AppleWebKit/537.36 (KHTML, like Gecko) Chrome/133.0.0.0 Safari/537.36 Edg/133.0.0.0"
193.189.185.113 - - [11/Mar/2025:13:45:58 +0000] "GET /favicons/site.webmanifest HTTP/1.1" 200 452 "https://cyber.ltfe.org/" "Mozilla/5.0 (Windows NT 10.0; Win64; x64) AppleWebKit/537.36 (KHTML, like Gecko) Chrome/133.0.0.0 Safari/537.36 Edg/133.0.0.0"
193.189.185.113 - - [11/Mar/2025:13:45:58 +0000] "GET /api-web/v1/top_hubs HTTP/1.1" 404 22 "https://cyber.ltfe.org/" "Mozilla/5.0 (Windows NT 10.0; Win64; x64) AppleWebKit/537.36 (KHTML, like Gecko) Chrome/133.0.0.0 Safari/537.36 Edg/133.0.0.0"
193.189.185.113 - - [11/Mar/2025:13:46:02 +0000] "GET /api-web/v1/chart_data?timespan=10 HTTP/1.1" 200 3059 "https://cyber.ltfe.org/" "Mozilla/5.0 (Windows NT 10.0; Win64; x64) AppleWebKit/537.36 (KHTML, like Gecko) Chrome/134.0.0.0 Safari/537.36 Edg/134.0.0.0"
193.189.185.113 - - [11/Mar/2025:13:46:02 +0000] "GET /fonts/fa-solid-900.8e1ed89b.woff2 HTTP/1.1" 200 80300 "https://cyber.ltfe.org/css/chunk-vendors.77e64f29.css" "Mozilla/5.0 (Windows NT 10.0; Win64; x64) AppleWebKit/537.36 (KHTML, like Gecko) Chrome/133.0.0.0 Safari/537.36 Edg/133.0.0.0"
193.189.185.113 - - [11/Mar/2025:13:46:02 +0000] "GET /img/cyber-logo.c24a1e46.svg HTTP/1.1" 200 24197 "https://cyber.ltfe.org/" "Mozilla/5.0 (Windows NT 10.0; Win64; x64) AppleWebKit/537.36 (KHTML, like Gecko) Chrome/133.0.0.0 Safari/537.36 Edg/133.0.0.0"
193.189.185.113 - - [11/Mar/2025:13:46:02 +0000] "GET /fonts/fa-brands-400.f075c50f.woff2 HTTP/1.1" 200 78460 "https://cyber.ltfe.org/css/chunk-vendors.77e64f29.css" "Mozilla/5.0 (Windows NT 10.0; Win64; x64) AppleWebKit/537.36 (KHTML, like Gecko) Chrome/133.0.0.0 Safari/537.36 Edg/133.0.0.0"
193.189.185.113 - - [11/Mar/2025:13:46:05 +0000] "GET /api-web/v1/traffic?timespan=60 HTTP/1.1" 200 82367 "https://cyber.ltfe.org/" "Mozilla/5.0 (Windows NT 10.0; Win64; x64) AppleWebKit/537.36 (KHTML, like Gecko) Chrome/133.0.0.0 Safari/537.36 Edg/133.0.0.0"
193.189.185.113 - - [11/Mar/2025:13:46:06 +0000] "GET /api-web/v1/counter_data HTTP/1.1" 200 124 "https://cyber.ltfe.org/" "Mozilla/5.0 (Windows NT 10.0; Win64; x64) AppleWebKit/537.36 (KHTML, like Gecko) Chrome/133.0.0.0 Safari/537.36 Edg/133.0.0.0"
193.189.185.113 - - [11/Mar/2025:13:46:06 +0000] "GET /api-web/v1/traffic?timespan=10 HTTP/1.1" 200 27543 "https://cyber.ltfe.org/" "Mozilla/5.0 (Windows NT 10.0; Win64; x64) AppleWebKit/537.36 (KHTML, like Gecko) Chrome/134.0.0.0 Safari/537.36 Edg/134.0.0.0"
193.189.185.113 - - [11/Mar/2025:13:46:06 +0000] "GET /api-web/v1/counter_data HTTP/1.1" 200 124 "https://cyber.ltfe.org/" "Mozilla/5.0 (Windows NT 10.0; Win64; x64) AppleWebKit/537.36 (KHTML, like Gecko) Chrome/133.0.0.0 Safari/537.36 Edg/133.0.0.0"
193.189.185.113 - - [11/Mar/2025:13:46:06 +0000] "GET /api-web/v1/traffic?timespan=10 HTTP/1.1" 200 27543 "https://cyber.ltfe.org/" "Mozilla/5.0 (Windows NT 10.0; Win64; x64) AppleWebKit/537.36 (KHTML, like Gecko) Chrome/134.0.0.0 Safari/537.36 Edg/134.0.0.0"
193.189.185.113 - - [11/Mar/2025:13:46:06 +0000] "GET /api-web/v1/chart_data?timespan=60 HTTP/1.1" 200 3118 "https://cyber.ltfe.org/" "Mozilla/5.0 (Windows NT 10.0; Win64; x64) AppleWebKit/537.36 (KHTML, like Gecko) Chrome/133.0.0.0 Safari/537.36 Edg/133.0.0.0"


193.189.185.113 - - [11/Mar/2025:13:47:02 +0000] "GET /api-web/v1/chart_data?timespan=10 HTTP/1.1" 200 2810 "https://cyber.ltfe.org/" "Mozilla/5.0 (Windows NT 10.0; Win64; x64) AppleWebKit/537.36 (KHTML, like Gecko) Chrome/134.0.0.0 Safari/537.36 Edg/134.0.0.0"
193.189.185.113 - - [11/Mar/2025:13:47:06 +0000] "GET /api-web/v1/chart_data?timespan=60 HTTP/1.1" 200 3118 "https://cyber.ltfe.org/" "Mozilla/5.0 (Windows NT 10.0; Win64; x64) AppleWebKit/537.36 (KHTML, like Gecko) Chrome/133.0.0.0 Safari/537.36 Edg/133.0.0.0"


193.189.185.113 - - [11/Mar/2025:13:48:02 +0000] "GET /api-web/v1/chart_data?timespan=10 HTTP/1.1" 200 2810 "https://cyber.ltfe.org/" "Mozilla/5.0 (Windows NT 10.0; Win64; x64) AppleWebKit/537.36 (KHTML, like Gecko) Chrome/134.0.0.0 Safari/537.36 Edg/134.0.0.0"

193.189.185.113 - - [11/Mar/2025:13:48:06 +0000] "GET /api-web/v1/chart_data?timespan=60 HTTP/1.1" 200 3118 "https://cyber.ltfe.org/" "Mozilla/5.0 (Windows NT 10.0; Win64; x64) AppleWebKit/537.36 (KHTML, like Gecko) Chrome/133.0.0.0 Safari/537.36 Edg/133.0.0.0"

80.82.77.202 - - [11/Mar/2025:13:48:23 +0000] "GET / HTTP/1.1" 404 48 "-" "Python/3.10 aiohttp/3.8.4"
193.189.185.113 - - [11/Mar/2025:13:49:02 +0000] "GET /api-web/v1/chart_data?timespan=10 HTTP/1.1" 200 2810 "https://cyber.ltfe.org/" "Mozilla/5.0 (Windows NT 10.0; Win64; x64) AppleWebKit/537.36 (KHTML, like Gecko) Chrome/134.0.0.0 Safari/537.36 Edg/134.0.0.0"
193.189.185.113 - - [11/Mar/2025:13:49:06 +0000] "GET /api-web/v1/chart_data?timespan=60 HTTP/1.1" 200 3117 "https://cyber.ltfe.org/" "Mozilla/5.0 (Windows NT 10.0; Win64; x64) AppleWebKit/537.36 (KHTML, like Gecko) Chrome/133.0.0.0 Safari/537.36 Edg/133.0.0.0"
193.189.185.113 - - [11/Mar/2025:13:50:03 +0000] "GET /api-web/v1/chart_data?timespan=10 HTTP/1.1" 200 2809 "https://cyber.ltfe.org/" "Mozilla/5.0 (Windows NT 10.0; Win64; x64) AppleWebKit/537.36 (KHTML, like Gecko) Chrome/134.0.0.0 Safari/537.36 Edg/134.0.0.0"
193.189.185.113 - - [11/Mar/2025:13:50:06 +0000] "GET /api-web/v1/chart_data?timespan=60 HTTP/1.1" 200 3117 "https://cyber.ltfe.org/" "Mozilla/5.0 (Windows NT 10.0; Win64; x64) AppleWebKit/537.36 (KHTML, like Gecko) Chrome/133.0.0.0 Safari/537.36 Edg/133.0.0.0"










193.189.185.113 - - [11/Mar/2025:13:51:03 +0000] "GET /api-web/v1/chart_data?timespan=10 HTTP/1.1" 200 2809 "https://cyber.ltfe.org/" "Mozilla/5.0 (Windows NT 10.0; Win64; x64) AppleWebKit/537.36 (KHTML, like Gecko) Chrome/134.0.0.0 Safari/537.36 Edg/134.0.0.0"
193.189.185.113 - - [11/Mar/2025:13:51:06 +0000] "GET /api-web/v1/chart_data?timespan=60 HTTP/1.1" 200 3117 "https://cyber.ltfe.org/" "Mozilla/5.0 (Windows NT 10.0; Win64; x64) AppleWebKit/537.36 (KHTML, like Gecko) Chrome/133.0.0.0 Safari/537.36 Edg/133.0.0.0"

193.189.185.113 - - [11/Mar/2025:13:51:11 +0000] "GET /api-web/v1/traffic?timespan=60 HTTP/1.1" 200 79334 "https://cyber.ltfe.org/" "Mozilla/5.0 (Windows NT 10.0; Win64; x64) AppleWebKit/537.36 (KHTML, like Gecko) Chrome/133.0.0.0 Safari/537.36 Edg/133.0.0.0"
193.189.185.113 - - [11/Mar/2025:13:51:12 +0000] "GET /api-web/v1/traffic?timespan=10 HTTP/1.1" 200 26591 "https://cyber.ltfe.org/" "Mozilla/5.0 (Windows NT 10.0; Win64; x64) AppleWebKit/537.36 (KHTML, like Gecko) Chrome/134.0.0.0 Safari/537.36 Edg/134.0.0.0"
193.189.185.113 - - [11/Mar/2025:13:51:12 +0000] "GET /api-web/v1/traffic?timespan=10 HTTP/1.1" 200 26591 "https://cyber.ltfe.org/" "Mozilla/5.0 (Windows NT 10.0; Win64; x64) AppleWebKit/537.36 (KHTML, like Gecko) Chrome/134.0.0.0 Safari/537.36 Edg/134.0.0.0"



193.189.185.113 - - [11/Mar/2025:13:52:03 +0000] "GET /api-web/v1/chart_data?timespan=10 HTTP/1.1" 200 2809 "https://cyber.ltfe.org/" "Mozilla/5.0 (Windows NT 10.0; Win64; x64) AppleWebKit/537.36 (KHTML, like Gecko) Chrome/134.0.0.0 Safari/537.36 Edg/134.0.0.0"
193.189.185.113 - - [11/Mar/2025:13:52:06 +0000] "GET /api-web/v1/chart_data?timespan=60 HTTP/1.1" 200 3117 "https://cyber.ltfe.org/" "Mozilla/5.0 (Windows NT 10.0; Win64; x64) AppleWebKit/537.36 (KHTML, like Gecko) Chrome/133.0.0.0 Safari/537.36 Edg/133.0.0.0"




193.189.185.113 - - [11/Mar/2025:13:53:03 +0000] "GET /api-web/v1/chart_data?timespan=10 HTTP/1.1" 200 2809 "https://cyber.ltfe.org/" "Mozilla/5.0 (Windows NT 10.0; Win64; x64) AppleWebKit/537.36 (KHTML, like Gecko) Chrome/134.0.0.0 Safari/537.36 Edg/134.0.0.0"
193.189.185.113 - - [11/Mar/2025:13:53:06 +0000] "GET /api-web/v1/chart_data?timespan=60 HTTP/1.1" 200 3117 "https://cyber.ltfe.org/" "Mozilla/5.0 (Windows NT 10.0; Win64; x64) AppleWebKit/537.36 (KHTML, like Gecko) Chrome/133.0.0.0 Safari/537.36 Edg/133.0.0.0"






193.189.185.113 - - [11/Mar/2025:13:54:03 +0000] "GET /api-web/v1/chart_data?timespan=10 HTTP/1.1" 200 2809 "https://cyber.ltfe.org/" "Mozilla/5.0 (Windows NT 10.0; Win64; x64) AppleWebKit/537.36 (KHTML, like Gecko) Chrome/134.0.0.0 Safari/537.36 Edg/134.0.0.0"
193.189.185.113 - - [11/Mar/2025:13:54:07 +0000] "GET /api-web/v1/chart_data?timespan=60 HTTP/1.1" 200 3117 "https://cyber.ltfe.org/" "Mozilla/5.0 (Windows NT 10.0; Win64; x64) AppleWebKit/537.36 (KHTML, like Gecko) Chrome/133.0.0.0 Safari/537.36 Edg/133.0.0.0"


193.189.185.113 - - [11/Mar/2025:13:54:42 +0000] "GET / HTTP/1.1" 200 1018 "-" "Mozilla/5.0 (Windows NT 10.0; Win64; x64) AppleWebKit/537.36 (KHTML, like Gecko) Chrome/134.0.0.0 Safari/537.36 Edg/134.0.0.0"
193.189.185.113 - - [11/Mar/2025:13:54:42 +0000] "GET /css/app.96271e32.css HTTP/1.1" 200 24966 "https://cyber.ltfe.org/" "Mozilla/5.0 (Windows NT 10.0; Win64; x64) AppleWebKit/537.36 (KHTML, like Gecko) Chrome/134.0.0.0 Safari/537.36 Edg/134.0.0.0"
193.189.185.113 - - [11/Mar/2025:13:54:42 +0000] "GET /js/app.4c07236b.js HTTP/1.1" 200 87699 "https://cyber.ltfe.org/" "Mozilla/5.0 (Windows NT 10.0; Win64; x64) AppleWebKit/537.36 (KHTML, like Gecko) Chrome/134.0.0.0 Safari/537.36 Edg/134.0.0.0"
193.189.185.113 - - [11/Mar/2025:13:54:42 +0000] "GET /css/chunk-vendors.77e64f29.css HTTP/1.1" 200 748892 "https://cyber.ltfe.org/" "Mozilla/5.0 (Windows NT 10.0; Win64; x64) AppleWebKit/537.36 (KHTML, like Gecko) Chrome/134.0.0.0 Safari/537.36 Edg/134.0.0.0"
193.189.185.113 - - [11/Mar/2025:13:54:42 +0000] "GET /js/chunk-vendors.f0d1e719.js HTTP/1.1" 200 2111031 "https://cyber.ltfe.org/" "Mozilla/5.0 (Windows NT 10.0; Win64; x64) AppleWebKit/537.36 (KHTML, like Gecko) Chrome/134.0.0.0 Safari/537.36 Edg/134.0.0.0"
193.189.185.113 - - [11/Mar/2025:13:54:43 +0000] "GET /img/shield-full.1ea8ff61.png HTTP/1.1" 200 7248 "https://cyber.ltfe.org/" "Mozilla/5.0 (Windows NT 10.0; Win64; x64) AppleWebKit/537.36 (KHTML, like Gecko) Chrome/134.0.0.0 Safari/537.36 Edg/134.0.0.0"
193.189.185.113 - - [11/Mar/2025:13:54:43 +0000] "GET /img/upper-arrow.860ee4d0.png HTTP/1.1" 200 20167 "https://cyber.ltfe.org/" "Mozilla/5.0 (Windows NT 10.0; Win64; x64) AppleWebKit/537.36 (KHTML, like Gecko) Chrome/134.0.0.0 Safari/537.36 Edg/134.0.0.0"
193.189.185.113 - - [11/Mar/2025:13:54:43 +0000] "GET /img/lower-arrow.7a64c699.png HTTP/1.1" 200 16025 "https://cyber.ltfe.org/" "Mozilla/5.0 (Windows NT 10.0; Win64; x64) AppleWebKit/537.36 (KHTML, like Gecko) Chrome/134.0.0.0 Safari/537.36 Edg/134.0.0.0"
193.189.185.113 - - [11/Mar/2025:13:54:43 +0000] "GET /img/night-sky.1701d635.png HTTP/1.1" 200 904154 "https://cyber.ltfe.org/" "Mozilla/5.0 (Windows NT 10.0; Win64; x64) AppleWebKit/537.36 (KHTML, like Gecko) Chrome/134.0.0.0 Safari/537.36 Edg/134.0.0.0"
193.189.185.113 - - [11/Mar/2025:13:54:43 +0000] "GET /img/earth-night-resized.3dce4089.jpg HTTP/1.1" 200 3661689 "https://cyber.ltfe.org/" "Mozilla/5.0 (Windows NT 10.0; Win64; x64) AppleWebKit/537.36 (KHTML, like Gecko) Chrome/134.0.0.0 Safari/537.36 Edg/134.0.0.0"

193.189.185.113 - - [11/Mar/2025:13:54:43 +0000] "GET /favicons/favicon.ico HTTP/1.1" 200 15086 "https://cyber.ltfe.org/" "Mozilla/5.0 (Windows NT 10.0; Win64; x64) AppleWebKit/537.36 (KHTML, like Gecko) Chrome/134.0.0.0 Safari/537.36 Edg/134.0.0.0"
193.189.185.113 - - [11/Mar/2025:13:54:43 +0000] "GET /api-web/v1/top_hubs HTTP/1.1" 404 22 "https://cyber.ltfe.org/" "Mozilla/5.0 (Windows NT 10.0; Win64; x64) AppleWebKit/537.36 (KHTML, like Gecko) Chrome/134.0.0.0 Safari/537.36 Edg/134.0.0.0"
193.189.185.113 - - [11/Mar/2025:13:54:44 +0000] "GET /api-web/v1/counter_data HTTP/1.1" 200 125 "https://cyber.ltfe.org/" "Mozilla/5.0 (Windows NT 10.0; Win64; x64) AppleWebKit/537.36 (KHTML, like Gecko) Chrome/134.0.0.0 Safari/537.36 Edg/134.0.0.0"
193.189.185.113 - - [11/Mar/2025:13:54:45 +0000] "GET /api-web/v1/traffic?timespan=10 HTTP/1.1" 200 24029 "https://cyber.ltfe.org/" "Mozilla/5.0 (Windows NT 10.0; Win64; x64) AppleWebKit/537.36 (KHTML, like Gecko) Chrome/134.0.0.0 Safari/537.36 Edg/134.0.0.0"
193.189.185.113 - - [11/Mar/2025:13:54:47 +0000] "GET /img/cyber-logo.c24a1e46.svg HTTP/1.1" 200 24197 "https://cyber.ltfe.org/" "Mozilla/5.0 (Windows NT 10.0; Win64; x64) AppleWebKit/537.36 (KHTML, like Gecko) Chrome/134.0.0.0 Safari/537.36 Edg/134.0.0.0"
193.189.185.113 - - [11/Mar/2025:13:54:47 +0000] "GET /api-web/v1/counter_data HTTP/1.1" 200 125 "https://cyber.ltfe.org/" "Mozilla/5.0 (Windows NT 10.0; Win64; x64) AppleWebKit/537.36 (KHTML, like Gecko) Chrome/134.0.0.0 Safari/537.36 Edg/134.0.0.0"
193.189.185.113 - - [11/Mar/2025:13:54:47 +0000] "GET /api-web/v1/chart_data?timespan=10 HTTP/1.1" 200 2809 "https://cyber.ltfe.org/" "Mozilla/5.0 (Windows NT 10.0; Win64; x64) AppleWebKit/537.36 (KHTML, like Gecko) Chrome/134.0.0.0 Safari/537.36 Edg/134.0.0.0"
193.189.185.113 - - [11/Mar/2025:13:54:47 +0000] "GET /fonts/fa-solid-900.8e1ed89b.woff2 HTTP/1.1" 200 80300 "https://cyber.ltfe.org/css/chunk-vendors.77e64f29.css" "Mozilla/5.0 (Windows NT 10.0; Win64; x64) AppleWebKit/537.36 (KHTML, like Gecko) Chrome/134.0.0.0 Safari/537.36 Edg/134.0.0.0"
193.189.185.113 - - [11/Mar/2025:13:54:47 +0000] "GET /fonts/fa-brands-400.f075c50f.woff2 HTTP/1.1" 200 78460 "https://cyber.ltfe.org/css/chunk-vendors.77e64f29.css" "Mozilla/5.0 (Windows NT 10.0; Win64; x64) AppleWebKit/537.36 (KHTML, like Gecko) Chrome/134.0.0.0 Safari/537.36 Edg/134.0.0.0"




193.189.185.113 - - [11/Mar/2025:13:55:14 +0000] "GET /api-web/v1/traffic?timespan=720 HTTP/1.1" 200 49 "https://cyber.ltfe.org/" "Mozilla/5.0 (Windows NT 10.0; Win64; x64) AppleWebKit/537.36 (KHTML, like Gecko) Chrome/134.0.0.0 Safari/537.36 Edg/134.0.0.0"
193.189.185.113 - - [11/Mar/2025:13:55:14 +0000] "GET /api-web/v1/chart_data?timespan=60 HTTP/1.1" 200 3116 "https://cyber.ltfe.org/" "Mozilla/5.0 (Windows NT 10.0; Win64; x64) AppleWebKit/537.36 (KHTML, like Gecko) Chrome/133.0.0.0 Safari/537.36 Edg/133.0.0.0"
193.189.185.113 - - [11/Mar/2025:13:55:14 +0000] "GET /api-web/v1/chart_data?timespan=720 HTTP/1.1" 200 3107 "https://cyber.ltfe.org/" "Mozilla/5.0 (Windows NT 10.0; Win64; x64) AppleWebKit/537.36 (KHTML, like Gecko) Chrome/134.0.0.0 Safari/537.36 Edg/134.0.0.0"



193.189.185.113 - - [11/Mar/2025:13:56:14 +0000] "GET /api-web/v1/chart_data?timespan=720 HTTP/1.1" 200 3107 "https://cyber.ltfe.org/" "Mozilla/5.0 (Windows NT 10.0; Win64; x64) AppleWebKit/537.36 (KHTML, like Gecko) Chrome/134.0.0.0 Safari/537.36 Edg/134.0.0.0"
193.189.185.113 - - [11/Mar/2025:13:56:14 +0000] "GET /api-web/v1/chart_data?timespan=60 HTTP/1.1" 200 3116 "https://cyber.ltfe.org/" "Mozilla/5.0 (Windows NT 10.0; Win64; x64) AppleWebKit/537.36 (KHTML, like Gecko) Chrome/133.0.0.0 Safari/537.36 Edg/133.0.0.0"
193.189.185.113 - - [11/Mar/2025:13:56:18 +0000] "GET /api-web/v1/traffic?timespan=60 HTTP/1.1" 200 78175 "https://cyber.ltfe.org/" "Mozilla/5.0 (Windows NT 10.0; Win64; x64) AppleWebKit/537.36 (KHTML, like Gecko) Chrome/133.0.0.0 Safari/537.36 Edg/133.0.0.0"



193.189.185.113 - - [11/Mar/2025:13:57:14 +0000] "GET /api-web/v1/chart_data?timespan=720 HTTP/1.1" 200 3107 "https://cyber.ltfe.org/" "Mozilla/5.0 (Windows NT 10.0; Win64; x64) AppleWebKit/537.36 (KHTML, like Gecko) Chrome/134.0.0.0 Safari/537.36 Edg/134.0.0.0"
193.189.185.113 - - [11/Mar/2025:13:57:15 +0000] "GET /api-web/v1/chart_data?timespan=60 HTTP/1.1" 200 3116 "https://cyber.ltfe.org/" "Mozilla/5.0 (Windows NT 10.0; Win64; x64) AppleWebKit/537.36 (KHTML, like Gecko) Chrome/133.0.0.0 Safari/537.36 Edg/133.0.0.0"
193.189.185.113 - - [11/Mar/2025:13:58:14 +0000] "GET /api-web/v1/chart_data?timespan=720 HTTP/1.1" 200 3105 "https://cyber.ltfe.org/" "Mozilla/5.0 (Windows NT 10.0; Win64; x64) AppleWebKit/537.36 (KHTML, like Gecko) Chrome/134.0.0.0 Safari/537.36 Edg/134.0.0.0"
193.189.185.113 - - [11/Mar/2025:13:58:16 +0000] "GET /api-web/v1/chart_data?timespan=60 HTTP/1.1" 200 3100 "https://cyber.ltfe.org/" "Mozilla/5.0 (Windows NT 10.0; Win64; x64) AppleWebKit/537.36 (KHTML, like Gecko) Chrome/133.0.0.0 Safari/537.36 Edg/133.0.0.0"





193.189.185.113 - - [11/Mar/2025:13:59:14 +0000] "GET /api-web/v1/chart_data?timespan=720 HTTP/1.1" 200 3105 "https://cyber.ltfe.org/" "Mozilla/5.0 (Windows NT 10.0; Win64; x64) AppleWebKit/537.36 (KHTML, like Gecko) Chrome/134.0.0.0 Safari/537.36 Edg/134.0.0.0"
193.189.185.113 - - [11/Mar/2025:13:59:17 +0000] "GET /api-web/v1/chart_data?timespan=60 HTTP/1.1" 200 3100 "https://cyber.ltfe.org/" "Mozilla/5.0 (Windows NT 10.0; Win64; x64) AppleWebKit/537.36 (KHTML, like Gecko) Chrome/133.0.0.0 Safari/537.36 Edg/133.0.0.0"



































193.189.185.113 - - [11/Mar/2025:14:00:03 +0000] "GET /api-web/v1/traffic?timespan=720 HTTP/1.1" 200 49 "https://cyber.ltfe.org/" "Mozilla/5.0 (Windows NT 10.0; Win64; x64) AppleWebKit/537.36 (KHTML, like Gecko) Chrome/134.0.0.0 Safari/537.36 Edg/134.0.0.0"


193.189.185.113 - - [11/Mar/2025:14:00:14 +0000] "GET /api-web/v1/traffic?timespan=720 HTTP/1.1" 200 49 "https://cyber.ltfe.org/" "Mozilla/5.0 (Windows NT 10.0; Win64; x64) AppleWebKit/537.36 (KHTML, like Gecko) Chrome/134.0.0.0 Safari/537.36 Edg/134.0.0.0"
193.189.185.113 - - [11/Mar/2025:14:00:14 +0000] "GET /api-web/v1/chart_data?timespan=720 HTTP/1.1" 200 3105 "https://cyber.ltfe.org/" "Mozilla/5.0 (Windows NT 10.0; Win64; x64) AppleWebKit/537.36 (KHTML, like Gecko) Chrome/134.0.0.0 Safari/537.36 Edg/134.0.0.0"
193.189.185.113 - - [11/Mar/2025:14:00:18 +0000] "GET /api-web/v1/chart_data?timespan=60 HTTP/1.1" 200 3100 "https://cyber.ltfe.org/" "Mozilla/5.0 (Windows NT 10.0; Win64; x64) AppleWebKit/537.36 (KHTML, like Gecko) Chrome/133.0.0.0 Safari/537.36 Edg/133.0.0.0"








193.189.185.113 - - [11/Mar/2025:14:01:14 +0000] "GET /api-web/v1/chart_data?timespan=720 HTTP/1.1" 200 3105 "https://cyber.ltfe.org/" "Mozilla/5.0 (Windows NT 10.0; Win64; x64) AppleWebKit/537.36 (KHTML, like Gecko) Chrome/134.0.0.0 Safari/537.36 Edg/134.0.0.0"

193.189.185.113 - - [11/Mar/2025:14:01:19 +0000] "GET /api-web/v1/chart_data?timespan=60 HTTP/1.1" 200 3099 "https://cyber.ltfe.org/" "Mozilla/5.0 (Windows NT 10.0; Win64; x64) AppleWebKit/537.36 (KHTML, like Gecko) Chrome/133.0.0.0 Safari/537.36 Edg/133.0.0.0"
