193.189.185.113 - - [10/Mar/2025:08:25:02 +0000] "GET /api-web/v1/chart_data?timespan=10 HTTP/1.1" 200 2872 "https://cyber.ltfe.org/" "Mozilla/5.0 (Windows NT 10.0; Win64; x64) AppleWebKit/537.36 (KHTML, like Gecko) Chrome/133.0.0.0 Safari/537.36 Edg/133.0.0.0"
193.189.185.113 - - [10/Mar/2025:08:25:02 +0000] "GET /api-web/v1/chart_data?timespan=10 HTTP/1.1" 200 2872 "https://cyber.ltfe.org/" "Mozilla/5.0 (Windows NT 10.0; Win64; x64) AppleWebKit/537.36 (KHTML, like Gecko) Chrome/133.0.0.0 Safari/537.36 Edg/133.0.0.0"











193.138.1.200 - - [10/Mar/2025:08:25:27 +0000] "GET /api-web/v1/chart_data?timespan=60 HTTP/1.1" 200 3028 "https://cyber.ltfe.org/datasets" "Mozilla/5.0 (Windows NT 10.0; Win64; x64) AppleWebKit/537.36 (KHTML, like Gecko) Chrome/134.0.0.0 Safari/537.36 Edg/134.0.0.0"


10.19.0.55 - - [10/Mar/2025:08:25:35 +0000] "GET /api-web/v1/chart_data?timespan=60 HTTP/1.1" 200 3028 "https://cyber.ltfe.org/" "Mozilla/5.0 (Windows NT 10.0; Win64; x64) AppleWebKit/537.36 (KHTML, like Gecko) Chrome/133.0.0.0 Safari/537.36"



193.189.185.113 - - [10/Mar/2025:08:25:54 +0000] "GET /api-web/v1/chart_data?timespan=10 HTTP/1.1" 200 2872 "https://cyber.ltfe.org/" "Mozilla/5.0 (Windows NT 10.0; Win64; x64) AppleWebKit/537.36 (KHTML, like Gecko) Chrome/133.0.0.0 Safari/537.36 Edg/133.0.0.0"
37.165.78.118 - - [10/Mar/2025:08:25:54 +0000] "GET / HTTP/1.1" 200 1018 "-" "Mozilla/5.0 (Windows NT 10.0; Win64; x64) AppleWebKit/537.36 (KHTML, like Gecko) Chrome/133.0.0.0 Safari/537.36"
37.165.78.118 - - [10/Mar/2025:08:25:54 +0000] "GET /css/app.96271e32.css HTTP/1.1" 200 24966 "https://cyber.ltfe.org/" "Mozilla/5.0 (Windows NT 10.0; Win64; x64) AppleWebKit/537.36 (KHTML, like Gecko) Chrome/133.0.0.0 Safari/537.36"
37.165.78.118 - - [10/Mar/2025:08:25:54 +0000] "GET /js/app.4c07236b.js HTTP/1.1" 200 87699 "https://cyber.ltfe.org/" "Mozilla/5.0 (Windows NT 10.0; Win64; x64) AppleWebKit/537.36 (KHTML, like Gecko) Chrome/133.0.0.0 Safari/537.36"
37.165.78.118 - - [10/Mar/2025:08:25:54 +0000] "GET /css/chunk-vendors.77e64f29.css HTTP/1.1" 200 748892 "https://cyber.ltfe.org/" "Mozilla/5.0 (Windows NT 10.0; Win64; x64) AppleWebKit/537.36 (KHTML, like Gecko) Chrome/133.0.0.0 Safari/537.36"
37.165.78.118 - - [10/Mar/2025:08:25:55 +0000] "GET /js/chunk-vendors.f0d1e719.js HTTP/1.1" 200 2111031 "https://cyber.ltfe.org/" "Mozilla/5.0 (Windows NT 10.0; Win64; x64) AppleWebKit/537.36 (KHTML, like Gecko) Chrome/133.0.0.0 Safari/537.36"
193.189.185.113 - - [10/Mar/2025:08:25:55 +0000] "GET /api-web/v1/chart_data?timespan=10 HTTP/1.1" 200 2872 "https://cyber.ltfe.org/" "Mozilla/5.0 (Windows NT 10.0; Win64; x64) AppleWebKit/537.36 (KHTML, like Gecko) Chrome/133.0.0.0 Safari/537.36 Edg/133.0.0.0"
37.165.78.118 - - [10/Mar/2025:08:25:55 +0000] "GET /api-web/v1/counter_data HTTP/1.1" 200 125 "https://cyber.ltfe.org/" "Mozilla/5.0 (Windows NT 10.0; Win64; x64) AppleWebKit/537.36 (KHTML, like Gecko) Chrome/133.0.0.0 Safari/537.36"
37.165.78.118 - - [10/Mar/2025:08:25:55 +0000] "GET /img/shield-full.1ea8ff61.png HTTP/1.1" 200 7248 "https://cyber.ltfe.org/" "Mozilla/5.0 (Windows NT 10.0; Win64; x64) AppleWebKit/537.36 (KHTML, like Gecko) Chrome/133.0.0.0 Safari/537.36"
37.165.78.118 - - [10/Mar/2025:08:25:55 +0000] "GET /img/upper-arrow.860ee4d0.png HTTP/1.1" 200 20167 "https://cyber.ltfe.org/" "Mozilla/5.0 (Windows NT 10.0; Win64; x64) AppleWebKit/537.36 (KHTML, like Gecko) Chrome/133.0.0.0 Safari/537.36"
37.165.78.118 - - [10/Mar/2025:08:25:55 +0000] "GET /img/lower-arrow.7a64c699.png HTTP/1.1" 200 16025 "https://cyber.ltfe.org/" "Mozilla/5.0 (Windows NT 10.0; Win64; x64) AppleWebKit/537.36 (KHTML, like Gecko) Chrome/133.0.0.0 Safari/537.36"
37.165.78.118 - - [10/Mar/2025:08:25:56 +0000] "GET /img/night-sky.1701d635.png HTTP/1.1" 200 904154 "https://cyber.ltfe.org/" "Mozilla/5.0 (Windows NT 10.0; Win64; x64) AppleWebKit/537.36 (KHTML, like Gecko) Chrome/133.0.0.0 Safari/537.36"
37.165.78.118 - - [10/Mar/2025:08:25:56 +0000] "GET /api-web/v1/traffic?timespan=60 HTTP/1.1" 200 87641 "https://cyber.ltfe.org/" "Mozilla/5.0 (Windows NT 10.0; Win64; x64) AppleWebKit/537.36 (KHTML, like Gecko) Chrome/133.0.0.0 Safari/537.36"
37.165.78.118 - - [10/Mar/2025:08:25:56 +0000] "GET /img/earth-night-resized.3dce4089.jpg HTTP/1.1" 200 3661689 "https://cyber.ltfe.org/" "Mozilla/5.0 (Windows NT 10.0; Win64; x64) AppleWebKit/537.36 (KHTML, like Gecko) Chrome/133.0.0.0 Safari/537.36"
37.165.78.118 - - [10/Mar/2025:08:25:56 +0000] "GET /favicons/favicon.ico HTTP/1.1" 200 15086 "https://cyber.ltfe.org/" "Mozilla/5.0 (Windows NT 10.0; Win64; x64) AppleWebKit/537.36 (KHTML, like Gecko) Chrome/133.0.0.0 Safari/537.36"
37.165.78.118 - - [10/Mar/2025:08:25:57 +0000] "GET /favicons/site.webmanifest HTTP/1.1" 200 452 "https://cyber.ltfe.org/" "Mozilla/5.0 (Windows NT 10.0; Win64; x64) AppleWebKit/537.36 (KHTML, like Gecko) Chrome/133.0.0.0 Safari/537.36"
193.189.185.113 - - [10/Mar/2025:08:25:58 +0000] "GET /api-web/v1/chart_data?timespan=10 HTTP/1.1" 200 2872 "https://cyber.ltfe.org/" "Mozilla/5.0 (Windows NT 10.0; Win64; x64) AppleWebKit/537.36 (KHTML, like Gecko) Chrome/133.0.0.0 Safari/537.36 Edg/133.0.0.0"
193.189.185.113 - - [10/Mar/2025:08:25:58 +0000] "GET /api-web/v1/chart_data?timespan=10 HTTP/1.1" 200 2872 "https://cyber.ltfe.org/" "Mozilla/5.0 (Windows NT 10.0; Win64; x64) AppleWebKit/537.36 (KHTML, like Gecko) Chrome/133.0.0.0 Safari/537.36 Edg/133.0.0.0"
37.165.78.118 - - [10/Mar/2025:08:26:00 +0000] "GET /img/cyber-logo.c24a1e46.svg HTTP/1.1" 200 24197 "https://cyber.ltfe.org/" "Mozilla/5.0 (Windows NT 10.0; Win64; x64) AppleWebKit/537.36 (KHTML, like Gecko) Chrome/133.0.0.0 Safari/537.36"
37.165.78.118 - - [10/Mar/2025:08:26:00 +0000] "GET /api-web/v1/chart_data?timespan=60 HTTP/1.1" 200 3028 "https://cyber.ltfe.org/" "Mozilla/5.0 (Windows NT 10.0; Win64; x64) AppleWebKit/537.36 (KHTML, like Gecko) Chrome/133.0.0.0 Safari/537.36"
37.165.78.118 - - [10/Mar/2025:08:26:00 +0000] "GET /api-web/v1/counter_data HTTP/1.1" 200 125 "https://cyber.ltfe.org/" "Mozilla/5.0 (Windows NT 10.0; Win64; x64) AppleWebKit/537.36 (KHTML, like Gecko) Chrome/133.0.0.0 Safari/537.36"
37.165.78.118 - - [10/Mar/2025:08:26:00 +0000] "GET /fonts/fa-brands-400.f075c50f.woff2 HTTP/1.1" 200 78460 "https://cyber.ltfe.org/css/chunk-vendors.77e64f29.css" "Mozilla/5.0 (Windows NT 10.0; Win64; x64) AppleWebKit/537.36 (KHTML, like Gecko) Chrome/133.0.0.0 Safari/537.36"
37.165.78.118 - - [10/Mar/2025:08:26:00 +0000] "GET /fonts/fa-solid-900.8e1ed89b.woff2 HTTP/1.1" 200 80300 "https://cyber.ltfe.org/css/chunk-vendors.77e64f29.css" "Mozilla/5.0 (Windows NT 10.0; Win64; x64) AppleWebKit/537.36 (KHTML, like Gecko) Chrome/133.0.0.0 Safari/537.36"
193.189.185.113 - - [10/Mar/2025:08:26:02 +0000] "GET /api-web/v1/chart_data?timespan=10 HTTP/1.1" 200 2872 "https://cyber.ltfe.org/" "Mozilla/5.0 (Windows NT 10.0; Win64; x64) AppleWebKit/537.36 (KHTML, like Gecko) Chrome/133.0.0.0 Safari/537.36 Edg/133.0.0.0"
193.189.185.113 - - [10/Mar/2025:08:26:02 +0000] "GET /api-web/v1/chart_data?timespan=10 HTTP/1.1" 200 2872 "https://cyber.ltfe.org/" "Mozilla/5.0 (Windows NT 10.0; Win64; x64) AppleWebKit/537.36 (KHTML, like Gecko) Chrome/133.0.0.0 Safari/537.36 Edg/133.0.0.0"


193.138.1.200 - - [10/Mar/2025:08:26:28 +0000] "GET /api-web/v1/chart_data?timespan=60 HTTP/1.1" 200 3028 "https://cyber.ltfe.org/datasets" "Mozilla/5.0 (Windows NT 10.0; Win64; x64) AppleWebKit/537.36 (KHTML, like Gecko) Chrome/134.0.0.0 Safari/537.36 Edg/134.0.0.0"
10.19.0.55 - - [10/Mar/2025:08:26:36 +0000] "GET /api-web/v1/chart_data?timespan=60 HTTP/1.1" 200 3028 "https://cyber.ltfe.org/" "Mozilla/5.0 (Windows NT 10.0; Win64; x64) AppleWebKit/537.36 (KHTML, like Gecko) Chrome/133.0.0.0 Safari/537.36"



193.189.185.113 - - [10/Mar/2025:08:26:54 +0000] "GET /api-web/v1/chart_data?timespan=10 HTTP/1.1" 200 2872 "https://cyber.ltfe.org/" "Mozilla/5.0 (Windows NT 10.0; Win64; x64) AppleWebKit/537.36 (KHTML, like Gecko) Chrome/133.0.0.0 Safari/537.36 Edg/133.0.0.0"
193.189.185.113 - - [10/Mar/2025:08:26:55 +0000] "GET /api-web/v1/chart_data?timespan=10 HTTP/1.1" 200 2872 "https://cyber.ltfe.org/" "Mozilla/5.0 (Windows NT 10.0; Win64; x64) AppleWebKit/537.36 (KHTML, like Gecko) Chrome/133.0.0.0 Safari/537.36 Edg/133.0.0.0"
193.189.185.113 - - [10/Mar/2025:08:26:58 +0000] "GET /api-web/v1/chart_data?timespan=10 HTTP/1.1" 200 2872 "https://cyber.ltfe.org/" "Mozilla/5.0 (Windows NT 10.0; Win64; x64) AppleWebKit/537.36 (KHTML, like Gecko) Chrome/133.0.0.0 Safari/537.36 Edg/133.0.0.0"
193.189.185.113 - - [10/Mar/2025:08:26:58 +0000] "GET /api-web/v1/chart_data?timespan=10 HTTP/1.1" 200 2872 "https://cyber.ltfe.org/" "Mozilla/5.0 (Windows NT 10.0; Win64; x64) AppleWebKit/537.36 (KHTML, like Gecko) Chrome/133.0.0.0 Safari/537.36 Edg/133.0.0.0"
37.165.78.118 - - [10/Mar/2025:08:27:00 +0000] "GET /api-web/v1/chart_data?timespan=60 HTTP/1.1" 200 3028 "https://cyber.ltfe.org/" "Mozilla/5.0 (Windows NT 10.0; Win64; x64) AppleWebKit/537.36 (KHTML, like Gecko) Chrome/133.0.0.0 Safari/537.36"
193.189.185.113 - - [10/Mar/2025:08:27:02 +0000] "GET /api-web/v1/traffic?timespan=10 HTTP/1.1" 200 23823 "https://cyber.ltfe.org/" "Mozilla/5.0 (Windows NT 10.0; Win64; x64) AppleWebKit/537.36 (KHTML, like Gecko) Chrome/133.0.0.0 Safari/537.36 Edg/133.0.0.0"
193.189.185.113 - - [10/Mar/2025:08:27:02 +0000] "GET /api-web/v1/chart_data?timespan=10 HTTP/1.1" 200 2872 "https://cyber.ltfe.org/" "Mozilla/5.0 (Windows NT 10.0; Win64; x64) AppleWebKit/537.36 (KHTML, like Gecko) Chrome/133.0.0.0 Safari/537.36 Edg/133.0.0.0"
193.189.185.113 - - [10/Mar/2025:08:27:02 +0000] "GET /api-web/v1/chart_data?timespan=10 HTTP/1.1" 200 2872 "https://cyber.ltfe.org/" "Mozilla/5.0 (Windows NT 10.0; Win64; x64) AppleWebKit/537.36 (KHTML, like Gecko) Chrome/133.0.0.0 Safari/537.36 Edg/133.0.0.0"

37.165.78.118 - - [10/Mar/2025:08:27:14 +0000] "GET /api-web/v1/top_locations HTTP/1.1" 404 22 "https://cyber.ltfe.org/" "Mozilla/5.0 (Windows NT 10.0; Win64; x64) AppleWebKit/537.36 (KHTML, like Gecko) Chrome/133.0.0.0 Safari/537.36"
193.189.185.113 - - [10/Mar/2025:08:27:17 +0000] "GET /api-web/v1/traffic?timespan=10 HTTP/1.1" 200 23823 "https://cyber.ltfe.org/" "Mozilla/5.0 (Windows NT 10.0; Win64; x64) AppleWebKit/537.36 (KHTML, like Gecko) Chrome/133.0.0.0 Safari/537.36 Edg/133.0.0.0"

193.138.1.200 - - [10/Mar/2025:08:27:29 +0000] "GET /api-web/v1/chart_data?timespan=60 HTTP/1.1" 200 3028 "https://cyber.ltfe.org/datasets" "Mozilla/5.0 (Windows NT 10.0; Win64; x64) AppleWebKit/537.36 (KHTML, like Gecko) Chrome/134.0.0.0 Safari/537.36 Edg/134.0.0.0"


10.19.0.55 - - [10/Mar/2025:08:27:36 +0000] "GET /api-web/v1/chart_data?timespan=60 HTTP/1.1" 200 3028 "https://cyber.ltfe.org/" "Mozilla/5.0 (Windows NT 10.0; Win64; x64) AppleWebKit/537.36 (KHTML, like Gecko) Chrome/133.0.0.0 Safari/537.36"

193.189.185.113 - - [10/Mar/2025:08:27:40 +0000] "GET /api-web/v1/traffic?timespan=10 HTTP/1.1" 200 23823 "https://cyber.ltfe.org/" "Mozilla/5.0 (Windows NT 10.0; Win64; x64) AppleWebKit/537.36 (KHTML, like Gecko) Chrome/133.0.0.0 Safari/537.36 Edg/133.0.0.0"
193.189.185.113 - - [10/Mar/2025:08:27:43 +0000] "GET /api-web/v1/traffic?timespan=10 HTTP/1.1" 200 23823 "https://cyber.ltfe.org/" "Mozilla/5.0 (Windows NT 10.0; Win64; x64) AppleWebKit/537.36 (KHTML, like Gecko) Chrome/133.0.0.0 Safari/537.36 Edg/133.0.0.0"
193.189.185.113 - - [10/Mar/2025:08:27:44 +0000] "GET /api-web/v1/traffic?timespan=10 HTTP/1.1" 200 23823 "https://cyber.ltfe.org/" "Mozilla/5.0 (Windows NT 10.0; Win64; x64) AppleWebKit/537.36 (KHTML, like Gecko) Chrome/133.0.0.0 Safari/537.36 Edg/133.0.0.0"

193.189.185.113 - - [10/Mar/2025:08:27:54 +0000] "GET /api-web/v1/chart_data?timespan=10 HTTP/1.1" 200 2947 "https://cyber.ltfe.org/" "Mozilla/5.0 (Windows NT 10.0; Win64; x64) AppleWebKit/537.36 (KHTML, like Gecko) Chrome/133.0.0.0 Safari/537.36 Edg/133.0.0.0"
193.189.185.113 - - [10/Mar/2025:08:27:55 +0000] "GET /api-web/v1/chart_data?timespan=10 HTTP/1.1" 200 2947 "https://cyber.ltfe.org/" "Mozilla/5.0 (Windows NT 10.0; Win64; x64) AppleWebKit/537.36 (KHTML, like Gecko) Chrome/133.0.0.0 Safari/537.36 Edg/133.0.0.0"
193.189.185.113 - - [10/Mar/2025:08:27:56 +0000] "GET /api-web/v1/traffic?timespan=10 HTTP/1.1" 200 23823 "https://cyber.ltfe.org/" "Mozilla/5.0 (Windows NT 10.0; Win64; x64) AppleWebKit/537.36 (KHTML, like Gecko) Chrome/133.0.0.0 Safari/537.36 Edg/133.0.0.0"
193.189.185.113 - - [10/Mar/2025:08:27:57 +0000] "GET /api-web/v1/traffic?timespan=10 HTTP/1.1" 200 23823 "https://cyber.ltfe.org/" "Mozilla/5.0 (Windows NT 10.0; Win64; x64) AppleWebKit/537.36 (KHTML, like Gecko) Chrome/133.0.0.0 Safari/537.36 Edg/133.0.0.0"
193.189.185.113 - - [10/Mar/2025:08:27:58 +0000] "GET /api-web/v1/chart_data?timespan=10 HTTP/1.1" 200 2947 "https://cyber.ltfe.org/" "Mozilla/5.0 (Windows NT 10.0; Win64; x64) AppleWebKit/537.36 (KHTML, like Gecko) Chrome/133.0.0.0 Safari/537.36 Edg/133.0.0.0"
193.189.185.113 - - [10/Mar/2025:08:27:58 +0000] "GET /api-web/v1/chart_data?timespan=10 HTTP/1.1" 200 2947 "https://cyber.ltfe.org/" "Mozilla/5.0 (Windows NT 10.0; Win64; x64) AppleWebKit/537.36 (KHTML, like Gecko) Chrome/133.0.0.0 Safari/537.36 Edg/133.0.0.0"
193.189.185.113 - - [10/Mar/2025:08:28:00 +0000] "GET /api-web/v1/traffic?timespan=10 HTTP/1.1" 200 23823 "https://cyber.ltfe.org/" "Mozilla/5.0 (Windows NT 10.0; Win64; x64) AppleWebKit/537.36 (KHTML, like Gecko) Chrome/133.0.0.0 Safari/537.36 Edg/133.0.0.0"
193.189.185.113 - - [10/Mar/2025:08:28:01 +0000] "GET /api-web/v1/traffic?timespan=10 HTTP/1.1" 200 23823 "https://cyber.ltfe.org/" "Mozilla/5.0 (Windows NT 10.0; Win64; x64) AppleWebKit/537.36 (KHTML, like Gecko) Chrome/133.0.0.0 Safari/537.36 Edg/133.0.0.0"
37.165.78.118 - - [10/Mar/2025:08:28:01 +0000] "GET /api-web/v1/chart_data?timespan=60 HTTP/1.1" 200 3028 "https://cyber.ltfe.org/" "Mozilla/5.0 (Windows NT 10.0; Win64; x64) AppleWebKit/537.36 (KHTML, like Gecko) Chrome/133.0.0.0 Safari/537.36"
193.189.185.113 - - [10/Mar/2025:08:28:02 +0000] "GET /api-web/v1/chart_data?timespan=10 HTTP/1.1" 200 2947 "https://cyber.ltfe.org/" "Mozilla/5.0 (Windows NT 10.0; Win64; x64) AppleWebKit/537.36 (KHTML, like Gecko) Chrome/133.0.0.0 Safari/537.36 Edg/133.0.0.0"
193.189.185.113 - - [10/Mar/2025:08:28:02 +0000] "GET /api-web/v1/chart_data?timespan=10 HTTP/1.1" 200 2947 "https://cyber.ltfe.org/" "Mozilla/5.0 (Windows NT 10.0; Win64; x64) AppleWebKit/537.36 (KHTML, like Gecko) Chrome/133.0.0.0 Safari/537.36 Edg/133.0.0.0"
193.138.1.200 - - [10/Mar/2025:08:28:30 +0000] "GET /api-web/v1/chart_data?timespan=60 HTTP/1.1" 200 3028 "https://cyber.ltfe.org/datasets" "Mozilla/5.0 (Windows NT 10.0; Win64; x64) AppleWebKit/537.36 (KHTML, like Gecko) Chrome/134.0.0.0 Safari/537.36 Edg/134.0.0.0"

193.189.185.113 - - [10/Mar/2025:08:28:54 +0000] "GET /api-web/v1/chart_data?timespan=10 HTTP/1.1" 200 2947 "https://cyber.ltfe.org/" "Mozilla/5.0 (Windows NT 10.0; Win64; x64) AppleWebKit/537.36 (KHTML, like Gecko) Chrome/133.0.0.0 Safari/537.36 Edg/133.0.0.0"
193.189.185.113 - - [10/Mar/2025:08:28:55 +0000] "GET /api-web/v1/chart_data?timespan=10 HTTP/1.1" 200 2947 "https://cyber.ltfe.org/" "Mozilla/5.0 (Windows NT 10.0; Win64; x64) AppleWebKit/537.36 (KHTML, like Gecko) Chrome/133.0.0.0 Safari/537.36 Edg/133.0.0.0"
193.189.185.113 - - [10/Mar/2025:08:28:58 +0000] "GET /api-web/v1/chart_data?timespan=10 HTTP/1.1" 200 2947 "https://cyber.ltfe.org/" "Mozilla/5.0 (Windows NT 10.0; Win64; x64) AppleWebKit/537.36 (KHTML, like Gecko) Chrome/133.0.0.0 Safari/537.36 Edg/133.0.0.0"
193.189.185.113 - - [10/Mar/2025:08:28:58 +0000] "GET /api-web/v1/chart_data?timespan=10 HTTP/1.1" 200 2947 "https://cyber.ltfe.org/" "Mozilla/5.0 (Windows NT 10.0; Win64; x64) AppleWebKit/537.36 (KHTML, like Gecko) Chrome/133.0.0.0 Safari/537.36 Edg/133.0.0.0"

37.165.78.118 - - [10/Mar/2025:08:29:02 +0000] "GET /api-web/v1/chart_data?timespan=60 HTTP/1.1" 200 3028 "https://cyber.ltfe.org/" "Mozilla/5.0 (Windows NT 10.0; Win64; x64) AppleWebKit/537.36 (KHTML, like Gecko) Chrome/133.0.0.0 Safari/537.36"
193.189.185.113 - - [10/Mar/2025:08:29:02 +0000] "GET /api-web/v1/chart_data?timespan=10 HTTP/1.1" 200 2947 "https://cyber.ltfe.org/" "Mozilla/5.0 (Windows NT 10.0; Win64; x64) AppleWebKit/537.36 (KHTML, like Gecko) Chrome/133.0.0.0 Safari/537.36 Edg/133.0.0.0"
193.189.185.113 - - [10/Mar/2025:08:29:02 +0000] "GET /api-web/v1/chart_data?timespan=10 HTTP/1.1" 200 2947 "https://cyber.ltfe.org/" "Mozilla/5.0 (Windows NT 10.0; Win64; x64) AppleWebKit/537.36 (KHTML, like Gecko) Chrome/133.0.0.0 Safari/537.36 Edg/133.0.0.0"



193.138.1.200 - - [10/Mar/2025:08:29:31 +0000] "GET /api-web/v1/chart_data?timespan=60 HTTP/1.1" 200 3028 "https://cyber.ltfe.org/datasets" "Mozilla/5.0 (Windows NT 10.0; Win64; x64) AppleWebKit/537.36 (KHTML, like Gecko) Chrome/134.0.0.0 Safari/537.36 Edg/134.0.0.0"
195.178.110.163 - - [10/Mar/2025:08:29:32 +0000] "\x16\x03\x01\x00\xEE\x01\x00\x00\xEA\x03\x03\x9AX\x89\x02\xF9W\xDF\xCE\xC4\xE6hf\x13\xFFE\x85z\x9C\xB4\xF5THJ\xA9G\x88\x8E\xEFY\x04\x92\x7F \x80\xF6b|\x86\x88\xC6\xCE\x83O\xB9\x01;sx[#\xF2\xAA\xB4\xE0\x01\xF7\xB5\x81B\xC1\x8A}\x12\xF7\xD7\x00&\xC0+\xC0/\xC0,\xC00\xCC\xA9\xCC\xA8\xC0\x09\xC0\x13\xC0" 400 12 "-" "-"
195.178.110.163 - - [10/Mar/2025:08:29:32 +0000] "GET / HTTP/1.1" 400 12 "-" "-"
195.178.110.163 - - [10/Mar/2025:08:29:32 +0000] "GET / HTTP/1.1" 404 48 "-" "l9tcpid/v1.1.0"


195.178.110.163 - - [10/Mar/2025:08:29:34 +0000] "GET /.env.secret HTTP/1.1" 404 48 "-" "l9explore/1.2.2"
195.178.110.163 - - [10/Mar/2025:08:29:34 +0000] "GET /.git/config HTTP/1.1" 404 48 "-" "l9explore/1.2.2"
195.178.110.163 - - [10/Mar/2025:08:29:34 +0000] "GET /.env.dev HTTP/1.1" 404 48 "-" "l9explore/1.2.2"
195.178.110.163 - - [10/Mar/2025:08:29:35 +0000] "GET /src/.git/config HTTP/1.1" 404 48 "-" "l9explore/1.2.2"
195.178.110.163 - - [10/Mar/2025:08:29:35 +0000] "GET /config/.git/config HTTP/1.1" 404 48 "-" "l9explore/1.2.2"
195.178.110.163 - - [10/Mar/2025:08:29:36 +0000] "GET /.env.live HTTP/1.1" 404 48 "-" "l9explore/1.2.2"



193.189.185.113 - - [10/Mar/2025:08:29:54 +0000] "GET /api-web/v1/chart_data?timespan=10 HTTP/1.1" 200 2947 "https://cyber.ltfe.org/" "Mozilla/5.0 (Windows NT 10.0; Win64; x64) AppleWebKit/537.36 (KHTML, like Gecko) Chrome/133.0.0.0 Safari/537.36 Edg/133.0.0.0"
193.189.185.113 - - [10/Mar/2025:08:29:55 +0000] "GET /api-web/v1/chart_data?timespan=10 HTTP/1.1" 200 2947 "https://cyber.ltfe.org/" "Mozilla/5.0 (Windows NT 10.0; Win64; x64) AppleWebKit/537.36 (KHTML, like Gecko) Chrome/133.0.0.0 Safari/537.36 Edg/133.0.0.0"
193.189.185.113 - - [10/Mar/2025:08:29:58 +0000] "GET /api-web/v1/chart_data?timespan=10 HTTP/1.1" 200 2947 "https://cyber.ltfe.org/" "Mozilla/5.0 (Windows NT 10.0; Win64; x64) AppleWebKit/537.36 (KHTML, like Gecko) Chrome/133.0.0.0 Safari/537.36 Edg/133.0.0.0"
193.189.185.113 - - [10/Mar/2025:08:29:58 +0000] "GET /api-web/v1/chart_data?timespan=10 HTTP/1.1" 200 2947 "https://cyber.ltfe.org/" "Mozilla/5.0 (Windows NT 10.0; Win64; x64) AppleWebKit/537.36 (KHTML, like Gecko) Chrome/133.0.0.0 Safari/537.36 Edg/133.0.0.0"


193.189.185.113 - - [10/Mar/2025:08:30:02 +0000] "GET /api-web/v1/chart_data?timespan=10 HTTP/1.1" 200 2947 "https://cyber.ltfe.org/" "Mozilla/5.0 (Windows NT 10.0; Win64; x64) AppleWebKit/537.36 (KHTML, like Gecko) Chrome/133.0.0.0 Safari/537.36 Edg/133.0.0.0"
193.189.185.113 - - [10/Mar/2025:08:30:02 +0000] "GET /api-web/v1/chart_data?timespan=10 HTTP/1.1" 200 2947 "https://cyber.ltfe.org/" "Mozilla/5.0 (Windows NT 10.0; Win64; x64) AppleWebKit/537.36 (KHTML, like Gecko) Chrome/133.0.0.0 Safari/537.36 Edg/133.0.0.0"
37.165.78.118 - - [10/Mar/2025:08:30:03 +0000] "GET /api-web/v1/chart_data?timespan=60 HTTP/1.1" 200 3028 "https://cyber.ltfe.org/" "Mozilla/5.0 (Windows NT 10.0; Win64; x64) AppleWebKit/537.36 (KHTML, like Gecko) Chrome/133.0.0.0 Safari/537.36"

193.138.1.200 - - [10/Mar/2025:08:30:32 +0000] "GET /api-web/v1/chart_data?timespan=60 HTTP/1.1" 200 3028 "https://cyber.ltfe.org/datasets" "Mozilla/5.0 (Windows NT 10.0; Win64; x64) AppleWebKit/537.36 (KHTML, like Gecko) Chrome/134.0.0.0 Safari/537.36 Edg/134.0.0.0"


144.126.146.166 - - [10/Mar/2025:08:30:51 +0000] "GET /.git/config HTTP/1.1" 404 48 "-" "Mozilla/5.0 (Windows NT 10.0; Win64; x64) AppleWebKit/537.36 (KHTML, like Gecko) Chrome/123.0.0.0 Safari/537.36"
193.189.185.113 - - [10/Mar/2025:08:30:54 +0000] "GET /api-web/v1/chart_data?timespan=10 HTTP/1.1" 200 2946 "https://cyber.ltfe.org/" "Mozilla/5.0 (Windows NT 10.0; Win64; x64) AppleWebKit/537.36 (KHTML, like Gecko) Chrome/133.0.0.0 Safari/537.36 Edg/133.0.0.0"
193.189.185.113 - - [10/Mar/2025:08:30:55 +0000] "GET /api-web/v1/chart_data?timespan=10 HTTP/1.1" 200 2946 "https://cyber.ltfe.org/" "Mozilla/5.0 (Windows NT 10.0; Win64; x64) AppleWebKit/537.36 (KHTML, like Gecko) Chrome/133.0.0.0 Safari/537.36 Edg/133.0.0.0"
193.189.185.113 - - [10/Mar/2025:08:30:58 +0000] "GET /api-web/v1/chart_data?timespan=10 HTTP/1.1" 200 2946 "https://cyber.ltfe.org/" "Mozilla/5.0 (Windows NT 10.0; Win64; x64) AppleWebKit/537.36 (KHTML, like Gecko) Chrome/133.0.0.0 Safari/537.36 Edg/133.0.0.0"
193.189.185.113 - - [10/Mar/2025:08:30:58 +0000] "GET /api-web/v1/chart_data?timespan=10 HTTP/1.1" 200 2946 "https://cyber.ltfe.org/" "Mozilla/5.0 (Windows NT 10.0; Win64; x64) AppleWebKit/537.36 (KHTML, like Gecko) Chrome/133.0.0.0 Safari/537.36 Edg/133.0.0.0"
193.189.185.113 - - [10/Mar/2025:08:31:02 +0000] "GET /api-web/v1/chart_data?timespan=10 HTTP/1.1" 200 2946 "https://cyber.ltfe.org/" "Mozilla/5.0 (Windows NT 10.0; Win64; x64) AppleWebKit/537.36 (KHTML, like Gecko) Chrome/133.0.0.0 Safari/537.36 Edg/133.0.0.0"
193.189.185.113 - - [10/Mar/2025:08:31:02 +0000] "GET /api-web/v1/chart_data?timespan=10 HTTP/1.1" 200 2946 "https://cyber.ltfe.org/" "Mozilla/5.0 (Windows NT 10.0; Win64; x64) AppleWebKit/537.36 (KHTML, like Gecko) Chrome/133.0.0.0 Safari/537.36 Edg/133.0.0.0"
37.165.78.118 - - [10/Mar/2025:08:31:03 +0000] "GET /api-web/v1/traffic?timespan=60 HTTP/1.1" 200 88683 "https://cyber.ltfe.org/" "Mozilla/5.0 (Windows NT 10.0; Win64; x64) AppleWebKit/537.36 (KHTML, like Gecko) Chrome/133.0.0.0 Safari/537.36"
37.165.78.118 - - [10/Mar/2025:08:31:04 +0000] "GET /api-web/v1/chart_data?timespan=60 HTTP/1.1" 200 3028 "https://cyber.ltfe.org/" "Mozilla/5.0 (Windows NT 10.0; Win64; x64) AppleWebKit/537.36 (KHTML, like Gecko) Chrome/133.0.0.0 Safari/537.36"




193.138.1.200 - - [10/Mar/2025:08:31:33 +0000] "GET /api-web/v1/chart_data?timespan=60 HTTP/1.1" 200 3028 "https://cyber.ltfe.org/datasets" "Mozilla/5.0 (Windows NT 10.0; Win64; x64) AppleWebKit/537.36 (KHTML, like Gecko) Chrome/134.0.0.0 Safari/537.36 Edg/134.0.0.0"
193.189.185.113 - - [10/Mar/2025:08:31:54 +0000] "GET /api-web/v1/chart_data?timespan=10 HTTP/1.1" 200 2946 "https://cyber.ltfe.org/" "Mozilla/5.0 (Windows NT 10.0; Win64; x64) AppleWebKit/537.36 (KHTML, like Gecko) Chrome/133.0.0.0 Safari/537.36 Edg/133.0.0.0"
193.189.185.113 - - [10/Mar/2025:08:31:55 +0000] "GET /api-web/v1/chart_data?timespan=10 HTTP/1.1" 200 2946 "https://cyber.ltfe.org/" "Mozilla/5.0 (Windows NT 10.0; Win64; x64) AppleWebKit/537.36 (KHTML, like Gecko) Chrome/133.0.0.0 Safari/537.36 Edg/133.0.0.0"
193.189.185.113 - - [10/Mar/2025:08:31:58 +0000] "GET /api-web/v1/chart_data?timespan=10 HTTP/1.1" 200 2946 "https://cyber.ltfe.org/" "Mozilla/5.0 (Windows NT 10.0; Win64; x64) AppleWebKit/537.36 (KHTML, like Gecko) Chrome/133.0.0.0 Safari/537.36 Edg/133.0.0.0"
193.189.185.113 - - [10/Mar/2025:08:31:58 +0000] "GET /api-web/v1/chart_data?timespan=10 HTTP/1.1" 200 2946 "https://cyber.ltfe.org/" "Mozilla/5.0 (Windows NT 10.0; Win64; x64) AppleWebKit/537.36 (KHTML, like Gecko) Chrome/133.0.0.0 Safari/537.36 Edg/133.0.0.0"
193.189.185.113 - - [10/Mar/2025:08:32:02 +0000] "GET /api-web/v1/chart_data?timespan=10 HTTP/1.1" 200 2946 "https://cyber.ltfe.org/" "Mozilla/5.0 (Windows NT 10.0; Win64; x64) AppleWebKit/537.36 (KHTML, like Gecko) Chrome/133.0.0.0 Safari/537.36 Edg/133.0.0.0"
193.189.185.113 - - [10/Mar/2025:08:32:02 +0000] "GET /api-web/v1/chart_data?timespan=10 HTTP/1.1" 200 2946 "https://cyber.ltfe.org/" "Mozilla/5.0 (Windows NT 10.0; Win64; x64) AppleWebKit/537.36 (KHTML, like Gecko) Chrome/133.0.0.0 Safari/537.36 Edg/133.0.0.0"
193.189.185.113 - - [10/Mar/2025:08:32:03 +0000] "GET /api-web/v1/traffic?timespan=10 HTTP/1.1" 200 27830 "https://cyber.ltfe.org/" "Mozilla/5.0 (Windows NT 10.0; Win64; x64) AppleWebKit/537.36 (KHTML, like Gecko) Chrome/133.0.0.0 Safari/537.36 Edg/133.0.0.0"
37.165.78.118 - - [10/Mar/2025:08:32:05 +0000] "GET /api-web/v1/chart_data?timespan=60 HTTP/1.1" 200 3028 "https://cyber.ltfe.org/" "Mozilla/5.0 (Windows NT 10.0; Win64; x64) AppleWebKit/537.36 (KHTML, like Gecko) Chrome/133.0.0.0 Safari/537.36"


193.189.185.113 - - [10/Mar/2025:08:32:17 +0000] "GET /api-web/v1/traffic?timespan=10 HTTP/1.1" 200 27830 "https://cyber.ltfe.org/" "Mozilla/5.0 (Windows NT 10.0; Win64; x64) AppleWebKit/537.36 (KHTML, like Gecko) Chrome/133.0.0.0 Safari/537.36 Edg/133.0.0.0"









193.138.1.200 - - [10/Mar/2025:08:32:34 +0000] "GET /api-web/v1/chart_data?timespan=60 HTTP/1.1" 200 3028 "https://cyber.ltfe.org/datasets" "Mozilla/5.0 (Windows NT 10.0; Win64; x64) AppleWebKit/537.36 (KHTML, like Gecko) Chrome/134.0.0.0 Safari/537.36 Edg/134.0.0.0"



193.189.185.113 - - [10/Mar/2025:08:32:40 +0000] "GET /api-web/v1/traffic?timespan=10 HTTP/1.1" 200 27830 "https://cyber.ltfe.org/" "Mozilla/5.0 (Windows NT 10.0; Win64; x64) AppleWebKit/537.36 (KHTML, like Gecko) Chrome/133.0.0.0 Safari/537.36 Edg/133.0.0.0"
193.189.185.113 - - [10/Mar/2025:08:32:43 +0000] "GET /api-web/v1/traffic?timespan=10 HTTP/1.1" 200 27830 "https://cyber.ltfe.org/" "Mozilla/5.0 (Windows NT 10.0; Win64; x64) AppleWebKit/537.36 (KHTML, like Gecko) Chrome/133.0.0.0 Safari/537.36 Edg/133.0.0.0"
193.189.185.113 - - [10/Mar/2025:08:32:44 +0000] "GET /api-web/v1/traffic?timespan=10 HTTP/1.1" 200 27830 "https://cyber.ltfe.org/" "Mozilla/5.0 (Windows NT 10.0; Win64; x64) AppleWebKit/537.36 (KHTML, like Gecko) Chrome/133.0.0.0 Safari/537.36 Edg/133.0.0.0"


193.189.185.113 - - [10/Mar/2025:08:32:54 +0000] "GET /api-web/v1/chart_data?timespan=10 HTTP/1.1" 200 2946 "https://cyber.ltfe.org/" "Mozilla/5.0 (Windows NT 10.0; Win64; x64) AppleWebKit/537.36 (KHTML, like Gecko) Chrome/133.0.0.0 Safari/537.36 Edg/133.0.0.0"
193.189.185.113 - - [10/Mar/2025:08:32:55 +0000] "GET /api-web/v1/chart_data?timespan=10 HTTP/1.1" 200 2946 "https://cyber.ltfe.org/" "Mozilla/5.0 (Windows NT 10.0; Win64; x64) AppleWebKit/537.36 (KHTML, like Gecko) Chrome/133.0.0.0 Safari/537.36 Edg/133.0.0.0"
193.189.185.113 - - [10/Mar/2025:08:32:56 +0000] "GET /api-web/v1/traffic?timespan=10 HTTP/1.1" 200 27830 "https://cyber.ltfe.org/" "Mozilla/5.0 (Windows NT 10.0; Win64; x64) AppleWebKit/537.36 (KHTML, like Gecko) Chrome/133.0.0.0 Safari/537.36 Edg/133.0.0.0"
193.189.185.113 - - [10/Mar/2025:08:32:57 +0000] "GET /api-web/v1/traffic?timespan=10 HTTP/1.1" 200 27830 "https://cyber.ltfe.org/" "Mozilla/5.0 (Windows NT 10.0; Win64; x64) AppleWebKit/537.36 (KHTML, like Gecko) Chrome/133.0.0.0 Safari/537.36 Edg/133.0.0.0"
193.189.185.113 - - [10/Mar/2025:08:32:58 +0000] "GET /api-web/v1/chart_data?timespan=10 HTTP/1.1" 200 2946 "https://cyber.ltfe.org/" "Mozilla/5.0 (Windows NT 10.0; Win64; x64) AppleWebKit/537.36 (KHTML, like Gecko) Chrome/133.0.0.0 Safari/537.36 Edg/133.0.0.0"
193.189.185.113 - - [10/Mar/2025:08:32:58 +0000] "GET /api-web/v1/chart_data?timespan=10 HTTP/1.1" 200 2946 "https://cyber.ltfe.org/" "Mozilla/5.0 (Windows NT 10.0; Win64; x64) AppleWebKit/537.36 (KHTML, like Gecko) Chrome/133.0.0.0 Safari/537.36 Edg/133.0.0.0"
193.189.185.113 - - [10/Mar/2025:08:33:00 +0000] "GET /api-web/v1/traffic?timespan=10 HTTP/1.1" 200 27830 "https://cyber.ltfe.org/" "Mozilla/5.0 (Windows NT 10.0; Win64; x64) AppleWebKit/537.36 (KHTML, like Gecko) Chrome/133.0.0.0 Safari/537.36 Edg/133.0.0.0"
193.189.185.113 - - [10/Mar/2025:08:33:01 +0000] "GET /api-web/v1/traffic?timespan=10 HTTP/1.1" 200 27830 "https://cyber.ltfe.org/" "Mozilla/5.0 (Windows NT 10.0; Win64; x64) AppleWebKit/537.36 (KHTML, like Gecko) Chrome/133.0.0.0 Safari/537.36 Edg/133.0.0.0"
193.189.185.113 - - [10/Mar/2025:08:33:02 +0000] "GET /api-web/v1/chart_data?timespan=10 HTTP/1.1" 200 2946 "https://cyber.ltfe.org/" "Mozilla/5.0 (Windows NT 10.0; Win64; x64) AppleWebKit/537.36 (KHTML, like Gecko) Chrome/133.0.0.0 Safari/537.36 Edg/133.0.0.0"
193.189.185.113 - - [10/Mar/2025:08:33:02 +0000] "GET /api-web/v1/chart_data?timespan=10 HTTP/1.1" 200 2946 "https://cyber.ltfe.org/" "Mozilla/5.0 (Windows NT 10.0; Win64; x64) AppleWebKit/537.36 (KHTML, like Gecko) Chrome/133.0.0.0 Safari/537.36 Edg/133.0.0.0"
37.165.78.118 - - [10/Mar/2025:08:33:06 +0000] "GET /api-web/v1/chart_data?timespan=60 HTTP/1.1" 200 3028 "https://cyber.ltfe.org/" "Mozilla/5.0 (Windows NT 10.0; Win64; x64) AppleWebKit/537.36 (KHTML, like Gecko) Chrome/133.0.0.0 Safari/537.36"


193.138.1.200 - - [10/Mar/2025:08:33:35 +0000] "GET /api-web/v1/chart_data?timespan=60 HTTP/1.1" 200 3028 "https://cyber.ltfe.org/datasets" "Mozilla/5.0 (Windows NT 10.0; Win64; x64) AppleWebKit/537.36 (KHTML, like Gecko) Chrome/134.0.0.0 Safari/537.36 Edg/134.0.0.0"

193.189.185.113 - - [10/Mar/2025:08:33:54 +0000] "GET /api-web/v1/chart_data?timespan=10 HTTP/1.1" 200 2945 "https://cyber.ltfe.org/" "Mozilla/5.0 (Windows NT 10.0; Win64; x64) AppleWebKit/537.36 (KHTML, like Gecko) Chrome/133.0.0.0 Safari/537.36 Edg/133.0.0.0"

193.189.185.113 - - [10/Mar/2025:08:33:55 +0000] "GET /api-web/v1/chart_data?timespan=10 HTTP/1.1" 200 2945 "https://cyber.ltfe.org/" "Mozilla/5.0 (Windows NT 10.0; Win64; x64) AppleWebKit/537.36 (KHTML, like Gecko) Chrome/133.0.0.0 Safari/537.36 Edg/133.0.0.0"



193.189.185.113 - - [10/Mar/2025:08:33:58 +0000] "GET /api-web/v1/chart_data?timespan=10 HTTP/1.1" 200 2945 "https://cyber.ltfe.org/" "Mozilla/5.0 (Windows NT 10.0; Win64; x64) AppleWebKit/537.36 (KHTML, like Gecko) Chrome/133.0.0.0 Safari/537.36 Edg/133.0.0.0"
193.189.185.113 - - [10/Mar/2025:08:33:58 +0000] "GET /api-web/v1/chart_data?timespan=10 HTTP/1.1" 200 2945 "https://cyber.ltfe.org/" "Mozilla/5.0 (Windows NT 10.0; Win64; x64) AppleWebKit/537.36 (KHTML, like Gecko) Chrome/133.0.0.0 Safari/537.36 Edg/133.0.0.0"
193.189.185.113 - - [10/Mar/2025:08:34:02 +0000] "GET /api-web/v1/chart_data?timespan=10 HTTP/1.1" 200 2945 "https://cyber.ltfe.org/" "Mozilla/5.0 (Windows NT 10.0; Win64; x64) AppleWebKit/537.36 (KHTML, like Gecko) Chrome/133.0.0.0 Safari/537.36 Edg/133.0.0.0"
193.189.185.113 - - [10/Mar/2025:08:34:02 +0000] "GET /api-web/v1/chart_data?timespan=10 HTTP/1.1" 200 2945 "https://cyber.ltfe.org/" "Mozilla/5.0 (Windows NT 10.0; Win64; x64) AppleWebKit/537.36 (KHTML, like Gecko) Chrome/133.0.0.0 Safari/537.36 Edg/133.0.0.0"
37.165.78.118 - - [10/Mar/2025:08:34:07 +0000] "GET /api-web/v1/chart_data?timespan=60 HTTP/1.1" 200 3028 "https://cyber.ltfe.org/" "Mozilla/5.0 (Windows NT 10.0; Win64; x64) AppleWebKit/537.36 (KHTML, like Gecko) Chrome/133.0.0.0 Safari/537.36"



193.138.1.200 - - [10/Mar/2025:08:34:37 +0000] "GET /api-web/v1/chart_data?timespan=60 HTTP/1.1" 200 2649 "https://cyber.ltfe.org/datasets" "Mozilla/5.0 (Windows NT 10.0; Win64; x64) AppleWebKit/537.36 (KHTML, like Gecko) Chrome/134.0.0.0 Safari/537.36 Edg/134.0.0.0"


193.189.185.113 - - [10/Mar/2025:08:34:54 +0000] "GET /api-web/v1/chart_data?timespan=10 HTTP/1.1" 200 2945 "https://cyber.ltfe.org/" "Mozilla/5.0 (Windows NT 10.0; Win64; x64) AppleWebKit/537.36 (KHTML, like Gecko) Chrome/133.0.0.0 Safari/537.36 Edg/133.0.0.0"
193.189.185.113 - - [10/Mar/2025:08:34:55 +0000] "GET /api-web/v1/chart_data?timespan=10 HTTP/1.1" 200 2945 "https://cyber.ltfe.org/" "Mozilla/5.0 (Windows NT 10.0; Win64; x64) AppleWebKit/537.36 (KHTML, like Gecko) Chrome/133.0.0.0 Safari/537.36 Edg/133.0.0.0"
193.189.185.113 - - [10/Mar/2025:08:34:58 +0000] "GET /api-web/v1/chart_data?timespan=10 HTTP/1.1" 200 2945 "https://cyber.ltfe.org/" "Mozilla/5.0 (Windows NT 10.0; Win64; x64) AppleWebKit/537.36 (KHTML, like Gecko) Chrome/133.0.0.0 Safari/537.36 Edg/133.0.0.0"
193.189.185.113 - - [10/Mar/2025:08:34:58 +0000] "GET /api-web/v1/chart_data?timespan=10 HTTP/1.1" 200 2945 "https://cyber.ltfe.org/" "Mozilla/5.0 (Windows NT 10.0; Win64; x64) AppleWebKit/537.36 (KHTML, like Gecko) Chrome/133.0.0.0 Safari/537.36 Edg/133.0.0.0"
193.189.185.113 - - [10/Mar/2025:08:35:02 +0000] "GET /api-web/v1/chart_data?timespan=10 HTTP/1.1" 200 2945 "https://cyber.ltfe.org/" "Mozilla/5.0 (Windows NT 10.0; Win64; x64) AppleWebKit/537.36 (KHTML, like Gecko) Chrome/133.0.0.0 Safari/537.36 Edg/133.0.0.0"
193.189.185.113 - - [10/Mar/2025:08:35:02 +0000] "GET /api-web/v1/chart_data?timespan=10 HTTP/1.1" 200 2945 "https://cyber.ltfe.org/" "Mozilla/5.0 (Windows NT 10.0; Win64; x64) AppleWebKit/537.36 (KHTML, like Gecko) Chrome/133.0.0.0 Safari/537.36 Edg/133.0.0.0"

37.165.78.118 - - [10/Mar/2025:08:35:08 +0000] "GET /api-web/v1/chart_data?timespan=60 HTTP/1.1" 200 2649 "https://cyber.ltfe.org/" "Mozilla/5.0 (Windows NT 10.0; Win64; x64) AppleWebKit/537.36 (KHTML, like Gecko) Chrome/133.0.0.0 Safari/537.36"




193.138.1.200 - - [10/Mar/2025:08:35:37 +0000] "GET /api-web/v1/chart_data?timespan=60 HTTP/1.1" 200 2649 "https://cyber.ltfe.org/datasets" "Mozilla/5.0 (Windows NT 10.0; Win64; x64) AppleWebKit/537.36 (KHTML, like Gecko) Chrome/134.0.0.0 Safari/537.36 Edg/134.0.0.0"

193.189.185.113 - - [10/Mar/2025:08:35:54 +0000] "GET /api-web/v1/chart_data?timespan=10 HTTP/1.1" 200 2945 "https://cyber.ltfe.org/" "Mozilla/5.0 (Windows NT 10.0; Win64; x64) AppleWebKit/537.36 (KHTML, like Gecko) Chrome/133.0.0.0 Safari/537.36 Edg/133.0.0.0"
193.189.185.113 - - [10/Mar/2025:08:35:55 +0000] "GET /api-web/v1/chart_data?timespan=10 HTTP/1.1" 200 2945 "https://cyber.ltfe.org/" "Mozilla/5.0 (Windows NT 10.0; Win64; x64) AppleWebKit/537.36 (KHTML, like Gecko) Chrome/133.0.0.0 Safari/537.36 Edg/133.0.0.0"
193.189.185.113 - - [10/Mar/2025:08:35:58 +0000] "GET /api-web/v1/chart_data?timespan=10 HTTP/1.1" 200 2945 "https://cyber.ltfe.org/" "Mozilla/5.0 (Windows NT 10.0; Win64; x64) AppleWebKit/537.36 (KHTML, like Gecko) Chrome/133.0.0.0 Safari/537.36 Edg/133.0.0.0"
193.189.185.113 - - [10/Mar/2025:08:35:58 +0000] "GET /api-web/v1/chart_data?timespan=10 HTTP/1.1" 200 2945 "https://cyber.ltfe.org/" "Mozilla/5.0 (Windows NT 10.0; Win64; x64) AppleWebKit/537.36 (KHTML, like Gecko) Chrome/133.0.0.0 Safari/537.36 Edg/133.0.0.0"
193.189.185.113 - - [10/Mar/2025:08:36:02 +0000] "GET /api-web/v1/chart_data?timespan=10 HTTP/1.1" 200 2945 "https://cyber.ltfe.org/" "Mozilla/5.0 (Windows NT 10.0; Win64; x64) AppleWebKit/537.36 (KHTML, like Gecko) Chrome/133.0.0.0 Safari/537.36 Edg/133.0.0.0"
193.189.185.113 - - [10/Mar/2025:08:36:02 +0000] "GET /api-web/v1/chart_data?timespan=10 HTTP/1.1" 200 2945 "https://cyber.ltfe.org/" "Mozilla/5.0 (Windows NT 10.0; Win64; x64) AppleWebKit/537.36 (KHTML, like Gecko) Chrome/133.0.0.0 Safari/537.36 Edg/133.0.0.0"
37.165.78.118 - - [10/Mar/2025:08:36:09 +0000] "GET /api-web/v1/chart_data?timespan=60 HTTP/1.1" 200 2649 "https://cyber.ltfe.org/" "Mozilla/5.0 (Windows NT 10.0; Win64; x64) AppleWebKit/537.36 (KHTML, like Gecko) Chrome/133.0.0.0 Safari/537.36"
37.165.78.118 - - [10/Mar/2025:08:36:09 +0000] "GET /api-web/v1/traffic?timespan=60 HTTP/1.1" 200 87671 "https://cyber.ltfe.org/" "Mozilla/5.0 (Windows NT 10.0; Win64; x64) AppleWebKit/537.36 (KHTML, like Gecko) Chrome/133.0.0.0 Safari/537.36"

193.138.1.200 - - [10/Mar/2025:08:36:38 +0000] "GET /api-web/v1/chart_data?timespan=60 HTTP/1.1" 200 2649 "https://cyber.ltfe.org/datasets" "Mozilla/5.0 (Windows NT 10.0; Win64; x64) AppleWebKit/537.36 (KHTML, like Gecko) Chrome/134.0.0.0 Safari/537.36 Edg/134.0.0.0"

193.189.185.113 - - [10/Mar/2025:08:36:54 +0000] "GET /api-web/v1/chart_data?timespan=10 HTTP/1.1" 200 2946 "https://cyber.ltfe.org/" "Mozilla/5.0 (Windows NT 10.0; Win64; x64) AppleWebKit/537.36 (KHTML, like Gecko) Chrome/133.0.0.0 Safari/537.36 Edg/133.0.0.0"
193.189.185.113 - - [10/Mar/2025:08:36:55 +0000] "GET /api-web/v1/chart_data?timespan=10 HTTP/1.1" 200 2946 "https://cyber.ltfe.org/" "Mozilla/5.0 (Windows NT 10.0; Win64; x64) AppleWebKit/537.36 (KHTML, like Gecko) Chrome/133.0.0.0 Safari/537.36 Edg/133.0.0.0"

193.189.185.113 - - [10/Mar/2025:08:36:58 +0000] "GET /api-web/v1/chart_data?timespan=10 HTTP/1.1" 200 2946 "https://cyber.ltfe.org/" "Mozilla/5.0 (Windows NT 10.0; Win64; x64) AppleWebKit/537.36 (KHTML, like Gecko) Chrome/133.0.0.0 Safari/537.36 Edg/133.0.0.0"
193.189.185.113 - - [10/Mar/2025:08:36:58 +0000] "GET /api-web/v1/chart_data?timespan=10 HTTP/1.1" 200 2946 "https://cyber.ltfe.org/" "Mozilla/5.0 (Windows NT 10.0; Win64; x64) AppleWebKit/537.36 (KHTML, like Gecko) Chrome/133.0.0.0 Safari/537.36 Edg/133.0.0.0"
193.189.185.113 - - [10/Mar/2025:08:37:02 +0000] "GET /api-web/v1/chart_data?timespan=10 HTTP/1.1" 200 2946 "https://cyber.ltfe.org/" "Mozilla/5.0 (Windows NT 10.0; Win64; x64) AppleWebKit/537.36 (KHTML, like Gecko) Chrome/133.0.0.0 Safari/537.36 Edg/133.0.0.0"
193.189.185.113 - - [10/Mar/2025:08:37:03 +0000] "GET /api-web/v1/chart_data?timespan=10 HTTP/1.1" 200 2946 "https://cyber.ltfe.org/" "Mozilla/5.0 (Windows NT 10.0; Win64; x64) AppleWebKit/537.36 (KHTML, like Gecko) Chrome/133.0.0.0 Safari/537.36 Edg/133.0.0.0"
193.189.185.113 - - [10/Mar/2025:08:37:05 +0000] "GET /api-web/v1/traffic?timespan=10 HTTP/1.1" 200 26507 "https://cyber.ltfe.org/" "Mozilla/5.0 (Windows NT 10.0; Win64; x64) AppleWebKit/537.36 (KHTML, like Gecko) Chrome/133.0.0.0 Safari/537.36 Edg/133.0.0.0"
37.165.78.118 - - [10/Mar/2025:08:37:10 +0000] "GET /api-web/v1/chart_data?timespan=60 HTTP/1.1" 200 2649 "https://cyber.ltfe.org/" "Mozilla/5.0 (Windows NT 10.0; Win64; x64) AppleWebKit/537.36 (KHTML, like Gecko) Chrome/133.0.0.0 Safari/537.36"
193.189.185.113 - - [10/Mar/2025:08:37:17 +0000] "GET /api-web/v1/traffic?timespan=10 HTTP/1.1" 200 26507 "https://cyber.ltfe.org/" "Mozilla/5.0 (Windows NT 10.0; Win64; x64) AppleWebKit/537.36 (KHTML, like Gecko) Chrome/133.0.0.0 Safari/537.36 Edg/133.0.0.0"
193.138.1.200 - - [10/Mar/2025:08:37:39 +0000] "GET /api-web/v1/chart_data?timespan=60 HTTP/1.1" 200 2648 "https://cyber.ltfe.org/datasets" "Mozilla/5.0 (Windows NT 10.0; Win64; x64) AppleWebKit/537.36 (KHTML, like Gecko) Chrome/134.0.0.0 Safari/537.36 Edg/134.0.0.0"

193.189.185.113 - - [10/Mar/2025:08:37:40 +0000] "GET /api-web/v1/traffic?timespan=10 HTTP/1.1" 200 26507 "https://cyber.ltfe.org/" "Mozilla/5.0 (Windows NT 10.0; Win64; x64) AppleWebKit/537.36 (KHTML, like Gecko) Chrome/133.0.0.0 Safari/537.36 Edg/133.0.0.0"
193.189.185.113 - - [10/Mar/2025:08:37:43 +0000] "GET /api-web/v1/traffic?timespan=10 HTTP/1.1" 200 26507 "https://cyber.ltfe.org/" "Mozilla/5.0 (Windows NT 10.0; Win64; x64) AppleWebKit/537.36 (KHTML, like Gecko) Chrome/133.0.0.0 Safari/537.36 Edg/133.0.0.0"
193.189.185.113 - - [10/Mar/2025:08:37:44 +0000] "GET /api-web/v1/traffic?timespan=10 HTTP/1.1" 200 26507 "https://cyber.ltfe.org/" "Mozilla/5.0 (Windows NT 10.0; Win64; x64) AppleWebKit/537.36 (KHTML, like Gecko) Chrome/133.0.0.0 Safari/537.36 Edg/133.0.0.0"
193.189.185.113 - - [10/Mar/2025:08:37:54 +0000] "GET /api-web/v1/chart_data?timespan=10 HTTP/1.1" 200 2946 "https://cyber.ltfe.org/" "Mozilla/5.0 (Windows NT 10.0; Win64; x64) AppleWebKit/537.36 (KHTML, like Gecko) Chrome/133.0.0.0 Safari/537.36 Edg/133.0.0.0"
193.189.185.113 - - [10/Mar/2025:08:37:55 +0000] "GET /api-web/v1/chart_data?timespan=10 HTTP/1.1" 200 2946 "https://cyber.ltfe.org/" "Mozilla/5.0 (Windows NT 10.0; Win64; x64) AppleWebKit/537.36 (KHTML, like Gecko) Chrome/133.0.0.0 Safari/537.36 Edg/133.0.0.0"
193.189.185.113 - - [10/Mar/2025:08:37:56 +0000] "GET /api-web/v1/traffic?timespan=10 HTTP/1.1" 200 26507 "https://cyber.ltfe.org/" "Mozilla/5.0 (Windows NT 10.0; Win64; x64) AppleWebKit/537.36 (KHTML, like Gecko) Chrome/133.0.0.0 Safari/537.36 Edg/133.0.0.0"
193.189.185.113 - - [10/Mar/2025:08:37:57 +0000] "GET /api-web/v1/traffic?timespan=10 HTTP/1.1" 200 26507 "https://cyber.ltfe.org/" "Mozilla/5.0 (Windows NT 10.0; Win64; x64) AppleWebKit/537.36 (KHTML, like Gecko) Chrome/133.0.0.0 Safari/537.36 Edg/133.0.0.0"

193.189.185.113 - - [10/Mar/2025:08:37:58 +0000] "GET /api-web/v1/chart_data?timespan=10 HTTP/1.1" 200 2946 "https://cyber.ltfe.org/" "Mozilla/5.0 (Windows NT 10.0; Win64; x64) AppleWebKit/537.36 (KHTML, like Gecko) Chrome/133.0.0.0 Safari/537.36 Edg/133.0.0.0"
193.189.185.113 - - [10/Mar/2025:08:37:58 +0000] "GET /api-web/v1/chart_data?timespan=10 HTTP/1.1" 200 2946 "https://cyber.ltfe.org/" "Mozilla/5.0 (Windows NT 10.0; Win64; x64) AppleWebKit/537.36 (KHTML, like Gecko) Chrome/133.0.0.0 Safari/537.36 Edg/133.0.0.0"
193.189.185.113 - - [10/Mar/2025:08:38:00 +0000] "GET /api-web/v1/traffic?timespan=10 HTTP/1.1" 200 26507 "https://cyber.ltfe.org/" "Mozilla/5.0 (Windows NT 10.0; Win64; x64) AppleWebKit/537.36 (KHTML, like Gecko) Chrome/133.0.0.0 Safari/537.36 Edg/133.0.0.0"
193.189.185.113 - - [10/Mar/2025:08:38:01 +0000] "GET /api-web/v1/traffic?timespan=10 HTTP/1.1" 200 26507 "https://cyber.ltfe.org/" "Mozilla/5.0 (Windows NT 10.0; Win64; x64) AppleWebKit/537.36 (KHTML, like Gecko) Chrome/133.0.0.0 Safari/537.36 Edg/133.0.0.0"
193.189.185.113 - - [10/Mar/2025:08:38:02 +0000] "GET /api-web/v1/chart_data?timespan=10 HTTP/1.1" 200 2946 "https://cyber.ltfe.org/" "Mozilla/5.0 (Windows NT 10.0; Win64; x64) AppleWebKit/537.36 (KHTML, like Gecko) Chrome/133.0.0.0 Safari/537.36 Edg/133.0.0.0"
193.189.185.113 - - [10/Mar/2025:08:38:03 +0000] "GET /api-web/v1/chart_data?timespan=10 HTTP/1.1" 200 2946 "https://cyber.ltfe.org/" "Mozilla/5.0 (Windows NT 10.0; Win64; x64) AppleWebKit/537.36 (KHTML, like Gecko) Chrome/133.0.0.0 Safari/537.36 Edg/133.0.0.0"
37.165.78.118 - - [10/Mar/2025:08:38:11 +0000] "GET /api-web/v1/chart_data?timespan=60 HTTP/1.1" 200 2648 "https://cyber.ltfe.org/" "Mozilla/5.0 (Windows NT 10.0; Win64; x64) AppleWebKit/537.36 (KHTML, like Gecko) Chrome/133.0.0.0 Safari/537.36"















193.138.1.200 - - [10/Mar/2025:08:38:40 +0000] "GET /api-web/v1/chart_data?timespan=60 HTTP/1.1" 200 2648 "https://cyber.ltfe.org/datasets" "Mozilla/5.0 (Windows NT 10.0; Win64; x64) AppleWebKit/537.36 (KHTML, like Gecko) Chrome/134.0.0.0 Safari/537.36 Edg/134.0.0.0"

193.189.185.113 - - [10/Mar/2025:08:38:54 +0000] "GET /api-web/v1/chart_data?timespan=10 HTTP/1.1" 200 2946 "https://cyber.ltfe.org/" "Mozilla/5.0 (Windows NT 10.0; Win64; x64) AppleWebKit/537.36 (KHTML, like Gecko) Chrome/133.0.0.0 Safari/537.36 Edg/133.0.0.0"
193.189.185.113 - - [10/Mar/2025:08:38:55 +0000] "GET /api-web/v1/chart_data?timespan=10 HTTP/1.1" 200 2946 "https://cyber.ltfe.org/" "Mozilla/5.0 (Windows NT 10.0; Win64; x64) AppleWebKit/537.36 (KHTML, like Gecko) Chrome/133.0.0.0 Safari/537.36 Edg/133.0.0.0"
193.189.185.113 - - [10/Mar/2025:08:38:58 +0000] "GET /api-web/v1/chart_data?timespan=10 HTTP/1.1" 200 2946 "https://cyber.ltfe.org/" "Mozilla/5.0 (Windows NT 10.0; Win64; x64) AppleWebKit/537.36 (KHTML, like Gecko) Chrome/133.0.0.0 Safari/537.36 Edg/133.0.0.0"
193.189.185.113 - - [10/Mar/2025:08:38:59 +0000] "GET /api-web/v1/chart_data?timespan=10 HTTP/1.1" 200 2946 "https://cyber.ltfe.org/" "Mozilla/5.0 (Windows NT 10.0; Win64; x64) AppleWebKit/537.36 (KHTML, like Gecko) Chrome/133.0.0.0 Safari/537.36 Edg/133.0.0.0"
193.189.185.113 - - [10/Mar/2025:08:39:02 +0000] "GET /api-web/v1/chart_data?timespan=10 HTTP/1.1" 200 2946 "https://cyber.ltfe.org/" "Mozilla/5.0 (Windows NT 10.0; Win64; x64) AppleWebKit/537.36 (KHTML, like Gecko) Chrome/133.0.0.0 Safari/537.36 Edg/133.0.0.0"
193.189.185.113 - - [10/Mar/2025:08:39:03 +0000] "GET /api-web/v1/chart_data?timespan=10 HTTP/1.1" 200 2946 "https://cyber.ltfe.org/" "Mozilla/5.0 (Windows NT 10.0; Win64; x64) AppleWebKit/537.36 (KHTML, like Gecko) Chrome/133.0.0.0 Safari/537.36 Edg/133.0.0.0"
37.165.78.118 - - [10/Mar/2025:08:39:12 +0000] "GET /api-web/v1/chart_data?timespan=60 HTTP/1.1" 200 2648 "https://cyber.ltfe.org/" "Mozilla/5.0 (Windows NT 10.0; Win64; x64) AppleWebKit/537.36 (KHTML, like Gecko) Chrome/133.0.0.0 Safari/537.36"



193.138.1.200 - - [10/Mar/2025:08:39:41 +0000] "GET /api-web/v1/chart_data?timespan=60 HTTP/1.1" 200 2648 "https://cyber.ltfe.org/datasets" "Mozilla/5.0 (Windows NT 10.0; Win64; x64) AppleWebKit/537.36 (KHTML, like Gecko) Chrome/134.0.0.0 Safari/537.36 Edg/134.0.0.0"
193.189.185.113 - - [10/Mar/2025:08:39:55 +0000] "GET /api-web/v1/chart_data?timespan=10 HTTP/1.1" 200 2604 "https://cyber.ltfe.org/" "Mozilla/5.0 (Windows NT 10.0; Win64; x64) AppleWebKit/537.36 (KHTML, like Gecko) Chrome/133.0.0.0 Safari/537.36 Edg/133.0.0.0"
193.189.185.113 - - [10/Mar/2025:08:39:55 +0000] "GET /api-web/v1/chart_data?timespan=10 HTTP/1.1" 200 2604 "https://cyber.ltfe.org/" "Mozilla/5.0 (Windows NT 10.0; Win64; x64) AppleWebKit/537.36 (KHTML, like Gecko) Chrome/133.0.0.0 Safari/537.36 Edg/133.0.0.0"
193.189.185.113 - - [10/Mar/2025:08:39:59 +0000] "GET /api-web/v1/chart_data?timespan=10 HTTP/1.1" 200 2604 "https://cyber.ltfe.org/" "Mozilla/5.0 (Windows NT 10.0; Win64; x64) AppleWebKit/537.36 (KHTML, like Gecko) Chrome/133.0.0.0 Safari/537.36 Edg/133.0.0.0"
193.189.185.113 - - [10/Mar/2025:08:39:59 +0000] "GET /api-web/v1/chart_data?timespan=10 HTTP/1.1" 200 2604 "https://cyber.ltfe.org/" "Mozilla/5.0 (Windows NT 10.0; Win64; x64) AppleWebKit/537.36 (KHTML, like Gecko) Chrome/133.0.0.0 Safari/537.36 Edg/133.0.0.0"
193.189.185.113 - - [10/Mar/2025:08:40:02 +0000] "GET /api-web/v1/chart_data?timespan=10 HTTP/1.1" 200 2604 "https://cyber.ltfe.org/" "Mozilla/5.0 (Windows NT 10.0; Win64; x64) AppleWebKit/537.36 (KHTML, like Gecko) Chrome/133.0.0.0 Safari/537.36 Edg/133.0.0.0"
193.189.185.113 - - [10/Mar/2025:08:40:03 +0000] "GET /api-web/v1/chart_data?timespan=10 HTTP/1.1" 200 2604 "https://cyber.ltfe.org/" "Mozilla/5.0 (Windows NT 10.0; Win64; x64) AppleWebKit/537.36 (KHTML, like Gecko) Chrome/133.0.0.0 Safari/537.36 Edg/133.0.0.0"


37.165.78.118 - - [10/Mar/2025:08:40:13 +0000] "GET /api-web/v1/chart_data?timespan=60 HTTP/1.1" 200 2648 "https://cyber.ltfe.org/" "Mozilla/5.0 (Windows NT 10.0; Win64; x64) AppleWebKit/537.36 (KHTML, like Gecko) Chrome/133.0.0.0 Safari/537.36"


193.138.1.200 - - [10/Mar/2025:08:40:42 +0000] "GET /api-web/v1/chart_data?timespan=60 HTTP/1.1" 200 2648 "https://cyber.ltfe.org/datasets" "Mozilla/5.0 (Windows NT 10.0; Win64; x64) AppleWebKit/537.36 (KHTML, like Gecko) Chrome/134.0.0.0 Safari/537.36 Edg/134.0.0.0"
193.189.185.113 - - [10/Mar/2025:08:40:55 +0000] "GET /api-web/v1/chart_data?timespan=10 HTTP/1.1" 200 2604 "https://cyber.ltfe.org/" "Mozilla/5.0 (Windows NT 10.0; Win64; x64) AppleWebKit/537.36 (KHTML, like Gecko) Chrome/133.0.0.0 Safari/537.36 Edg/133.0.0.0"


193.189.185.113 - - [10/Mar/2025:08:40:55 +0000] "GET /api-web/v1/chart_data?timespan=10 HTTP/1.1" 200 2604 "https://cyber.ltfe.org/" "Mozilla/5.0 (Windows NT 10.0; Win64; x64) AppleWebKit/537.36 (KHTML, like Gecko) Chrome/133.0.0.0 Safari/537.36 Edg/133.0.0.0"
193.189.185.113 - - [10/Mar/2025:08:40:59 +0000] "GET /api-web/v1/chart_data?timespan=10 HTTP/1.1" 200 2604 "https://cyber.ltfe.org/" "Mozilla/5.0 (Windows NT 10.0; Win64; x64) AppleWebKit/537.36 (KHTML, like Gecko) Chrome/133.0.0.0 Safari/537.36 Edg/133.0.0.0"
193.189.185.113 - - [10/Mar/2025:08:40:59 +0000] "GET /api-web/v1/chart_data?timespan=10 HTTP/1.1" 200 2604 "https://cyber.ltfe.org/" "Mozilla/5.0 (Windows NT 10.0; Win64; x64) AppleWebKit/537.36 (KHTML, like Gecko) Chrome/133.0.0.0 Safari/537.36 Edg/133.0.0.0"
193.189.185.113 - - [10/Mar/2025:08:41:02 +0000] "GET /api-web/v1/chart_data?timespan=10 HTTP/1.1" 200 2604 "https://cyber.ltfe.org/" "Mozilla/5.0 (Windows NT 10.0; Win64; x64) AppleWebKit/537.36 (KHTML, like Gecko) Chrome/133.0.0.0 Safari/537.36 Edg/133.0.0.0"
193.189.185.113 - - [10/Mar/2025:08:41:03 +0000] "GET /api-web/v1/chart_data?timespan=10 HTTP/1.1" 200 2604 "https://cyber.ltfe.org/" "Mozilla/5.0 (Windows NT 10.0; Win64; x64) AppleWebKit/537.36 (KHTML, like Gecko) Chrome/133.0.0.0 Safari/537.36 Edg/133.0.0.0"
37.165.78.118 - - [10/Mar/2025:08:41:14 +0000] "GET /api-web/v1/chart_data?timespan=60 HTTP/1.1" 200 2648 "https://cyber.ltfe.org/" "Mozilla/5.0 (Windows NT 10.0; Win64; x64) AppleWebKit/537.36 (KHTML, like Gecko) Chrome/133.0.0.0 Safari/537.36"
37.165.78.118 - - [10/Mar/2025:08:41:16 +0000] "GET /api-web/v1/traffic?timespan=60 HTTP/1.1" 200 88172 "https://cyber.ltfe.org/" "Mozilla/5.0 (Windows NT 10.0; Win64; x64) AppleWebKit/537.36 (KHTML, like Gecko) Chrome/133.0.0.0 Safari/537.36"
193.138.1.200 - - [10/Mar/2025:08:41:43 +0000] "GET /api-web/v1/chart_data?timespan=60 HTTP/1.1" 200 2648 "https://cyber.ltfe.org/datasets" "Mozilla/5.0 (Windows NT 10.0; Win64; x64) AppleWebKit/537.36 (KHTML, like Gecko) Chrome/134.0.0.0 Safari/537.36 Edg/134.0.0.0"
193.189.185.113 - - [10/Mar/2025:08:41:55 +0000] "GET /api-web/v1/chart_data?timespan=10 HTTP/1.1" 200 2604 "https://cyber.ltfe.org/" "Mozilla/5.0 (Windows NT 10.0; Win64; x64) AppleWebKit/537.36 (KHTML, like Gecko) Chrome/133.0.0.0 Safari/537.36 Edg/133.0.0.0"
193.189.185.113 - - [10/Mar/2025:08:41:55 +0000] "GET /api-web/v1/chart_data?timespan=10 HTTP/1.1" 200 2604 "https://cyber.ltfe.org/" "Mozilla/5.0 (Windows NT 10.0; Win64; x64) AppleWebKit/537.36 (KHTML, like Gecko) Chrome/133.0.0.0 Safari/537.36 Edg/133.0.0.0"

193.189.185.113 - - [10/Mar/2025:08:41:59 +0000] "GET /api-web/v1/chart_data?timespan=10 HTTP/1.1" 200 2604 "https://cyber.ltfe.org/" "Mozilla/5.0 (Windows NT 10.0; Win64; x64) AppleWebKit/537.36 (KHTML, like Gecko) Chrome/133.0.0.0 Safari/537.36 Edg/133.0.0.0"
193.189.185.113 - - [10/Mar/2025:08:41:59 +0000] "GET /api-web/v1/chart_data?timespan=10 HTTP/1.1" 200 2604 "https://cyber.ltfe.org/" "Mozilla/5.0 (Windows NT 10.0; Win64; x64) AppleWebKit/537.36 (KHTML, like Gecko) Chrome/133.0.0.0 Safari/537.36 Edg/133.0.0.0"
