193.138.1.200 - - [10/Mar/2025:08:09:49 +0000] "GET /favicon.ico HTTP/1.1" 200 1018 "https://cyber.ltfe.org/datasets/by_day/" "Mozilla/5.0 (Windows NT 10.0; Win64; x64) AppleWebKit/537.36 (KHTML, like Gecko) Chrome/134.0.0.0 Safari/537.36 Edg/134.0.0.0"
193.189.185.113 - - [10/Mar/2025:08:09:52 +0000] "GET /api-web/v1/chart_data?timespan=10 HTTP/1.1" 200 2448 "https://cyber.ltfe.org/" "Mozilla/5.0 (Windows NT 10.0; Win64; x64) AppleWebKit/537.36 (KHTML, like Gecko) Chrome/133.0.0.0 Safari/537.36 Edg/133.0.0.0"
193.189.185.113 - - [10/Mar/2025:08:09:54 +0000] "GET /api-web/v1/chart_data?timespan=10 HTTP/1.1" 200 2448 "https://cyber.ltfe.org/" "Mozilla/5.0 (Windows NT 10.0; Win64; x64) AppleWebKit/537.36 (KHTML, like Gecko) Chrome/133.0.0.0 Safari/537.36 Edg/133.0.0.0"
193.189.185.113 - - [10/Mar/2025:08:09:58 +0000] "GET /api-web/v1/chart_data?timespan=10 HTTP/1.1" 200 2448 "https://cyber.ltfe.org/" "Mozilla/5.0 (Windows NT 10.0; Win64; x64) AppleWebKit/537.36 (KHTML, like Gecko) Chrome/133.0.0.0 Safari/537.36 Edg/133.0.0.0"
193.189.185.113 - - [10/Mar/2025:08:09:58 +0000] "GET /api-web/v1/chart_data?timespan=10 HTTP/1.1" 200 2448 "https://cyber.ltfe.org/" "Mozilla/5.0 (Windows NT 10.0; Win64; x64) AppleWebKit/537.36 (KHTML, like Gecko) Chrome/133.0.0.0 Safari/537.36 Edg/133.0.0.0"
193.189.185.113 - - [10/Mar/2025:08:10:01 +0000] "GET /api-web/v1/chart_data?timespan=10 HTTP/1.1" 200 2448 "https://cyber.ltfe.org/" "Mozilla/5.0 (Windows NT 10.0; Win64; x64) AppleWebKit/537.36 (KHTML, like Gecko) Chrome/133.0.0.0 Safari/537.36 Edg/133.0.0.0"
193.189.185.113 - - [10/Mar/2025:08:10:01 +0000] "GET /api-web/v1/chart_data?timespan=60 HTTP/1.1" 200 3044 "https://cyber.ltfe.org/" "Mozilla/5.0 (Windows NT 10.0; Win64; x64) AppleWebKit/537.36 (KHTML, like Gecko) Chrome/133.0.0.0 Safari/537.36 Edg/133.0.0.0"
193.189.185.113 - - [10/Mar/2025:08:10:02 +0000] "GET /api-web/v1/chart_data?timespan=10 HTTP/1.1" 200 2448 "https://cyber.ltfe.org/" "Mozilla/5.0 (Windows NT 10.0; Win64; x64) AppleWebKit/537.36 (KHTML, like Gecko) Chrome/133.0.0.0 Safari/537.36 Edg/133.0.0.0"
193.189.185.113 - - [10/Mar/2025:08:10:02 +0000] "GET /api-web/v1/traffic?timespan=60 HTTP/1.1" 200 82418 "https://cyber.ltfe.org/" "Mozilla/5.0 (Windows NT 10.0; Win64; x64) AppleWebKit/537.36 (KHTML, like Gecko) Chrome/133.0.0.0 Safari/537.36 Edg/133.0.0.0"
193.189.185.113 - - [10/Mar/2025:08:10:06 +0000] "GET /api-web/v1/chart_data?timespan=60 HTTP/1.1" 200 3044 "https://cyber.ltfe.org/" "Mozilla/5.0 (Windows NT 10.0; Win64; x64) AppleWebKit/537.36 (KHTML, like Gecko) Chrome/133.0.0.0 Safari/537.36 Edg/133.0.0.0"
193.138.1.200 - - [10/Mar/2025:08:10:14 +0000] "GET /api-web/v1/chart_data?timespan=60 HTTP/1.1" 200 3044 "https://cyber.ltfe.org/" "Mozilla/5.0 (Windows NT 10.0; Win64; x64) AppleWebKit/537.36 (KHTML, like Gecko) Chrome/134.0.0.0 Safari/537.36 Edg/134.0.0.0"






193.189.185.113 - - [10/Mar/2025:08:10:53 +0000] "GET /api-web/v1/chart_data?timespan=10 HTTP/1.1" 200 2448 "https://cyber.ltfe.org/" "Mozilla/5.0 (Windows NT 10.0; Win64; x64) AppleWebKit/537.36 (KHTML, like Gecko) Chrome/133.0.0.0 Safari/537.36 Edg/133.0.0.0"
193.189.185.113 - - [10/Mar/2025:08:10:54 +0000] "GET /api-web/v1/chart_data?timespan=10 HTTP/1.1" 200 2448 "https://cyber.ltfe.org/" "Mozilla/5.0 (Windows NT 10.0; Win64; x64) AppleWebKit/537.36 (KHTML, like Gecko) Chrome/133.0.0.0 Safari/537.36 Edg/133.0.0.0"
193.189.185.113 - - [10/Mar/2025:08:10:58 +0000] "GET /api-web/v1/chart_data?timespan=10 HTTP/1.1" 200 2448 "https://cyber.ltfe.org/" "Mozilla/5.0 (Windows NT 10.0; Win64; x64) AppleWebKit/537.36 (KHTML, like Gecko) Chrome/133.0.0.0 Safari/537.36 Edg/133.0.0.0"
193.189.185.113 - - [10/Mar/2025:08:10:58 +0000] "GET /api-web/v1/chart_data?timespan=10 HTTP/1.1" 200 2448 "https://cyber.ltfe.org/" "Mozilla/5.0 (Windows NT 10.0; Win64; x64) AppleWebKit/537.36 (KHTML, like Gecko) Chrome/133.0.0.0 Safari/537.36 Edg/133.0.0.0"
193.189.185.113 - - [10/Mar/2025:08:11:01 +0000] "GET /api-web/v1/chart_data?timespan=10 HTTP/1.1" 200 2448 "https://cyber.ltfe.org/" "Mozilla/5.0 (Windows NT 10.0; Win64; x64) AppleWebKit/537.36 (KHTML, like Gecko) Chrome/133.0.0.0 Safari/537.36 Edg/133.0.0.0"
193.189.185.113 - - [10/Mar/2025:08:11:02 +0000] "GET /api-web/v1/chart_data?timespan=10 HTTP/1.1" 200 2448 "https://cyber.ltfe.org/" "Mozilla/5.0 (Windows NT 10.0; Win64; x64) AppleWebKit/537.36 (KHTML, like Gecko) Chrome/133.0.0.0 Safari/537.36 Edg/133.0.0.0"
193.189.185.113 - - [10/Mar/2025:08:11:02 +0000] "GET /api-web/v1/chart_data?timespan=60 HTTP/1.1" 200 3044 "https://cyber.ltfe.org/" "Mozilla/5.0 (Windows NT 10.0; Win64; x64) AppleWebKit/537.36 (KHTML, like Gecko) Chrome/133.0.0.0 Safari/537.36 Edg/133.0.0.0"
193.189.185.113 - - [10/Mar/2025:08:11:07 +0000] "GET /api-web/v1/chart_data?timespan=60 HTTP/1.1" 200 3044 "https://cyber.ltfe.org/" "Mozilla/5.0 (Windows NT 10.0; Win64; x64) AppleWebKit/537.36 (KHTML, like Gecko) Chrome/133.0.0.0 Safari/537.36 Edg/133.0.0.0"
154.81.156.7 - - [10/Mar/2025:08:11:11 +0000] "GET / HTTP/1.1" 404 48 "-" "Mozilla/5.0 (Windows NT 10.0; Win64; x64) AppleWebKit/537.36 (KHTML, like Gecko) Chrome/90.0.4430.85 Safari/537.36 Edg/90.0.818.46"
193.138.1.200 - - [10/Mar/2025:08:11:14 +0000] "GET /api-web/v1/chart_data?timespan=60 HTTP/1.1" 200 3044 "https://cyber.ltfe.org/" "Mozilla/5.0 (Windows NT 10.0; Win64; x64) AppleWebKit/537.36 (KHTML, like Gecko) Chrome/134.0.0.0 Safari/537.36 Edg/134.0.0.0"







193.189.185.113 - - [10/Mar/2025:08:11:53 +0000] "GET /api-web/v1/chart_data?timespan=10 HTTP/1.1" 200 2448 "https://cyber.ltfe.org/" "Mozilla/5.0 (Windows NT 10.0; Win64; x64) AppleWebKit/537.36 (KHTML, like Gecko) Chrome/133.0.0.0 Safari/537.36 Edg/133.0.0.0"
193.189.185.113 - - [10/Mar/2025:08:11:54 +0000] "GET /api-web/v1/chart_data?timespan=10 HTTP/1.1" 200 2448 "https://cyber.ltfe.org/" "Mozilla/5.0 (Windows NT 10.0; Win64; x64) AppleWebKit/537.36 (KHTML, like Gecko) Chrome/133.0.0.0 Safari/537.36 Edg/133.0.0.0"

193.189.185.113 - - [10/Mar/2025:08:11:58 +0000] "GET /api-web/v1/chart_data?timespan=10 HTTP/1.1" 200 2448 "https://cyber.ltfe.org/" "Mozilla/5.0 (Windows NT 10.0; Win64; x64) AppleWebKit/537.36 (KHTML, like Gecko) Chrome/133.0.0.0 Safari/537.36 Edg/133.0.0.0"
193.189.185.113 - - [10/Mar/2025:08:11:58 +0000] "GET /api-web/v1/chart_data?timespan=10 HTTP/1.1" 200 2448 "https://cyber.ltfe.org/" "Mozilla/5.0 (Windows NT 10.0; Win64; x64) AppleWebKit/537.36 (KHTML, like Gecko) Chrome/133.0.0.0 Safari/537.36 Edg/133.0.0.0"
193.189.185.113 - - [10/Mar/2025:08:11:59 +0000] "GET /api-web/v1/traffic?timespan=10 HTTP/1.1" 200 27446 "https://cyber.ltfe.org/" "Mozilla/5.0 (Windows NT 10.0; Win64; x64) AppleWebKit/537.36 (KHTML, like Gecko) Chrome/133.0.0.0 Safari/537.36 Edg/133.0.0.0"
193.189.185.113 - - [10/Mar/2025:08:12:01 +0000] "GET /api-web/v1/chart_data?timespan=10 HTTP/1.1" 200 2448 "https://cyber.ltfe.org/" "Mozilla/5.0 (Windows NT 10.0; Win64; x64) AppleWebKit/537.36 (KHTML, like Gecko) Chrome/133.0.0.0 Safari/537.36 Edg/133.0.0.0"
193.189.185.113 - - [10/Mar/2025:08:12:02 +0000] "GET /api-web/v1/chart_data?timespan=10 HTTP/1.1" 200 2448 "https://cyber.ltfe.org/" "Mozilla/5.0 (Windows NT 10.0; Win64; x64) AppleWebKit/537.36 (KHTML, like Gecko) Chrome/133.0.0.0 Safari/537.36 Edg/133.0.0.0"
193.189.185.113 - - [10/Mar/2025:08:12:03 +0000] "GET /api-web/v1/chart_data?timespan=60 HTTP/1.1" 200 3044 "https://cyber.ltfe.org/" "Mozilla/5.0 (Windows NT 10.0; Win64; x64) AppleWebKit/537.36 (KHTML, like Gecko) Chrome/133.0.0.0 Safari/537.36 Edg/133.0.0.0"
193.189.185.113 - - [10/Mar/2025:08:12:08 +0000] "GET /api-web/v1/chart_data?timespan=60 HTTP/1.1" 200 3044 "https://cyber.ltfe.org/" "Mozilla/5.0 (Windows NT 10.0; Win64; x64) AppleWebKit/537.36 (KHTML, like Gecko) Chrome/133.0.0.0 Safari/537.36 Edg/133.0.0.0"

193.138.1.200 - - [10/Mar/2025:08:12:14 +0000] "GET /api-web/v1/chart_data?timespan=60 HTTP/1.1" 200 3044 "https://cyber.ltfe.org/" "Mozilla/5.0 (Windows NT 10.0; Win64; x64) AppleWebKit/537.36 (KHTML, like Gecko) Chrome/134.0.0.0 Safari/537.36 Edg/134.0.0.0"
193.189.185.113 - - [10/Mar/2025:08:12:17 +0000] "GET /api-web/v1/traffic?timespan=10 HTTP/1.1" 200 27446 "https://cyber.ltfe.org/" "Mozilla/5.0 (Windows NT 10.0; Win64; x64) AppleWebKit/537.36 (KHTML, like Gecko) Chrome/133.0.0.0 Safari/537.36 Edg/133.0.0.0"
193.189.185.113 - - [10/Mar/2025:08:12:39 +0000] "GET /api-web/v1/traffic?timespan=10 HTTP/1.1" 200 27446 "https://cyber.ltfe.org/" "Mozilla/5.0 (Windows NT 10.0; Win64; x64) AppleWebKit/537.36 (KHTML, like Gecko) Chrome/133.0.0.0 Safari/537.36 Edg/133.0.0.0"


193.189.185.113 - - [10/Mar/2025:08:12:43 +0000] "GET /api-web/v1/traffic?timespan=10 HTTP/1.1" 200 27446 "https://cyber.ltfe.org/" "Mozilla/5.0 (Windows NT 10.0; Win64; x64) AppleWebKit/537.36 (KHTML, like Gecko) Chrome/133.0.0.0 Safari/537.36 Edg/133.0.0.0"

193.189.185.113 - - [10/Mar/2025:08:12:43 +0000] "GET /api-web/v1/traffic?timespan=10 HTTP/1.1" 200 27446 "https://cyber.ltfe.org/" "Mozilla/5.0 (Windows NT 10.0; Win64; x64) AppleWebKit/537.36 (KHTML, like Gecko) Chrome/133.0.0.0 Safari/537.36 Edg/133.0.0.0"
216.244.66.203 - - [10/Mar/2025:08:12:47 +0000] "GET /robots.txt HTTP/1.1" 301 134 "-" "Mozilla/5.0 (compatible; DotBot/1.2; +https://opensiteexplorer.org/dotbot; help@moz.com)"
216.244.66.203 - - [10/Mar/2025:08:12:48 +0000] "GET /robots.txt HTTP/1.1" 200 24 "-" "Mozilla/5.0 (compatible; DotBot/1.2; +https://opensiteexplorer.org/dotbot; help@moz.com)"
193.189.185.113 - - [10/Mar/2025:08:12:53 +0000] "GET /api-web/v1/chart_data?timespan=10 HTTP/1.1" 200 2448 "https://cyber.ltfe.org/" "Mozilla/5.0 (Windows NT 10.0; Win64; x64) AppleWebKit/537.36 (KHTML, like Gecko) Chrome/133.0.0.0 Safari/537.36 Edg/133.0.0.0"


193.189.185.113 - - [10/Mar/2025:08:12:54 +0000] "GET /api-web/v1/chart_data?timespan=10 HTTP/1.1" 200 2448 "https://cyber.ltfe.org/" "Mozilla/5.0 (Windows NT 10.0; Win64; x64) AppleWebKit/537.36 (KHTML, like Gecko) Chrome/133.0.0.0 Safari/537.36 Edg/133.0.0.0"
193.189.185.113 - - [10/Mar/2025:08:12:56 +0000] "GET /api-web/v1/traffic?timespan=10 HTTP/1.1" 200 27446 "https://cyber.ltfe.org/" "Mozilla/5.0 (Windows NT 10.0; Win64; x64) AppleWebKit/537.36 (KHTML, like Gecko) Chrome/133.0.0.0 Safari/537.36 Edg/133.0.0.0"
193.189.185.113 - - [10/Mar/2025:08:12:56 +0000] "GET /api-web/v1/traffic?timespan=10 HTTP/1.1" 200 27446 "https://cyber.ltfe.org/" "Mozilla/5.0 (Windows NT 10.0; Win64; x64) AppleWebKit/537.36 (KHTML, like Gecko) Chrome/133.0.0.0 Safari/537.36 Edg/133.0.0.0"

193.189.185.113 - - [10/Mar/2025:08:12:58 +0000] "GET /api-web/v1/chart_data?timespan=10 HTTP/1.1" 200 2448 "https://cyber.ltfe.org/" "Mozilla/5.0 (Windows NT 10.0; Win64; x64) AppleWebKit/537.36 (KHTML, like Gecko) Chrome/133.0.0.0 Safari/537.36 Edg/133.0.0.0"
193.189.185.113 - - [10/Mar/2025:08:12:58 +0000] "GET /api-web/v1/chart_data?timespan=10 HTTP/1.1" 200 2448 "https://cyber.ltfe.org/" "Mozilla/5.0 (Windows NT 10.0; Win64; x64) AppleWebKit/537.36 (KHTML, like Gecko) Chrome/133.0.0.0 Safari/537.36 Edg/133.0.0.0"
193.189.185.113 - - [10/Mar/2025:08:13:00 +0000] "GET /api-web/v1/traffic?timespan=10 HTTP/1.1" 200 27446 "https://cyber.ltfe.org/" "Mozilla/5.0 (Windows NT 10.0; Win64; x64) AppleWebKit/537.36 (KHTML, like Gecko) Chrome/133.0.0.0 Safari/537.36 Edg/133.0.0.0"
193.189.185.113 - - [10/Mar/2025:08:13:00 +0000] "GET /api-web/v1/traffic?timespan=10 HTTP/1.1" 200 27446 "https://cyber.ltfe.org/" "Mozilla/5.0 (Windows NT 10.0; Win64; x64) AppleWebKit/537.36 (KHTML, like Gecko) Chrome/133.0.0.0 Safari/537.36 Edg/133.0.0.0"
193.189.185.113 - - [10/Mar/2025:08:13:01 +0000] "GET /api-web/v1/chart_data?timespan=10 HTTP/1.1" 200 2448 "https://cyber.ltfe.org/" "Mozilla/5.0 (Windows NT 10.0; Win64; x64) AppleWebKit/537.36 (KHTML, like Gecko) Chrome/133.0.0.0 Safari/537.36 Edg/133.0.0.0"
193.189.185.113 - - [10/Mar/2025:08:13:02 +0000] "GET /api-web/v1/chart_data?timespan=10 HTTP/1.1" 200 2448 "https://cyber.ltfe.org/" "Mozilla/5.0 (Windows NT 10.0; Win64; x64) AppleWebKit/537.36 (KHTML, like Gecko) Chrome/133.0.0.0 Safari/537.36 Edg/133.0.0.0"


193.189.185.113 - - [10/Mar/2025:08:13:04 +0000] "GET /api-web/v1/chart_data?timespan=60 HTTP/1.1" 200 3043 "https://cyber.ltfe.org/" "Mozilla/5.0 (Windows NT 10.0; Win64; x64) AppleWebKit/537.36 (KHTML, like Gecko) Chrome/133.0.0.0 Safari/537.36 Edg/133.0.0.0"
193.189.185.113 - - [10/Mar/2025:08:13:09 +0000] "GET /api-web/v1/chart_data?timespan=60 HTTP/1.1" 200 3043 "https://cyber.ltfe.org/" "Mozilla/5.0 (Windows NT 10.0; Win64; x64) AppleWebKit/537.36 (KHTML, like Gecko) Chrome/133.0.0.0 Safari/537.36 Edg/133.0.0.0"


193.138.1.200 - - [10/Mar/2025:08:13:15 +0000] "GET /api-web/v1/chart_data?timespan=60 HTTP/1.1" 200 3043 "https://cyber.ltfe.org/" "Mozilla/5.0 (Windows NT 10.0; Win64; x64) AppleWebKit/537.36 (KHTML, like Gecko) Chrome/134.0.0.0 Safari/537.36 Edg/134.0.0.0"




193.189.185.113 - - [10/Mar/2025:08:13:53 +0000] "GET /api-web/v1/chart_data?timespan=10 HTTP/1.1" 200 2448 "https://cyber.ltfe.org/" "Mozilla/5.0 (Windows NT 10.0; Win64; x64) AppleWebKit/537.36 (KHTML, like Gecko) Chrome/133.0.0.0 Safari/537.36 Edg/133.0.0.0"
193.189.185.113 - - [10/Mar/2025:08:13:55 +0000] "GET /api-web/v1/chart_data?timespan=10 HTTP/1.1" 200 2448 "https://cyber.ltfe.org/" "Mozilla/5.0 (Windows NT 10.0; Win64; x64) AppleWebKit/537.36 (KHTML, like Gecko) Chrome/133.0.0.0 Safari/537.36 Edg/133.0.0.0"
193.189.185.113 - - [10/Mar/2025:08:13:58 +0000] "GET /api-web/v1/chart_data?timespan=10 HTTP/1.1" 200 2448 "https://cyber.ltfe.org/" "Mozilla/5.0 (Windows NT 10.0; Win64; x64) AppleWebKit/537.36 (KHTML, like Gecko) Chrome/133.0.0.0 Safari/537.36 Edg/133.0.0.0"
193.189.185.113 - - [10/Mar/2025:08:13:58 +0000] "GET /api-web/v1/chart_data?timespan=10 HTTP/1.1" 200 2448 "https://cyber.ltfe.org/" "Mozilla/5.0 (Windows NT 10.0; Win64; x64) AppleWebKit/537.36 (KHTML, like Gecko) Chrome/133.0.0.0 Safari/537.36 Edg/133.0.0.0"

193.189.185.113 - - [10/Mar/2025:08:14:01 +0000] "GET /api-web/v1/chart_data?timespan=10 HTTP/1.1" 200 2448 "https://cyber.ltfe.org/" "Mozilla/5.0 (Windows NT 10.0; Win64; x64) AppleWebKit/537.36 (KHTML, like Gecko) Chrome/133.0.0.0 Safari/537.36 Edg/133.0.0.0"
193.189.185.113 - - [10/Mar/2025:08:14:02 +0000] "GET /api-web/v1/chart_data?timespan=10 HTTP/1.1" 200 2448 "https://cyber.ltfe.org/" "Mozilla/5.0 (Windows NT 10.0; Win64; x64) AppleWebKit/537.36 (KHTML, like Gecko) Chrome/133.0.0.0 Safari/537.36 Edg/133.0.0.0"
193.189.185.113 - - [10/Mar/2025:08:14:05 +0000] "GET /api-web/v1/chart_data?timespan=60 HTTP/1.1" 200 3043 "https://cyber.ltfe.org/" "Mozilla/5.0 (Windows NT 10.0; Win64; x64) AppleWebKit/537.36 (KHTML, like Gecko) Chrome/133.0.0.0 Safari/537.36 Edg/133.0.0.0"
193.189.185.113 - - [10/Mar/2025:08:14:10 +0000] "GET /api-web/v1/chart_data?timespan=60 HTTP/1.1" 200 3043 "https://cyber.ltfe.org/" "Mozilla/5.0 (Windows NT 10.0; Win64; x64) AppleWebKit/537.36 (KHTML, like Gecko) Chrome/133.0.0.0 Safari/537.36 Edg/133.0.0.0"


193.138.1.200 - - [10/Mar/2025:08:14:16 +0000] "GET /api-web/v1/chart_data?timespan=60 HTTP/1.1" 200 3043 "https://cyber.ltfe.org/" "Mozilla/5.0 (Windows NT 10.0; Win64; x64) AppleWebKit/537.36 (KHTML, like Gecko) Chrome/134.0.0.0 Safari/537.36 Edg/134.0.0.0"
193.138.1.200 - - [10/Mar/2025:08:14:21 +0000] "GET /api-web/v1/traffic?timespan=60 HTTP/1.1" 200 83175 "https://cyber.ltfe.org/" "Mozilla/5.0 (Windows NT 10.0; Win64; x64) AppleWebKit/537.36 (KHTML, like Gecko) Chrome/134.0.0.0 Safari/537.36 Edg/134.0.0.0"

216.244.66.203 - - [10/Mar/2025:08:14:26 +0000] "GET / HTTP/1.1" 200 2397 "-" "Mozilla/5.0 (compatible; DotBot/1.2; +https://opensiteexplorer.org/dotbot; help@moz.com)"





193.189.185.113 - - [10/Mar/2025:08:14:53 +0000] "GET /api-web/v1/chart_data?timespan=10 HTTP/1.1" 200 2448 "https://cyber.ltfe.org/" "Mozilla/5.0 (Windows NT 10.0; Win64; x64) AppleWebKit/537.36 (KHTML, like Gecko) Chrome/133.0.0.0 Safari/537.36 Edg/133.0.0.0"


193.189.185.113 - - [10/Mar/2025:08:14:55 +0000] "GET /api-web/v1/chart_data?timespan=10 HTTP/1.1" 200 2448 "https://cyber.ltfe.org/" "Mozilla/5.0 (Windows NT 10.0; Win64; x64) AppleWebKit/537.36 (KHTML, like Gecko) Chrome/133.0.0.0 Safari/537.36 Edg/133.0.0.0"
193.189.185.113 - - [10/Mar/2025:08:14:58 +0000] "GET /api-web/v1/chart_data?timespan=10 HTTP/1.1" 200 2448 "https://cyber.ltfe.org/" "Mozilla/5.0 (Windows NT 10.0; Win64; x64) AppleWebKit/537.36 (KHTML, like Gecko) Chrome/133.0.0.0 Safari/537.36 Edg/133.0.0.0"
193.189.185.113 - - [10/Mar/2025:08:14:58 +0000] "GET /api-web/v1/chart_data?timespan=10 HTTP/1.1" 200 2448 "https://cyber.ltfe.org/" "Mozilla/5.0 (Windows NT 10.0; Win64; x64) AppleWebKit/537.36 (KHTML, like Gecko) Chrome/133.0.0.0 Safari/537.36 Edg/133.0.0.0"
193.189.185.113 - - [10/Mar/2025:08:15:01 +0000] "GET /api-web/v1/chart_data?timespan=10 HTTP/1.1" 200 2448 "https://cyber.ltfe.org/" "Mozilla/5.0 (Windows NT 10.0; Win64; x64) AppleWebKit/537.36 (KHTML, like Gecko) Chrome/133.0.0.0 Safari/537.36 Edg/133.0.0.0"
193.189.185.113 - - [10/Mar/2025:08:15:02 +0000] "GET /api-web/v1/chart_data?timespan=10 HTTP/1.1" 200 2448 "https://cyber.ltfe.org/" "Mozilla/5.0 (Windows NT 10.0; Win64; x64) AppleWebKit/537.36 (KHTML, like Gecko) Chrome/133.0.0.0 Safari/537.36 Edg/133.0.0.0"
193.189.185.113 - - [10/Mar/2025:08:15:03 +0000] "GET /api-web/v1/traffic?timespan=60 HTTP/1.1" 200 83175 "https://cyber.ltfe.org/" "Mozilla/5.0 (Windows NT 10.0; Win64; x64) AppleWebKit/537.36 (KHTML, like Gecko) Chrome/133.0.0.0 Safari/537.36 Edg/133.0.0.0"
193.189.185.113 - - [10/Mar/2025:08:15:06 +0000] "GET /api-web/v1/chart_data?timespan=60 HTTP/1.1" 200 3043 "https://cyber.ltfe.org/" "Mozilla/5.0 (Windows NT 10.0; Win64; x64) AppleWebKit/537.36 (KHTML, like Gecko) Chrome/133.0.0.0 Safari/537.36 Edg/133.0.0.0"
193.189.185.113 - - [10/Mar/2025:08:15:11 +0000] "GET /api-web/v1/chart_data?timespan=60 HTTP/1.1" 200 3043 "https://cyber.ltfe.org/" "Mozilla/5.0 (Windows NT 10.0; Win64; x64) AppleWebKit/537.36 (KHTML, like Gecko) Chrome/133.0.0.0 Safari/537.36 Edg/133.0.0.0"
193.138.1.200 - - [10/Mar/2025:08:15:17 +0000] "GET /api-web/v1/chart_data?timespan=60 HTTP/1.1" 200 3043 "https://cyber.ltfe.org/" "Mozilla/5.0 (Windows NT 10.0; Win64; x64) AppleWebKit/537.36 (KHTML, like Gecko) Chrome/134.0.0.0 Safari/537.36 Edg/134.0.0.0"
64.62.197.83 - - [10/Mar/2025:08:15:21 +0000] "GET /favicon.ico HTTP/1.1" 404 48 "-" "Mozilla/5.0 (X11; Linux x86_64) AppleWebKit/537.36 (KHTML, like Gecko) Chrome/126.0.0.0 Safari/537.36"




45.148.10.90 - - [10/Mar/2025:08:15:34 +0000] "GET / HTTP/1.1" 400 12 "-" "-"
45.148.10.90 - - [10/Mar/2025:08:15:35 +0000] "GET /.env.testing HTTP/1.1" 404 48 "-" "l9explore/1.2.2"
45.148.10.90 - - [10/Mar/2025:08:15:36 +0000] "GET /logs/temp/.git/config HTTP/1.1" 404 48 "-" "l9explore/1.2.2"

45.148.10.90 - - [10/Mar/2025:08:15:36 +0000] "GET /build/.git/config HTTP/1.1" 404 48 "-" "l9explore/1.2.2"


193.189.185.113 - - [10/Mar/2025:08:15:53 +0000] "GET /api-web/v1/chart_data?timespan=10 HTTP/1.1" 200 2873 "https://cyber.ltfe.org/" "Mozilla/5.0 (Windows NT 10.0; Win64; x64) AppleWebKit/537.36 (KHTML, like Gecko) Chrome/133.0.0.0 Safari/537.36 Edg/133.0.0.0"
193.189.185.113 - - [10/Mar/2025:08:15:55 +0000] "GET /api-web/v1/chart_data?timespan=10 HTTP/1.1" 200 2873 "https://cyber.ltfe.org/" "Mozilla/5.0 (Windows NT 10.0; Win64; x64) AppleWebKit/537.36 (KHTML, like Gecko) Chrome/133.0.0.0 Safari/537.36 Edg/133.0.0.0"


193.189.185.113 - - [10/Mar/2025:08:15:58 +0000] "GET /api-web/v1/chart_data?timespan=10 HTTP/1.1" 200 2873 "https://cyber.ltfe.org/" "Mozilla/5.0 (Windows NT 10.0; Win64; x64) AppleWebKit/537.36 (KHTML, like Gecko) Chrome/133.0.0.0 Safari/537.36 Edg/133.0.0.0"
193.189.185.113 - - [10/Mar/2025:08:15:58 +0000] "GET /api-web/v1/chart_data?timespan=10 HTTP/1.1" 200 2873 "https://cyber.ltfe.org/" "Mozilla/5.0 (Windows NT 10.0; Win64; x64) AppleWebKit/537.36 (KHTML, like Gecko) Chrome/133.0.0.0 Safari/537.36 Edg/133.0.0.0"
193.189.185.113 - - [10/Mar/2025:08:16:02 +0000] "GET /api-web/v1/chart_data?timespan=10 HTTP/1.1" 200 2873 "https://cyber.ltfe.org/" "Mozilla/5.0 (Windows NT 10.0; Win64; x64) AppleWebKit/537.36 (KHTML, like Gecko) Chrome/133.0.0.0 Safari/537.36 Edg/133.0.0.0"
193.189.185.113 - - [10/Mar/2025:08:16:02 +0000] "GET /api-web/v1/chart_data?timespan=10 HTTP/1.1" 200 2873 "https://cyber.ltfe.org/" "Mozilla/5.0 (Windows NT 10.0; Win64; x64) AppleWebKit/537.36 (KHTML, like Gecko) Chrome/133.0.0.0 Safari/537.36 Edg/133.0.0.0"
193.189.185.113 - - [10/Mar/2025:08:16:07 +0000] "GET /api-web/v1/chart_data?timespan=60 HTTP/1.1" 200 3043 "https://cyber.ltfe.org/" "Mozilla/5.0 (Windows NT 10.0; Win64; x64) AppleWebKit/537.36 (KHTML, like Gecko) Chrome/133.0.0.0 Safari/537.36 Edg/133.0.0.0"

193.189.185.113 - - [10/Mar/2025:08:16:12 +0000] "GET /api-web/v1/chart_data?timespan=60 HTTP/1.1" 200 3043 "https://cyber.ltfe.org/" "Mozilla/5.0 (Windows NT 10.0; Win64; x64) AppleWebKit/537.36 (KHTML, like Gecko) Chrome/133.0.0.0 Safari/537.36 Edg/133.0.0.0"
193.138.1.200 - - [10/Mar/2025:08:16:18 +0000] "GET /api-web/v1/chart_data?timespan=60 HTTP/1.1" 200 3043 "https://cyber.ltfe.org/" "Mozilla/5.0 (Windows NT 10.0; Win64; x64) AppleWebKit/537.36 (KHTML, like Gecko) Chrome/134.0.0.0 Safari/537.36 Edg/134.0.0.0"

64.62.197.86 - - [10/Mar/2025:08:16:42 +0000] "GET / HTTP/1.1" 404 48 "-" "Mozilla/5.0 (Windows NT 10.0; Win64; x64) AppleWebKit/537.36 (KHTML, like Gecko) Chrome/110.0.0.0 Safari/537.36 Edg/110.0.1587.57"


193.138.1.200 - - [10/Mar/2025:08:16:47 +0000] "GET /img/logo-ltfe.67396f0f.png HTTP/1.1" 200 9879 "https://cyber.ltfe.org/about" "Mozilla/5.0 (Windows NT 10.0; Win64; x64) AppleWebKit/537.36 (KHTML, like Gecko) Chrome/134.0.0.0 Safari/537.36 Edg/134.0.0.0"
193.138.1.200 - - [10/Mar/2025:08:16:47 +0000] "GET /img/cyber-logo.c24a1e46.svg HTTP/1.1" 200 24197 "https://cyber.ltfe.org/about" "Mozilla/5.0 (Windows NT 10.0; Win64; x64) AppleWebKit/537.36 (KHTML, like Gecko) Chrome/134.0.0.0 Safari/537.36 Edg/134.0.0.0"
193.138.1.200 - - [10/Mar/2025:08:16:47 +0000] "GET /api-web/v1/counter_data HTTP/1.1" 200 125 "https://cyber.ltfe.org/about" "Mozilla/5.0 (Windows NT 10.0; Win64; x64) AppleWebKit/537.36 (KHTML, like Gecko) Chrome/134.0.0.0 Safari/537.36 Edg/134.0.0.0"
193.138.1.200 - - [10/Mar/2025:08:16:48 +0000] "GET /img/cyber-logo.c24a1e46.svg HTTP/1.1" 200 24197 "https://cyber.ltfe.org/datasets" "Mozilla/5.0 (Windows NT 10.0; Win64; x64) AppleWebKit/537.36 (KHTML, like Gecko) Chrome/134.0.0.0 Safari/537.36 Edg/134.0.0.0"
193.138.1.200 - - [10/Mar/2025:08:16:48 +0000] "GET /api-web/v1/counter_data HTTP/1.1" 200 125 "https://cyber.ltfe.org/datasets" "Mozilla/5.0 (Windows NT 10.0; Win64; x64) AppleWebKit/537.36 (KHTML, like Gecko) Chrome/134.0.0.0 Safari/537.36 Edg/134.0.0.0"
193.138.1.200 - - [10/Mar/2025:08:16:48 +0000] "GET /fonts/fa-regular-400.4a74738e.woff2 HTTP/1.1" 200 13548 "https://cyber.ltfe.org/css/chunk-vendors.77e64f29.css" "Mozilla/5.0 (Windows NT 10.0; Win64; x64) AppleWebKit/537.36 (KHTML, like Gecko) Chrome/134.0.0.0 Safari/537.36 Edg/134.0.0.0"
193.189.185.113 - - [10/Mar/2025:08:16:53 +0000] "GET /api-web/v1/chart_data?timespan=10 HTTP/1.1" 200 2873 "https://cyber.ltfe.org/" "Mozilla/5.0 (Windows NT 10.0; Win64; x64) AppleWebKit/537.36 (KHTML, like Gecko) Chrome/133.0.0.0 Safari/537.36 Edg/133.0.0.0"

193.189.185.113 - - [10/Mar/2025:08:16:55 +0000] "GET /api-web/v1/chart_data?timespan=10 HTTP/1.1" 200 2873 "https://cyber.ltfe.org/" "Mozilla/5.0 (Windows NT 10.0; Win64; x64) AppleWebKit/537.36 (KHTML, like Gecko) Chrome/133.0.0.0 Safari/537.36 Edg/133.0.0.0"
94.102.49.155 - - [10/Mar/2025:08:16:57 +0000] "GET / HTTP/1.1" 404 48 "-" "Python/3.10 aiohttp/3.8.4"
193.189.185.113 - - [10/Mar/2025:08:16:58 +0000] "GET /api-web/v1/chart_data?timespan=10 HTTP/1.1" 200 2873 "https://cyber.ltfe.org/" "Mozilla/5.0 (Windows NT 10.0; Win64; x64) AppleWebKit/537.36 (KHTML, like Gecko) Chrome/133.0.0.0 Safari/537.36 Edg/133.0.0.0"
193.189.185.113 - - [10/Mar/2025:08:16:58 +0000] "GET /api-web/v1/chart_data?timespan=10 HTTP/1.1" 200 2873 "https://cyber.ltfe.org/" "Mozilla/5.0 (Windows NT 10.0; Win64; x64) AppleWebKit/537.36 (KHTML, like Gecko) Chrome/133.0.0.0 Safari/537.36 Edg/133.0.0.0"
193.189.185.113 - - [10/Mar/2025:08:17:00 +0000] "GET /api-web/v1/traffic?timespan=10 HTTP/1.1" 200 25075 "https://cyber.ltfe.org/" "Mozilla/5.0 (Windows NT 10.0; Win64; x64) AppleWebKit/537.36 (KHTML, like Gecko) Chrome/133.0.0.0 Safari/537.36 Edg/133.0.0.0"
193.189.185.113 - - [10/Mar/2025:08:17:02 +0000] "GET /api-web/v1/chart_data?timespan=10 HTTP/1.1" 200 2873 "https://cyber.ltfe.org/" "Mozilla/5.0 (Windows NT 10.0; Win64; x64) AppleWebKit/537.36 (KHTML, like Gecko) Chrome/133.0.0.0 Safari/537.36 Edg/133.0.0.0"
193.189.185.113 - - [10/Mar/2025:08:17:02 +0000] "GET /api-web/v1/chart_data?timespan=10 HTTP/1.1" 200 2873 "https://cyber.ltfe.org/" "Mozilla/5.0 (Windows NT 10.0; Win64; x64) AppleWebKit/537.36 (KHTML, like Gecko) Chrome/133.0.0.0 Safari/537.36 Edg/133.0.0.0"

193.189.185.113 - - [10/Mar/2025:08:17:08 +0000] "GET /api-web/v1/chart_data?timespan=60 HTTP/1.1" 200 3043 "https://cyber.ltfe.org/" "Mozilla/5.0 (Windows NT 10.0; Win64; x64) AppleWebKit/537.36 (KHTML, like Gecko) Chrome/133.0.0.0 Safari/537.36 Edg/133.0.0.0"
193.189.185.113 - - [10/Mar/2025:08:17:13 +0000] "GET /api-web/v1/chart_data?timespan=60 HTTP/1.1" 200 3043 "https://cyber.ltfe.org/" "Mozilla/5.0 (Windows NT 10.0; Win64; x64) AppleWebKit/537.36 (KHTML, like Gecko) Chrome/133.0.0.0 Safari/537.36 Edg/133.0.0.0"

193.189.185.113 - - [10/Mar/2025:08:17:17 +0000] "GET /api-web/v1/traffic?timespan=10 HTTP/1.1" 200 25075 "https://cyber.ltfe.org/" "Mozilla/5.0 (Windows NT 10.0; Win64; x64) AppleWebKit/537.36 (KHTML, like Gecko) Chrome/133.0.0.0 Safari/537.36 Edg/133.0.0.0"

193.138.1.200 - - [10/Mar/2025:08:17:19 +0000] "GET /api-web/v1/chart_data?timespan=60 HTTP/1.1" 200 3043 "https://cyber.ltfe.org/datasets" "Mozilla/5.0 (Windows NT 10.0; Win64; x64) AppleWebKit/537.36 (KHTML, like Gecko) Chrome/134.0.0.0 Safari/537.36 Edg/134.0.0.0"

193.189.185.113 - - [10/Mar/2025:08:17:39 +0000] "GET /api-web/v1/traffic?timespan=10 HTTP/1.1" 200 25075 "https://cyber.ltfe.org/" "Mozilla/5.0 (Windows NT 10.0; Win64; x64) AppleWebKit/537.36 (KHTML, like Gecko) Chrome/133.0.0.0 Safari/537.36 Edg/133.0.0.0"
193.189.185.113 - - [10/Mar/2025:08:17:43 +0000] "GET /api-web/v1/traffic?timespan=10 HTTP/1.1" 200 25075 "https://cyber.ltfe.org/" "Mozilla/5.0 (Windows NT 10.0; Win64; x64) AppleWebKit/537.36 (KHTML, like Gecko) Chrome/133.0.0.0 Safari/537.36 Edg/133.0.0.0"
193.189.185.113 - - [10/Mar/2025:08:17:43 +0000] "GET /api-web/v1/traffic?timespan=10 HTTP/1.1" 200 25075 "https://cyber.ltfe.org/" "Mozilla/5.0 (Windows NT 10.0; Win64; x64) AppleWebKit/537.36 (KHTML, like Gecko) Chrome/133.0.0.0 Safari/537.36 Edg/133.0.0.0"
193.189.185.113 - - [10/Mar/2025:08:17:53 +0000] "GET /api-web/v1/chart_data?timespan=10 HTTP/1.1" 200 2873 "https://cyber.ltfe.org/" "Mozilla/5.0 (Windows NT 10.0; Win64; x64) AppleWebKit/537.36 (KHTML, like Gecko) Chrome/133.0.0.0 Safari/537.36 Edg/133.0.0.0"

193.189.185.113 - - [10/Mar/2025:08:17:55 +0000] "GET /api-web/v1/chart_data?timespan=10 HTTP/1.1" 200 2873 "https://cyber.ltfe.org/" "Mozilla/5.0 (Windows NT 10.0; Win64; x64) AppleWebKit/537.36 (KHTML, like Gecko) Chrome/133.0.0.0 Safari/537.36 Edg/133.0.0.0"
193.189.185.113 - - [10/Mar/2025:08:17:56 +0000] "GET /api-web/v1/traffic?timespan=10 HTTP/1.1" 200 25075 "https://cyber.ltfe.org/" "Mozilla/5.0 (Windows NT 10.0; Win64; x64) AppleWebKit/537.36 (KHTML, like Gecko) Chrome/133.0.0.0 Safari/537.36 Edg/133.0.0.0"
193.189.185.113 - - [10/Mar/2025:08:17:56 +0000] "GET /api-web/v1/traffic?timespan=10 HTTP/1.1" 200 25075 "https://cyber.ltfe.org/" "Mozilla/5.0 (Windows NT 10.0; Win64; x64) AppleWebKit/537.36 (KHTML, like Gecko) Chrome/133.0.0.0 Safari/537.36 Edg/133.0.0.0"
193.189.185.113 - - [10/Mar/2025:08:17:58 +0000] "GET /api-web/v1/chart_data?timespan=10 HTTP/1.1" 200 2873 "https://cyber.ltfe.org/" "Mozilla/5.0 (Windows NT 10.0; Win64; x64) AppleWebKit/537.36 (KHTML, like Gecko) Chrome/133.0.0.0 Safari/537.36 Edg/133.0.0.0"
193.189.185.113 - - [10/Mar/2025:08:17:58 +0000] "GET /api-web/v1/chart_data?timespan=10 HTTP/1.1" 200 2873 "https://cyber.ltfe.org/" "Mozilla/5.0 (Windows NT 10.0; Win64; x64) AppleWebKit/537.36 (KHTML, like Gecko) Chrome/133.0.0.0 Safari/537.36 Edg/133.0.0.0"
193.189.185.113 - - [10/Mar/2025:08:18:00 +0000] "GET /api-web/v1/traffic?timespan=10 HTTP/1.1" 200 25075 "https://cyber.ltfe.org/" "Mozilla/5.0 (Windows NT 10.0; Win64; x64) AppleWebKit/537.36 (KHTML, like Gecko) Chrome/133.0.0.0 Safari/537.36 Edg/133.0.0.0"
193.189.185.113 - - [10/Mar/2025:08:18:00 +0000] "GET /api-web/v1/traffic?timespan=10 HTTP/1.1" 200 25075 "https://cyber.ltfe.org/" "Mozilla/5.0 (Windows NT 10.0; Win64; x64) AppleWebKit/537.36 (KHTML, like Gecko) Chrome/133.0.0.0 Safari/537.36 Edg/133.0.0.0"
193.189.185.113 - - [10/Mar/2025:08:18:02 +0000] "GET /api-web/v1/chart_data?timespan=10 HTTP/1.1" 200 2873 "https://cyber.ltfe.org/" "Mozilla/5.0 (Windows NT 10.0; Win64; x64) AppleWebKit/537.36 (KHTML, like Gecko) Chrome/133.0.0.0 Safari/537.36 Edg/133.0.0.0"
193.189.185.113 - - [10/Mar/2025:08:18:02 +0000] "GET /api-web/v1/chart_data?timespan=10 HTTP/1.1" 200 2873 "https://cyber.ltfe.org/" "Mozilla/5.0 (Windows NT 10.0; Win64; x64) AppleWebKit/537.36 (KHTML, like Gecko) Chrome/133.0.0.0 Safari/537.36 Edg/133.0.0.0"
193.189.185.113 - - [10/Mar/2025:08:18:09 +0000] "GET /api-web/v1/chart_data?timespan=60 HTTP/1.1" 200 3043 "https://cyber.ltfe.org/" "Mozilla/5.0 (Windows NT 10.0; Win64; x64) AppleWebKit/537.36 (KHTML, like Gecko) Chrome/133.0.0.0 Safari/537.36 Edg/133.0.0.0"
193.189.185.113 - - [10/Mar/2025:08:18:14 +0000] "GET /api-web/v1/chart_data?timespan=60 HTTP/1.1" 200 3043 "https://cyber.ltfe.org/" "Mozilla/5.0 (Windows NT 10.0; Win64; x64) AppleWebKit/537.36 (KHTML, like Gecko) Chrome/133.0.0.0 Safari/537.36 Edg/133.0.0.0"
193.138.1.200 - - [10/Mar/2025:08:18:20 +0000] "GET /api-web/v1/chart_data?timespan=60 HTTP/1.1" 200 3043 "https://cyber.ltfe.org/datasets" "Mozilla/5.0 (Windows NT 10.0; Win64; x64) AppleWebKit/537.36 (KHTML, like Gecko) Chrome/134.0.0.0 Safari/537.36 Edg/134.0.0.0"






193.189.185.113 - - [10/Mar/2025:08:18:53 +0000] "GET /api-web/v1/chart_data?timespan=10 HTTP/1.1" 200 2872 "https://cyber.ltfe.org/" "Mozilla/5.0 (Windows NT 10.0; Win64; x64) AppleWebKit/537.36 (KHTML, like Gecko) Chrome/133.0.0.0 Safari/537.36 Edg/133.0.0.0"
193.189.185.113 - - [10/Mar/2025:08:18:55 +0000] "GET /api-web/v1/chart_data?timespan=10 HTTP/1.1" 200 2872 "https://cyber.ltfe.org/" "Mozilla/5.0 (Windows NT 10.0; Win64; x64) AppleWebKit/537.36 (KHTML, like Gecko) Chrome/133.0.0.0 Safari/537.36 Edg/133.0.0.0"

193.189.185.113 - - [10/Mar/2025:08:18:58 +0000] "GET /api-web/v1/chart_data?timespan=10 HTTP/1.1" 200 2872 "https://cyber.ltfe.org/" "Mozilla/5.0 (Windows NT 10.0; Win64; x64) AppleWebKit/537.36 (KHTML, like Gecko) Chrome/133.0.0.0 Safari/537.36 Edg/133.0.0.0"
193.189.185.113 - - [10/Mar/2025:08:18:58 +0000] "GET /api-web/v1/chart_data?timespan=10 HTTP/1.1" 200 2872 "https://cyber.ltfe.org/" "Mozilla/5.0 (Windows NT 10.0; Win64; x64) AppleWebKit/537.36 (KHTML, like Gecko) Chrome/133.0.0.0 Safari/537.36 Edg/133.0.0.0"
193.189.185.113 - - [10/Mar/2025:08:19:02 +0000] "GET /api-web/v1/chart_data?timespan=10 HTTP/1.1" 200 2872 "https://cyber.ltfe.org/" "Mozilla/5.0 (Windows NT 10.0; Win64; x64) AppleWebKit/537.36 (KHTML, like Gecko) Chrome/133.0.0.0 Safari/537.36 Edg/133.0.0.0"

193.189.185.113 - - [10/Mar/2025:08:19:02 +0000] "GET /api-web/v1/chart_data?timespan=10 HTTP/1.1" 200 2872 "https://cyber.ltfe.org/" "Mozilla/5.0 (Windows NT 10.0; Win64; x64) AppleWebKit/537.36 (KHTML, like Gecko) Chrome/133.0.0.0 Safari/537.36 Edg/133.0.0.0"

193.189.185.113 - - [10/Mar/2025:08:19:10 +0000] "GET /api-web/v1/chart_data?timespan=60 HTTP/1.1" 200 3043 "https://cyber.ltfe.org/" "Mozilla/5.0 (Windows NT 10.0; Win64; x64) AppleWebKit/537.36 (KHTML, like Gecko) Chrome/133.0.0.0 Safari/537.36 Edg/133.0.0.0"
193.189.185.113 - - [10/Mar/2025:08:19:15 +0000] "GET /api-web/v1/chart_data?timespan=60 HTTP/1.1" 200 3043 "https://cyber.ltfe.org/" "Mozilla/5.0 (Windows NT 10.0; Win64; x64) AppleWebKit/537.36 (KHTML, like Gecko) Chrome/133.0.0.0 Safari/537.36 Edg/133.0.0.0"
193.138.1.200 - - [10/Mar/2025:08:19:21 +0000] "GET /api-web/v1/chart_data?timespan=60 HTTP/1.1" 200 3043 "https://cyber.ltfe.org/datasets" "Mozilla/5.0 (Windows NT 10.0; Win64; x64) AppleWebKit/537.36 (KHTML, like Gecko) Chrome/134.0.0.0 Safari/537.36 Edg/134.0.0.0"




193.189.185.113 - - [10/Mar/2025:08:19:53 +0000] "GET /api-web/v1/chart_data?timespan=10 HTTP/1.1" 200 2872 "https://cyber.ltfe.org/" "Mozilla/5.0 (Windows NT 10.0; Win64; x64) AppleWebKit/537.36 (KHTML, like Gecko) Chrome/133.0.0.0 Safari/537.36 Edg/133.0.0.0"
193.189.185.113 - - [10/Mar/2025:08:19:55 +0000] "GET /api-web/v1/chart_data?timespan=10 HTTP/1.1" 200 2872 "https://cyber.ltfe.org/" "Mozilla/5.0 (Windows NT 10.0; Win64; x64) AppleWebKit/537.36 (KHTML, like Gecko) Chrome/133.0.0.0 Safari/537.36 Edg/133.0.0.0"




193.189.185.113 - - [10/Mar/2025:08:19:58 +0000] "GET /api-web/v1/chart_data?timespan=10 HTTP/1.1" 200 2872 "https://cyber.ltfe.org/" "Mozilla/5.0 (Windows NT 10.0; Win64; x64) AppleWebKit/537.36 (KHTML, like Gecko) Chrome/133.0.0.0 Safari/537.36 Edg/133.0.0.0"
193.189.185.113 - - [10/Mar/2025:08:19:58 +0000] "GET /api-web/v1/chart_data?timespan=10 HTTP/1.1" 200 2872 "https://cyber.ltfe.org/" "Mozilla/5.0 (Windows NT 10.0; Win64; x64) AppleWebKit/537.36 (KHTML, like Gecko) Chrome/133.0.0.0 Safari/537.36 Edg/133.0.0.0"
193.189.185.113 - - [10/Mar/2025:08:20:02 +0000] "GET /api-web/v1/chart_data?timespan=10 HTTP/1.1" 200 2872 "https://cyber.ltfe.org/" "Mozilla/5.0 (Windows NT 10.0; Win64; x64) AppleWebKit/537.36 (KHTML, like Gecko) Chrome/133.0.0.0 Safari/537.36 Edg/133.0.0.0"
193.189.185.113 - - [10/Mar/2025:08:20:02 +0000] "GET /api-web/v1/chart_data?timespan=10 HTTP/1.1" 200 2872 "https://cyber.ltfe.org/" "Mozilla/5.0 (Windows NT 10.0; Win64; x64) AppleWebKit/537.36 (KHTML, like Gecko) Chrome/133.0.0.0 Safari/537.36 Edg/133.0.0.0"

64.62.197.82 - - [10/Mar/2025:08:20:17 +0000] "GET /geoserver/web/ HTTP/1.1" 404 48 "-" "Mozilla/5.0 (X11; Linux x86_64) Gecko/20060609 Firefox/123.0esr"

193.138.1.200 - - [10/Mar/2025:08:20:22 +0000] "GET /api-web/v1/chart_data?timespan=60 HTTP/1.1" 200 3043 "https://cyber.ltfe.org/datasets" "Mozilla/5.0 (Windows NT 10.0; Win64; x64) AppleWebKit/537.36 (KHTML, like Gecko) Chrome/134.0.0.0 Safari/537.36 Edg/134.0.0.0"
193.189.185.113 - - [10/Mar/2025:08:20:53 +0000] "GET /api-web/v1/chart_data?timespan=10 HTTP/1.1" 200 2872 "https://cyber.ltfe.org/" "Mozilla/5.0 (Windows NT 10.0; Win64; x64) AppleWebKit/537.36 (KHTML, like Gecko) Chrome/133.0.0.0 Safari/537.36 Edg/133.0.0.0"
193.189.185.113 - - [10/Mar/2025:08:20:55 +0000] "GET /api-web/v1/chart_data?timespan=10 HTTP/1.1" 200 2872 "https://cyber.ltfe.org/" "Mozilla/5.0 (Windows NT 10.0; Win64; x64) AppleWebKit/537.36 (KHTML, like Gecko) Chrome/133.0.0.0 Safari/537.36 Edg/133.0.0.0"

193.189.185.113 - - [10/Mar/2025:08:20:58 +0000] "GET /api-web/v1/chart_data?timespan=10 HTTP/1.1" 200 2872 "https://cyber.ltfe.org/" "Mozilla/5.0 (Windows NT 10.0; Win64; x64) AppleWebKit/537.36 (KHTML, like Gecko) Chrome/133.0.0.0 Safari/537.36 Edg/133.0.0.0"
193.189.185.113 - - [10/Mar/2025:08:20:58 +0000] "GET /api-web/v1/chart_data?timespan=10 HTTP/1.1" 200 2872 "https://cyber.ltfe.org/" "Mozilla/5.0 (Windows NT 10.0; Win64; x64) AppleWebKit/537.36 (KHTML, like Gecko) Chrome/133.0.0.0 Safari/537.36 Edg/133.0.0.0"
193.189.185.113 - - [10/Mar/2025:08:21:02 +0000] "GET /api-web/v1/chart_data?timespan=10 HTTP/1.1" 200 2872 "https://cyber.ltfe.org/" "Mozilla/5.0 (Windows NT 10.0; Win64; x64) AppleWebKit/537.36 (KHTML, like Gecko) Chrome/133.0.0.0 Safari/537.36 Edg/133.0.0.0"
193.189.185.113 - - [10/Mar/2025:08:21:02 +0000] "GET /api-web/v1/chart_data?timespan=10 HTTP/1.1" 200 2872 "https://cyber.ltfe.org/" "Mozilla/5.0 (Windows NT 10.0; Win64; x64) AppleWebKit/537.36 (KHTML, like Gecko) Chrome/133.0.0.0 Safari/537.36 Edg/133.0.0.0"





193.138.1.200 - - [10/Mar/2025:08:21:23 +0000] "GET /api-web/v1/chart_data?timespan=60 HTTP/1.1" 200 3043 "https://cyber.ltfe.org/datasets" "Mozilla/5.0 (Windows NT 10.0; Win64; x64) AppleWebKit/537.36 (KHTML, like Gecko) Chrome/134.0.0.0 Safari/537.36 Edg/134.0.0.0"







193.189.185.113 - - [10/Mar/2025:08:21:53 +0000] "GET /api-web/v1/chart_data?timespan=10 HTTP/1.1" 200 2872 "https://cyber.ltfe.org/" "Mozilla/5.0 (Windows NT 10.0; Win64; x64) AppleWebKit/537.36 (KHTML, like Gecko) Chrome/133.0.0.0 Safari/537.36 Edg/133.0.0.0"
193.189.185.113 - - [10/Mar/2025:08:21:55 +0000] "GET /api-web/v1/chart_data?timespan=10 HTTP/1.1" 200 2872 "https://cyber.ltfe.org/" "Mozilla/5.0 (Windows NT 10.0; Win64; x64) AppleWebKit/537.36 (KHTML, like Gecko) Chrome/133.0.0.0 Safari/537.36 Edg/133.0.0.0"
193.189.185.113 - - [10/Mar/2025:08:21:58 +0000] "GET /api-web/v1/chart_data?timespan=10 HTTP/1.1" 200 2872 "https://cyber.ltfe.org/" "Mozilla/5.0 (Windows NT 10.0; Win64; x64) AppleWebKit/537.36 (KHTML, like Gecko) Chrome/133.0.0.0 Safari/537.36 Edg/133.0.0.0"
193.189.185.113 - - [10/Mar/2025:08:21:58 +0000] "GET /api-web/v1/chart_data?timespan=10 HTTP/1.1" 200 2872 "https://cyber.ltfe.org/" "Mozilla/5.0 (Windows NT 10.0; Win64; x64) AppleWebKit/537.36 (KHTML, like Gecko) Chrome/133.0.0.0 Safari/537.36 Edg/133.0.0.0"
193.189.185.113 - - [10/Mar/2025:08:22:01 +0000] "GET /api-web/v1/traffic?timespan=10 HTTP/1.1" 200 26497 "https://cyber.ltfe.org/" "Mozilla/5.0 (Windows NT 10.0; Win64; x64) AppleWebKit/537.36 (KHTML, like Gecko) Chrome/133.0.0.0 Safari/537.36 Edg/133.0.0.0"
193.189.185.113 - - [10/Mar/2025:08:22:02 +0000] "GET /api-web/v1/chart_data?timespan=10 HTTP/1.1" 200 2872 "https://cyber.ltfe.org/" "Mozilla/5.0 (Windows NT 10.0; Win64; x64) AppleWebKit/537.36 (KHTML, like Gecko) Chrome/133.0.0.0 Safari/537.36 Edg/133.0.0.0"
193.189.185.113 - - [10/Mar/2025:08:22:02 +0000] "GET /api-web/v1/chart_data?timespan=10 HTTP/1.1" 200 2872 "https://cyber.ltfe.org/" "Mozilla/5.0 (Windows NT 10.0; Win64; x64) AppleWebKit/537.36 (KHTML, like Gecko) Chrome/133.0.0.0 Safari/537.36 Edg/133.0.0.0"


193.189.185.113 - - [10/Mar/2025:08:22:17 +0000] "GET /api-web/v1/traffic?timespan=10 HTTP/1.1" 200 26497 "https://cyber.ltfe.org/" "Mozilla/5.0 (Windows NT 10.0; Win64; x64) AppleWebKit/537.36 (KHTML, like Gecko) Chrome/133.0.0.0 Safari/537.36 Edg/133.0.0.0"

193.138.1.200 - - [10/Mar/2025:08:22:25 +0000] "GET /api-web/v1/chart_data?timespan=60 HTTP/1.1" 200 3029 "https://cyber.ltfe.org/datasets" "Mozilla/5.0 (Windows NT 10.0; Win64; x64) AppleWebKit/537.36 (KHTML, like Gecko) Chrome/134.0.0.0 Safari/537.36 Edg/134.0.0.0"

193.189.185.113 - - [10/Mar/2025:08:22:39 +0000] "GET /api-web/v1/traffic?timespan=10 HTTP/1.1" 200 26497 "https://cyber.ltfe.org/" "Mozilla/5.0 (Windows NT 10.0; Win64; x64) AppleWebKit/537.36 (KHTML, like Gecko) Chrome/133.0.0.0 Safari/537.36 Edg/133.0.0.0"
193.189.185.113 - - [10/Mar/2025:08:22:43 +0000] "GET /api-web/v1/traffic?timespan=10 HTTP/1.1" 200 26497 "https://cyber.ltfe.org/" "Mozilla/5.0 (Windows NT 10.0; Win64; x64) AppleWebKit/537.36 (KHTML, like Gecko) Chrome/133.0.0.0 Safari/537.36 Edg/133.0.0.0"
193.189.185.113 - - [10/Mar/2025:08:22:43 +0000] "GET /api-web/v1/traffic?timespan=10 HTTP/1.1" 200 26497 "https://cyber.ltfe.org/" "Mozilla/5.0 (Windows NT 10.0; Win64; x64) AppleWebKit/537.36 (KHTML, like Gecko) Chrome/133.0.0.0 Safari/537.36 Edg/133.0.0.0"

193.189.185.113 - - [10/Mar/2025:08:22:53 +0000] "GET /api-web/v1/chart_data?timespan=10 HTTP/1.1" 200 2872 "https://cyber.ltfe.org/" "Mozilla/5.0 (Windows NT 10.0; Win64; x64) AppleWebKit/537.36 (KHTML, like Gecko) Chrome/133.0.0.0 Safari/537.36 Edg/133.0.0.0"
193.189.185.113 - - [10/Mar/2025:08:22:55 +0000] "GET /api-web/v1/chart_data?timespan=10 HTTP/1.1" 200 2872 "https://cyber.ltfe.org/" "Mozilla/5.0 (Windows NT 10.0; Win64; x64) AppleWebKit/537.36 (KHTML, like Gecko) Chrome/133.0.0.0 Safari/537.36 Edg/133.0.0.0"
193.189.185.113 - - [10/Mar/2025:08:22:56 +0000] "GET /api-web/v1/traffic?timespan=10 HTTP/1.1" 200 26497 "https://cyber.ltfe.org/" "Mozilla/5.0 (Windows NT 10.0; Win64; x64) AppleWebKit/537.36 (KHTML, like Gecko) Chrome/133.0.0.0 Safari/537.36 Edg/133.0.0.0"
193.189.185.113 - - [10/Mar/2025:08:22:56 +0000] "GET /api-web/v1/traffic?timespan=10 HTTP/1.1" 200 26497 "https://cyber.ltfe.org/" "Mozilla/5.0 (Windows NT 10.0; Win64; x64) AppleWebKit/537.36 (KHTML, like Gecko) Chrome/133.0.0.0 Safari/537.36 Edg/133.0.0.0"
193.189.185.113 - - [10/Mar/2025:08:22:58 +0000] "GET /api-web/v1/chart_data?timespan=10 HTTP/1.1" 200 2872 "https://cyber.ltfe.org/" "Mozilla/5.0 (Windows NT 10.0; Win64; x64) AppleWebKit/537.36 (KHTML, like Gecko) Chrome/133.0.0.0 Safari/537.36 Edg/133.0.0.0"
193.189.185.113 - - [10/Mar/2025:08:22:58 +0000] "GET /api-web/v1/chart_data?timespan=10 HTTP/1.1" 200 2872 "https://cyber.ltfe.org/" "Mozilla/5.0 (Windows NT 10.0; Win64; x64) AppleWebKit/537.36 (KHTML, like Gecko) Chrome/133.0.0.0 Safari/537.36 Edg/133.0.0.0"

193.189.185.113 - - [10/Mar/2025:08:23:00 +0000] "GET /api-web/v1/traffic?timespan=10 HTTP/1.1" 200 26497 "https://cyber.ltfe.org/" "Mozilla/5.0 (Windows NT 10.0; Win64; x64) AppleWebKit/537.36 (KHTML, like Gecko) Chrome/133.0.0.0 Safari/537.36 Edg/133.0.0.0"

193.189.185.113 - - [10/Mar/2025:08:23:01 +0000] "GET /api-web/v1/traffic?timespan=10 HTTP/1.1" 200 26497 "https://cyber.ltfe.org/" "Mozilla/5.0 (Windows NT 10.0; Win64; x64) AppleWebKit/537.36 (KHTML, like Gecko) Chrome/133.0.0.0 Safari/537.36 Edg/133.0.0.0"
193.189.185.113 - - [10/Mar/2025:08:23:02 +0000] "GET /api-web/v1/chart_data?timespan=10 HTTP/1.1" 200 2872 "https://cyber.ltfe.org/" "Mozilla/5.0 (Windows NT 10.0; Win64; x64) AppleWebKit/537.36 (KHTML, like Gecko) Chrome/133.0.0.0 Safari/537.36 Edg/133.0.0.0"
193.189.185.113 - - [10/Mar/2025:08:23:02 +0000] "GET /api-web/v1/chart_data?timespan=10 HTTP/1.1" 200 2872 "https://cyber.ltfe.org/" "Mozilla/5.0 (Windows NT 10.0; Win64; x64) AppleWebKit/537.36 (KHTML, like Gecko) Chrome/133.0.0.0 Safari/537.36 Edg/133.0.0.0"





193.138.1.200 - - [10/Mar/2025:08:23:25 +0000] "GET /api-web/v1/chart_data?timespan=60 HTTP/1.1" 200 3029 "https://cyber.ltfe.org/datasets" "Mozilla/5.0 (Windows NT 10.0; Win64; x64) AppleWebKit/537.36 (KHTML, like Gecko) Chrome/134.0.0.0 Safari/537.36 Edg/134.0.0.0"
193.189.185.113 - - [10/Mar/2025:08:23:53 +0000] "GET /api-web/v1/chart_data?timespan=10 HTTP/1.1" 200 2872 "https://cyber.ltfe.org/" "Mozilla/5.0 (Windows NT 10.0; Win64; x64) AppleWebKit/537.36 (KHTML, like Gecko) Chrome/133.0.0.0 Safari/537.36 Edg/133.0.0.0"

193.189.185.113 - - [10/Mar/2025:08:23:55 +0000] "GET /api-web/v1/chart_data?timespan=10 HTTP/1.1" 200 2872 "https://cyber.ltfe.org/" "Mozilla/5.0 (Windows NT 10.0; Win64; x64) AppleWebKit/537.36 (KHTML, like Gecko) Chrome/133.0.0.0 Safari/537.36 Edg/133.0.0.0"


193.189.185.113 - - [10/Mar/2025:08:23:58 +0000] "GET /api-web/v1/chart_data?timespan=10 HTTP/1.1" 200 2872 "https://cyber.ltfe.org/" "Mozilla/5.0 (Windows NT 10.0; Win64; x64) AppleWebKit/537.36 (KHTML, like Gecko) Chrome/133.0.0.0 Safari/537.36 Edg/133.0.0.0"
193.189.185.113 - - [10/Mar/2025:08:23:58 +0000] "GET /api-web/v1/chart_data?timespan=10 HTTP/1.1" 200 2872 "https://cyber.ltfe.org/" "Mozilla/5.0 (Windows NT 10.0; Win64; x64) AppleWebKit/537.36 (KHTML, like Gecko) Chrome/133.0.0.0 Safari/537.36 Edg/133.0.0.0"
193.189.185.113 - - [10/Mar/2025:08:24:02 +0000] "GET /api-web/v1/chart_data?timespan=10 HTTP/1.1" 200 2872 "https://cyber.ltfe.org/" "Mozilla/5.0 (Windows NT 10.0; Win64; x64) AppleWebKit/537.36 (KHTML, like Gecko) Chrome/133.0.0.0 Safari/537.36 Edg/133.0.0.0"
193.189.185.113 - - [10/Mar/2025:08:24:02 +0000] "GET /api-web/v1/chart_data?timespan=10 HTTP/1.1" 200 2872 "https://cyber.ltfe.org/" "Mozilla/5.0 (Windows NT 10.0; Win64; x64) AppleWebKit/537.36 (KHTML, like Gecko) Chrome/133.0.0.0 Safari/537.36 Edg/133.0.0.0"





193.138.1.200 - - [10/Mar/2025:08:24:26 +0000] "GET /api-web/v1/chart_data?timespan=60 HTTP/1.1" 200 3029 "https://cyber.ltfe.org/datasets" "Mozilla/5.0 (Windows NT 10.0; Win64; x64) AppleWebKit/537.36 (KHTML, like Gecko) Chrome/134.0.0.0 Safari/537.36 Edg/134.0.0.0"
10.19.0.55 - - [10/Mar/2025:08:24:28 +0000] "GET / HTTP/1.1" 200 1018 "-" "Mozilla/5.0 (Windows NT 10.0; Win64; x64) AppleWebKit/537.36 (KHTML, like Gecko) Chrome/133.0.0.0 Safari/537.36"
10.19.0.55 - - [10/Mar/2025:08:24:28 +0000] "GET /css/app.96271e32.css HTTP/1.1" 200 24966 "https://cyber.ltfe.org/" "Mozilla/5.0 (Windows NT 10.0; Win64; x64) AppleWebKit/537.36 (KHTML, like Gecko) Chrome/133.0.0.0 Safari/537.36"
10.19.0.55 - - [10/Mar/2025:08:24:28 +0000] "GET /js/app.4c07236b.js HTTP/1.1" 200 87699 "https://cyber.ltfe.org/" "Mozilla/5.0 (Windows NT 10.0; Win64; x64) AppleWebKit/537.36 (KHTML, like Gecko) Chrome/133.0.0.0 Safari/537.36"
10.19.0.55 - - [10/Mar/2025:08:24:29 +0000] "GET /css/chunk-vendors.77e64f29.css HTTP/1.1" 200 748892 "https://cyber.ltfe.org/" "Mozilla/5.0 (Windows NT 10.0; Win64; x64) AppleWebKit/537.36 (KHTML, like Gecko) Chrome/133.0.0.0 Safari/537.36"
10.19.0.55 - - [10/Mar/2025:08:24:30 +0000] "GET /js/chunk-vendors.f0d1e719.js HTTP/1.1" 200 2111031 "https://cyber.ltfe.org/" "Mozilla/5.0 (Windows NT 10.0; Win64; x64) AppleWebKit/537.36 (KHTML, like Gecko) Chrome/133.0.0.0 Safari/537.36"
10.19.0.55 - - [10/Mar/2025:08:24:30 +0000] "GET /img/upper-arrow.860ee4d0.png HTTP/1.1" 200 20167 "https://cyber.ltfe.org/" "Mozilla/5.0 (Windows NT 10.0; Win64; x64) AppleWebKit/537.36 (KHTML, like Gecko) Chrome/133.0.0.0 Safari/537.36"
10.19.0.55 - - [10/Mar/2025:08:24:30 +0000] "GET /img/lower-arrow.7a64c699.png HTTP/1.1" 200 16025 "https://cyber.ltfe.org/" "Mozilla/5.0 (Windows NT 10.0; Win64; x64) AppleWebKit/537.36 (KHTML, like Gecko) Chrome/133.0.0.0 Safari/537.36"
10.19.0.55 - - [10/Mar/2025:08:24:30 +0000] "GET /img/shield-full.1ea8ff61.png HTTP/1.1" 200 7248 "https://cyber.ltfe.org/" "Mozilla/5.0 (Windows NT 10.0; Win64; x64) AppleWebKit/537.36 (KHTML, like Gecko) Chrome/133.0.0.0 Safari/537.36"
10.19.0.55 - - [10/Mar/2025:08:24:31 +0000] "GET /img/night-sky.1701d635.png HTTP/1.1" 200 904154 "https://cyber.ltfe.org/" "Mozilla/5.0 (Windows NT 10.0; Win64; x64) AppleWebKit/537.36 (KHTML, like Gecko) Chrome/133.0.0.0 Safari/537.36"


10.19.0.55 - - [10/Mar/2025:08:24:33 +0000] "GET /img/earth-night-resized.3dce4089.jpg HTTP/1.1" 200 3661689 "https://cyber.ltfe.org/" "Mozilla/5.0 (Windows NT 10.0; Win64; x64) AppleWebKit/537.36 (KHTML, like Gecko) Chrome/133.0.0.0 Safari/537.36"
10.19.0.55 - - [10/Mar/2025:08:24:33 +0000] "GET /favicons/site.webmanifest HTTP/1.1" 200 452 "https://cyber.ltfe.org/" "Mozilla/5.0 (Windows NT 10.0; Win64; x64) AppleWebKit/537.36 (KHTML, like Gecko) Chrome/133.0.0.0 Safari/537.36"
10.19.0.55 - - [10/Mar/2025:08:24:35 +0000] "GET /favicons/favicon.ico HTTP/1.1" 200 15086 "https://cyber.ltfe.org/" "Mozilla/5.0 (Windows NT 10.0; Win64; x64) AppleWebKit/537.36 (KHTML, like Gecko) Chrome/133.0.0.0 Safari/537.36"
10.19.0.55 - - [10/Mar/2025:08:24:35 +0000] "GET /img/cyber-logo.c24a1e46.svg HTTP/1.1" 200 24197 "https://cyber.ltfe.org/" "Mozilla/5.0 (Windows NT 10.0; Win64; x64) AppleWebKit/537.36 (KHTML, like Gecko) Chrome/133.0.0.0 Safari/537.36"
10.19.0.55 - - [10/Mar/2025:08:24:35 +0000] "GET /fonts/fa-solid-900.8e1ed89b.woff2 HTTP/1.1" 200 80300 "https://cyber.ltfe.org/css/chunk-vendors.77e64f29.css" "Mozilla/5.0 (Windows NT 10.0; Win64; x64) AppleWebKit/537.36 (KHTML, like Gecko) Chrome/133.0.0.0 Safari/537.36"
10.19.0.55 - - [10/Mar/2025:08:24:35 +0000] "GET /api-web/v1/chart_data?timespan=60 HTTP/1.1" 200 3029 "https://cyber.ltfe.org/" "Mozilla/5.0 (Windows NT 10.0; Win64; x64) AppleWebKit/537.36 (KHTML, like Gecko) Chrome/133.0.0.0 Safari/537.36"
10.19.0.55 - - [10/Mar/2025:08:24:35 +0000] "GET /fonts/fa-brands-400.f075c50f.woff2 HTTP/1.1" 200 78460 "https://cyber.ltfe.org/css/chunk-vendors.77e64f29.css" "Mozilla/5.0 (Windows NT 10.0; Win64; x64) AppleWebKit/537.36 (KHTML, like Gecko) Chrome/133.0.0.0 Safari/537.36"
10.19.0.55 - - [10/Mar/2025:08:24:36 +0000] "GET /api-web/v1/traffic?timespan=60 HTTP/1.1" 200 87641 "https://cyber.ltfe.org/" "Mozilla/5.0 (Windows NT 10.0; Win64; x64) AppleWebKit/537.36 (KHTML, like Gecko) Chrome/133.0.0.0 Safari/537.36"
10.19.0.55 - - [10/Mar/2025:08:24:36 +0000] "GET /api-web/v1/counter_data HTTP/1.1" 200 125 "https://cyber.ltfe.org/" "Mozilla/5.0 (Windows NT 10.0; Win64; x64) AppleWebKit/537.36 (KHTML, like Gecko) Chrome/133.0.0.0 Safari/537.36"
10.19.0.55 - - [10/Mar/2025:08:24:36 +0000] "GET /api-web/v1/counter_data HTTP/1.1" 200 125 "https://cyber.ltfe.org/" "Mozilla/5.0 (Windows NT 10.0; Win64; x64) AppleWebKit/537.36 (KHTML, like Gecko) Chrome/133.0.0.0 Safari/537.36"



193.189.185.113 - - [10/Mar/2025:08:24:53 +0000] "GET /api-web/v1/chart_data?timespan=10 HTTP/1.1" 200 2872 "https://cyber.ltfe.org/" "Mozilla/5.0 (Windows NT 10.0; Win64; x64) AppleWebKit/537.36 (KHTML, like Gecko) Chrome/133.0.0.0 Safari/537.36 Edg/133.0.0.0"
193.189.185.113 - - [10/Mar/2025:08:24:55 +0000] "GET /api-web/v1/chart_data?timespan=10 HTTP/1.1" 200 2872 "https://cyber.ltfe.org/" "Mozilla/5.0 (Windows NT 10.0; Win64; x64) AppleWebKit/537.36 (KHTML, like Gecko) Chrome/133.0.0.0 Safari/537.36 Edg/133.0.0.0"
193.189.185.113 - - [10/Mar/2025:08:24:58 +0000] "GET /api-web/v1/chart_data?timespan=10 HTTP/1.1" 200 2872 "https://cyber.ltfe.org/" "Mozilla/5.0 (Windows NT 10.0; Win64; x64) AppleWebKit/537.36 (KHTML, like Gecko) Chrome/133.0.0.0 Safari/537.36 Edg/133.0.0.0"
193.189.185.113 - - [10/Mar/2025:08:24:58 +0000] "GET /api-web/v1/chart_data?timespan=10 HTTP/1.1" 200 2872 "https://cyber.ltfe.org/" "Mozilla/5.0 (Windows NT 10.0; Win64; x64) AppleWebKit/537.36 (KHTML, like Gecko) Chrome/133.0.0.0 Safari/537.36 Edg/133.0.0.0"
