193.189.185.113 - - [11/Mar/2025:06:25:14 +0000] "GET /api-web/v1/chart_data?timespan=60 HTTP/1.1" 200 2454 "https://cyber.ltfe.org/" "Mozilla/5.0 (Windows NT 10.0; Win64; x64) AppleWebKit/537.36 (KHTML, like Gecko) Chrome/134.0.0.0 Safari/537.36 Edg/134.0.0.0"
193.189.185.113 - - [11/Mar/2025:06:26:14 +0000] "GET /api-web/v1/chart_data?timespan=60 HTTP/1.1" 200 2454 "https://cyber.ltfe.org/" "Mozilla/5.0 (Windows NT 10.0; Win64; x64) AppleWebKit/537.36 (KHTML, like Gecko) Chrome/134.0.0.0 Safari/537.36 Edg/134.0.0.0"
193.189.185.113 - - [11/Mar/2025:06:27:14 +0000] "GET /api-web/v1/chart_data?timespan=60 HTTP/1.1" 200 2453 "https://cyber.ltfe.org/" "Mozilla/5.0 (Windows NT 10.0; Win64; x64) AppleWebKit/537.36 (KHTML, like Gecko) Chrome/134.0.0.0 Safari/537.36 Edg/134.0.0.0"
193.189.185.113 - - [11/Mar/2025:06:28:14 +0000] "GET /api-web/v1/chart_data?timespan=60 HTTP/1.1" 200 2453 "https://cyber.ltfe.org/" "Mozilla/5.0 (Windows NT 10.0; Win64; x64) AppleWebKit/537.36 (KHTML, like Gecko) Chrome/134.0.0.0 Safari/537.36 Edg/134.0.0.0"
193.189.185.113 - - [11/Mar/2025:06:29:14 +0000] "GET /api-web/v1/chart_data?timespan=60 HTTP/1.1" 200 2453 "https://cyber.ltfe.org/" "Mozilla/5.0 (Windows NT 10.0; Win64; x64) AppleWebKit/537.36 (KHTML, like Gecko) Chrome/134.0.0.0 Safari/537.36 Edg/134.0.0.0"
193.189.185.113 - - [11/Mar/2025:06:29:19 +0000] "GET /api-web/v1/traffic?timespan=60 HTTP/1.1" 200 84807 "https://cyber.ltfe.org/" "Mozilla/5.0 (Windows NT 10.0; Win64; x64) AppleWebKit/537.36 (KHTML, like Gecko) Chrome/134.0.0.0 Safari/537.36 Edg/134.0.0.0"
193.189.185.113 - - [11/Mar/2025:06:30:14 +0000] "GET /api-web/v1/chart_data?timespan=60 HTTP/1.1" 200 2453 "https://cyber.ltfe.org/" "Mozilla/5.0 (Windows NT 10.0; Win64; x64) AppleWebKit/537.36 (KHTML, like Gecko) Chrome/134.0.0.0 Safari/537.36 Edg/134.0.0.0"
219.157.56.250 - - [11/Mar/2025:06:30:54 +0000] "GET /boaform/admin/formLogin?username=ec8&psd=ec8 HTTP/1.0" 404 48 "-" "-"
193.189.185.113 - - [11/Mar/2025:06:31:15 +0000] "GET /api-web/v1/chart_data?timespan=60 HTTP/1.1" 200 2453 "https://cyber.ltfe.org/" "Mozilla/5.0 (Windows NT 10.0; Win64; x64) AppleWebKit/537.36 (KHTML, like Gecko) Chrome/134.0.0.0 Safari/537.36 Edg/134.0.0.0"
193.189.185.113 - - [11/Mar/2025:06:32:15 +0000] "GET /api-web/v1/chart_data?timespan=60 HTTP/1.1" 200 2453 "https://cyber.ltfe.org/" "Mozilla/5.0 (Windows NT 10.0; Win64; x64) AppleWebKit/537.36 (KHTML, like Gecko) Chrome/134.0.0.0 Safari/537.36 Edg/134.0.0.0"
193.189.185.113 - - [11/Mar/2025:06:33:15 +0000] "GET /api-web/v1/chart_data?timespan=60 HTTP/1.1" 200 2453 "https://cyber.ltfe.org/" "Mozilla/5.0 (Windows NT 10.0; Win64; x64) AppleWebKit/537.36 (KHTML, like Gecko) Chrome/134.0.0.0 Safari/537.36 Edg/134.0.0.0"
193.189.185.113 - - [11/Mar/2025:06:34:15 +0000] "GET /api-web/v1/chart_data?timespan=60 HTTP/1.1" 200 2453 "https://cyber.ltfe.org/" "Mozilla/5.0 (Windows NT 10.0; Win64; x64) AppleWebKit/537.36 (KHTML, like Gecko) Chrome/134.0.0.0 Safari/537.36 Edg/134.0.0.0"
193.189.185.113 - - [11/Mar/2025:06:34:25 +0000] "GET /api-web/v1/traffic?timespan=60 HTTP/1.1" 200 90288 "https://cyber.ltfe.org/" "Mozilla/5.0 (Windows NT 10.0; Win64; x64) AppleWebKit/537.36 (KHTML, like Gecko) Chrome/134.0.0.0 Safari/537.36 Edg/134.0.0.0"
193.189.185.113 - - [11/Mar/2025:06:34:27 +0000] "GET /api-web/v1/traffic?timespan=10 HTTP/1.1" 200 30013 "https://cyber.ltfe.org/" "Mozilla/5.0 (Windows NT 10.0; Win64; x64) AppleWebKit/537.36 (KHTML, like Gecko) Chrome/134.0.0.0 Safari/537.36 Edg/134.0.0.0"
193.189.185.113 - - [11/Mar/2025:06:34:27 +0000] "GET /api-web/v1/chart_data?timespan=10 HTTP/1.1" 200 2615 "https://cyber.ltfe.org/" "Mozilla/5.0 (Windows NT 10.0; Win64; x64) AppleWebKit/537.36 (KHTML, like Gecko) Chrome/134.0.0.0 Safari/537.36 Edg/134.0.0.0"
193.189.185.113 - - [11/Mar/2025:06:34:34 +0000] "GET /api-web/v1/top_hubs HTTP/1.1" 404 22 "https://cyber.ltfe.org/" "Mozilla/5.0 (Windows NT 10.0; Win64; x64) AppleWebKit/537.36 (KHTML, like Gecko) Chrome/134.0.0.0 Safari/537.36 Edg/134.0.0.0"
193.189.185.113 - - [11/Mar/2025:06:35:27 +0000] "GET /api-web/v1/chart_data?timespan=10 HTTP/1.1" 200 2615 "https://cyber.ltfe.org/" "Mozilla/5.0 (Windows NT 10.0; Win64; x64) AppleWebKit/537.36 (KHTML, like Gecko) Chrome/134.0.0.0 Safari/537.36 Edg/134.0.0.0"
193.189.185.113 - - [11/Mar/2025:06:36:20 +0000] "GET /api-web/v1/traffic?timespan=60 HTTP/1.1" 200 90288 "https://cyber.ltfe.org/" "Mozilla/5.0 (Windows NT 10.0; Win64; x64) AppleWebKit/537.36 (KHTML, like Gecko) Chrome/133.0.0.0 Safari/537.36 Edg/133.0.0.0"
193.189.185.113 - - [11/Mar/2025:06:36:20 +0000] "GET /api-web/v1/chart_data?timespan=60 HTTP/1.1" 200 2582 "https://cyber.ltfe.org/" "Mozilla/5.0 (Windows NT 10.0; Win64; x64) AppleWebKit/537.36 (KHTML, like Gecko) Chrome/133.0.0.0 Safari/537.36 Edg/133.0.0.0"
193.189.185.113 - - [11/Mar/2025:06:36:20 +0000] "GET /api-web/v1/chart_data?timespan=60 HTTP/1.1" 200 2582 "https://cyber.ltfe.org/" "Mozilla/5.0 (Windows NT 10.0; Win64; x64) AppleWebKit/537.36 (KHTML, like Gecko) Chrome/133.0.0.0 Safari/537.36 Edg/133.0.0.0"
193.189.185.113 - - [11/Mar/2025:06:36:27 +0000] "GET /api-web/v1/chart_data?timespan=10 HTTP/1.1" 200 2615 "https://cyber.ltfe.org/" "Mozilla/5.0 (Windows NT 10.0; Win64; x64) AppleWebKit/537.36 (KHTML, like Gecko) Chrome/134.0.0.0 Safari/537.36 Edg/134.0.0.0"
193.189.185.113 - - [11/Mar/2025:06:37:27 +0000] "GET /api-web/v1/chart_data?timespan=10 HTTP/1.1" 200 2615 "https://cyber.ltfe.org/" "Mozilla/5.0 (Windows NT 10.0; Win64; x64) AppleWebKit/537.36 (KHTML, like Gecko) Chrome/134.0.0.0 Safari/537.36 Edg/134.0.0.0"
193.189.185.113 - - [11/Mar/2025:06:38:27 +0000] "GET /api-web/v1/chart_data?timespan=10 HTTP/1.1" 200 2615 "https://cyber.ltfe.org/" "Mozilla/5.0 (Windows NT 10.0; Win64; x64) AppleWebKit/537.36 (KHTML, like Gecko) Chrome/134.0.0.0 Safari/537.36 Edg/134.0.0.0"
193.189.185.113 - - [11/Mar/2025:06:39:26 +0000] "GET /api-web/v1/traffic?timespan=10 HTTP/1.1" 200 31604 "https://cyber.ltfe.org/" "Mozilla/5.0 (Windows NT 10.0; Win64; x64) AppleWebKit/537.36 (KHTML, like Gecko) Chrome/134.0.0.0 Safari/537.36 Edg/134.0.0.0"
193.189.185.113 - - [11/Mar/2025:06:39:27 +0000] "GET /api-web/v1/traffic?timespan=10 HTTP/1.1" 200 31604 "https://cyber.ltfe.org/" "Mozilla/5.0 (Windows NT 10.0; Win64; x64) AppleWebKit/537.36 (KHTML, like Gecko) Chrome/134.0.0.0 Safari/537.36 Edg/134.0.0.0"
193.189.185.113 - - [11/Mar/2025:06:39:27 +0000] "GET /api-web/v1/chart_data?timespan=10 HTTP/1.1" 200 2615 "https://cyber.ltfe.org/" "Mozilla/5.0 (Windows NT 10.0; Win64; x64) AppleWebKit/537.36 (KHTML, like Gecko) Chrome/134.0.0.0 Safari/537.36 Edg/134.0.0.0"
193.189.185.113 - - [11/Mar/2025:06:40:27 +0000] "GET /api-web/v1/chart_data?timespan=10 HTTP/1.1" 200 2615 "https://cyber.ltfe.org/" "Mozilla/5.0 (Windows NT 10.0; Win64; x64) AppleWebKit/537.36 (KHTML, like Gecko) Chrome/134.0.0.0 Safari/537.36 Edg/134.0.0.0"
193.189.185.113 - - [11/Mar/2025:06:41:28 +0000] "GET /api-web/v1/chart_data?timespan=10 HTTP/1.1" 200 2615 "https://cyber.ltfe.org/" "Mozilla/5.0 (Windows NT 10.0; Win64; x64) AppleWebKit/537.36 (KHTML, like Gecko) Chrome/134.0.0.0 Safari/537.36 Edg/134.0.0.0"
52.167.144.57 - - [11/Mar/2025:06:42:08 +0000] "GET /robots.txt HTTP/1.1" 200 24 "-" "Mozilla/5.0 AppleWebKit/537.36 (KHTML, like Gecko; compatible; bingbot/2.0; +http://www.bing.com/bingbot.htm) Chrome/116.0.1938.76 Safari/537.36"
40.77.167.54 - - [11/Mar/2025:06:42:11 +0000] "GET /datasets HTTP/1.1" 200 1018 "-" "Mozilla/5.0 AppleWebKit/537.36 (KHTML, like Gecko; compatible; bingbot/2.0; +http://www.bing.com/bingbot.htm) Chrome/116.0.1938.76 Safari/537.36"
40.77.167.54 - - [11/Mar/2025:06:42:21 +0000] "GET /css/app.96271e32.css HTTP/1.1" 200 24966 "-" "Mozilla/5.0 AppleWebKit/537.36 (KHTML, like Gecko; compatible; bingbot/2.0; +http://www.bing.com/bingbot.htm) Chrome/116.0.1938.76 Safari/537.36"
40.77.167.54 - - [11/Mar/2025:06:42:21 +0000] "GET /css/chunk-vendors.77e64f29.css HTTP/1.1" 200 748892 "-" "Mozilla/5.0 AppleWebKit/537.36 (KHTML, like Gecko; compatible; bingbot/2.0; +http://www.bing.com/bingbot.htm) Chrome/116.0.1938.76 Safari/537.36"
40.77.167.54 - - [11/Mar/2025:06:42:22 +0000] "GET /js/app.4c07236b.js HTTP/1.1" 200 87699 "-" "Mozilla/5.0 AppleWebKit/537.36 (KHTML, like Gecko; compatible; bingbot/2.0; +http://www.bing.com/bingbot.htm) Chrome/116.0.1938.76 Safari/537.36"
40.77.167.54 - - [11/Mar/2025:06:42:22 +0000] "GET /js/chunk-vendors.f0d1e719.js HTTP/1.1" 200 2111031 "-" "Mozilla/5.0 AppleWebKit/537.36 (KHTML, like Gecko; compatible; bingbot/2.0; +http://www.bing.com/bingbot.htm) Chrome/116.0.1938.76 Safari/537.36"
193.189.185.113 - - [11/Mar/2025:06:42:28 +0000] "GET /api-web/v1/chart_data?timespan=10 HTTP/1.1" 200 2615 "https://cyber.ltfe.org/" "Mozilla/5.0 (Windows NT 10.0; Win64; x64) AppleWebKit/537.36 (KHTML, like Gecko) Chrome/134.0.0.0 Safari/537.36 Edg/134.0.0.0"
193.189.185.113 - - [11/Mar/2025:06:43:28 +0000] "GET /api-web/v1/chart_data?timespan=10 HTTP/1.1" 200 2615 "https://cyber.ltfe.org/" "Mozilla/5.0 (Windows NT 10.0; Win64; x64) AppleWebKit/537.36 (KHTML, like Gecko) Chrome/134.0.0.0 Safari/537.36 Edg/134.0.0.0"
193.189.185.113 - - [11/Mar/2025:06:44:28 +0000] "GET /api-web/v1/chart_data?timespan=10 HTTP/1.1" 200 2615 "https://cyber.ltfe.org/" "Mozilla/5.0 (Windows NT 10.0; Win64; x64) AppleWebKit/537.36 (KHTML, like Gecko) Chrome/134.0.0.0 Safari/537.36 Edg/134.0.0.0"
193.189.185.113 - - [11/Mar/2025:06:44:28 +0000] "GET /api-web/v1/traffic?timespan=10 HTTP/1.1" 200 30079 "https://cyber.ltfe.org/" "Mozilla/5.0 (Windows NT 10.0; Win64; x64) AppleWebKit/537.36 (KHTML, like Gecko) Chrome/134.0.0.0 Safari/537.36 Edg/134.0.0.0"
193.189.185.113 - - [11/Mar/2025:06:44:28 +0000] "GET /api-web/v1/traffic?timespan=10 HTTP/1.1" 200 30079 "https://cyber.ltfe.org/" "Mozilla/5.0 (Windows NT 10.0; Win64; x64) AppleWebKit/537.36 (KHTML, like Gecko) Chrome/134.0.0.0 Safari/537.36 Edg/134.0.0.0"
193.189.185.113 - - [11/Mar/2025:06:45:28 +0000] "GET /api-web/v1/chart_data?timespan=10 HTTP/1.1" 200 2615 "https://cyber.ltfe.org/" "Mozilla/5.0 (Windows NT 10.0; Win64; x64) AppleWebKit/537.36 (KHTML, like Gecko) Chrome/134.0.0.0 Safari/537.36 Edg/134.0.0.0"
193.189.185.113 - - [11/Mar/2025:06:46:28 +0000] "GET /api-web/v1/chart_data?timespan=10 HTTP/1.1" 200 2627 "https://cyber.ltfe.org/" "Mozilla/5.0 (Windows NT 10.0; Win64; x64) AppleWebKit/537.36 (KHTML, like Gecko) Chrome/134.0.0.0 Safari/537.36 Edg/134.0.0.0"
193.189.185.113 - - [11/Mar/2025:06:47:28 +0000] "GET /api-web/v1/chart_data?timespan=10 HTTP/1.1" 200 2627 "https://cyber.ltfe.org/" "Mozilla/5.0 (Windows NT 10.0; Win64; x64) AppleWebKit/537.36 (KHTML, like Gecko) Chrome/134.0.0.0 Safari/537.36 Edg/134.0.0.0"
193.189.185.113 - - [11/Mar/2025:06:48:28 +0000] "GET /api-web/v1/chart_data?timespan=10 HTTP/1.1" 200 2627 "https://cyber.ltfe.org/" "Mozilla/5.0 (Windows NT 10.0; Win64; x64) AppleWebKit/537.36 (KHTML, like Gecko) Chrome/134.0.0.0 Safari/537.36 Edg/134.0.0.0"
193.189.185.113 - - [11/Mar/2025:06:49:30 +0000] "GET /api-web/v1/chart_data?timespan=10 HTTP/1.1" 200 2626 "https://cyber.ltfe.org/" "Mozilla/5.0 (Windows NT 10.0; Win64; x64) AppleWebKit/537.36 (KHTML, like Gecko) Chrome/134.0.0.0 Safari/537.36 Edg/134.0.0.0"
193.189.185.113 - - [11/Mar/2025:06:49:30 +0000] "GET /api-web/v1/traffic?timespan=10 HTTP/1.1" 200 41196 "https://cyber.ltfe.org/" "Mozilla/5.0 (Windows NT 10.0; Win64; x64) AppleWebKit/537.36 (KHTML, like Gecko) Chrome/134.0.0.0 Safari/537.36 Edg/134.0.0.0"
193.189.185.113 - - [11/Mar/2025:06:49:30 +0000] "GET /api-web/v1/traffic?timespan=10 HTTP/1.1" 200 41196 "https://cyber.ltfe.org/" "Mozilla/5.0 (Windows NT 10.0; Win64; x64) AppleWebKit/537.36 (KHTML, like Gecko) Chrome/134.0.0.0 Safari/537.36 Edg/134.0.0.0"
193.189.185.113 - - [11/Mar/2025:06:49:37 +0000] "GET /api-web/v1/traffic?timespan=60 HTTP/1.1" 200 89397 "https://cyber.ltfe.org/" "Mozilla/5.0 (Windows NT 10.0; Win64; x64) AppleWebKit/537.36 (KHTML, like Gecko) Chrome/133.0.0.0 Safari/537.36 Edg/133.0.0.0"
193.189.185.113 - - [11/Mar/2025:06:49:38 +0000] "GET /api-web/v1/chart_data?timespan=60 HTTP/1.1" 200 2648 "https://cyber.ltfe.org/" "Mozilla/5.0 (Windows NT 10.0; Win64; x64) AppleWebKit/537.36 (KHTML, like Gecko) Chrome/133.0.0.0 Safari/537.36 Edg/133.0.0.0"
193.189.185.113 - - [11/Mar/2025:06:49:38 +0000] "GET /api-web/v1/chart_data?timespan=60 HTTP/1.1" 200 2648 "https://cyber.ltfe.org/" "Mozilla/5.0 (Windows NT 10.0; Win64; x64) AppleWebKit/537.36 (KHTML, like Gecko) Chrome/133.0.0.0 Safari/537.36 Edg/133.0.0.0"
193.189.185.113 - - [11/Mar/2025:06:50:30 +0000] "GET /api-web/v1/chart_data?timespan=10 HTTP/1.1" 200 2626 "https://cyber.ltfe.org/" "Mozilla/5.0 (Windows NT 10.0; Win64; x64) AppleWebKit/537.36 (KHTML, like Gecko) Chrome/134.0.0.0 Safari/537.36 Edg/134.0.0.0"
193.189.185.113 - - [11/Mar/2025:06:51:30 +0000] "GET /api-web/v1/chart_data?timespan=10 HTTP/1.1" 200 2626 "https://cyber.ltfe.org/" "Mozilla/5.0 (Windows NT 10.0; Win64; x64) AppleWebKit/537.36 (KHTML, like Gecko) Chrome/134.0.0.0 Safari/537.36 Edg/134.0.0.0"
193.189.185.113 - - [11/Mar/2025:06:52:30 +0000] "GET /api-web/v1/chart_data?timespan=10 HTTP/1.1" 200 2626 "https://cyber.ltfe.org/" "Mozilla/5.0 (Windows NT 10.0; Win64; x64) AppleWebKit/537.36 (KHTML, like Gecko) Chrome/134.0.0.0 Safari/537.36 Edg/134.0.0.0"
193.189.185.113 - - [11/Mar/2025:06:53:30 +0000] "GET /api-web/v1/chart_data?timespan=10 HTTP/1.1" 200 2626 "https://cyber.ltfe.org/" "Mozilla/5.0 (Windows NT 10.0; Win64; x64) AppleWebKit/537.36 (KHTML, like Gecko) Chrome/134.0.0.0 Safari/537.36 Edg/134.0.0.0"
193.189.185.113 - - [11/Mar/2025:06:54:30 +0000] "GET /api-web/v1/chart_data?timespan=10 HTTP/1.1" 200 2626 "https://cyber.ltfe.org/" "Mozilla/5.0 (Windows NT 10.0; Win64; x64) AppleWebKit/537.36 (KHTML, like Gecko) Chrome/134.0.0.0 Safari/537.36 Edg/134.0.0.0"
193.189.185.113 - - [11/Mar/2025:06:54:31 +0000] "GET /api-web/v1/traffic?timespan=10 HTTP/1.1" 200 27883 "https://cyber.ltfe.org/" "Mozilla/5.0 (Windows NT 10.0; Win64; x64) AppleWebKit/537.36 (KHTML, like Gecko) Chrome/134.0.0.0 Safari/537.36 Edg/134.0.0.0"
193.189.185.113 - - [11/Mar/2025:06:54:31 +0000] "GET /api-web/v1/traffic?timespan=10 HTTP/1.1" 200 27883 "https://cyber.ltfe.org/" "Mozilla/5.0 (Windows NT 10.0; Win64; x64) AppleWebKit/537.36 (KHTML, like Gecko) Chrome/134.0.0.0 Safari/537.36 Edg/134.0.0.0"
193.189.185.113 - - [11/Mar/2025:06:55:30 +0000] "GET /api-web/v1/chart_data?timespan=10 HTTP/1.1" 200 2626 "https://cyber.ltfe.org/" "Mozilla/5.0 (Windows NT 10.0; Win64; x64) AppleWebKit/537.36 (KHTML, like Gecko) Chrome/134.0.0.0 Safari/537.36 Edg/134.0.0.0"
193.189.185.113 - - [11/Mar/2025:06:56:30 +0000] "GET /api-web/v1/chart_data?timespan=10 HTTP/1.1" 200 2626 "https://cyber.ltfe.org/" "Mozilla/5.0 (Windows NT 10.0; Win64; x64) AppleWebKit/537.36 (KHTML, like Gecko) Chrome/134.0.0.0 Safari/537.36 Edg/134.0.0.0"
193.189.185.113 - - [11/Mar/2025:06:57:30 +0000] "GET /api-web/v1/chart_data?timespan=10 HTTP/1.1" 200 2626 "https://cyber.ltfe.org/" "Mozilla/5.0 (Windows NT 10.0; Win64; x64) AppleWebKit/537.36 (KHTML, like Gecko) Chrome/134.0.0.0 Safari/537.36 Edg/134.0.0.0"
40.77.189.249 - - [11/Mar/2025:06:58:25 +0000] "GET /fonts/fa-regular-400.4a74738e.woff2 HTTP/1.1" 200 13548 "https://cyber.ltfe.org/css/chunk-vendors.77e64f29.css" "Mozilla/5.0 AppleWebKit/537.36 (KHTML, like Gecko; compatible; bingbot/2.0; +http://www.bing.com/bingbot.htm) Chrome/112.0.0.0 Safari/537.36"
40.77.189.249 - - [11/Mar/2025:06:58:25 +0000] "GET /img/cyber-logo.c24a1e46.svg HTTP/1.1" 200 24197 "https://cyber.ltfe.org/datasets" "Mozilla/5.0 AppleWebKit/537.36 (KHTML, like Gecko; compatible; bingbot/2.0; +http://www.bing.com/bingbot.htm) Chrome/112.0.0.0 Safari/537.36"
40.77.189.249 - - [11/Mar/2025:06:58:25 +0000] "GET /fonts/fa-solid-900.8e1ed89b.woff2 HTTP/1.1" 200 80300 "https://cyber.ltfe.org/css/chunk-vendors.77e64f29.css" "Mozilla/5.0 AppleWebKit/537.36 (KHTML, like Gecko; compatible; bingbot/2.0; +http://www.bing.com/bingbot.htm) Chrome/112.0.0.0 Safari/537.36"
40.77.189.249 - - [11/Mar/2025:06:58:25 +0000] "GET /fonts/fa-brands-400.f075c50f.woff2 HTTP/1.1" 200 78460 "https://cyber.ltfe.org/css/chunk-vendors.77e64f29.css" "Mozilla/5.0 AppleWebKit/537.36 (KHTML, like Gecko; compatible; bingbot/2.0; +http://www.bing.com/bingbot.htm) Chrome/112.0.0.0 Safari/537.36"
40.77.189.249 - - [11/Mar/2025:06:58:26 +0000] "GET /api-web/v1/counter_data HTTP/1.1" 200 125 "https://cyber.ltfe.org/datasets" "Mozilla/5.0 AppleWebKit/537.36 (KHTML, like Gecko; compatible; bingbot/2.0; +http://www.bing.com/bingbot.htm) Chrome/112.0.0.0 Safari/537.36"
40.77.189.249 - - [11/Mar/2025:06:58:26 +0000] "GET /api-web/v1/counter_data HTTP/1.1" 200 125 "https://cyber.ltfe.org/datasets" "Mozilla/5.0 AppleWebKit/537.36 (KHTML, like Gecko; compatible; bingbot/2.0; +http://www.bing.com/bingbot.htm) Chrome/112.0.0.0 Safari/537.36"
193.189.185.113 - - [11/Mar/2025:06:58:30 +0000] "GET /api-web/v1/chart_data?timespan=10 HTTP/1.1" 200 2410 "https://cyber.ltfe.org/" "Mozilla/5.0 (Windows NT 10.0; Win64; x64) AppleWebKit/537.36 (KHTML, like Gecko) Chrome/134.0.0.0 Safari/537.36 Edg/134.0.0.0"
193.189.185.113 - - [11/Mar/2025:06:59:30 +0000] "GET /api-web/v1/chart_data?timespan=10 HTTP/1.1" 200 2410 "https://cyber.ltfe.org/" "Mozilla/5.0 (Windows NT 10.0; Win64; x64) AppleWebKit/537.36 (KHTML, like Gecko) Chrome/134.0.0.0 Safari/537.36 Edg/134.0.0.0"
193.189.185.113 - - [11/Mar/2025:06:59:32 +0000] "GET /api-web/v1/traffic?timespan=10 HTTP/1.1" 200 24403 "https://cyber.ltfe.org/" "Mozilla/5.0 (Windows NT 10.0; Win64; x64) AppleWebKit/537.36 (KHTML, like Gecko) Chrome/134.0.0.0 Safari/537.36 Edg/134.0.0.0"
193.189.185.113 - - [11/Mar/2025:06:59:32 +0000] "GET /api-web/v1/traffic?timespan=10 HTTP/1.1" 200 24403 "https://cyber.ltfe.org/" "Mozilla/5.0 (Windows NT 10.0; Win64; x64) AppleWebKit/537.36 (KHTML, like Gecko) Chrome/134.0.0.0 Safari/537.36 Edg/134.0.0.0"
193.189.185.113 - - [11/Mar/2025:07:00:30 +0000] "GET /api-web/v1/chart_data?timespan=10 HTTP/1.1" 200 2410 "https://cyber.ltfe.org/" "Mozilla/5.0 (Windows NT 10.0; Win64; x64) AppleWebKit/537.36 (KHTML, like Gecko) Chrome/134.0.0.0 Safari/537.36 Edg/134.0.0.0"
193.189.185.113 - - [11/Mar/2025:07:01:30 +0000] "GET /api-web/v1/chart_data?timespan=10 HTTP/1.1" 200 2409 "https://cyber.ltfe.org/" "Mozilla/5.0 (Windows NT 10.0; Win64; x64) AppleWebKit/537.36 (KHTML, like Gecko) Chrome/134.0.0.0 Safari/537.36 Edg/134.0.0.0"
193.189.185.113 - - [11/Mar/2025:07:02:30 +0000] "GET /api-web/v1/chart_data?timespan=10 HTTP/1.1" 200 2409 "https://cyber.ltfe.org/" "Mozilla/5.0 (Windows NT 10.0; Win64; x64) AppleWebKit/537.36 (KHTML, like Gecko) Chrome/134.0.0.0 Safari/537.36 Edg/134.0.0.0"
193.189.185.113 - - [11/Mar/2025:07:03:30 +0000] "GET /api-web/v1/chart_data?timespan=10 HTTP/1.1" 200 2409 "https://cyber.ltfe.org/" "Mozilla/5.0 (Windows NT 10.0; Win64; x64) AppleWebKit/537.36 (KHTML, like Gecko) Chrome/134.0.0.0 Safari/537.36 Edg/134.0.0.0"
193.189.185.113 - - [11/Mar/2025:07:04:30 +0000] "GET /api-web/v1/chart_data?timespan=10 HTTP/1.1" 200 2409 "https://cyber.ltfe.org/" "Mozilla/5.0 (Windows NT 10.0; Win64; x64) AppleWebKit/537.36 (KHTML, like Gecko) Chrome/134.0.0.0 Safari/537.36 Edg/134.0.0.0"
193.189.185.113 - - [11/Mar/2025:07:04:33 +0000] "GET /api-web/v1/traffic?timespan=10 HTTP/1.1" 200 25700 "https://cyber.ltfe.org/" "Mozilla/5.0 (Windows NT 10.0; Win64; x64) AppleWebKit/537.36 (KHTML, like Gecko) Chrome/134.0.0.0 Safari/537.36 Edg/134.0.0.0"
193.189.185.113 - - [11/Mar/2025:07:04:33 +0000] "GET /api-web/v1/traffic?timespan=10 HTTP/1.1" 200 25700 "https://cyber.ltfe.org/" "Mozilla/5.0 (Windows NT 10.0; Win64; x64) AppleWebKit/537.36 (KHTML, like Gecko) Chrome/134.0.0.0 Safari/537.36 Edg/134.0.0.0"
193.189.185.113 - - [11/Mar/2025:07:05:30 +0000] "GET /api-web/v1/chart_data?timespan=10 HTTP/1.1" 200 2409 "https://cyber.ltfe.org/" "Mozilla/5.0 (Windows NT 10.0; Win64; x64) AppleWebKit/537.36 (KHTML, like Gecko) Chrome/134.0.0.0 Safari/537.36 Edg/134.0.0.0"
193.189.185.113 - - [11/Mar/2025:07:06:30 +0000] "GET /api-web/v1/chart_data?timespan=10 HTTP/1.1" 200 2409 "https://cyber.ltfe.org/" "Mozilla/5.0 (Windows NT 10.0; Win64; x64) AppleWebKit/537.36 (KHTML, like Gecko) Chrome/134.0.0.0 Safari/537.36 Edg/134.0.0.0"
193.189.185.113 - - [11/Mar/2025:07:07:31 +0000] "GET /api-web/v1/chart_data?timespan=10 HTTP/1.1" 200 2408 "https://cyber.ltfe.org/" "Mozilla/5.0 (Windows NT 10.0; Win64; x64) AppleWebKit/537.36 (KHTML, like Gecko) Chrome/134.0.0.0 Safari/537.36 Edg/134.0.0.0"
193.189.185.113 - - [11/Mar/2025:07:08:31 +0000] "GET /api-web/v1/chart_data?timespan=10 HTTP/1.1" 200 2408 "https://cyber.ltfe.org/" "Mozilla/5.0 (Windows NT 10.0; Win64; x64) AppleWebKit/537.36 (KHTML, like Gecko) Chrome/134.0.0.0 Safari/537.36 Edg/134.0.0.0"
193.189.185.113 - - [11/Mar/2025:07:09:31 +0000] "GET /api-web/v1/chart_data?timespan=10 HTTP/1.1" 200 2408 "https://cyber.ltfe.org/" "Mozilla/5.0 (Windows NT 10.0; Win64; x64) AppleWebKit/537.36 (KHTML, like Gecko) Chrome/134.0.0.0 Safari/537.36 Edg/134.0.0.0"
193.189.185.113 - - [11/Mar/2025:07:09:34 +0000] "GET /api-web/v1/traffic?timespan=10 HTTP/1.1" 200 28398 "https://cyber.ltfe.org/" "Mozilla/5.0 (Windows NT 10.0; Win64; x64) AppleWebKit/537.36 (KHTML, like Gecko) Chrome/134.0.0.0 Safari/537.36 Edg/134.0.0.0"
193.189.185.113 - - [11/Mar/2025:07:09:34 +0000] "GET /api-web/v1/traffic?timespan=10 HTTP/1.1" 200 28398 "https://cyber.ltfe.org/" "Mozilla/5.0 (Windows NT 10.0; Win64; x64) AppleWebKit/537.36 (KHTML, like Gecko) Chrome/134.0.0.0 Safari/537.36 Edg/134.0.0.0"
193.189.185.113 - - [11/Mar/2025:07:10:31 +0000] "GET /api-web/v1/chart_data?timespan=10 HTTP/1.1" 200 2663 "https://cyber.ltfe.org/" "Mozilla/5.0 (Windows NT 10.0; Win64; x64) AppleWebKit/537.36 (KHTML, like Gecko) Chrome/134.0.0.0 Safari/537.36 Edg/134.0.0.0"
193.189.185.113 - - [11/Mar/2025:07:11:31 +0000] "GET /api-web/v1/chart_data?timespan=10 HTTP/1.1" 200 2663 "https://cyber.ltfe.org/" "Mozilla/5.0 (Windows NT 10.0; Win64; x64) AppleWebKit/537.36 (KHTML, like Gecko) Chrome/134.0.0.0 Safari/537.36 Edg/134.0.0.0"
193.189.185.113 - - [11/Mar/2025:07:12:31 +0000] "GET /api-web/v1/chart_data?timespan=10 HTTP/1.1" 200 2663 "https://cyber.ltfe.org/" "Mozilla/5.0 (Windows NT 10.0; Win64; x64) AppleWebKit/537.36 (KHTML, like Gecko) Chrome/134.0.0.0 Safari/537.36 Edg/134.0.0.0"
193.189.185.113 - - [11/Mar/2025:07:13:31 +0000] "GET /api-web/v1/chart_data?timespan=10 HTTP/1.1" 200 2662 "https://cyber.ltfe.org/" "Mozilla/5.0 (Windows NT 10.0; Win64; x64) AppleWebKit/537.36 (KHTML, like Gecko) Chrome/134.0.0.0 Safari/537.36 Edg/134.0.0.0"
193.189.185.113 - - [11/Mar/2025:07:14:31 +0000] "GET /api-web/v1/chart_data?timespan=10 HTTP/1.1" 200 2662 "https://cyber.ltfe.org/" "Mozilla/5.0 (Windows NT 10.0; Win64; x64) AppleWebKit/537.36 (KHTML, like Gecko) Chrome/134.0.0.0 Safari/537.36 Edg/134.0.0.0"
193.189.185.113 - - [11/Mar/2025:07:14:36 +0000] "GET /api-web/v1/traffic?timespan=10 HTTP/1.1" 200 37004 "https://cyber.ltfe.org/" "Mozilla/5.0 (Windows NT 10.0; Win64; x64) AppleWebKit/537.36 (KHTML, like Gecko) Chrome/134.0.0.0 Safari/537.36 Edg/134.0.0.0"
193.189.185.113 - - [11/Mar/2025:07:14:36 +0000] "GET /api-web/v1/traffic?timespan=10 HTTP/1.1" 200 37004 "https://cyber.ltfe.org/" "Mozilla/5.0 (Windows NT 10.0; Win64; x64) AppleWebKit/537.36 (KHTML, like Gecko) Chrome/134.0.0.0 Safari/537.36 Edg/134.0.0.0"
93.174.93.12 - - [11/Mar/2025:07:15:18 +0000] "\x16\x03\x02\x01o\x01\x00\x01k\x03\x02RH\xC5\x1A#\xF7:N\xDF\xE2\xB4\x82/\xFF\x09T\x9F\xA7\xC4y\xB0h\xC6\x13\x8C\xA4\x1C=\x22\xE1\x1A\x98 \x84\xB4,\x85\xAFn\xE3Y\xBBbhl\xFF(=':\xA9\x82\xD9o\xC8\xA2\xD7\x93\x98\xB4\xEF\x80\xE5\xB9\x90\x00(\xC0" 400 12 "-" "-"
193.189.185.113 - - [11/Mar/2025:07:15:31 +0000] "GET /api-web/v1/chart_data?timespan=10 HTTP/1.1" 200 2662 "https://cyber.ltfe.org/" "Mozilla/5.0 (Windows NT 10.0; Win64; x64) AppleWebKit/537.36 (KHTML, like Gecko) Chrome/134.0.0.0 Safari/537.36 Edg/134.0.0.0"
193.189.185.113 - - [11/Mar/2025:07:16:31 +0000] "GET /api-web/v1/chart_data?timespan=10 HTTP/1.1" 200 2662 "https://cyber.ltfe.org/" "Mozilla/5.0 (Windows NT 10.0; Win64; x64) AppleWebKit/537.36 (KHTML, like Gecko) Chrome/134.0.0.0 Safari/537.36 Edg/134.0.0.0"
165.154.209.201 - - [11/Mar/2025:07:16:42 +0000] "GET /.env HTTP/1.1" 404 48 "-" "Mozilla/5.0 (X11; Linux x86_64) AppleWebKit/537.36 (KHTML, like Gecko) Chrome/81.0.4044.129 Safari/537.36"
165.154.209.201 - - [11/Mar/2025:07:16:42 +0000] "POST / HTTP/1.1" 404 48 "-" "Mozilla/5.0 (X11; Linux x86_64) AppleWebKit/537.36 (KHTML, like Gecko) Chrome/81.0.4044.129 Safari/537.36"
165.154.209.201 - - [11/Mar/2025:07:16:43 +0000] "GET /.env HTTP/1.1" 404 48 "-" "Mozilla/5.0 (X11; Linux x86_64) AppleWebKit/537.36 (KHTML, like Gecko) Chrome/81.0.4044.129 Safari/537.36"
165.154.209.201 - - [11/Mar/2025:07:16:43 +0000] "POST / HTTP/1.1" 404 48 "-" "Mozilla/5.0 (X11; Linux x86_64) AppleWebKit/537.36 (KHTML, like Gecko) Chrome/81.0.4044.129 Safari/537.36"
193.189.185.113 - - [11/Mar/2025:07:17:31 +0000] "GET /api-web/v1/chart_data?timespan=10 HTTP/1.1" 200 2662 "https://cyber.ltfe.org/" "Mozilla/5.0 (Windows NT 10.0; Win64; x64) AppleWebKit/537.36 (KHTML, like Gecko) Chrome/134.0.0.0 Safari/537.36 Edg/134.0.0.0"
193.189.185.113 - - [11/Mar/2025:07:18:31 +0000] "GET /api-web/v1/chart_data?timespan=10 HTTP/1.1" 200 2662 "https://cyber.ltfe.org/" "Mozilla/5.0 (Windows NT 10.0; Win64; x64) AppleWebKit/537.36 (KHTML, like Gecko) Chrome/134.0.0.0 Safari/537.36 Edg/134.0.0.0"
193.189.185.113 - - [11/Mar/2025:07:19:31 +0000] "GET /api-web/v1/chart_data?timespan=10 HTTP/1.1" 200 2662 "https://cyber.ltfe.org/" "Mozilla/5.0 (Windows NT 10.0; Win64; x64) AppleWebKit/537.36 (KHTML, like Gecko) Chrome/134.0.0.0 Safari/537.36 Edg/134.0.0.0"
193.189.185.113 - - [11/Mar/2025:07:19:37 +0000] "GET /api-web/v1/traffic?timespan=10 HTTP/1.1" 200 28267 "https://cyber.ltfe.org/" "Mozilla/5.0 (Windows NT 10.0; Win64; x64) AppleWebKit/537.36 (KHTML, like Gecko) Chrome/134.0.0.0 Safari/537.36 Edg/134.0.0.0"
193.189.185.113 - - [11/Mar/2025:07:19:37 +0000] "GET /api-web/v1/traffic?timespan=10 HTTP/1.1" 200 28267 "https://cyber.ltfe.org/" "Mozilla/5.0 (Windows NT 10.0; Win64; x64) AppleWebKit/537.36 (KHTML, like Gecko) Chrome/134.0.0.0 Safari/537.36 Edg/134.0.0.0"
193.189.185.113 - - [11/Mar/2025:07:20:31 +0000] "GET /api-web/v1/chart_data?timespan=10 HTTP/1.1" 200 2662 "https://cyber.ltfe.org/" "Mozilla/5.0 (Windows NT 10.0; Win64; x64) AppleWebKit/537.36 (KHTML, like Gecko) Chrome/134.0.0.0 Safari/537.36 Edg/134.0.0.0"
193.189.185.113 - - [11/Mar/2025:07:21:31 +0000] "GET /api-web/v1/chart_data?timespan=10 HTTP/1.1" 200 2662 "https://cyber.ltfe.org/" "Mozilla/5.0 (Windows NT 10.0; Win64; x64) AppleWebKit/537.36 (KHTML, like Gecko) Chrome/134.0.0.0 Safari/537.36 Edg/134.0.0.0"
193.189.185.113 - - [11/Mar/2025:07:22:32 +0000] "GET /api-web/v1/chart_data?timespan=10 HTTP/1.1" 200 2589 "https://cyber.ltfe.org/" "Mozilla/5.0 (Windows NT 10.0; Win64; x64) AppleWebKit/537.36 (KHTML, like Gecko) Chrome/134.0.0.0 Safari/537.36 Edg/134.0.0.0"
64.62.156.78 - - [11/Mar/2025:07:22:38 +0000] "\x16\x03\x01\x00{\x01\x00\x00w\x03\x03" 400 12 "-" "-"
59.120.17.53 - - [11/Mar/2025:07:22:55 +0000] "GET / HTTP/1.0" 404 48 "-" "curl/7.88.1"
193.189.185.113 - - [11/Mar/2025:07:23:32 +0000] "GET /api-web/v1/chart_data?timespan=10 HTTP/1.1" 200 2589 "https://cyber.ltfe.org/" "Mozilla/5.0 (Windows NT 10.0; Win64; x64) AppleWebKit/537.36 (KHTML, like Gecko) Chrome/134.0.0.0 Safari/537.36 Edg/134.0.0.0"
193.189.185.113 - - [11/Mar/2025:07:24:32 +0000] "GET /api-web/v1/chart_data?timespan=10 HTTP/1.1" 200 2589 "https://cyber.ltfe.org/" "Mozilla/5.0 (Windows NT 10.0; Win64; x64) AppleWebKit/537.36 (KHTML, like Gecko) Chrome/134.0.0.0 Safari/537.36 Edg/134.0.0.0"
193.189.185.113 - - [11/Mar/2025:07:24:38 +0000] "GET /api-web/v1/traffic?timespan=10 HTTP/1.1" 200 25295 "https://cyber.ltfe.org/" "Mozilla/5.0 (Windows NT 10.0; Win64; x64) AppleWebKit/537.36 (KHTML, like Gecko) Chrome/134.0.0.0 Safari/537.36 Edg/134.0.0.0"
193.189.185.113 - - [11/Mar/2025:07:24:38 +0000] "GET /api-web/v1/traffic?timespan=10 HTTP/1.1" 200 25295 "https://cyber.ltfe.org/" "Mozilla/5.0 (Windows NT 10.0; Win64; x64) AppleWebKit/537.36 (KHTML, like Gecko) Chrome/134.0.0.0 Safari/537.36 Edg/134.0.0.0"
193.189.185.113 - - [11/Mar/2025:07:25:32 +0000] "GET /api-web/v1/chart_data?timespan=10 HTTP/1.1" 200 2588 "https://cyber.ltfe.org/" "Mozilla/5.0 (Windows NT 10.0; Win64; x64) AppleWebKit/537.36 (KHTML, like Gecko) Chrome/134.0.0.0 Safari/537.36 Edg/134.0.0.0"
193.189.185.113 - - [11/Mar/2025:07:26:32 +0000] "GET /api-web/v1/chart_data?timespan=10 HTTP/1.1" 200 2588 "https://cyber.ltfe.org/" "Mozilla/5.0 (Windows NT 10.0; Win64; x64) AppleWebKit/537.36 (KHTML, like Gecko) Chrome/134.0.0.0 Safari/537.36 Edg/134.0.0.0"
193.189.185.113 - - [11/Mar/2025:07:27:32 +0000] "GET /api-web/v1/chart_data?timespan=10 HTTP/1.1" 200 2588 "https://cyber.ltfe.org/" "Mozilla/5.0 (Windows NT 10.0; Win64; x64) AppleWebKit/537.36 (KHTML, like Gecko) Chrome/134.0.0.0 Safari/537.36 Edg/134.0.0.0"
193.189.185.113 - - [11/Mar/2025:07:28:32 +0000] "GET /api-web/v1/chart_data?timespan=10 HTTP/1.1" 200 2588 "https://cyber.ltfe.org/" "Mozilla/5.0 (Windows NT 10.0; Win64; x64) AppleWebKit/537.36 (KHTML, like Gecko) Chrome/134.0.0.0 Safari/537.36 Edg/134.0.0.0"
193.189.185.113 - - [11/Mar/2025:07:29:32 +0000] "GET /api-web/v1/chart_data?timespan=10 HTTP/1.1" 200 2588 "https://cyber.ltfe.org/" "Mozilla/5.0 (Windows NT 10.0; Win64; x64) AppleWebKit/537.36 (KHTML, like Gecko) Chrome/134.0.0.0 Safari/537.36 Edg/134.0.0.0"
193.189.185.113 - - [11/Mar/2025:07:29:39 +0000] "GET /api-web/v1/traffic?timespan=10 HTTP/1.1" 200 25710 "https://cyber.ltfe.org/" "Mozilla/5.0 (Windows NT 10.0; Win64; x64) AppleWebKit/537.36 (KHTML, like Gecko) Chrome/134.0.0.0 Safari/537.36 Edg/134.0.0.0"
193.189.185.113 - - [11/Mar/2025:07:29:39 +0000] "GET /api-web/v1/traffic?timespan=10 HTTP/1.1" 200 25710 "https://cyber.ltfe.org/" "Mozilla/5.0 (Windows NT 10.0; Win64; x64) AppleWebKit/537.36 (KHTML, like Gecko) Chrome/134.0.0.0 Safari/537.36 Edg/134.0.0.0"
92.255.57.58 - - [11/Mar/2025:07:29:49 +0000] "GET /?XDEBUG_SESSION_START=phpstorm HTTP/1.1" 404 48 "-" "Mozilla/5.0 (Windows NT 10.0; Win64; x64) AppleWebKit/537.36 (KHTML, like Gecko) Chrome/78.0.3904.108 Safari/537.36"
193.189.185.113 - - [11/Mar/2025:07:30:32 +0000] "GET /api-web/v1/chart_data?timespan=10 HTTP/1.1" 200 2588 "https://cyber.ltfe.org/" "Mozilla/5.0 (Windows NT 10.0; Win64; x64) AppleWebKit/537.36 (KHTML, like Gecko) Chrome/134.0.0.0 Safari/537.36 Edg/134.0.0.0"
41.45.196.210 - - [11/Mar/2025:07:31:04 +0000] "GET / HTTP/1.1" 200 1018 "https://ltfe.org/" "Mozilla/5.0 (Windows NT 10.0; Win64; x64) AppleWebKit/537.36 (KHTML, like Gecko) Chrome/132.0.0.0 Safari/537.36"
41.45.196.210 - - [11/Mar/2025:07:31:06 +0000] "GET /css/app.96271e32.css HTTP/1.1" 200 24966 "https://cyber.ltfe.org/" "Mozilla/5.0 (Windows NT 10.0; Win64; x64) AppleWebKit/537.36 (KHTML, like Gecko) Chrome/132.0.0.0 Safari/537.36"
41.45.196.210 - - [11/Mar/2025:07:31:09 +0000] "GET /css/chunk-vendors.77e64f29.css HTTP/1.1" 200 748892 "https://cyber.ltfe.org/" "Mozilla/5.0 (Windows NT 10.0; Win64; x64) AppleWebKit/537.36 (KHTML, like Gecko) Chrome/132.0.0.0 Safari/537.36"
41.45.196.210 - - [11/Mar/2025:07:31:10 +0000] "GET /js/app.4c07236b.js HTTP/1.1" 200 87699 "https://cyber.ltfe.org/" "Mozilla/5.0 (Windows NT 10.0; Win64; x64) AppleWebKit/537.36 (KHTML, like Gecko) Chrome/132.0.0.0 Safari/537.36"
41.45.196.210 - - [11/Mar/2025:07:31:16 +0000] "GET /js/chunk-vendors.f0d1e719.js HTTP/1.1" 200 2111031 "https://cyber.ltfe.org/" "Mozilla/5.0 (Windows NT 10.0; Win64; x64) AppleWebKit/537.36 (KHTML, like Gecko) Chrome/132.0.0.0 Safari/537.36"
41.45.196.210 - - [11/Mar/2025:07:31:26 +0000] "GET /img/upper-arrow.860ee4d0.png HTTP/1.1" 200 20167 "https://cyber.ltfe.org/" "Mozilla/5.0 (Windows NT 10.0; Win64; x64) AppleWebKit/537.36 (KHTML, like Gecko) Chrome/132.0.0.0 Safari/537.36"
41.45.196.210 - - [11/Mar/2025:07:31:27 +0000] "GET /img/shield-full.1ea8ff61.png HTTP/1.1" 200 7248 "https://cyber.ltfe.org/" "Mozilla/5.0 (Windows NT 10.0; Win64; x64) AppleWebKit/537.36 (KHTML, like Gecko) Chrome/132.0.0.0 Safari/537.36"
41.45.196.210 - - [11/Mar/2025:07:31:28 +0000] "GET /img/lower-arrow.7a64c699.png HTTP/1.1" 200 16025 "https://cyber.ltfe.org/" "Mozilla/5.0 (Windows NT 10.0; Win64; x64) AppleWebKit/537.36 (KHTML, like Gecko) Chrome/132.0.0.0 Safari/537.36"
41.45.196.210 - - [11/Mar/2025:07:31:28 +0000] "GET /api-web/v1/counter_data HTTP/1.1" 200 127 "https://cyber.ltfe.org/" "Mozilla/5.0 (Windows NT 10.0; Win64; x64) AppleWebKit/537.36 (KHTML, like Gecko) Chrome/132.0.0.0 Safari/537.36"
41.45.196.210 - - [11/Mar/2025:07:31:29 +0000] "GET /api-web/v1/top_hubs HTTP/1.1" 404 22 "https://cyber.ltfe.org/" "Mozilla/5.0 (Windows NT 10.0; Win64; x64) AppleWebKit/537.36 (KHTML, like Gecko) Chrome/132.0.0.0 Safari/537.36"
41.45.196.210 - - [11/Mar/2025:07:31:30 +0000] "GET /fonts/fa-brands-400.f075c50f.woff2 HTTP/1.1" 200 78460 "https://cyber.ltfe.org/css/chunk-vendors.77e64f29.css" "Mozilla/5.0 (Windows NT 10.0; Win64; x64) AppleWebKit/537.36 (KHTML, like Gecko) Chrome/132.0.0.0 Safari/537.36"
41.45.196.210 - - [11/Mar/2025:07:31:31 +0000] "GET /fonts/fa-solid-900.8e1ed89b.woff2 HTTP/1.1" 200 80300 "https://cyber.ltfe.org/css/chunk-vendors.77e64f29.css" "Mozilla/5.0 (Windows NT 10.0; Win64; x64) AppleWebKit/537.36 (KHTML, like Gecko) Chrome/132.0.0.0 Safari/537.36"
41.45.196.210 - - [11/Mar/2025:07:31:35 +0000] "GET /api-web/v1/top_locations HTTP/1.1" 404 22 "https://cyber.ltfe.org/" "Mozilla/5.0 (Windows NT 10.0; Win64; x64) AppleWebKit/537.36 (KHTML, like Gecko) Chrome/132.0.0.0 Safari/537.36"
193.189.185.113 - - [11/Mar/2025:07:31:36 +0000] "GET /api-web/v1/chart_data?timespan=10 HTTP/1.1" 200 2588 "https://cyber.ltfe.org/" "Mozilla/5.0 (Windows NT 10.0; Win64; x64) AppleWebKit/537.36 (KHTML, like Gecko) Chrome/134.0.0.0 Safari/537.36 Edg/134.0.0.0"
41.45.196.210 - - [11/Mar/2025:07:31:36 +0000] "GET /api-web/v1/traffic?timespan=60 HTTP/1.1" 200 87950 "https://cyber.ltfe.org/" "Mozilla/5.0 (Windows NT 10.0; Win64; x64) AppleWebKit/537.36 (KHTML, like Gecko) Chrome/132.0.0.0 Safari/537.36"
41.45.196.210 - - [11/Mar/2025:07:31:36 +0000] "GET /api-web/v1/chart_data?timespan=60 HTTP/1.1" 200 2761 "https://cyber.ltfe.org/" "Mozilla/5.0 (Windows NT 10.0; Win64; x64) AppleWebKit/537.36 (KHTML, like Gecko) Chrome/132.0.0.0 Safari/537.36"
41.45.196.210 - - [11/Mar/2025:07:31:41 +0000] "GET /img/cyber-logo.c24a1e46.svg HTTP/1.1" 200 24197 "https://cyber.ltfe.org/" "Mozilla/5.0 (Windows NT 10.0; Win64; x64) AppleWebKit/537.36 (KHTML, like Gecko) Chrome/132.0.0.0 Safari/537.36"
41.45.196.210 - - [11/Mar/2025:07:32:10 +0000] "GET /img/night-sky.1701d635.png HTTP/1.1" 200 904154 "https://cyber.ltfe.org/" "Mozilla/5.0 (Windows NT 10.0; Win64; x64) AppleWebKit/537.36 (KHTML, like Gecko) Chrome/132.0.0.0 Safari/537.36"
41.45.196.210 - - [11/Mar/2025:07:32:24 +0000] "GET /img/earth-night-resized.3dce4089.jpg HTTP/1.1" 200 3661689 "https://cyber.ltfe.org/" "Mozilla/5.0 (Windows NT 10.0; Win64; x64) AppleWebKit/537.36 (KHTML, like Gecko) Chrome/132.0.0.0 Safari/537.36"
41.45.196.210 - - [11/Mar/2025:07:32:29 +0000] "GET /favicons/favicon.ico HTTP/1.1" 200 15086 "https://cyber.ltfe.org/" "Mozilla/5.0 (Windows NT 10.0; Win64; x64) AppleWebKit/537.36 (KHTML, like Gecko) Chrome/132.0.0.0 Safari/537.36"
41.45.196.210 - - [11/Mar/2025:07:32:29 +0000] "GET /favicons/site.webmanifest HTTP/1.1" 200 452 "https://cyber.ltfe.org/" "Mozilla/5.0 (Windows NT 10.0; Win64; x64) AppleWebKit/537.36 (KHTML, like Gecko) Chrome/132.0.0.0 Safari/537.36"
193.189.185.113 - - [11/Mar/2025:07:32:36 +0000] "GET /api-web/v1/chart_data?timespan=10 HTTP/1.1" 200 2588 "https://cyber.ltfe.org/" "Mozilla/5.0 (Windows NT 10.0; Win64; x64) AppleWebKit/537.36 (KHTML, like Gecko) Chrome/134.0.0.0 Safari/537.36 Edg/134.0.0.0"
41.45.196.210 - - [11/Mar/2025:07:32:43 +0000] "GET /api-web/v1/chart_data?timespan=60 HTTP/1.1" 200 2761 "https://cyber.ltfe.org/" "Mozilla/5.0 (Windows NT 10.0; Win64; x64) AppleWebKit/537.36 (KHTML, like Gecko) Chrome/132.0.0.0 Safari/537.36"
193.189.185.113 - - [11/Mar/2025:07:33:36 +0000] "GET /api-web/v1/chart_data?timespan=10 HTTP/1.1" 200 2588 "https://cyber.ltfe.org/" "Mozilla/5.0 (Windows NT 10.0; Win64; x64) AppleWebKit/537.36 (KHTML, like Gecko) Chrome/134.0.0.0 Safari/537.36 Edg/134.0.0.0"
41.45.196.210 - - [11/Mar/2025:07:33:45 +0000] "GET /api-web/v1/chart_data?timespan=60 HTTP/1.1" 200 2761 "https://cyber.ltfe.org/" "Mozilla/5.0 (Windows NT 10.0; Win64; x64) AppleWebKit/537.36 (KHTML, like Gecko) Chrome/132.0.0.0 Safari/537.36"
193.189.185.113 - - [11/Mar/2025:07:34:36 +0000] "GET /api-web/v1/chart_data?timespan=10 HTTP/1.1" 200 2467 "https://cyber.ltfe.org/" "Mozilla/5.0 (Windows NT 10.0; Win64; x64) AppleWebKit/537.36 (KHTML, like Gecko) Chrome/134.0.0.0 Safari/537.36 Edg/134.0.0.0"
193.189.185.113 - - [11/Mar/2025:07:34:40 +0000] "GET /api-web/v1/traffic?timespan=10 HTTP/1.1" 200 26101 "https://cyber.ltfe.org/" "Mozilla/5.0 (Windows NT 10.0; Win64; x64) AppleWebKit/537.36 (KHTML, like Gecko) Chrome/134.0.0.0 Safari/537.36 Edg/134.0.0.0"
193.189.185.113 - - [11/Mar/2025:07:34:40 +0000] "GET /api-web/v1/traffic?timespan=10 HTTP/1.1" 200 26101 "https://cyber.ltfe.org/" "Mozilla/5.0 (Windows NT 10.0; Win64; x64) AppleWebKit/537.36 (KHTML, like Gecko) Chrome/134.0.0.0 Safari/537.36 Edg/134.0.0.0"
41.45.196.210 - - [11/Mar/2025:07:34:53 +0000] "GET /api-web/v1/chart_data?timespan=60 HTTP/1.1" 200 2760 "https://cyber.ltfe.org/" "Mozilla/5.0 (Windows NT 10.0; Win64; x64) AppleWebKit/537.36 (KHTML, like Gecko) Chrome/132.0.0.0 Safari/537.36"
193.189.185.113 - - [11/Mar/2025:07:35:36 +0000] "GET /api-web/v1/chart_data?timespan=10 HTTP/1.1" 200 2467 "https://cyber.ltfe.org/" "Mozilla/5.0 (Windows NT 10.0; Win64; x64) AppleWebKit/537.36 (KHTML, like Gecko) Chrome/134.0.0.0 Safari/537.36 Edg/134.0.0.0"
41.45.196.210 - - [11/Mar/2025:07:36:30 +0000] "GET /api-web/v1/chart_data?timespan=60 HTTP/1.1" 200 2760 "https://cyber.ltfe.org/" "Mozilla/5.0 (Windows NT 10.0; Win64; x64) AppleWebKit/537.36 (KHTML, like Gecko) Chrome/132.0.0.0 Safari/537.36"
193.189.185.113 - - [11/Mar/2025:07:36:36 +0000] "GET /api-web/v1/chart_data?timespan=10 HTTP/1.1" 200 2467 "https://cyber.ltfe.org/" "Mozilla/5.0 (Windows NT 10.0; Win64; x64) AppleWebKit/537.36 (KHTML, like Gecko) Chrome/134.0.0.0 Safari/537.36 Edg/134.0.0.0"
41.45.196.210 - - [11/Mar/2025:07:36:56 +0000] "GET /api-web/v1/traffic?timespan=60 HTTP/1.1" 200 86074 "https://cyber.ltfe.org/" "Mozilla/5.0 (Windows NT 10.0; Win64; x64) AppleWebKit/537.36 (KHTML, like Gecko) Chrome/132.0.0.0 Safari/537.36"
41.45.196.210 - - [11/Mar/2025:07:37:33 +0000] "GET /api-web/v1/chart_data?timespan=60 HTTP/1.1" 200 2760 "https://cyber.ltfe.org/" "Mozilla/5.0 (Windows NT 10.0; Win64; x64) AppleWebKit/537.36 (KHTML, like Gecko) Chrome/132.0.0.0 Safari/537.36"
193.189.185.113 - - [11/Mar/2025:07:37:36 +0000] "GET /api-web/v1/chart_data?timespan=10 HTTP/1.1" 200 2466 "https://cyber.ltfe.org/" "Mozilla/5.0 (Windows NT 10.0; Win64; x64) AppleWebKit/537.36 (KHTML, like Gecko) Chrome/134.0.0.0 Safari/537.36 Edg/134.0.0.0"
43.166.245.120 - - [11/Mar/2025:07:38:27 +0000] "GET / HTTP/1.1" 301 134 "-" "Mozilla/5.0 (iPhone; CPU iPhone OS 13_2_3 like Mac OS X) AppleWebKit/605.1.15 (KHTML, like Gecko) Version/13.0.3 Mobile/15E148 Safari/604.1"
43.166.245.120 - - [11/Mar/2025:07:38:29 +0000] "GET / HTTP/1.1" 200 1018 "http://cyber.ltfe.org" "Mozilla/5.0 (iPhone; CPU iPhone OS 13_2_3 like Mac OS X) AppleWebKit/605.1.15 (KHTML, like Gecko) Version/13.0.3 Mobile/15E148 Safari/604.1"
41.45.196.210 - - [11/Mar/2025:07:38:35 +0000] "GET /api-web/v1/chart_data?timespan=60 HTTP/1.1" 200 2760 "https://cyber.ltfe.org/" "Mozilla/5.0 (Windows NT 10.0; Win64; x64) AppleWebKit/537.36 (KHTML, like Gecko) Chrome/132.0.0.0 Safari/537.36"
193.189.185.113 - - [11/Mar/2025:07:38:36 +0000] "GET /api-web/v1/chart_data?timespan=10 HTTP/1.1" 200 2466 "https://cyber.ltfe.org/" "Mozilla/5.0 (Windows NT 10.0; Win64; x64) AppleWebKit/537.36 (KHTML, like Gecko) Chrome/134.0.0.0 Safari/537.36 Edg/134.0.0.0"
193.189.185.113 - - [11/Mar/2025:07:39:36 +0000] "GET /api-web/v1/chart_data?timespan=10 HTTP/1.1" 200 2466 "https://cyber.ltfe.org/" "Mozilla/5.0 (Windows NT 10.0; Win64; x64) AppleWebKit/537.36 (KHTML, like Gecko) Chrome/134.0.0.0 Safari/537.36 Edg/134.0.0.0"
41.45.196.210 - - [11/Mar/2025:07:39:41 +0000] "GET /api-web/v1/chart_data?timespan=60 HTTP/1.1" 200 2760 "https://cyber.ltfe.org/" "Mozilla/5.0 (Windows NT 10.0; Win64; x64) AppleWebKit/537.36 (KHTML, like Gecko) Chrome/132.0.0.0 Safari/537.36"
193.189.185.113 - - [11/Mar/2025:07:39:41 +0000] "GET /api-web/v1/traffic?timespan=10 HTTP/1.1" 200 27356 "https://cyber.ltfe.org/" "Mozilla/5.0 (Windows NT 10.0; Win64; x64) AppleWebKit/537.36 (KHTML, like Gecko) Chrome/134.0.0.0 Safari/537.36 Edg/134.0.0.0"
193.189.185.113 - - [11/Mar/2025:07:39:41 +0000] "GET /api-web/v1/traffic?timespan=10 HTTP/1.1" 200 27356 "https://cyber.ltfe.org/" "Mozilla/5.0 (Windows NT 10.0; Win64; x64) AppleWebKit/537.36 (KHTML, like Gecko) Chrome/134.0.0.0 Safari/537.36 Edg/134.0.0.0"
193.189.185.113 - - [11/Mar/2025:07:40:36 +0000] "GET /api-web/v1/chart_data?timespan=10 HTTP/1.1" 200 2466 "https://cyber.ltfe.org/" "Mozilla/5.0 (Windows NT 10.0; Win64; x64) AppleWebKit/537.36 (KHTML, like Gecko) Chrome/134.0.0.0 Safari/537.36 Edg/134.0.0.0"
41.45.196.210 - - [11/Mar/2025:07:40:43 +0000] "GET /api-web/v1/chart_data?timespan=60 HTTP/1.1" 200 2760 "https://cyber.ltfe.org/" "Mozilla/5.0 (Windows NT 10.0; Win64; x64) AppleWebKit/537.36 (KHTML, like Gecko) Chrome/132.0.0.0 Safari/537.36"
193.189.185.113 - - [11/Mar/2025:07:41:36 +0000] "GET /api-web/v1/chart_data?timespan=10 HTTP/1.1" 200 2466 "https://cyber.ltfe.org/" "Mozilla/5.0 (Windows NT 10.0; Win64; x64) AppleWebKit/537.36 (KHTML, like Gecko) Chrome/134.0.0.0 Safari/537.36 Edg/134.0.0.0"
41.45.196.210 - - [11/Mar/2025:07:41:45 +0000] "GET /api-web/v1/chart_data?timespan=60 HTTP/1.1" 200 2694 "https://cyber.ltfe.org/" "Mozilla/5.0 (Windows NT 10.0; Win64; x64) AppleWebKit/537.36 (KHTML, like Gecko) Chrome/132.0.0.0 Safari/537.36"
41.45.196.210 - - [11/Mar/2025:07:42:04 +0000] "GET /api-web/v1/traffic?timespan=60 HTTP/1.1" 200 86145 "https://cyber.ltfe.org/" "Mozilla/5.0 (Windows NT 10.0; Win64; x64) AppleWebKit/537.36 (KHTML, like Gecko) Chrome/132.0.0.0 Safari/537.36"
193.189.185.113 - - [11/Mar/2025:07:42:36 +0000] "GET /api-web/v1/chart_data?timespan=10 HTTP/1.1" 200 2466 "https://cyber.ltfe.org/" "Mozilla/5.0 (Windows NT 10.0; Win64; x64) AppleWebKit/537.36 (KHTML, like Gecko) Chrome/134.0.0.0 Safari/537.36 Edg/134.0.0.0"
41.45.196.210 - - [11/Mar/2025:07:42:47 +0000] "GET /api-web/v1/chart_data?timespan=60 HTTP/1.1" 200 2694 "https://cyber.ltfe.org/" "Mozilla/5.0 (Windows NT 10.0; Win64; x64) AppleWebKit/537.36 (KHTML, like Gecko) Chrome/132.0.0.0 Safari/537.36"
193.189.185.113 - - [11/Mar/2025:07:43:36 +0000] "GET /api-web/v1/chart_data?timespan=10 HTTP/1.1" 200 2465 "https://cyber.ltfe.org/" "Mozilla/5.0 (Windows NT 10.0; Win64; x64) AppleWebKit/537.36 (KHTML, like Gecko) Chrome/134.0.0.0 Safari/537.36 Edg/134.0.0.0"
41.45.196.210 - - [11/Mar/2025:07:43:49 +0000] "GET /api-web/v1/chart_data?timespan=60 HTTP/1.1" 200 2694 "https://cyber.ltfe.org/" "Mozilla/5.0 (Windows NT 10.0; Win64; x64) AppleWebKit/537.36 (KHTML, like Gecko) Chrome/132.0.0.0 Safari/537.36"
193.189.185.113 - - [11/Mar/2025:07:44:36 +0000] "GET /api-web/v1/chart_data?timespan=10 HTTP/1.1" 200 2465 "https://cyber.ltfe.org/" "Mozilla/5.0 (Windows NT 10.0; Win64; x64) AppleWebKit/537.36 (KHTML, like Gecko) Chrome/134.0.0.0 Safari/537.36 Edg/134.0.0.0"
193.189.185.113 - - [11/Mar/2025:07:44:42 +0000] "GET /api-web/v1/traffic?timespan=10 HTTP/1.1" 200 30252 "https://cyber.ltfe.org/" "Mozilla/5.0 (Windows NT 10.0; Win64; x64) AppleWebKit/537.36 (KHTML, like Gecko) Chrome/134.0.0.0 Safari/537.36 Edg/134.0.0.0"
193.189.185.113 - - [11/Mar/2025:07:44:42 +0000] "GET /api-web/v1/traffic?timespan=10 HTTP/1.1" 200 30252 "https://cyber.ltfe.org/" "Mozilla/5.0 (Windows NT 10.0; Win64; x64) AppleWebKit/537.36 (KHTML, like Gecko) Chrome/134.0.0.0 Safari/537.36 Edg/134.0.0.0"
41.45.196.210 - - [11/Mar/2025:07:44:51 +0000] "GET /api-web/v1/chart_data?timespan=60 HTTP/1.1" 200 2694 "https://cyber.ltfe.org/" "Mozilla/5.0 (Windows NT 10.0; Win64; x64) AppleWebKit/537.36 (KHTML, like Gecko) Chrome/132.0.0.0 Safari/537.36"
193.189.185.113 - - [11/Mar/2025:07:45:36 +0000] "GET /api-web/v1/chart_data?timespan=10 HTTP/1.1" 200 2465 "https://cyber.ltfe.org/" "Mozilla/5.0 (Windows NT 10.0; Win64; x64) AppleWebKit/537.36 (KHTML, like Gecko) Chrome/134.0.0.0 Safari/537.36 Edg/134.0.0.0"
41.45.196.210 - - [11/Mar/2025:07:45:53 +0000] "GET /api-web/v1/chart_data?timespan=60 HTTP/1.1" 200 2694 "https://cyber.ltfe.org/" "Mozilla/5.0 (Windows NT 10.0; Win64; x64) AppleWebKit/537.36 (KHTML, like Gecko) Chrome/132.0.0.0 Safari/537.36"
193.189.185.113 - - [11/Mar/2025:07:46:37 +0000] "GET /api-web/v1/chart_data?timespan=10 HTTP/1.1" 200 2743 "https://cyber.ltfe.org/" "Mozilla/5.0 (Windows NT 10.0; Win64; x64) AppleWebKit/537.36 (KHTML, like Gecko) Chrome/134.0.0.0 Safari/537.36 Edg/134.0.0.0"
41.45.196.210 - - [11/Mar/2025:07:46:54 +0000] "GET /api-web/v1/chart_data?timespan=60 HTTP/1.1" 200 2694 "https://cyber.ltfe.org/" "Mozilla/5.0 (Windows NT 10.0; Win64; x64) AppleWebKit/537.36 (KHTML, like Gecko) Chrome/132.0.0.0 Safari/537.36"
41.45.196.210 - - [11/Mar/2025:07:47:14 +0000] "GET /api-web/v1/traffic?timespan=60 HTTP/1.1" 200 86307 "https://cyber.ltfe.org/" "Mozilla/5.0 (Windows NT 10.0; Win64; x64) AppleWebKit/537.36 (KHTML, like Gecko) Chrome/132.0.0.0 Safari/537.36"
193.189.185.113 - - [11/Mar/2025:07:47:37 +0000] "GET /api-web/v1/chart_data?timespan=10 HTTP/1.1" 200 2743 "https://cyber.ltfe.org/" "Mozilla/5.0 (Windows NT 10.0; Win64; x64) AppleWebKit/537.36 (KHTML, like Gecko) Chrome/134.0.0.0 Safari/537.36 Edg/134.0.0.0"
80.82.77.202 - - [11/Mar/2025:07:47:42 +0000] "GET / HTTP/1.0" 404 48 "-" "Mozilla/5.0 (Macintosh; Intel Mac OS X 10_14_6) AppleWebKit/537.36 (KHTML, like Gecko) Chrome/53.0.2785.21 Safari/537.36 MMS/1.0.2531.0"
193.189.185.113 - - [11/Mar/2025:07:48:37 +0000] "GET /api-web/v1/chart_data?timespan=10 HTTP/1.1" 200 2743 "https://cyber.ltfe.org/" "Mozilla/5.0 (Windows NT 10.0; Win64; x64) AppleWebKit/537.36 (KHTML, like Gecko) Chrome/134.0.0.0 Safari/537.36 Edg/134.0.0.0"
193.189.185.113 - - [11/Mar/2025:07:49:37 +0000] "GET /api-web/v1/chart_data?timespan=10 HTTP/1.1" 200 2742 "https://cyber.ltfe.org/" "Mozilla/5.0 (Windows NT 10.0; Win64; x64) AppleWebKit/537.36 (KHTML, like Gecko) Chrome/134.0.0.0 Safari/537.36 Edg/134.0.0.0"
193.189.185.113 - - [11/Mar/2025:07:49:43 +0000] "GET /api-web/v1/traffic?timespan=10 HTTP/1.1" 200 32691 "https://cyber.ltfe.org/" "Mozilla/5.0 (Windows NT 10.0; Win64; x64) AppleWebKit/537.36 (KHTML, like Gecko) Chrome/134.0.0.0 Safari/537.36 Edg/134.0.0.0"
193.189.185.113 - - [11/Mar/2025:07:49:43 +0000] "GET /api-web/v1/traffic?timespan=10 HTTP/1.1" 200 32691 "https://cyber.ltfe.org/" "Mozilla/5.0 (Windows NT 10.0; Win64; x64) AppleWebKit/537.36 (KHTML, like Gecko) Chrome/134.0.0.0 Safari/537.36 Edg/134.0.0.0"
193.189.185.113 - - [11/Mar/2025:07:50:37 +0000] "GET /api-web/v1/chart_data?timespan=10 HTTP/1.1" 200 2742 "https://cyber.ltfe.org/" "Mozilla/5.0 (Windows NT 10.0; Win64; x64) AppleWebKit/537.36 (KHTML, like Gecko) Chrome/134.0.0.0 Safari/537.36 Edg/134.0.0.0"
193.189.185.113 - - [11/Mar/2025:07:51:37 +0000] "GET /api-web/v1/chart_data?timespan=10 HTTP/1.1" 200 2742 "https://cyber.ltfe.org/" "Mozilla/5.0 (Windows NT 10.0; Win64; x64) AppleWebKit/537.36 (KHTML, like Gecko) Chrome/134.0.0.0 Safari/537.36 Edg/134.0.0.0"
193.189.185.113 - - [11/Mar/2025:07:52:37 +0000] "GET /api-web/v1/chart_data?timespan=10 HTTP/1.1" 200 2742 "https://cyber.ltfe.org/" "Mozilla/5.0 (Windows NT 10.0; Win64; x64) AppleWebKit/537.36 (KHTML, like Gecko) Chrome/134.0.0.0 Safari/537.36 Edg/134.0.0.0"
193.189.185.113 - - [11/Mar/2025:07:53:37 +0000] "GET /api-web/v1/chart_data?timespan=10 HTTP/1.1" 200 2742 "https://cyber.ltfe.org/" "Mozilla/5.0 (Windows NT 10.0; Win64; x64) AppleWebKit/537.36 (KHTML, like Gecko) Chrome/134.0.0.0 Safari/537.36 Edg/134.0.0.0"
193.189.185.113 - - [11/Mar/2025:07:54:37 +0000] "GET /api-web/v1/chart_data?timespan=10 HTTP/1.1" 200 2742 "https://cyber.ltfe.org/" "Mozilla/5.0 (Windows NT 10.0; Win64; x64) AppleWebKit/537.36 (KHTML, like Gecko) Chrome/134.0.0.0 Safari/537.36 Edg/134.0.0.0"
193.189.185.113 - - [11/Mar/2025:07:54:44 +0000] "GET /api-web/v1/traffic?timespan=10 HTTP/1.1" 200 26339 "https://cyber.ltfe.org/" "Mozilla/5.0 (Windows NT 10.0; Win64; x64) AppleWebKit/537.36 (KHTML, like Gecko) Chrome/134.0.0.0 Safari/537.36 Edg/134.0.0.0"
193.189.185.113 - - [11/Mar/2025:07:54:44 +0000] "GET /api-web/v1/traffic?timespan=10 HTTP/1.1" 200 26339 "https://cyber.ltfe.org/" "Mozilla/5.0 (Windows NT 10.0; Win64; x64) AppleWebKit/537.36 (KHTML, like Gecko) Chrome/134.0.0.0 Safari/537.36 Edg/134.0.0.0"
193.189.185.113 - - [11/Mar/2025:07:55:37 +0000] "GET /api-web/v1/chart_data?timespan=10 HTTP/1.1" 200 2742 "https://cyber.ltfe.org/" "Mozilla/5.0 (Windows NT 10.0; Win64; x64) AppleWebKit/537.36 (KHTML, like Gecko) Chrome/134.0.0.0 Safari/537.36 Edg/134.0.0.0"
193.189.185.113 - - [11/Mar/2025:07:56:37 +0000] "GET /api-web/v1/chart_data?timespan=10 HTTP/1.1" 200 2742 "https://cyber.ltfe.org/" "Mozilla/5.0 (Windows NT 10.0; Win64; x64) AppleWebKit/537.36 (KHTML, like Gecko) Chrome/134.0.0.0 Safari/537.36 Edg/134.0.0.0"
