10.0.5.141 - - [11/Mar/2025:11:24:26 +0000] "GET /img/earth-night-resized.3dce4089.jpg HTTP/1.1" 200 3661689 "https://cyber.ltfe.org/" "Mozilla/5.0 (Windows NT 10.0; Win64; x64) AppleWebKit/537.36 (KHTML, like Gecko) Chrome/134.0.0.0 Safari/537.36 Edg/134.0.0.0"
10.0.5.141 - - [11/Mar/2025:11:24:26 +0000] "GET /api-web/v1/counter_data HTTP/1.1" 200 125 "https://cyber.ltfe.org/" "Mozilla/5.0 (Windows NT 10.0; Win64; x64) AppleWebKit/537.36 (KHTML, like Gecko) Chrome/134.0.0.0 Safari/537.36 Edg/134.0.0.0"
10.0.5.141 - - [11/Mar/2025:11:24:28 +0000] "GET /favicons/site.webmanifest HTTP/1.1" 200 452 "https://cyber.ltfe.org/" "Mozilla/5.0 (Windows NT 10.0; Win64; x64) AppleWebKit/537.36 (KHTML, like Gecko) Chrome/134.0.0.0 Safari/537.36 Edg/134.0.0.0"
10.0.5.141 - - [11/Mar/2025:11:24:30 +0000] "GET /api-web/v1/counter_data HTTP/1.1" 200 125 "https://cyber.ltfe.org/" "Mozilla/5.0 (Windows NT 10.0; Win64; x64) AppleWebKit/537.36 (KHTML, like Gecko) Chrome/134.0.0.0 Safari/537.36 Edg/134.0.0.0"
10.0.5.141 - - [11/Mar/2025:11:24:30 +0000] "GET /img/cyber-logo.c24a1e46.svg HTTP/1.1" 200 24197 "https://cyber.ltfe.org/" "Mozilla/5.0 (Windows NT 10.0; Win64; x64) AppleWebKit/537.36 (KHTML, like Gecko) Chrome/134.0.0.0 Safari/537.36 Edg/134.0.0.0"
10.0.5.141 - - [11/Mar/2025:11:24:30 +0000] "GET /fonts/fa-solid-900.8e1ed89b.woff2 HTTP/1.1" 200 80300 "https://cyber.ltfe.org/css/chunk-vendors.77e64f29.css" "Mozilla/5.0 (Windows NT 10.0; Win64; x64) AppleWebKit/537.36 (KHTML, like Gecko) Chrome/134.0.0.0 Safari/537.36 Edg/134.0.0.0"
10.0.5.141 - - [11/Mar/2025:11:24:30 +0000] "GET /fonts/fa-brands-400.f075c50f.woff2 HTTP/1.1" 200 78460 "https://cyber.ltfe.org/css/chunk-vendors.77e64f29.css" "Mozilla/5.0 (Windows NT 10.0; Win64; x64) AppleWebKit/537.36 (KHTML, like Gecko) Chrome/134.0.0.0 Safari/537.36 Edg/134.0.0.0"
10.0.5.141 - - [11/Mar/2025:11:24:32 +0000] "GET /api-web/v1/traffic?timespan=60 HTTP/1.1" 200 85552 "https://cyber.ltfe.org/" "Mozilla/5.0 (Windows NT 10.0; Win64; x64) AppleWebKit/537.36 (KHTML, like Gecko) Chrome/134.0.0.0 Safari/537.36 Edg/134.0.0.0"
10.0.5.141 - - [11/Mar/2025:11:24:33 +0000] "GET /api-web/v1/chart_data?timespan=60 HTTP/1.1" 200 2658 "https://cyber.ltfe.org/" "Mozilla/5.0 (Windows NT 10.0; Win64; x64) AppleWebKit/537.36 (KHTML, like Gecko) Chrome/134.0.0.0 Safari/537.36 Edg/134.0.0.0"
193.189.185.113 - - [11/Mar/2025:11:24:52 +0000] "GET /api-web/v1/chart_data?timespan=10 HTTP/1.1" 200 2507 "https://cyber.ltfe.org/" "Mozilla/5.0 (Windows NT 10.0; Win64; x64) AppleWebKit/537.36 (KHTML, like Gecko) Chrome/134.0.0.0 Safari/537.36 Edg/134.0.0.0"
193.189.185.113 - - [11/Mar/2025:11:25:32 +0000] "GET /api-web/v1/traffic?timespan=10 HTTP/1.1" 200 28115 "https://cyber.ltfe.org/" "Mozilla/5.0 (Windows NT 10.0; Win64; x64) AppleWebKit/537.36 (KHTML, like Gecko) Chrome/134.0.0.0 Safari/537.36 Edg/134.0.0.0"
193.189.185.113 - - [11/Mar/2025:11:25:32 +0000] "GET /api-web/v1/traffic?timespan=10 HTTP/1.1" 200 28115 "https://cyber.ltfe.org/" "Mozilla/5.0 (Windows NT 10.0; Win64; x64) AppleWebKit/537.36 (KHTML, like Gecko) Chrome/134.0.0.0 Safari/537.36 Edg/134.0.0.0"
10.0.5.141 - - [11/Mar/2025:11:25:33 +0000] "GET /api-web/v1/chart_data?timespan=60 HTTP/1.1" 200 2658 "https://cyber.ltfe.org/" "Mozilla/5.0 (Windows NT 10.0; Win64; x64) AppleWebKit/537.36 (KHTML, like Gecko) Chrome/134.0.0.0 Safari/537.36 Edg/134.0.0.0"
193.189.185.113 - - [11/Mar/2025:11:25:52 +0000] "GET /api-web/v1/chart_data?timespan=10 HTTP/1.1" 200 2506 "https://cyber.ltfe.org/" "Mozilla/5.0 (Windows NT 10.0; Win64; x64) AppleWebKit/537.36 (KHTML, like Gecko) Chrome/134.0.0.0 Safari/537.36 Edg/134.0.0.0"
10.0.5.141 - - [11/Mar/2025:11:26:34 +0000] "GET /api-web/v1/chart_data?timespan=60 HTTP/1.1" 200 2658 "https://cyber.ltfe.org/" "Mozilla/5.0 (Windows NT 10.0; Win64; x64) AppleWebKit/537.36 (KHTML, like Gecko) Chrome/134.0.0.0 Safari/537.36 Edg/134.0.0.0"
193.189.185.113 - - [11/Mar/2025:11:26:52 +0000] "GET /api-web/v1/chart_data?timespan=10 HTTP/1.1" 200 2506 "https://cyber.ltfe.org/" "Mozilla/5.0 (Windows NT 10.0; Win64; x64) AppleWebKit/537.36 (KHTML, like Gecko) Chrome/134.0.0.0 Safari/537.36 Edg/134.0.0.0"
10.0.5.141 - - [11/Mar/2025:11:27:35 +0000] "GET /api-web/v1/chart_data?timespan=60 HTTP/1.1" 200 2657 "https://cyber.ltfe.org/" "Mozilla/5.0 (Windows NT 10.0; Win64; x64) AppleWebKit/537.36 (KHTML, like Gecko) Chrome/134.0.0.0 Safari/537.36 Edg/134.0.0.0"
193.189.185.113 - - [11/Mar/2025:11:27:52 +0000] "GET /api-web/v1/chart_data?timespan=10 HTTP/1.1" 200 2506 "https://cyber.ltfe.org/" "Mozilla/5.0 (Windows NT 10.0; Win64; x64) AppleWebKit/537.36 (KHTML, like Gecko) Chrome/134.0.0.0 Safari/537.36 Edg/134.0.0.0"
10.0.5.141 - - [11/Mar/2025:11:28:36 +0000] "GET /api-web/v1/chart_data?timespan=60 HTTP/1.1" 200 2657 "https://cyber.ltfe.org/" "Mozilla/5.0 (Windows NT 10.0; Win64; x64) AppleWebKit/537.36 (KHTML, like Gecko) Chrome/134.0.0.0 Safari/537.36 Edg/134.0.0.0"
193.189.185.113 - - [11/Mar/2025:11:28:52 +0000] "GET /api-web/v1/chart_data?timespan=10 HTTP/1.1" 200 2506 "https://cyber.ltfe.org/" "Mozilla/5.0 (Windows NT 10.0; Win64; x64) AppleWebKit/537.36 (KHTML, like Gecko) Chrome/134.0.0.0 Safari/537.36 Edg/134.0.0.0"
193.189.185.113 - - [11/Mar/2025:11:29:52 +0000] "GET /api-web/v1/chart_data?timespan=10 HTTP/1.1" 200 2506 "https://cyber.ltfe.org/" "Mozilla/5.0 (Windows NT 10.0; Win64; x64) AppleWebKit/537.36 (KHTML, like Gecko) Chrome/134.0.0.0 Safari/537.36 Edg/134.0.0.0"
193.189.185.113 - - [11/Mar/2025:11:30:34 +0000] "GET /api-web/v1/traffic?timespan=10 HTTP/1.1" 200 23578 "https://cyber.ltfe.org/" "Mozilla/5.0 (Windows NT 10.0; Win64; x64) AppleWebKit/537.36 (KHTML, like Gecko) Chrome/134.0.0.0 Safari/537.36 Edg/134.0.0.0"
193.189.185.113 - - [11/Mar/2025:11:30:34 +0000] "GET /api-web/v1/traffic?timespan=10 HTTP/1.1" 200 23578 "https://cyber.ltfe.org/" "Mozilla/5.0 (Windows NT 10.0; Win64; x64) AppleWebKit/537.36 (KHTML, like Gecko) Chrome/134.0.0.0 Safari/537.36 Edg/134.0.0.0"
10.0.5.141 - - [11/Mar/2025:11:30:38 +0000] "GET /api-web/v1/chart_data?timespan=60 HTTP/1.1" 200 2657 "https://cyber.ltfe.org/" "Mozilla/5.0 (Windows NT 10.0; Win64; x64) AppleWebKit/537.36 (KHTML, like Gecko) Chrome/134.0.0.0 Safari/537.36 Edg/134.0.0.0"
10.0.5.141 - - [11/Mar/2025:11:30:44 +0000] "GET /api-web/v1/traffic?timespan=60 HTTP/1.1" 200 82718 "https://cyber.ltfe.org/" "Mozilla/5.0 (Windows NT 10.0; Win64; x64) AppleWebKit/537.36 (KHTML, like Gecko) Chrome/134.0.0.0 Safari/537.36 Edg/134.0.0.0"
117.213.89.0 - - [11/Mar/2025:11:30:47 +0000] "POST /HNAP1/ HTTP/1.0" 404 48 "-" "-"
193.189.185.113 - - [11/Mar/2025:11:30:52 +0000] "GET /api-web/v1/chart_data?timespan=10 HTTP/1.1" 200 2506 "https://cyber.ltfe.org/" "Mozilla/5.0 (Windows NT 10.0; Win64; x64) AppleWebKit/537.36 (KHTML, like Gecko) Chrome/134.0.0.0 Safari/537.36 Edg/134.0.0.0"
10.0.5.141 - - [11/Mar/2025:11:31:39 +0000] "GET /api-web/v1/chart_data?timespan=60 HTTP/1.1" 200 2657 "https://cyber.ltfe.org/" "Mozilla/5.0 (Windows NT 10.0; Win64; x64) AppleWebKit/537.36 (KHTML, like Gecko) Chrome/134.0.0.0 Safari/537.36 Edg/134.0.0.0"
193.189.185.113 - - [11/Mar/2025:11:31:52 +0000] "GET /api-web/v1/chart_data?timespan=10 HTTP/1.1" 200 2506 "https://cyber.ltfe.org/" "Mozilla/5.0 (Windows NT 10.0; Win64; x64) AppleWebKit/537.36 (KHTML, like Gecko) Chrome/134.0.0.0 Safari/537.36 Edg/134.0.0.0"
10.0.5.141 - - [11/Mar/2025:11:32:40 +0000] "GET /api-web/v1/chart_data?timespan=60 HTTP/1.1" 200 2657 "https://cyber.ltfe.org/" "Mozilla/5.0 (Windows NT 10.0; Win64; x64) AppleWebKit/537.36 (KHTML, like Gecko) Chrome/134.0.0.0 Safari/537.36 Edg/134.0.0.0"
193.189.185.113 - - [11/Mar/2025:11:32:52 +0000] "GET /api-web/v1/chart_data?timespan=10 HTTP/1.1" 200 2506 "https://cyber.ltfe.org/" "Mozilla/5.0 (Windows NT 10.0; Win64; x64) AppleWebKit/537.36 (KHTML, like Gecko) Chrome/134.0.0.0 Safari/537.36 Edg/134.0.0.0"
10.0.5.141 - - [11/Mar/2025:11:33:41 +0000] "GET /api-web/v1/chart_data?timespan=60 HTTP/1.1" 200 2657 "https://cyber.ltfe.org/" "Mozilla/5.0 (Windows NT 10.0; Win64; x64) AppleWebKit/537.36 (KHTML, like Gecko) Chrome/134.0.0.0 Safari/537.36 Edg/134.0.0.0"
193.189.185.113 - - [11/Mar/2025:11:33:52 +0000] "GET /api-web/v1/chart_data?timespan=10 HTTP/1.1" 200 2506 "https://cyber.ltfe.org/" "Mozilla/5.0 (Windows NT 10.0; Win64; x64) AppleWebKit/537.36 (KHTML, like Gecko) Chrome/134.0.0.0 Safari/537.36 Edg/134.0.0.0"
193.189.185.113 - - [11/Mar/2025:11:34:53 +0000] "GET /api-web/v1/chart_data?timespan=10 HTTP/1.1" 200 2559 "https://cyber.ltfe.org/" "Mozilla/5.0 (Windows NT 10.0; Win64; x64) AppleWebKit/537.36 (KHTML, like Gecko) Chrome/134.0.0.0 Safari/537.36 Edg/134.0.0.0"
193.189.185.113 - - [11/Mar/2025:11:35:35 +0000] "GET /api-web/v1/traffic?timespan=10 HTTP/1.1" 200 28122 "https://cyber.ltfe.org/" "Mozilla/5.0 (Windows NT 10.0; Win64; x64) AppleWebKit/537.36 (KHTML, like Gecko) Chrome/134.0.0.0 Safari/537.36 Edg/134.0.0.0"
193.189.185.113 - - [11/Mar/2025:11:35:35 +0000] "GET /api-web/v1/traffic?timespan=10 HTTP/1.1" 200 28122 "https://cyber.ltfe.org/" "Mozilla/5.0 (Windows NT 10.0; Win64; x64) AppleWebKit/537.36 (KHTML, like Gecko) Chrome/134.0.0.0 Safari/537.36 Edg/134.0.0.0"
193.189.185.113 - - [11/Mar/2025:11:35:53 +0000] "GET /api-web/v1/chart_data?timespan=10 HTTP/1.1" 200 2559 "https://cyber.ltfe.org/" "Mozilla/5.0 (Windows NT 10.0; Win64; x64) AppleWebKit/537.36 (KHTML, like Gecko) Chrome/134.0.0.0 Safari/537.36 Edg/134.0.0.0"
193.189.185.113 - - [11/Mar/2025:11:36:53 +0000] "GET /api-web/v1/chart_data?timespan=10 HTTP/1.1" 200 2559 "https://cyber.ltfe.org/" "Mozilla/5.0 (Windows NT 10.0; Win64; x64) AppleWebKit/537.36 (KHTML, like Gecko) Chrome/134.0.0.0 Safari/537.36 Edg/134.0.0.0"
193.189.185.113 - - [11/Mar/2025:11:37:53 +0000] "GET /api-web/v1/chart_data?timespan=10 HTTP/1.1" 200 2558 "https://cyber.ltfe.org/" "Mozilla/5.0 (Windows NT 10.0; Win64; x64) AppleWebKit/537.36 (KHTML, like Gecko) Chrome/134.0.0.0 Safari/537.36 Edg/134.0.0.0"
193.189.185.113 - - [11/Mar/2025:11:38:53 +0000] "GET /api-web/v1/chart_data?timespan=10 HTTP/1.1" 200 2558 "https://cyber.ltfe.org/" "Mozilla/5.0 (Windows NT 10.0; Win64; x64) AppleWebKit/537.36 (KHTML, like Gecko) Chrome/134.0.0.0 Safari/537.36 Edg/134.0.0.0"
124.221.247.200 - - [11/Mar/2025:11:39:23 +0000] "GET / HTTP/1.1" 301 134 "-" "Mozilla/5.0 (Linux; Android 10; LIO-AN00 Build/HUAWEILIO-AN00; wv) MicroMessenger Weixin QQ AppleWebKit/537.36 (KHTML, like Gecko) Version/4.0 Chrome/78.0.3904.62 XWEB/2692 MMWEBSDK/200901 Mobile Safari/537.36"
124.221.247.200 - - [11/Mar/2025:11:39:39 +0000] "GET / HTTP/1.1" 301 134 "-" "Mozilla/5.0 (Linux; Android 10; LIO-AN00 Build/HUAWEILIO-AN00; wv) MicroMessenger Weixin QQ AppleWebKit/537.36 (KHTML, like Gecko) Version/4.0 Chrome/78.0.3904.62 XWEB/2692 MMWEBSDK/200901 Mobile Safari/537.36"
124.221.247.200 - - [11/Mar/2025:11:39:47 +0000] "GET / HTTP/1.1" 200 1018 "http://cyber.ltfe.org" "Mozilla/5.0 (Linux; Android 10; LIO-AN00 Build/HUAWEILIO-AN00; wv) MicroMessenger Weixin QQ AppleWebKit/537.36 (KHTML, like Gecko) Version/4.0 Chrome/78.0.3904.62 XWEB/2692 MMWEBSDK/200901 Mobile Safari/537.36"
193.189.185.113 - - [11/Mar/2025:11:39:53 +0000] "GET /api-web/v1/chart_data?timespan=10 HTTP/1.1" 200 2558 "https://cyber.ltfe.org/" "Mozilla/5.0 (Windows NT 10.0; Win64; x64) AppleWebKit/537.36 (KHTML, like Gecko) Chrome/134.0.0.0 Safari/537.36 Edg/134.0.0.0"
193.189.185.113 - - [11/Mar/2025:11:40:36 +0000] "GET /api-web/v1/traffic?timespan=10 HTTP/1.1" 200 25306 "https://cyber.ltfe.org/" "Mozilla/5.0 (Windows NT 10.0; Win64; x64) AppleWebKit/537.36 (KHTML, like Gecko) Chrome/134.0.0.0 Safari/537.36 Edg/134.0.0.0"
193.189.185.113 - - [11/Mar/2025:11:40:36 +0000] "GET /api-web/v1/traffic?timespan=10 HTTP/1.1" 200 25306 "https://cyber.ltfe.org/" "Mozilla/5.0 (Windows NT 10.0; Win64; x64) AppleWebKit/537.36 (KHTML, like Gecko) Chrome/134.0.0.0 Safari/537.36 Edg/134.0.0.0"
193.189.185.113 - - [11/Mar/2025:11:40:53 +0000] "GET /api-web/v1/chart_data?timespan=10 HTTP/1.1" 200 2558 "https://cyber.ltfe.org/" "Mozilla/5.0 (Windows NT 10.0; Win64; x64) AppleWebKit/537.36 (KHTML, like Gecko) Chrome/134.0.0.0 Safari/537.36 Edg/134.0.0.0"
185.224.128.70 - - [11/Mar/2025:11:41:50 +0000] "GET / HTTP/1.1" 404 48 "-" "Mozilla/5.0 (Windows NT 10.0; Win64; x64) AppleWebKit/537.36 (KHTML, like Gecko) Chrome/106.0.0.0 Safari/537.36"
193.189.185.113 - - [11/Mar/2025:11:41:53 +0000] "GET /api-web/v1/chart_data?timespan=10 HTTP/1.1" 200 2558 "https://cyber.ltfe.org/" "Mozilla/5.0 (Windows NT 10.0; Win64; x64) AppleWebKit/537.36 (KHTML, like Gecko) Chrome/134.0.0.0 Safari/537.36 Edg/134.0.0.0"
124.221.247.200 - - [11/Mar/2025:11:42:42 +0000] "GET / HTTP/1.1" 301 134 "-" "Mozilla/5.0 (Linux; Android 10; LIO-AN00 Build/HUAWEILIO-AN00; wv) MicroMessenger Weixin QQ AppleWebKit/537.36 (KHTML, like Gecko) Version/4.0 Chrome/78.0.3904.62 XWEB/2692 MMWEBSDK/200901 Mobile Safari/537.36"
193.189.185.113 - - [11/Mar/2025:11:42:53 +0000] "GET /api-web/v1/chart_data?timespan=10 HTTP/1.1" 200 2558 "https://cyber.ltfe.org/" "Mozilla/5.0 (Windows NT 10.0; Win64; x64) AppleWebKit/537.36 (KHTML, like Gecko) Chrome/134.0.0.0 Safari/537.36 Edg/134.0.0.0"
124.221.247.200 - - [11/Mar/2025:11:43:01 +0000] "GET / HTTP/1.1" 301 134 "-" "Mozilla/5.0 (Linux; Android 10; LIO-AN00 Build/HUAWEILIO-AN00; wv) MicroMessenger Weixin QQ AppleWebKit/537.36 (KHTML, like Gecko) Version/4.0 Chrome/78.0.3904.62 XWEB/2692 MMWEBSDK/200901 Mobile Safari/537.36"
124.221.247.200 - - [11/Mar/2025:11:43:08 +0000] "GET / HTTP/1.1" 200 1018 "http://cyber.ltfe.org" "Mozilla/5.0 (Linux; Android 10; LIO-AN00 Build/HUAWEILIO-AN00; wv) MicroMessenger Weixin QQ AppleWebKit/537.36 (KHTML, like Gecko) Version/4.0 Chrome/78.0.3904.62 XWEB/2692 MMWEBSDK/200901 Mobile Safari/537.36"
124.221.247.200 - - [11/Mar/2025:11:43:22 +0000] "GET / HTTP/1.1" 301 134 "-" "Mozilla/5.0 (Linux; Android 10; LIO-AN00 Build/HUAWEILIO-AN00; wv) MicroMessenger Weixin QQ AppleWebKit/537.36 (KHTML, like Gecko) Version/4.0 Chrome/78.0.3904.62 XWEB/2692 MMWEBSDK/200901 Mobile Safari/537.36"
124.221.247.200 - - [11/Mar/2025:11:43:46 +0000] "GET / HTTP/1.1" 200 1018 "-" "Mozilla/5.0 (Linux; Android 10; LIO-AN00 Build/HUAWEILIO-AN00; wv) MicroMessenger Weixin QQ AppleWebKit/537.36 (KHTML, like Gecko) Version/4.0 Chrome/78.0.3904.62 XWEB/2692 MMWEBSDK/200901 Mobile Safari/537.36"
193.189.185.113 - - [11/Mar/2025:11:43:53 +0000] "GET /api-web/v1/chart_data?timespan=10 HTTP/1.1" 200 2558 "https://cyber.ltfe.org/" "Mozilla/5.0 (Windows NT 10.0; Win64; x64) AppleWebKit/537.36 (KHTML, like Gecko) Chrome/134.0.0.0 Safari/537.36 Edg/134.0.0.0"
124.221.247.200 - - [11/Mar/2025:11:44:05 +0000] "GET / HTTP/1.1" 200 1018 "-" "Mozilla/5.0 (Linux; Android 10; LIO-AN00 Build/HUAWEILIO-AN00; wv) MicroMessenger Weixin QQ AppleWebKit/537.36 (KHTML, like Gecko) Version/4.0 Chrome/78.0.3904.62 XWEB/2692 MMWEBSDK/200901 Mobile Safari/537.36"
193.189.185.113 - - [11/Mar/2025:11:44:53 +0000] "GET /api-web/v1/chart_data?timespan=10 HTTP/1.1" 200 2558 "https://cyber.ltfe.org/" "Mozilla/5.0 (Windows NT 10.0; Win64; x64) AppleWebKit/537.36 (KHTML, like Gecko) Chrome/134.0.0.0 Safari/537.36 Edg/134.0.0.0"
193.189.185.113 - - [11/Mar/2025:11:45:37 +0000] "GET /api-web/v1/traffic?timespan=10 HTTP/1.1" 200 26694 "https://cyber.ltfe.org/" "Mozilla/5.0 (Windows NT 10.0; Win64; x64) AppleWebKit/537.36 (KHTML, like Gecko) Chrome/134.0.0.0 Safari/537.36 Edg/134.0.0.0"
193.189.185.113 - - [11/Mar/2025:11:45:37 +0000] "GET /api-web/v1/traffic?timespan=10 HTTP/1.1" 200 26694 "https://cyber.ltfe.org/" "Mozilla/5.0 (Windows NT 10.0; Win64; x64) AppleWebKit/537.36 (KHTML, like Gecko) Chrome/134.0.0.0 Safari/537.36 Edg/134.0.0.0"
193.189.185.113 - - [11/Mar/2025:11:45:53 +0000] "GET /api-web/v1/chart_data?timespan=10 HTTP/1.1" 200 2558 "https://cyber.ltfe.org/" "Mozilla/5.0 (Windows NT 10.0; Win64; x64) AppleWebKit/537.36 (KHTML, like Gecko) Chrome/134.0.0.0 Safari/537.36 Edg/134.0.0.0"
193.189.185.113 - - [11/Mar/2025:11:46:54 +0000] "GET /api-web/v1/chart_data?timespan=10 HTTP/1.1" 200 2625 "https://cyber.ltfe.org/" "Mozilla/5.0 (Windows NT 10.0; Win64; x64) AppleWebKit/537.36 (KHTML, like Gecko) Chrome/134.0.0.0 Safari/537.36 Edg/134.0.0.0"
185.224.128.70 - - [11/Mar/2025:11:47:36 +0000] "GET / HTTP/1.1" 404 48 "-" "Mozilla/5.0 (Windows NT 10.0; Win64; x64) AppleWebKit/537.36 (KHTML, like Gecko) Chrome/106.0.0.0 Safari/537.36"
193.189.185.113 - - [11/Mar/2025:11:47:54 +0000] "GET /api-web/v1/chart_data?timespan=10 HTTP/1.1" 200 2625 "https://cyber.ltfe.org/" "Mozilla/5.0 (Windows NT 10.0; Win64; x64) AppleWebKit/537.36 (KHTML, like Gecko) Chrome/134.0.0.0 Safari/537.36 Edg/134.0.0.0"
193.189.185.113 - - [11/Mar/2025:11:48:54 +0000] "GET /api-web/v1/chart_data?timespan=10 HTTP/1.1" 200 2625 "https://cyber.ltfe.org/" "Mozilla/5.0 (Windows NT 10.0; Win64; x64) AppleWebKit/537.36 (KHTML, like Gecko) Chrome/134.0.0.0 Safari/537.36 Edg/134.0.0.0"
193.189.185.113 - - [11/Mar/2025:11:49:54 +0000] "GET /api-web/v1/chart_data?timespan=10 HTTP/1.1" 200 2624 "https://cyber.ltfe.org/" "Mozilla/5.0 (Windows NT 10.0; Win64; x64) AppleWebKit/537.36 (KHTML, like Gecko) Chrome/134.0.0.0 Safari/537.36 Edg/134.0.0.0"
193.189.185.113 - - [11/Mar/2025:11:50:38 +0000] "GET /api-web/v1/traffic?timespan=10 HTTP/1.1" 200 28120 "https://cyber.ltfe.org/" "Mozilla/5.0 (Windows NT 10.0; Win64; x64) AppleWebKit/537.36 (KHTML, like Gecko) Chrome/134.0.0.0 Safari/537.36 Edg/134.0.0.0"
193.189.185.113 - - [11/Mar/2025:11:50:38 +0000] "GET /api-web/v1/traffic?timespan=10 HTTP/1.1" 200 28120 "https://cyber.ltfe.org/" "Mozilla/5.0 (Windows NT 10.0; Win64; x64) AppleWebKit/537.36 (KHTML, like Gecko) Chrome/134.0.0.0 Safari/537.36 Edg/134.0.0.0"
193.189.185.113 - - [11/Mar/2025:11:50:54 +0000] "GET /api-web/v1/chart_data?timespan=10 HTTP/1.1" 200 2624 "https://cyber.ltfe.org/" "Mozilla/5.0 (Windows NT 10.0; Win64; x64) AppleWebKit/537.36 (KHTML, like Gecko) Chrome/134.0.0.0 Safari/537.36 Edg/134.0.0.0"
193.189.185.113 - - [11/Mar/2025:11:51:54 +0000] "GET /api-web/v1/chart_data?timespan=10 HTTP/1.1" 200 2624 "https://cyber.ltfe.org/" "Mozilla/5.0 (Windows NT 10.0; Win64; x64) AppleWebKit/537.36 (KHTML, like Gecko) Chrome/134.0.0.0 Safari/537.36 Edg/134.0.0.0"
193.189.185.113 - - [11/Mar/2025:11:52:54 +0000] "GET /api-web/v1/chart_data?timespan=10 HTTP/1.1" 200 2624 "https://cyber.ltfe.org/" "Mozilla/5.0 (Windows NT 10.0; Win64; x64) AppleWebKit/537.36 (KHTML, like Gecko) Chrome/134.0.0.0 Safari/537.36 Edg/134.0.0.0"
193.189.185.113 - - [11/Mar/2025:11:53:54 +0000] "GET /api-web/v1/chart_data?timespan=10 HTTP/1.1" 200 2624 "https://cyber.ltfe.org/" "Mozilla/5.0 (Windows NT 10.0; Win64; x64) AppleWebKit/537.36 (KHTML, like Gecko) Chrome/134.0.0.0 Safari/537.36 Edg/134.0.0.0"
193.189.185.113 - - [11/Mar/2025:11:54:54 +0000] "GET /api-web/v1/chart_data?timespan=10 HTTP/1.1" 200 2624 "https://cyber.ltfe.org/" "Mozilla/5.0 (Windows NT 10.0; Win64; x64) AppleWebKit/537.36 (KHTML, like Gecko) Chrome/134.0.0.0 Safari/537.36 Edg/134.0.0.0"
193.189.185.113 - - [11/Mar/2025:11:55:39 +0000] "GET /api-web/v1/traffic?timespan=10 HTTP/1.1" 200 26861 "https://cyber.ltfe.org/" "Mozilla/5.0 (Windows NT 10.0; Win64; x64) AppleWebKit/537.36 (KHTML, like Gecko) Chrome/134.0.0.0 Safari/537.36 Edg/134.0.0.0"
193.189.185.113 - - [11/Mar/2025:11:55:39 +0000] "GET /api-web/v1/traffic?timespan=10 HTTP/1.1" 200 26861 "https://cyber.ltfe.org/" "Mozilla/5.0 (Windows NT 10.0; Win64; x64) AppleWebKit/537.36 (KHTML, like Gecko) Chrome/134.0.0.0 Safari/537.36 Edg/134.0.0.0"
193.189.185.113 - - [11/Mar/2025:11:55:54 +0000] "GET /api-web/v1/chart_data?timespan=10 HTTP/1.1" 200 2624 "https://cyber.ltfe.org/" "Mozilla/5.0 (Windows NT 10.0; Win64; x64) AppleWebKit/537.36 (KHTML, like Gecko) Chrome/134.0.0.0 Safari/537.36 Edg/134.0.0.0"
211.227.6.83 - - [11/Mar/2025:11:56:32 +0000] "GET / HTTP/1.0" 404 48 "-" "curl/7.88.1"
193.189.185.113 - - [11/Mar/2025:11:56:54 +0000] "GET /api-web/v1/chart_data?timespan=10 HTTP/1.1" 200 2624 "https://cyber.ltfe.org/" "Mozilla/5.0 (Windows NT 10.0; Win64; x64) AppleWebKit/537.36 (KHTML, like Gecko) Chrome/134.0.0.0 Safari/537.36 Edg/134.0.0.0"
193.189.185.113 - - [11/Mar/2025:11:57:54 +0000] "GET /api-web/v1/chart_data?timespan=10 HTTP/1.1" 200 2624 "https://cyber.ltfe.org/" "Mozilla/5.0 (Windows NT 10.0; Win64; x64) AppleWebKit/537.36 (KHTML, like Gecko) Chrome/134.0.0.0 Safari/537.36 Edg/134.0.0.0"
193.189.185.113 - - [11/Mar/2025:11:58:55 +0000] "GET /api-web/v1/chart_data?timespan=10 HTTP/1.1" 200 2599 "https://cyber.ltfe.org/" "Mozilla/5.0 (Windows NT 10.0; Win64; x64) AppleWebKit/537.36 (KHTML, like Gecko) Chrome/134.0.0.0 Safari/537.36 Edg/134.0.0.0"
193.189.185.113 - - [11/Mar/2025:11:59:55 +0000] "GET /api-web/v1/chart_data?timespan=10 HTTP/1.1" 200 2599 "https://cyber.ltfe.org/" "Mozilla/5.0 (Windows NT 10.0; Win64; x64) AppleWebKit/537.36 (KHTML, like Gecko) Chrome/134.0.0.0 Safari/537.36 Edg/134.0.0.0"
193.189.185.113 - - [11/Mar/2025:12:00:40 +0000] "GET /api-web/v1/traffic?timespan=10 HTTP/1.1" 200 25428 "https://cyber.ltfe.org/" "Mozilla/5.0 (Windows NT 10.0; Win64; x64) AppleWebKit/537.36 (KHTML, like Gecko) Chrome/134.0.0.0 Safari/537.36 Edg/134.0.0.0"
193.189.185.113 - - [11/Mar/2025:12:00:40 +0000] "GET /api-web/v1/traffic?timespan=10 HTTP/1.1" 200 25428 "https://cyber.ltfe.org/" "Mozilla/5.0 (Windows NT 10.0; Win64; x64) AppleWebKit/537.36 (KHTML, like Gecko) Chrome/134.0.0.0 Safari/537.36 Edg/134.0.0.0"
193.189.185.113 - - [11/Mar/2025:12:00:55 +0000] "GET /api-web/v1/chart_data?timespan=10 HTTP/1.1" 200 2599 "https://cyber.ltfe.org/" "Mozilla/5.0 (Windows NT 10.0; Win64; x64) AppleWebKit/537.36 (KHTML, like Gecko) Chrome/134.0.0.0 Safari/537.36 Edg/134.0.0.0"
193.189.185.113 - - [11/Mar/2025:12:01:55 +0000] "GET /api-web/v1/chart_data?timespan=10 HTTP/1.1" 200 2598 "https://cyber.ltfe.org/" "Mozilla/5.0 (Windows NT 10.0; Win64; x64) AppleWebKit/537.36 (KHTML, like Gecko) Chrome/134.0.0.0 Safari/537.36 Edg/134.0.0.0"
10.0.5.141 - - [11/Mar/2025:12:02:35 +0000] "GET /api-web/v1/traffic?timespan=60 HTTP/1.1" 200 77948 "https://cyber.ltfe.org/" "Mozilla/5.0 (Macintosh; Intel Mac OS X 10_15_7) AppleWebKit/537.36 (KHTML, like Gecko) Chrome/133.0.0.0 Safari/537.36"
10.0.5.141 - - [11/Mar/2025:12:02:35 +0000] "GET /api-web/v1/chart_data?timespan=60 HTTP/1.1" 200 2686 "https://cyber.ltfe.org/" "Mozilla/5.0 (Macintosh; Intel Mac OS X 10_15_7) AppleWebKit/537.36 (KHTML, like Gecko) Chrome/133.0.0.0 Safari/537.36"
193.189.185.113 - - [11/Mar/2025:12:02:55 +0000] "GET /api-web/v1/chart_data?timespan=10 HTTP/1.1" 200 2598 "https://cyber.ltfe.org/" "Mozilla/5.0 (Windows NT 10.0; Win64; x64) AppleWebKit/537.36 (KHTML, like Gecko) Chrome/134.0.0.0 Safari/537.36 Edg/134.0.0.0"
193.189.185.113 - - [11/Mar/2025:12:03:55 +0000] "GET /api-web/v1/chart_data?timespan=10 HTTP/1.1" 200 2598 "https://cyber.ltfe.org/" "Mozilla/5.0 (Windows NT 10.0; Win64; x64) AppleWebKit/537.36 (KHTML, like Gecko) Chrome/134.0.0.0 Safari/537.36 Edg/134.0.0.0"
193.189.185.113 - - [11/Mar/2025:12:04:55 +0000] "GET /api-web/v1/chart_data?timespan=10 HTTP/1.1" 200 2598 "https://cyber.ltfe.org/" "Mozilla/5.0 (Windows NT 10.0; Win64; x64) AppleWebKit/537.36 (KHTML, like Gecko) Chrome/134.0.0.0 Safari/537.36 Edg/134.0.0.0"
193.189.185.113 - - [11/Mar/2025:12:05:41 +0000] "GET /api-web/v1/traffic?timespan=10 HTTP/1.1" 200 26279 "https://cyber.ltfe.org/" "Mozilla/5.0 (Windows NT 10.0; Win64; x64) AppleWebKit/537.36 (KHTML, like Gecko) Chrome/134.0.0.0 Safari/537.36 Edg/134.0.0.0"
193.189.185.113 - - [11/Mar/2025:12:05:41 +0000] "GET /api-web/v1/traffic?timespan=10 HTTP/1.1" 200 26279 "https://cyber.ltfe.org/" "Mozilla/5.0 (Windows NT 10.0; Win64; x64) AppleWebKit/537.36 (KHTML, like Gecko) Chrome/134.0.0.0 Safari/537.36 Edg/134.0.0.0"
193.189.185.113 - - [11/Mar/2025:12:05:55 +0000] "GET /api-web/v1/chart_data?timespan=10 HTTP/1.1" 200 2598 "https://cyber.ltfe.org/" "Mozilla/5.0 (Windows NT 10.0; Win64; x64) AppleWebKit/537.36 (KHTML, like Gecko) Chrome/134.0.0.0 Safari/537.36 Edg/134.0.0.0"
193.189.185.113 - - [11/Mar/2025:12:06:55 +0000] "GET /api-web/v1/chart_data?timespan=10 HTTP/1.1" 200 2598 "https://cyber.ltfe.org/" "Mozilla/5.0 (Windows NT 10.0; Win64; x64) AppleWebKit/537.36 (KHTML, like Gecko) Chrome/134.0.0.0 Safari/537.36 Edg/134.0.0.0"
193.189.185.113 - - [11/Mar/2025:12:07:55 +0000] "GET /api-web/v1/chart_data?timespan=10 HTTP/1.1" 200 2598 "https://cyber.ltfe.org/" "Mozilla/5.0 (Windows NT 10.0; Win64; x64) AppleWebKit/537.36 (KHTML, like Gecko) Chrome/134.0.0.0 Safari/537.36 Edg/134.0.0.0"
193.189.185.113 - - [11/Mar/2025:12:08:55 +0000] "GET /api-web/v1/chart_data?timespan=10 HTTP/1.1" 200 2598 "https://cyber.ltfe.org/" "Mozilla/5.0 (Windows NT 10.0; Win64; x64) AppleWebKit/537.36 (KHTML, like Gecko) Chrome/134.0.0.0 Safari/537.36 Edg/134.0.0.0"
193.189.185.113 - - [11/Mar/2025:12:09:55 +0000] "GET /api-web/v1/chart_data?timespan=10 HTTP/1.1" 200 2598 "https://cyber.ltfe.org/" "Mozilla/5.0 (Windows NT 10.0; Win64; x64) AppleWebKit/537.36 (KHTML, like Gecko) Chrome/134.0.0.0 Safari/537.36 Edg/134.0.0.0"
193.189.185.113 - - [11/Mar/2025:12:10:42 +0000] "GET /api-web/v1/traffic?timespan=10 HTTP/1.1" 200 25332 "https://cyber.ltfe.org/" "Mozilla/5.0 (Windows NT 10.0; Win64; x64) AppleWebKit/537.36 (KHTML, like Gecko) Chrome/134.0.0.0 Safari/537.36 Edg/134.0.0.0"
193.189.185.113 - - [11/Mar/2025:12:10:42 +0000] "GET /api-web/v1/traffic?timespan=10 HTTP/1.1" 200 25332 "https://cyber.ltfe.org/" "Mozilla/5.0 (Windows NT 10.0; Win64; x64) AppleWebKit/537.36 (KHTML, like Gecko) Chrome/134.0.0.0 Safari/537.36 Edg/134.0.0.0"
193.189.185.113 - - [11/Mar/2025:12:10:56 +0000] "GET /api-web/v1/chart_data?timespan=10 HTTP/1.1" 200 2494 "https://cyber.ltfe.org/" "Mozilla/5.0 (Windows NT 10.0; Win64; x64) AppleWebKit/537.36 (KHTML, like Gecko) Chrome/134.0.0.0 Safari/537.36 Edg/134.0.0.0"
193.189.185.113 - - [11/Mar/2025:12:11:56 +0000] "GET /api-web/v1/chart_data?timespan=10 HTTP/1.1" 200 2494 "https://cyber.ltfe.org/" "Mozilla/5.0 (Windows NT 10.0; Win64; x64) AppleWebKit/537.36 (KHTML, like Gecko) Chrome/134.0.0.0 Safari/537.36 Edg/134.0.0.0"
193.189.185.113 - - [11/Mar/2025:12:12:56 +0000] "GET /api-web/v1/chart_data?timespan=10 HTTP/1.1" 200 2494 "https://cyber.ltfe.org/" "Mozilla/5.0 (Windows NT 10.0; Win64; x64) AppleWebKit/537.36 (KHTML, like Gecko) Chrome/134.0.0.0 Safari/537.36 Edg/134.0.0.0"
193.189.185.113 - - [11/Mar/2025:12:13:56 +0000] "GET /api-web/v1/chart_data?timespan=10 HTTP/1.1" 200 2493 "https://cyber.ltfe.org/" "Mozilla/5.0 (Windows NT 10.0; Win64; x64) AppleWebKit/537.36 (KHTML, like Gecko) Chrome/134.0.0.0 Safari/537.36 Edg/134.0.0.0"
193.189.185.113 - - [11/Mar/2025:12:14:56 +0000] "GET /api-web/v1/chart_data?timespan=10 HTTP/1.1" 200 2493 "https://cyber.ltfe.org/" "Mozilla/5.0 (Windows NT 10.0; Win64; x64) AppleWebKit/537.36 (KHTML, like Gecko) Chrome/134.0.0.0 Safari/537.36 Edg/134.0.0.0"
193.189.185.113 - - [11/Mar/2025:12:15:43 +0000] "GET /api-web/v1/traffic?timespan=10 HTTP/1.1" 200 26112 "https://cyber.ltfe.org/" "Mozilla/5.0 (Windows NT 10.0; Win64; x64) AppleWebKit/537.36 (KHTML, like Gecko) Chrome/134.0.0.0 Safari/537.36 Edg/134.0.0.0"
193.189.185.113 - - [11/Mar/2025:12:15:43 +0000] "GET /api-web/v1/traffic?timespan=10 HTTP/1.1" 200 26112 "https://cyber.ltfe.org/" "Mozilla/5.0 (Windows NT 10.0; Win64; x64) AppleWebKit/537.36 (KHTML, like Gecko) Chrome/134.0.0.0 Safari/537.36 Edg/134.0.0.0"
193.189.185.113 - - [11/Mar/2025:12:15:56 +0000] "GET /api-web/v1/chart_data?timespan=10 HTTP/1.1" 200 2493 "https://cyber.ltfe.org/" "Mozilla/5.0 (Windows NT 10.0; Win64; x64) AppleWebKit/537.36 (KHTML, like Gecko) Chrome/134.0.0.0 Safari/537.36 Edg/134.0.0.0"
193.189.185.113 - - [11/Mar/2025:12:16:56 +0000] "GET /api-web/v1/chart_data?timespan=10 HTTP/1.1" 200 2493 "https://cyber.ltfe.org/" "Mozilla/5.0 (Windows NT 10.0; Win64; x64) AppleWebKit/537.36 (KHTML, like Gecko) Chrome/134.0.0.0 Safari/537.36 Edg/134.0.0.0"
193.189.185.113 - - [11/Mar/2025:12:17:56 +0000] "GET /api-web/v1/chart_data?timespan=10 HTTP/1.1" 200 2493 "https://cyber.ltfe.org/" "Mozilla/5.0 (Windows NT 10.0; Win64; x64) AppleWebKit/537.36 (KHTML, like Gecko) Chrome/134.0.0.0 Safari/537.36 Edg/134.0.0.0"
185.242.226.14 - - [11/Mar/2025:12:17:56 +0000] "GET / HTTP/1.1" 404 48 "-" "Mozilla/5.0 (Windows NT 10.0; Win64; x64) AppleWebKit/537.36 (KHTML, like Gecko) Chrome/88.0.4324.190 Safari/537.36"
193.189.185.113 - - [11/Mar/2025:12:18:56 +0000] "GET /api-web/v1/chart_data?timespan=10 HTTP/1.1" 200 2493 "https://cyber.ltfe.org/" "Mozilla/5.0 (Windows NT 10.0; Win64; x64) AppleWebKit/537.36 (KHTML, like Gecko) Chrome/134.0.0.0 Safari/537.36 Edg/134.0.0.0"
193.189.185.113 - - [11/Mar/2025:12:19:56 +0000] "GET /api-web/v1/chart_data?timespan=10 HTTP/1.1" 200 2493 "https://cyber.ltfe.org/" "Mozilla/5.0 (Windows NT 10.0; Win64; x64) AppleWebKit/537.36 (KHTML, like Gecko) Chrome/134.0.0.0 Safari/537.36 Edg/134.0.0.0"
193.189.185.113 - - [11/Mar/2025:12:20:44 +0000] "GET /api-web/v1/traffic?timespan=10 HTTP/1.1" 200 29889 "https://cyber.ltfe.org/" "Mozilla/5.0 (Windows NT 10.0; Win64; x64) AppleWebKit/537.36 (KHTML, like Gecko) Chrome/134.0.0.0 Safari/537.36 Edg/134.0.0.0"
193.189.185.113 - - [11/Mar/2025:12:20:44 +0000] "GET /api-web/v1/traffic?timespan=10 HTTP/1.1" 200 29889 "https://cyber.ltfe.org/" "Mozilla/5.0 (Windows NT 10.0; Win64; x64) AppleWebKit/537.36 (KHTML, like Gecko) Chrome/134.0.0.0 Safari/537.36 Edg/134.0.0.0"
193.189.185.113 - - [11/Mar/2025:12:20:56 +0000] "GET /api-web/v1/chart_data?timespan=10 HTTP/1.1" 200 2493 "https://cyber.ltfe.org/" "Mozilla/5.0 (Windows NT 10.0; Win64; x64) AppleWebKit/537.36 (KHTML, like Gecko) Chrome/134.0.0.0 Safari/537.36 Edg/134.0.0.0"
193.189.185.113 - - [11/Mar/2025:12:21:56 +0000] "GET /api-web/v1/chart_data?timespan=10 HTTP/1.1" 200 2493 "https://cyber.ltfe.org/" "Mozilla/5.0 (Windows NT 10.0; Win64; x64) AppleWebKit/537.36 (KHTML, like Gecko) Chrome/134.0.0.0 Safari/537.36 Edg/134.0.0.0"
193.189.185.113 - - [11/Mar/2025:12:22:56 +0000] "GET /api-web/v1/chart_data?timespan=10 HTTP/1.1" 200 2998 "https://cyber.ltfe.org/" "Mozilla/5.0 (Windows NT 10.0; Win64; x64) AppleWebKit/537.36 (KHTML, like Gecko) Chrome/134.0.0.0 Safari/537.36 Edg/134.0.0.0"
193.189.185.113 - - [11/Mar/2025:12:23:56 +0000] "GET /api-web/v1/chart_data?timespan=10 HTTP/1.1" 200 2998 "https://cyber.ltfe.org/" "Mozilla/5.0 (Windows NT 10.0; Win64; x64) AppleWebKit/537.36 (KHTML, like Gecko) Chrome/134.0.0.0 Safari/537.36 Edg/134.0.0.0"
193.189.185.113 - - [11/Mar/2025:12:24:56 +0000] "GET /api-web/v1/chart_data?timespan=10 HTTP/1.1" 200 2998 "https://cyber.ltfe.org/" "Mozilla/5.0 (Windows NT 10.0; Win64; x64) AppleWebKit/537.36 (KHTML, like Gecko) Chrome/134.0.0.0 Safari/537.36 Edg/134.0.0.0"
193.189.185.113 - - [11/Mar/2025:12:25:45 +0000] "GET /api-web/v1/traffic?timespan=10 HTTP/1.1" 200 27549 "https://cyber.ltfe.org/" "Mozilla/5.0 (Windows NT 10.0; Win64; x64) AppleWebKit/537.36 (KHTML, like Gecko) Chrome/134.0.0.0 Safari/537.36 Edg/134.0.0.0"
193.189.185.113 - - [11/Mar/2025:12:25:45 +0000] "GET /api-web/v1/traffic?timespan=10 HTTP/1.1" 200 27549 "https://cyber.ltfe.org/" "Mozilla/5.0 (Windows NT 10.0; Win64; x64) AppleWebKit/537.36 (KHTML, like Gecko) Chrome/134.0.0.0 Safari/537.36 Edg/134.0.0.0"
193.189.185.113 - - [11/Mar/2025:12:25:56 +0000] "GET /api-web/v1/chart_data?timespan=10 HTTP/1.1" 200 2997 "https://cyber.ltfe.org/" "Mozilla/5.0 (Windows NT 10.0; Win64; x64) AppleWebKit/537.36 (KHTML, like Gecko) Chrome/134.0.0.0 Safari/537.36 Edg/134.0.0.0"
193.189.185.113 - - [11/Mar/2025:12:26:56 +0000] "GET /api-web/v1/chart_data?timespan=10 HTTP/1.1" 200 2997 "https://cyber.ltfe.org/" "Mozilla/5.0 (Windows NT 10.0; Win64; x64) AppleWebKit/537.36 (KHTML, like Gecko) Chrome/134.0.0.0 Safari/537.36 Edg/134.0.0.0"
193.189.185.113 - - [11/Mar/2025:12:27:56 +0000] "GET /api-web/v1/chart_data?timespan=10 HTTP/1.1" 200 2997 "https://cyber.ltfe.org/" "Mozilla/5.0 (Windows NT 10.0; Win64; x64) AppleWebKit/537.36 (KHTML, like Gecko) Chrome/134.0.0.0 Safari/537.36 Edg/134.0.0.0"
193.189.185.113 - - [11/Mar/2025:12:28:57 +0000] "GET /api-web/v1/chart_data?timespan=10 HTTP/1.1" 200 2997 "https://cyber.ltfe.org/" "Mozilla/5.0 (Windows NT 10.0; Win64; x64) AppleWebKit/537.36 (KHTML, like Gecko) Chrome/134.0.0.0 Safari/537.36 Edg/134.0.0.0"
165.232.98.177 - - [11/Mar/2025:12:29:31 +0000] "GET / HTTP/1.1" 404 48 "-" "Mozilla/5.0 (compatible)"
165.232.98.177 - - [11/Mar/2025:12:29:31 +0000] "GET /favicon.ico HTTP/1.1" 404 48 "http://212.101.140.57/" "Mozilla/5.0 (compatible)"
193.189.185.113 - - [11/Mar/2025:12:29:57 +0000] "GET /api-web/v1/chart_data?timespan=10 HTTP/1.1" 200 2997 "https://cyber.ltfe.org/" "Mozilla/5.0 (Windows NT 10.0; Win64; x64) AppleWebKit/537.36 (KHTML, like Gecko) Chrome/134.0.0.0 Safari/537.36 Edg/134.0.0.0"
193.189.185.113 - - [11/Mar/2025:12:30:46 +0000] "GET /api-web/v1/traffic?timespan=10 HTTP/1.1" 200 25304 "https://cyber.ltfe.org/" "Mozilla/5.0 (Windows NT 10.0; Win64; x64) AppleWebKit/537.36 (KHTML, like Gecko) Chrome/134.0.0.0 Safari/537.36 Edg/134.0.0.0"
193.189.185.113 - - [11/Mar/2025:12:30:46 +0000] "GET /api-web/v1/traffic?timespan=10 HTTP/1.1" 200 25304 "https://cyber.ltfe.org/" "Mozilla/5.0 (Windows NT 10.0; Win64; x64) AppleWebKit/537.36 (KHTML, like Gecko) Chrome/134.0.0.0 Safari/537.36 Edg/134.0.0.0"
193.189.185.113 - - [11/Mar/2025:12:30:57 +0000] "GET /api-web/v1/chart_data?timespan=10 HTTP/1.1" 200 2997 "https://cyber.ltfe.org/" "Mozilla/5.0 (Windows NT 10.0; Win64; x64) AppleWebKit/537.36 (KHTML, like Gecko) Chrome/134.0.0.0 Safari/537.36 Edg/134.0.0.0"
193.189.185.113 - - [11/Mar/2025:12:31:57 +0000] "GET /api-web/v1/chart_data?timespan=10 HTTP/1.1" 200 2997 "https://cyber.ltfe.org/" "Mozilla/5.0 (Windows NT 10.0; Win64; x64) AppleWebKit/537.36 (KHTML, like Gecko) Chrome/134.0.0.0 Safari/537.36 Edg/134.0.0.0"
193.189.185.113 - - [11/Mar/2025:12:32:57 +0000] "GET /api-web/v1/chart_data?timespan=10 HTTP/1.1" 200 2997 "https://cyber.ltfe.org/" "Mozilla/5.0 (Windows NT 10.0; Win64; x64) AppleWebKit/537.36 (KHTML, like Gecko) Chrome/134.0.0.0 Safari/537.36 Edg/134.0.0.0"
10.0.5.141 - - [11/Mar/2025:12:33:08 +0000] "GET /api-web/v1/chart_data?timespan=60 HTTP/1.1" 200 3134 "https://cyber.ltfe.org/" "Mozilla/5.0 (Macintosh; Intel Mac OS X 10_15_7) AppleWebKit/537.36 (KHTML, like Gecko) Chrome/133.0.0.0 Safari/537.36"
193.189.185.113 - - [11/Mar/2025:12:33:57 +0000] "GET /api-web/v1/chart_data?timespan=10 HTTP/1.1" 200 2997 "https://cyber.ltfe.org/" "Mozilla/5.0 (Windows NT 10.0; Win64; x64) AppleWebKit/537.36 (KHTML, like Gecko) Chrome/134.0.0.0 Safari/537.36 Edg/134.0.0.0"
10.0.5.141 - - [11/Mar/2025:12:34:08 +0000] "GET /api-web/v1/chart_data?timespan=60 HTTP/1.1" 200 3134 "https://cyber.ltfe.org/" "Mozilla/5.0 (Windows NT 10.0; Win64; x64) AppleWebKit/537.36 (KHTML, like Gecko) Chrome/134.0.0.0 Safari/537.36 Edg/134.0.0.0"
10.0.5.141 - - [11/Mar/2025:12:34:08 +0000] "GET /api-web/v1/chart_data?timespan=60 HTTP/1.1" 200 3134 "https://cyber.ltfe.org/" "Mozilla/5.0 (Macintosh; Intel Mac OS X 10_15_7) AppleWebKit/537.36 (KHTML, like Gecko) Chrome/133.0.0.0 Safari/537.36"
10.0.5.141 - - [11/Mar/2025:12:34:13 +0000] "GET /api-web/v1/traffic?timespan=60 HTTP/1.1" 200 84116 "https://cyber.ltfe.org/" "Mozilla/5.0 (Windows NT 10.0; Win64; x64) AppleWebKit/537.36 (KHTML, like Gecko) Chrome/134.0.0.0 Safari/537.36 Edg/134.0.0.0"
193.189.185.113 - - [11/Mar/2025:12:34:57 +0000] "GET /api-web/v1/chart_data?timespan=10 HTTP/1.1" 200 2772 "https://cyber.ltfe.org/" "Mozilla/5.0 (Windows NT 10.0; Win64; x64) AppleWebKit/537.36 (KHTML, like Gecko) Chrome/134.0.0.0 Safari/537.36 Edg/134.0.0.0"
10.0.5.141 - - [11/Mar/2025:12:35:08 +0000] "GET /api-web/v1/chart_data?timespan=60 HTTP/1.1" 200 3134 "https://cyber.ltfe.org/" "Mozilla/5.0 (Windows NT 10.0; Win64; x64) AppleWebKit/537.36 (KHTML, like Gecko) Chrome/134.0.0.0 Safari/537.36 Edg/134.0.0.0"
10.0.5.141 - - [11/Mar/2025:12:35:09 +0000] "GET /api-web/v1/chart_data?timespan=60 HTTP/1.1" 200 3134 "https://cyber.ltfe.org/" "Mozilla/5.0 (Macintosh; Intel Mac OS X 10_15_7) AppleWebKit/537.36 (KHTML, like Gecko) Chrome/133.0.0.0 Safari/537.36"
193.189.185.113 - - [11/Mar/2025:12:35:47 +0000] "GET /api-web/v1/traffic?timespan=10 HTTP/1.1" 200 25414 "https://cyber.ltfe.org/" "Mozilla/5.0 (Windows NT 10.0; Win64; x64) AppleWebKit/537.36 (KHTML, like Gecko) Chrome/134.0.0.0 Safari/537.36 Edg/134.0.0.0"
193.189.185.113 - - [11/Mar/2025:12:35:47 +0000] "GET /api-web/v1/traffic?timespan=10 HTTP/1.1" 200 25414 "https://cyber.ltfe.org/" "Mozilla/5.0 (Windows NT 10.0; Win64; x64) AppleWebKit/537.36 (KHTML, like Gecko) Chrome/134.0.0.0 Safari/537.36 Edg/134.0.0.0"
193.189.185.113 - - [11/Mar/2025:12:35:57 +0000] "GET /api-web/v1/chart_data?timespan=10 HTTP/1.1" 200 2772 "https://cyber.ltfe.org/" "Mozilla/5.0 (Windows NT 10.0; Win64; x64) AppleWebKit/537.36 (KHTML, like Gecko) Chrome/134.0.0.0 Safari/537.36 Edg/134.0.0.0"
10.0.5.141 - - [11/Mar/2025:12:36:09 +0000] "GET /api-web/v1/chart_data?timespan=60 HTTP/1.1" 200 3133 "https://cyber.ltfe.org/" "Mozilla/5.0 (Windows NT 10.0; Win64; x64) AppleWebKit/537.36 (KHTML, like Gecko) Chrome/134.0.0.0 Safari/537.36 Edg/134.0.0.0"
10.0.5.141 - - [11/Mar/2025:12:36:10 +0000] "GET /api-web/v1/chart_data?timespan=60 HTTP/1.1" 200 3133 "https://cyber.ltfe.org/" "Mozilla/5.0 (Macintosh; Intel Mac OS X 10_15_7) AppleWebKit/537.36 (KHTML, like Gecko) Chrome/133.0.0.0 Safari/537.36"
193.189.185.113 - - [11/Mar/2025:12:36:57 +0000] "GET /api-web/v1/chart_data?timespan=10 HTTP/1.1" 200 2772 "https://cyber.ltfe.org/" "Mozilla/5.0 (Windows NT 10.0; Win64; x64) AppleWebKit/537.36 (KHTML, like Gecko) Chrome/134.0.0.0 Safari/537.36 Edg/134.0.0.0"
10.0.5.141 - - [11/Mar/2025:12:37:07 +0000] "GET /api-web/v1/traffic?timespan=60 HTTP/1.1" 200 84116 "https://cyber.ltfe.org/" "Mozilla/5.0 (Macintosh; Intel Mac OS X 10_15_7) AppleWebKit/537.36 (KHTML, like Gecko) Chrome/133.0.0.0 Safari/537.36"
10.0.5.141 - - [11/Mar/2025:12:37:10 +0000] "GET /api-web/v1/chart_data?timespan=60 HTTP/1.1" 200 3133 "https://cyber.ltfe.org/" "Mozilla/5.0 (Windows NT 10.0; Win64; x64) AppleWebKit/537.36 (KHTML, like Gecko) Chrome/134.0.0.0 Safari/537.36 Edg/134.0.0.0"
10.0.5.141 - - [11/Mar/2025:12:37:11 +0000] "GET /api-web/v1/chart_data?timespan=60 HTTP/1.1" 200 3133 "https://cyber.ltfe.org/" "Mozilla/5.0 (Macintosh; Intel Mac OS X 10_15_7) AppleWebKit/537.36 (KHTML, like Gecko) Chrome/133.0.0.0 Safari/537.36"
193.189.185.113 - - [11/Mar/2025:12:37:57 +0000] "GET /api-web/v1/chart_data?timespan=10 HTTP/1.1" 200 2771 "https://cyber.ltfe.org/" "Mozilla/5.0 (Windows NT 10.0; Win64; x64) AppleWebKit/537.36 (KHTML, like Gecko) Chrome/134.0.0.0 Safari/537.36 Edg/134.0.0.0"
10.0.5.141 - - [11/Mar/2025:12:38:11 +0000] "GET /api-web/v1/chart_data?timespan=60 HTTP/1.1" 200 3133 "https://cyber.ltfe.org/" "Mozilla/5.0 (Windows NT 10.0; Win64; x64) AppleWebKit/537.36 (KHTML, like Gecko) Chrome/134.0.0.0 Safari/537.36 Edg/134.0.0.0"
10.0.5.141 - - [11/Mar/2025:12:38:12 +0000] "GET /api-web/v1/chart_data?timespan=60 HTTP/1.1" 200 3133 "https://cyber.ltfe.org/" "Mozilla/5.0 (Macintosh; Intel Mac OS X 10_15_7) AppleWebKit/537.36 (KHTML, like Gecko) Chrome/133.0.0.0 Safari/537.36"
193.189.185.113 - - [11/Mar/2025:12:38:57 +0000] "GET /api-web/v1/chart_data?timespan=10 HTTP/1.1" 200 2771 "https://cyber.ltfe.org/" "Mozilla/5.0 (Windows NT 10.0; Win64; x64) AppleWebKit/537.36 (KHTML, like Gecko) Chrome/134.0.0.0 Safari/537.36 Edg/134.0.0.0"
10.0.5.141 - - [11/Mar/2025:12:39:12 +0000] "GET /api-web/v1/chart_data?timespan=60 HTTP/1.1" 200 3133 "https://cyber.ltfe.org/" "Mozilla/5.0 (Windows NT 10.0; Win64; x64) AppleWebKit/537.36 (KHTML, like Gecko) Chrome/134.0.0.0 Safari/537.36 Edg/134.0.0.0"
10.0.5.141 - - [11/Mar/2025:12:39:13 +0000] "GET /api-web/v1/chart_data?timespan=60 HTTP/1.1" 200 3133 "https://cyber.ltfe.org/" "Mozilla/5.0 (Macintosh; Intel Mac OS X 10_15_7) AppleWebKit/537.36 (KHTML, like Gecko) Chrome/133.0.0.0 Safari/537.36"
10.0.5.141 - - [11/Mar/2025:12:39:19 +0000] "GET /api-web/v1/traffic?timespan=60 HTTP/1.1" 200 83599 "https://cyber.ltfe.org/" "Mozilla/5.0 (Windows NT 10.0; Win64; x64) AppleWebKit/537.36 (KHTML, like Gecko) Chrome/134.0.0.0 Safari/537.36 Edg/134.0.0.0"
193.189.185.113 - - [11/Mar/2025:12:39:57 +0000] "GET /api-web/v1/chart_data?timespan=10 HTTP/1.1" 200 2771 "https://cyber.ltfe.org/" "Mozilla/5.0 (Windows NT 10.0; Win64; x64) AppleWebKit/537.36 (KHTML, like Gecko) Chrome/134.0.0.0 Safari/537.36 Edg/134.0.0.0"
10.0.5.141 - - [11/Mar/2025:12:40:14 +0000] "GET /api-web/v1/chart_data?timespan=60 HTTP/1.1" 200 3133 "https://cyber.ltfe.org/" "Mozilla/5.0 (Macintosh; Intel Mac OS X 10_15_7) AppleWebKit/537.36 (KHTML, like Gecko) Chrome/133.0.0.0 Safari/537.36"
193.189.185.113 - - [11/Mar/2025:12:40:48 +0000] "GET /api-web/v1/traffic?timespan=10 HTTP/1.1" 200 23651 "https://cyber.ltfe.org/" "Mozilla/5.0 (Windows NT 10.0; Win64; x64) AppleWebKit/537.36 (KHTML, like Gecko) Chrome/134.0.0.0 Safari/537.36 Edg/134.0.0.0"
193.189.185.113 - - [11/Mar/2025:12:40:48 +0000] "GET /api-web/v1/traffic?timespan=10 HTTP/1.1" 200 23651 "https://cyber.ltfe.org/" "Mozilla/5.0 (Windows NT 10.0; Win64; x64) AppleWebKit/537.36 (KHTML, like Gecko) Chrome/134.0.0.0 Safari/537.36 Edg/134.0.0.0"
193.189.185.113 - - [11/Mar/2025:12:40:57 +0000] "GET /api-web/v1/chart_data?timespan=10 HTTP/1.1" 200 2772 "https://cyber.ltfe.org/" "Mozilla/5.0 (Windows NT 10.0; Win64; x64) AppleWebKit/537.36 (KHTML, like Gecko) Chrome/134.0.0.0 Safari/537.36 Edg/134.0.0.0"
10.0.5.141 - - [11/Mar/2025:12:41:15 +0000] "GET /api-web/v1/chart_data?timespan=60 HTTP/1.1" 200 3133 "https://cyber.ltfe.org/" "Mozilla/5.0 (Macintosh; Intel Mac OS X 10_15_7) AppleWebKit/537.36 (KHTML, like Gecko) Chrome/133.0.0.0 Safari/537.36"
193.189.185.113 - - [11/Mar/2025:12:41:57 +0000] "GET /api-web/v1/chart_data?timespan=10 HTTP/1.1" 200 2772 "https://cyber.ltfe.org/" "Mozilla/5.0 (Windows NT 10.0; Win64; x64) AppleWebKit/537.36 (KHTML, like Gecko) Chrome/134.0.0.0 Safari/537.36 Edg/134.0.0.0"
10.0.5.141 - - [11/Mar/2025:12:42:08 +0000] "GET /api-web/v1/traffic?timespan=60 HTTP/1.1" 200 83599 "https://cyber.ltfe.org/" "Mozilla/5.0 (Macintosh; Intel Mac OS X 10_15_7) AppleWebKit/537.36 (KHTML, like Gecko) Chrome/133.0.0.0 Safari/537.36"
10.0.5.141 - - [11/Mar/2025:12:42:16 +0000] "GET /api-web/v1/chart_data?timespan=60 HTTP/1.1" 200 3133 "https://cyber.ltfe.org/" "Mozilla/5.0 (Macintosh; Intel Mac OS X 10_15_7) AppleWebKit/537.36 (KHTML, like Gecko) Chrome/133.0.0.0 Safari/537.36"
193.189.185.113 - - [11/Mar/2025:12:42:57 +0000] "GET /api-web/v1/chart_data?timespan=10 HTTP/1.1" 200 2772 "https://cyber.ltfe.org/" "Mozilla/5.0 (Windows NT 10.0; Win64; x64) AppleWebKit/537.36 (KHTML, like Gecko) Chrome/134.0.0.0 Safari/537.36 Edg/134.0.0.0"
10.0.5.141 - - [11/Mar/2025:12:43:17 +0000] "GET /api-web/v1/chart_data?timespan=60 HTTP/1.1" 200 3133 "https://cyber.ltfe.org/" "Mozilla/5.0 (Macintosh; Intel Mac OS X 10_15_7) AppleWebKit/537.36 (KHTML, like Gecko) Chrome/133.0.0.0 Safari/537.36"
193.189.185.113 - - [11/Mar/2025:12:43:57 +0000] "GET /api-web/v1/chart_data?timespan=10 HTTP/1.1" 200 2772 "https://cyber.ltfe.org/" "Mozilla/5.0 (Windows NT 10.0; Win64; x64) AppleWebKit/537.36 (KHTML, like Gecko) Chrome/134.0.0.0 Safari/537.36 Edg/134.0.0.0"
10.0.5.141 - - [11/Mar/2025:12:44:18 +0000] "GET /api-web/v1/chart_data?timespan=60 HTTP/1.1" 200 3133 "https://cyber.ltfe.org/" "Mozilla/5.0 (Macintosh; Intel Mac OS X 10_15_7) AppleWebKit/537.36 (KHTML, like Gecko) Chrome/133.0.0.0 Safari/537.36"
193.189.185.113 - - [11/Mar/2025:12:44:57 +0000] "GET /api-web/v1/chart_data?timespan=10 HTTP/1.1" 200 2772 "https://cyber.ltfe.org/" "Mozilla/5.0 (Windows NT 10.0; Win64; x64) AppleWebKit/537.36 (KHTML, like Gecko) Chrome/134.0.0.0 Safari/537.36 Edg/134.0.0.0"
10.0.5.141 - - [11/Mar/2025:12:45:20 +0000] "GET /api-web/v1/chart_data?timespan=60 HTTP/1.1" 200 3149 "https://cyber.ltfe.org/" "Mozilla/5.0 (Macintosh; Intel Mac OS X 10_15_7) AppleWebKit/537.36 (KHTML, like Gecko) Chrome/133.0.0.0 Safari/537.36"
193.189.185.113 - - [11/Mar/2025:12:45:49 +0000] "GET /api-web/v1/traffic?timespan=10 HTTP/1.1" 200 25324 "https://cyber.ltfe.org/" "Mozilla/5.0 (Windows NT 10.0; Win64; x64) AppleWebKit/537.36 (KHTML, like Gecko) Chrome/134.0.0.0 Safari/537.36 Edg/134.0.0.0"
193.189.185.113 - - [11/Mar/2025:12:45:49 +0000] "GET /api-web/v1/traffic?timespan=10 HTTP/1.1" 200 25324 "https://cyber.ltfe.org/" "Mozilla/5.0 (Windows NT 10.0; Win64; x64) AppleWebKit/537.36 (KHTML, like Gecko) Chrome/134.0.0.0 Safari/537.36 Edg/134.0.0.0"
193.189.185.113 - - [11/Mar/2025:12:45:57 +0000] "GET /api-web/v1/chart_data?timespan=10 HTTP/1.1" 200 2772 "https://cyber.ltfe.org/" "Mozilla/5.0 (Windows NT 10.0; Win64; x64) AppleWebKit/537.36 (KHTML, like Gecko) Chrome/134.0.0.0 Safari/537.36 Edg/134.0.0.0"
10.0.5.141 - - [11/Mar/2025:12:46:20 +0000] "GET /api-web/v1/chart_data?timespan=60 HTTP/1.1" 200 3149 "https://cyber.ltfe.org/" "Mozilla/5.0 (Macintosh; Intel Mac OS X 10_15_7) AppleWebKit/537.36 (KHTML, like Gecko) Chrome/133.0.0.0 Safari/537.36"
193.189.185.113 - - [11/Mar/2025:12:46:58 +0000] "GET /api-web/v1/chart_data?timespan=10 HTTP/1.1" 200 2836 "https://cyber.ltfe.org/" "Mozilla/5.0 (Windows NT 10.0; Win64; x64) AppleWebKit/537.36 (KHTML, like Gecko) Chrome/134.0.0.0 Safari/537.36 Edg/134.0.0.0"
10.0.5.141 - - [11/Mar/2025:12:47:14 +0000] "GET /api-web/v1/traffic?timespan=60 HTTP/1.1" 200 83322 "https://cyber.ltfe.org/" "Mozilla/5.0 (Macintosh; Intel Mac OS X 10_15_7) AppleWebKit/537.36 (KHTML, like Gecko) Chrome/133.0.0.0 Safari/537.36"
10.0.5.141 - - [11/Mar/2025:12:47:21 +0000] "GET /api-web/v1/chart_data?timespan=60 HTTP/1.1" 200 3149 "https://cyber.ltfe.org/" "Mozilla/5.0 (Macintosh; Intel Mac OS X 10_15_7) AppleWebKit/537.36 (KHTML, like Gecko) Chrome/133.0.0.0 Safari/537.36"
193.189.185.113 - - [11/Mar/2025:12:47:58 +0000] "GET /api-web/v1/chart_data?timespan=10 HTTP/1.1" 200 2836 "https://cyber.ltfe.org/" "Mozilla/5.0 (Windows NT 10.0; Win64; x64) AppleWebKit/537.36 (KHTML, like Gecko) Chrome/134.0.0.0 Safari/537.36 Edg/134.0.0.0"
10.0.5.141 - - [11/Mar/2025:12:48:22 +0000] "GET /api-web/v1/chart_data?timespan=60 HTTP/1.1" 200 3149 "https://cyber.ltfe.org/" "Mozilla/5.0 (Macintosh; Intel Mac OS X 10_15_7) AppleWebKit/537.36 (KHTML, like Gecko) Chrome/133.0.0.0 Safari/537.36"
193.189.185.113 - - [11/Mar/2025:12:48:58 +0000] "GET /api-web/v1/chart_data?timespan=10 HTTP/1.1" 200 2836 "https://cyber.ltfe.org/" "Mozilla/5.0 (Windows NT 10.0; Win64; x64) AppleWebKit/537.36 (KHTML, like Gecko) Chrome/134.0.0.0 Safari/537.36 Edg/134.0.0.0"
10.0.5.141 - - [11/Mar/2025:12:49:23 +0000] "GET /api-web/v1/chart_data?timespan=60 HTTP/1.1" 200 3149 "https://cyber.ltfe.org/" "Mozilla/5.0 (Macintosh; Intel Mac OS X 10_15_7) AppleWebKit/537.36 (KHTML, like Gecko) Chrome/133.0.0.0 Safari/537.36"
193.189.185.113 - - [11/Mar/2025:12:49:58 +0000] "GET /api-web/v1/chart_data?timespan=10 HTTP/1.1" 200 2835 "https://cyber.ltfe.org/" "Mozilla/5.0 (Windows NT 10.0; Win64; x64) AppleWebKit/537.36 (KHTML, like Gecko) Chrome/134.0.0.0 Safari/537.36 Edg/134.0.0.0"
10.0.5.141 - - [11/Mar/2025:12:50:24 +0000] "GET /api-web/v1/chart_data?timespan=60 HTTP/1.1" 200 3149 "https://cyber.ltfe.org/" "Mozilla/5.0 (Macintosh; Intel Mac OS X 10_15_7) AppleWebKit/537.36 (KHTML, like Gecko) Chrome/133.0.0.0 Safari/537.36"
193.189.185.113 - - [11/Mar/2025:12:50:50 +0000] "GET /api-web/v1/traffic?timespan=10 HTTP/1.1" 200 25071 "https://cyber.ltfe.org/" "Mozilla/5.0 (Windows NT 10.0; Win64; x64) AppleWebKit/537.36 (KHTML, like Gecko) Chrome/134.0.0.0 Safari/537.36 Edg/134.0.0.0"
193.189.185.113 - - [11/Mar/2025:12:50:50 +0000] "GET /api-web/v1/traffic?timespan=10 HTTP/1.1" 200 25071 "https://cyber.ltfe.org/" "Mozilla/5.0 (Windows NT 10.0; Win64; x64) AppleWebKit/537.36 (KHTML, like Gecko) Chrome/134.0.0.0 Safari/537.36 Edg/134.0.0.0"
193.189.185.113 - - [11/Mar/2025:12:50:58 +0000] "GET /api-web/v1/chart_data?timespan=10 HTTP/1.1" 200 2835 "https://cyber.ltfe.org/" "Mozilla/5.0 (Windows NT 10.0; Win64; x64) AppleWebKit/537.36 (KHTML, like Gecko) Chrome/134.0.0.0 Safari/537.36 Edg/134.0.0.0"
20.171.29.48 - - [11/Mar/2025:12:51:06 +0000] "GET /druid/index.html HTTP/1.1" 404 48 "-" "Mozilla/5.0 zgrab/0.x"
10.0.5.141 - - [11/Mar/2025:12:51:25 +0000] "GET /api-web/v1/chart_data?timespan=60 HTTP/1.1" 200 3149 "https://cyber.ltfe.org/" "Mozilla/5.0 (Macintosh; Intel Mac OS X 10_15_7) AppleWebKit/537.36 (KHTML, like Gecko) Chrome/133.0.0.0 Safari/537.36"
10.0.5.141 - - [11/Mar/2025:12:51:48 +0000] "GET /api-web/v1/chart_data?timespan=60 HTTP/1.1" 200 3149 "https://cyber.ltfe.org/" "Mozilla/5.0 (Windows NT 10.0; Win64; x64) AppleWebKit/537.36 (KHTML, like Gecko) Chrome/134.0.0.0 Safari/537.36 Edg/134.0.0.0"
10.0.5.141 - - [11/Mar/2025:12:51:52 +0000] "GET /api-web/v1/traffic?timespan=60 HTTP/1.1" 200 82388 "https://cyber.ltfe.org/" "Mozilla/5.0 (Windows NT 10.0; Win64; x64) AppleWebKit/537.36 (KHTML, like Gecko) Chrome/134.0.0.0 Safari/537.36 Edg/134.0.0.0"
193.189.185.113 - - [11/Mar/2025:12:51:58 +0000] "GET /api-web/v1/chart_data?timespan=10 HTTP/1.1" 200 2835 "https://cyber.ltfe.org/" "Mozilla/5.0 (Windows NT 10.0; Win64; x64) AppleWebKit/537.36 (KHTML, like Gecko) Chrome/134.0.0.0 Safari/537.36 Edg/134.0.0.0"
10.0.5.141 - - [11/Mar/2025:12:52:14 +0000] "GET /api-web/v1/traffic?timespan=60 HTTP/1.1" 200 82388 "https://cyber.ltfe.org/" "Mozilla/5.0 (Macintosh; Intel Mac OS X 10_15_7) AppleWebKit/537.36 (KHTML, like Gecko) Chrome/133.0.0.0 Safari/537.36"
10.0.5.141 - - [11/Mar/2025:12:52:26 +0000] "GET /api-web/v1/chart_data?timespan=60 HTTP/1.1" 200 3149 "https://cyber.ltfe.org/" "Mozilla/5.0 (Macintosh; Intel Mac OS X 10_15_7) AppleWebKit/537.36 (KHTML, like Gecko) Chrome/133.0.0.0 Safari/537.36"
