193.189.185.113 - - [11/Mar/2025:18:47:37 +0000] "GET /api-web/v1/chart_data?timespan=720 HTTP/1.1" 200 2705 "https://cyber.ltfe.org/" "Mozilla/5.0 (Windows NT 10.0; Win64; x64) AppleWebKit/537.36 (KHTML, like Gecko) Chrome/134.0.0.0 Safari/537.36 Edg/134.0.0.0"
193.189.185.113 - - [11/Mar/2025:18:48:37 +0000] "GET /api-web/v1/chart_data?timespan=720 HTTP/1.1" 200 2705 "https://cyber.ltfe.org/" "Mozilla/5.0 (Windows NT 10.0; Win64; x64) AppleWebKit/537.36 (KHTML, like Gecko) Chrome/134.0.0.0 Safari/537.36 Edg/134.0.0.0"
84.17.86.9 - - [11/Mar/2025:18:49:22 +0000] "GET / HTTP/1.1" 200 1018 "-" "Mozilla/5.0 (X11; Linux x86_64) AppleWebKit/537.36 (KHTML, like Gecko) Chrome/128.0.0.0 Safari/537.36 Edg/128.0.0.0"
84.17.86.9 - - [11/Mar/2025:18:49:22 +0000] "GET /css/app.96271e32.css HTTP/1.1" 200 24966 "https://cyber.ltfe.org/" "Mozilla/5.0 (X11; Linux x86_64) AppleWebKit/537.36 (KHTML, like Gecko) Chrome/128.0.0.0 Safari/537.36 Edg/128.0.0.0"
84.17.86.9 - - [11/Mar/2025:18:49:23 +0000] "GET /js/app.4c07236b.js HTTP/1.1" 200 87699 "https://cyber.ltfe.org/" "Mozilla/5.0 (X11; Linux x86_64) AppleWebKit/537.36 (KHTML, like Gecko) Chrome/128.0.0.0 Safari/537.36 Edg/128.0.0.0"
84.17.86.9 - - [11/Mar/2025:18:49:23 +0000] "GET /css/chunk-vendors.77e64f29.css HTTP/1.1" 200 748892 "https://cyber.ltfe.org/" "Mozilla/5.0 (X11; Linux x86_64) AppleWebKit/537.36 (KHTML, like Gecko) Chrome/128.0.0.0 Safari/537.36 Edg/128.0.0.0"
84.17.86.9 - - [11/Mar/2025:18:49:24 +0000] "GET /js/chunk-vendors.f0d1e719.js HTTP/1.1" 200 2111031 "https://cyber.ltfe.org/" "Mozilla/5.0 (X11; Linux x86_64) AppleWebKit/537.36 (KHTML, like Gecko) Chrome/128.0.0.0 Safari/537.36 Edg/128.0.0.0"
84.17.86.9 - - [11/Mar/2025:18:49:25 +0000] "GET /img/shield-full.1ea8ff61.png HTTP/1.1" 200 7248 "https://cyber.ltfe.org/" "Mozilla/5.0 (X11; Linux x86_64) AppleWebKit/537.36 (KHTML, like Gecko) Chrome/128.0.0.0 Safari/537.36 Edg/128.0.0.0"
84.17.86.9 - - [11/Mar/2025:18:49:25 +0000] "GET /img/lower-arrow.7a64c699.png HTTP/1.1" 200 16025 "https://cyber.ltfe.org/" "Mozilla/5.0 (X11; Linux x86_64) AppleWebKit/537.36 (KHTML, like Gecko) Chrome/128.0.0.0 Safari/537.36 Edg/128.0.0.0"
84.17.86.9 - - [11/Mar/2025:18:49:25 +0000] "GET /img/upper-arrow.860ee4d0.png HTTP/1.1" 200 20167 "https://cyber.ltfe.org/" "Mozilla/5.0 (X11; Linux x86_64) AppleWebKit/537.36 (KHTML, like Gecko) Chrome/128.0.0.0 Safari/537.36 Edg/128.0.0.0"
84.17.86.9 - - [11/Mar/2025:18:49:26 +0000] "GET /img/night-sky.1701d635.png HTTP/1.1" 200 904154 "https://cyber.ltfe.org/" "Mozilla/5.0 (X11; Linux x86_64) AppleWebKit/537.36 (KHTML, like Gecko) Chrome/128.0.0.0 Safari/537.36 Edg/128.0.0.0"
84.17.86.9 - - [11/Mar/2025:18:49:26 +0000] "GET /img/earth-night-resized.3dce4089.jpg HTTP/1.1" 200 3661689 "https://cyber.ltfe.org/" "Mozilla/5.0 (X11; Linux x86_64) AppleWebKit/537.36 (KHTML, like Gecko) Chrome/128.0.0.0 Safari/537.36 Edg/128.0.0.0"
84.17.86.9 - - [11/Mar/2025:18:49:26 +0000] "GET /favicons/site.webmanifest HTTP/1.1" 200 452 "https://cyber.ltfe.org/" "Mozilla/5.0 (X11; Linux x86_64) AppleWebKit/537.36 (KHTML, like Gecko) Chrome/128.0.0.0 Safari/537.36 Edg/128.0.0.0"
84.17.86.9 - - [11/Mar/2025:18:49:27 +0000] "GET /favicons/favicon.ico HTTP/1.1" 200 15086 "https://cyber.ltfe.org/" "Mozilla/5.0 (X11; Linux x86_64) AppleWebKit/537.36 (KHTML, like Gecko) Chrome/128.0.0.0 Safari/537.36 Edg/128.0.0.0"
84.17.86.9 - - [11/Mar/2025:18:49:29 +0000] "GET /img/cyber-logo.c24a1e46.svg HTTP/1.1" 200 24197 "https://cyber.ltfe.org/" "Mozilla/5.0 (X11; Linux x86_64) AppleWebKit/537.36 (KHTML, like Gecko) Chrome/128.0.0.0 Safari/537.36 Edg/128.0.0.0"
84.17.86.9 - - [11/Mar/2025:18:49:29 +0000] "GET /fonts/fa-solid-900.8e1ed89b.woff2 HTTP/1.1" 200 80300 "https://cyber.ltfe.org/css/chunk-vendors.77e64f29.css" "Mozilla/5.0 (X11; Linux x86_64) AppleWebKit/537.36 (KHTML, like Gecko) Chrome/128.0.0.0 Safari/537.36 Edg/128.0.0.0"
84.17.86.9 - - [11/Mar/2025:18:49:29 +0000] "GET /fonts/fa-brands-400.f075c50f.woff2 HTTP/1.1" 200 78460 "https://cyber.ltfe.org/css/chunk-vendors.77e64f29.css" "Mozilla/5.0 (X11; Linux x86_64) AppleWebKit/537.36 (KHTML, like Gecko) Chrome/128.0.0.0 Safari/537.36 Edg/128.0.0.0"
84.17.86.9 - - [11/Mar/2025:18:49:32 +0000] "GET /api-web/v1/counter_data HTTP/1.1" 200 124 "https://cyber.ltfe.org/" "Mozilla/5.0 (X11; Linux x86_64) AppleWebKit/537.36 (KHTML, like Gecko) Chrome/128.0.0.0 Safari/537.36 Edg/128.0.0.0"
84.17.86.9 - - [11/Mar/2025:18:49:32 +0000] "GET /api-web/v1/traffic?timespan=60 HTTP/1.1" 200 80966 "https://cyber.ltfe.org/" "Mozilla/5.0 (X11; Linux x86_64) AppleWebKit/537.36 (KHTML, like Gecko) Chrome/128.0.0.0 Safari/537.36 Edg/128.0.0.0"
84.17.86.9 - - [11/Mar/2025:18:49:32 +0000] "GET /api-web/v1/counter_data HTTP/1.1" 200 124 "https://cyber.ltfe.org/" "Mozilla/5.0 (X11; Linux x86_64) AppleWebKit/537.36 (KHTML, like Gecko) Chrome/128.0.0.0 Safari/537.36 Edg/128.0.0.0"
84.17.86.9 - - [11/Mar/2025:18:49:33 +0000] "GET /api-web/v1/chart_data?timespan=60 HTTP/1.1" 200 2686 "https://cyber.ltfe.org/" "Mozilla/5.0 (X11; Linux x86_64) AppleWebKit/537.36 (KHTML, like Gecko) Chrome/128.0.0.0 Safari/537.36 Edg/128.0.0.0"
193.189.185.113 - - [11/Mar/2025:18:49:37 +0000] "GET /api-web/v1/chart_data?timespan=720 HTTP/1.1" 200 2705 "https://cyber.ltfe.org/" "Mozilla/5.0 (Windows NT 10.0; Win64; x64) AppleWebKit/537.36 (KHTML, like Gecko) Chrome/134.0.0.0 Safari/537.36 Edg/134.0.0.0"
84.17.86.9 - - [11/Mar/2025:18:50:33 +0000] "GET /api-web/v1/chart_data?timespan=60 HTTP/1.1" 200 2686 "https://cyber.ltfe.org/" "Mozilla/5.0 (X11; Linux x86_64) AppleWebKit/537.36 (KHTML, like Gecko) Chrome/128.0.0.0 Safari/537.36 Edg/128.0.0.0"
193.189.185.113 - - [11/Mar/2025:18:50:39 +0000] "GET /api-web/v1/chart_data?timespan=720 HTTP/1.1" 200 2705 "https://cyber.ltfe.org/" "Mozilla/5.0 (Windows NT 10.0; Win64; x64) AppleWebKit/537.36 (KHTML, like Gecko) Chrome/134.0.0.0 Safari/537.36 Edg/134.0.0.0"
84.17.86.9 - - [11/Mar/2025:18:51:34 +0000] "GET /api-web/v1/chart_data?timespan=60 HTTP/1.1" 200 2686 "https://cyber.ltfe.org/" "Mozilla/5.0 (X11; Linux x86_64) AppleWebKit/537.36 (KHTML, like Gecko) Chrome/128.0.0.0 Safari/537.36 Edg/128.0.0.0"
193.189.185.113 - - [11/Mar/2025:18:51:49 +0000] "GET /api-web/v1/traffic?timespan=720 HTTP/1.1" 200 49 "https://cyber.ltfe.org/" "Mozilla/5.0 (Windows NT 10.0; Win64; x64) AppleWebKit/537.36 (KHTML, like Gecko) Chrome/134.0.0.0 Safari/537.36 Edg/134.0.0.0"
193.189.185.113 - - [11/Mar/2025:18:51:49 +0000] "GET /api-web/v1/chart_data?timespan=720 HTTP/1.1" 200 2705 "https://cyber.ltfe.org/" "Mozilla/5.0 (Windows NT 10.0; Win64; x64) AppleWebKit/537.36 (KHTML, like Gecko) Chrome/134.0.0.0 Safari/537.36 Edg/134.0.0.0"
84.17.86.9 - - [11/Mar/2025:18:52:35 +0000] "GET /api-web/v1/chart_data?timespan=60 HTTP/1.1" 200 2685 "https://cyber.ltfe.org/" "Mozilla/5.0 (X11; Linux x86_64) AppleWebKit/537.36 (KHTML, like Gecko) Chrome/128.0.0.0 Safari/537.36 Edg/128.0.0.0"
193.189.185.113 - - [11/Mar/2025:18:52:49 +0000] "GET /api-web/v1/chart_data?timespan=720 HTTP/1.1" 200 2705 "https://cyber.ltfe.org/" "Mozilla/5.0 (Windows NT 10.0; Win64; x64) AppleWebKit/537.36 (KHTML, like Gecko) Chrome/134.0.0.0 Safari/537.36 Edg/134.0.0.0"
106.75.15.230 - - [11/Mar/2025:18:52:58 +0000] "GET / HTTP/1.1" 404 48 "-" "-"
106.75.13.123 - - [11/Mar/2025:18:53:10 +0000] "GET / HTTP/1.1" 400 29 "-" "NTRIP GNSSInternetRadio"
106.75.13.123 - - [11/Mar/2025:18:53:11 +0000] "GET / HTTP/1.1" 404 48 "-" "-"
84.17.86.9 - - [11/Mar/2025:18:53:36 +0000] "GET /api-web/v1/chart_data?timespan=60 HTTP/1.1" 200 2685 "https://cyber.ltfe.org/" "Mozilla/5.0 (X11; Linux x86_64) AppleWebKit/537.36 (KHTML, like Gecko) Chrome/128.0.0.0 Safari/537.36 Edg/128.0.0.0"
193.189.185.113 - - [11/Mar/2025:18:53:49 +0000] "GET /api-web/v1/chart_data?timespan=720 HTTP/1.1" 200 2705 "https://cyber.ltfe.org/" "Mozilla/5.0 (Windows NT 10.0; Win64; x64) AppleWebKit/537.36 (KHTML, like Gecko) Chrome/134.0.0.0 Safari/537.36 Edg/134.0.0.0"
84.17.86.9 - - [11/Mar/2025:18:54:38 +0000] "GET /api-web/v1/chart_data?timespan=60 HTTP/1.1" 200 2685 "https://cyber.ltfe.org/" "Mozilla/5.0 (X11; Linux x86_64) AppleWebKit/537.36 (KHTML, like Gecko) Chrome/128.0.0.0 Safari/537.36 Edg/128.0.0.0"
84.17.86.9 - - [11/Mar/2025:18:54:40 +0000] "GET /api-web/v1/traffic?timespan=60 HTTP/1.1" 200 82272 "https://cyber.ltfe.org/" "Mozilla/5.0 (X11; Linux x86_64) AppleWebKit/537.36 (KHTML, like Gecko) Chrome/128.0.0.0 Safari/537.36 Edg/128.0.0.0"
193.189.185.113 - - [11/Mar/2025:18:54:50 +0000] "GET /api-web/v1/chart_data?timespan=720 HTTP/1.1" 200 2965 "https://cyber.ltfe.org/" "Mozilla/5.0 (Windows NT 10.0; Win64; x64) AppleWebKit/537.36 (KHTML, like Gecko) Chrome/134.0.0.0 Safari/537.36 Edg/134.0.0.0"
84.17.86.9 - - [11/Mar/2025:18:55:38 +0000] "GET /api-web/v1/chart_data?timespan=60 HTTP/1.1" 200 2685 "https://cyber.ltfe.org/" "Mozilla/5.0 (X11; Linux x86_64) AppleWebKit/537.36 (KHTML, like Gecko) Chrome/128.0.0.0 Safari/537.36 Edg/128.0.0.0"
193.189.185.113 - - [11/Mar/2025:18:55:50 +0000] "GET /api-web/v1/chart_data?timespan=720 HTTP/1.1" 200 2965 "https://cyber.ltfe.org/" "Mozilla/5.0 (Windows NT 10.0; Win64; x64) AppleWebKit/537.36 (KHTML, like Gecko) Chrome/134.0.0.0 Safari/537.36 Edg/134.0.0.0"
84.17.86.9 - - [11/Mar/2025:18:56:39 +0000] "GET /api-web/v1/chart_data?timespan=60 HTTP/1.1" 200 2685 "https://cyber.ltfe.org/" "Mozilla/5.0 (X11; Linux x86_64) AppleWebKit/537.36 (KHTML, like Gecko) Chrome/128.0.0.0 Safari/537.36 Edg/128.0.0.0"
193.189.185.113 - - [11/Mar/2025:18:56:50 +0000] "GET /api-web/v1/chart_data?timespan=720 HTTP/1.1" 200 2965 "https://cyber.ltfe.org/" "Mozilla/5.0 (Windows NT 10.0; Win64; x64) AppleWebKit/537.36 (KHTML, like Gecko) Chrome/134.0.0.0 Safari/537.36 Edg/134.0.0.0"
193.189.185.113 - - [11/Mar/2025:18:57:07 +0000] "GET /api-web/v1/traffic?timespan=720 HTTP/1.1" 200 49 "https://cyber.ltfe.org/" "Mozilla/5.0 (Windows NT 10.0; Win64; x64) AppleWebKit/537.36 (KHTML, like Gecko) Chrome/134.0.0.0 Safari/537.36 Edg/134.0.0.0"
84.17.86.9 - - [11/Mar/2025:18:57:40 +0000] "GET /api-web/v1/chart_data?timespan=60 HTTP/1.1" 200 2685 "https://cyber.ltfe.org/" "Mozilla/5.0 (X11; Linux x86_64) AppleWebKit/537.36 (KHTML, like Gecko) Chrome/128.0.0.0 Safari/537.36 Edg/128.0.0.0"
193.189.185.113 - - [11/Mar/2025:18:57:50 +0000] "GET /api-web/v1/chart_data?timespan=720 HTTP/1.1" 200 2965 "https://cyber.ltfe.org/" "Mozilla/5.0 (Windows NT 10.0; Win64; x64) AppleWebKit/537.36 (KHTML, like Gecko) Chrome/134.0.0.0 Safari/537.36 Edg/134.0.0.0"
84.17.86.9 - - [11/Mar/2025:18:58:41 +0000] "GET /api-web/v1/chart_data?timespan=60 HTTP/1.1" 200 2685 "https://cyber.ltfe.org/" "Mozilla/5.0 (X11; Linux x86_64) AppleWebKit/537.36 (KHTML, like Gecko) Chrome/128.0.0.0 Safari/537.36 Edg/128.0.0.0"
193.189.185.113 - - [11/Mar/2025:18:58:50 +0000] "GET /api-web/v1/chart_data?timespan=720 HTTP/1.1" 200 2965 "https://cyber.ltfe.org/" "Mozilla/5.0 (Windows NT 10.0; Win64; x64) AppleWebKit/537.36 (KHTML, like Gecko) Chrome/134.0.0.0 Safari/537.36 Edg/134.0.0.0"
89.248.165.108 - - [11/Mar/2025:18:59:38 +0000] "\x03\x00\x00\x13\x0E\xE0\x00\x00\x00\x00\x00\x01\x00\x08\x00\x02\x00\x00\x00" 400 12 "-" "-"
89.248.165.108 - - [11/Mar/2025:18:59:41 +0000] "\x03\x00\x00\x13\x0E\xE0\x00\x00\x00\x00\x00\x01\x00\x08\x00\x02\x00\x00\x00" 400 12 "-" "-"
84.17.86.9 - - [11/Mar/2025:18:59:42 +0000] "GET /api-web/v1/chart_data?timespan=60 HTTP/1.1" 200 2685 "https://cyber.ltfe.org/" "Mozilla/5.0 (X11; Linux x86_64) AppleWebKit/537.36 (KHTML, like Gecko) Chrome/128.0.0.0 Safari/537.36 Edg/128.0.0.0"
84.17.86.9 - - [11/Mar/2025:18:59:47 +0000] "GET /api-web/v1/traffic?timespan=60 HTTP/1.1" 200 82482 "https://cyber.ltfe.org/" "Mozilla/5.0 (X11; Linux x86_64) AppleWebKit/537.36 (KHTML, like Gecko) Chrome/128.0.0.0 Safari/537.36 Edg/128.0.0.0"
193.189.185.113 - - [11/Mar/2025:18:59:50 +0000] "GET /api-web/v1/chart_data?timespan=720 HTTP/1.1" 200 2965 "https://cyber.ltfe.org/" "Mozilla/5.0 (Windows NT 10.0; Win64; x64) AppleWebKit/537.36 (KHTML, like Gecko) Chrome/134.0.0.0 Safari/537.36 Edg/134.0.0.0"
84.17.86.9 - - [11/Mar/2025:19:00:43 +0000] "GET /api-web/v1/chart_data?timespan=60 HTTP/1.1" 200 2685 "https://cyber.ltfe.org/" "Mozilla/5.0 (X11; Linux x86_64) AppleWebKit/537.36 (KHTML, like Gecko) Chrome/128.0.0.0 Safari/537.36 Edg/128.0.0.0"
84.17.86.9 - - [11/Mar/2025:19:01:45 +0000] "GET /api-web/v1/chart_data?timespan=60 HTTP/1.1" 200 2941 "https://cyber.ltfe.org/" "Mozilla/5.0 (X11; Linux x86_64) AppleWebKit/537.36 (KHTML, like Gecko) Chrome/128.0.0.0 Safari/537.36 Edg/128.0.0.0"
84.17.86.9 - - [11/Mar/2025:19:02:45 +0000] "GET /api-web/v1/chart_data?timespan=60 HTTP/1.1" 200 2941 "https://cyber.ltfe.org/" "Mozilla/5.0 (X11; Linux x86_64) AppleWebKit/537.36 (KHTML, like Gecko) Chrome/128.0.0.0 Safari/537.36 Edg/128.0.0.0"
84.17.86.9 - - [11/Mar/2025:19:03:46 +0000] "GET /api-web/v1/chart_data?timespan=60 HTTP/1.1" 200 2941 "https://cyber.ltfe.org/" "Mozilla/5.0 (X11; Linux x86_64) AppleWebKit/537.36 (KHTML, like Gecko) Chrome/128.0.0.0 Safari/537.36 Edg/128.0.0.0"
84.17.86.9 - - [11/Mar/2025:19:04:47 +0000] "GET /api-web/v1/chart_data?timespan=60 HTTP/1.1" 200 2940 "https://cyber.ltfe.org/" "Mozilla/5.0 (X11; Linux x86_64) AppleWebKit/537.36 (KHTML, like Gecko) Chrome/128.0.0.0 Safari/537.36 Edg/128.0.0.0"
84.17.86.9 - - [11/Mar/2025:19:04:55 +0000] "GET /api-web/v1/traffic?timespan=60 HTTP/1.1" 200 83964 "https://cyber.ltfe.org/" "Mozilla/5.0 (X11; Linux x86_64) AppleWebKit/537.36 (KHTML, like Gecko) Chrome/128.0.0.0 Safari/537.36 Edg/128.0.0.0"
84.17.86.9 - - [11/Mar/2025:19:05:48 +0000] "GET /api-web/v1/chart_data?timespan=60 HTTP/1.1" 200 2940 "https://cyber.ltfe.org/" "Mozilla/5.0 (X11; Linux x86_64) AppleWebKit/537.36 (KHTML, like Gecko) Chrome/128.0.0.0 Safari/537.36 Edg/128.0.0.0"
84.17.86.9 - - [11/Mar/2025:19:06:49 +0000] "GET /api-web/v1/chart_data?timespan=60 HTTP/1.1" 200 2940 "https://cyber.ltfe.org/" "Mozilla/5.0 (X11; Linux x86_64) AppleWebKit/537.36 (KHTML, like Gecko) Chrome/128.0.0.0 Safari/537.36 Edg/128.0.0.0"
84.17.86.9 - - [11/Mar/2025:19:07:50 +0000] "GET /api-web/v1/chart_data?timespan=60 HTTP/1.1" 200 2940 "https://cyber.ltfe.org/" "Mozilla/5.0 (X11; Linux x86_64) AppleWebKit/537.36 (KHTML, like Gecko) Chrome/128.0.0.0 Safari/537.36 Edg/128.0.0.0"
84.17.86.9 - - [11/Mar/2025:19:08:51 +0000] "GET /api-web/v1/chart_data?timespan=60 HTTP/1.1" 200 2940 "https://cyber.ltfe.org/" "Mozilla/5.0 (X11; Linux x86_64) AppleWebKit/537.36 (KHTML, like Gecko) Chrome/128.0.0.0 Safari/537.36 Edg/128.0.0.0"
84.17.86.9 - - [11/Mar/2025:19:09:52 +0000] "GET /api-web/v1/chart_data?timespan=60 HTTP/1.1" 200 2940 "https://cyber.ltfe.org/" "Mozilla/5.0 (X11; Linux x86_64) AppleWebKit/537.36 (KHTML, like Gecko) Chrome/128.0.0.0 Safari/537.36 Edg/128.0.0.0"
84.17.86.9 - - [11/Mar/2025:19:10:03 +0000] "GET /api-web/v1/traffic?timespan=60 HTTP/1.1" 200 85292 "https://cyber.ltfe.org/" "Mozilla/5.0 (X11; Linux x86_64) AppleWebKit/537.36 (KHTML, like Gecko) Chrome/128.0.0.0 Safari/537.36 Edg/128.0.0.0"
84.17.86.9 - - [11/Mar/2025:19:10:53 +0000] "GET /api-web/v1/chart_data?timespan=60 HTTP/1.1" 200 2940 "https://cyber.ltfe.org/" "Mozilla/5.0 (X11; Linux x86_64) AppleWebKit/537.36 (KHTML, like Gecko) Chrome/128.0.0.0 Safari/537.36 Edg/128.0.0.0"
84.17.86.9 - - [11/Mar/2025:19:11:54 +0000] "GET /api-web/v1/chart_data?timespan=60 HTTP/1.1" 200 2940 "https://cyber.ltfe.org/" "Mozilla/5.0 (X11; Linux x86_64) AppleWebKit/537.36 (KHTML, like Gecko) Chrome/128.0.0.0 Safari/537.36 Edg/128.0.0.0"
84.17.86.9 - - [11/Mar/2025:19:12:55 +0000] "GET /api-web/v1/chart_data?timespan=60 HTTP/1.1" 200 2940 "https://cyber.ltfe.org/" "Mozilla/5.0 (X11; Linux x86_64) AppleWebKit/537.36 (KHTML, like Gecko) Chrome/128.0.0.0 Safari/537.36 Edg/128.0.0.0"
84.17.86.9 - - [11/Mar/2025:19:13:57 +0000] "GET /api-web/v1/chart_data?timespan=60 HTTP/1.1" 200 2764 "https://cyber.ltfe.org/" "Mozilla/5.0 (X11; Linux x86_64) AppleWebKit/537.36 (KHTML, like Gecko) Chrome/128.0.0.0 Safari/537.36 Edg/128.0.0.0"
185.180.140.101 - - [11/Mar/2025:19:14:47 +0000] "GET /helpdesk/WebObjects/Helpdesk.woa HTTP/1.1" 404 48 "-" "Mozilla/5.0 (Windows NT 10.0; Win64; x64) AppleWebKit/537.36 (KHTML, like Gecko) Chrome/60.0.3112.113 Safari/537.36"
84.17.86.9 - - [11/Mar/2025:19:14:58 +0000] "GET /api-web/v1/chart_data?timespan=60 HTTP/1.1" 200 2764 "https://cyber.ltfe.org/" "Mozilla/5.0 (X11; Linux x86_64) AppleWebKit/537.36 (KHTML, like Gecko) Chrome/128.0.0.0 Safari/537.36 Edg/128.0.0.0"
84.17.86.9 - - [11/Mar/2025:19:15:11 +0000] "GET /api-web/v1/traffic?timespan=60 HTTP/1.1" 200 85315 "https://cyber.ltfe.org/" "Mozilla/5.0 (X11; Linux x86_64) AppleWebKit/537.36 (KHTML, like Gecko) Chrome/128.0.0.0 Safari/537.36 Edg/128.0.0.0"
84.17.86.9 - - [11/Mar/2025:19:15:59 +0000] "GET /api-web/v1/chart_data?timespan=60 HTTP/1.1" 200 2764 "https://cyber.ltfe.org/" "Mozilla/5.0 (X11; Linux x86_64) AppleWebKit/537.36 (KHTML, like Gecko) Chrome/128.0.0.0 Safari/537.36 Edg/128.0.0.0"
84.17.86.9 - - [11/Mar/2025:19:17:00 +0000] "GET /api-web/v1/chart_data?timespan=60 HTTP/1.1" 200 2763 "https://cyber.ltfe.org/" "Mozilla/5.0 (X11; Linux x86_64) AppleWebKit/537.36 (KHTML, like Gecko) Chrome/128.0.0.0 Safari/537.36 Edg/128.0.0.0"
84.17.86.9 - - [11/Mar/2025:19:18:01 +0000] "GET /api-web/v1/chart_data?timespan=60 HTTP/1.1" 200 2763 "https://cyber.ltfe.org/" "Mozilla/5.0 (X11; Linux x86_64) AppleWebKit/537.36 (KHTML, like Gecko) Chrome/128.0.0.0 Safari/537.36 Edg/128.0.0.0"
84.17.86.9 - - [11/Mar/2025:19:19:02 +0000] "GET /api-web/v1/chart_data?timespan=60 HTTP/1.1" 200 2763 "https://cyber.ltfe.org/" "Mozilla/5.0 (X11; Linux x86_64) AppleWebKit/537.36 (KHTML, like Gecko) Chrome/128.0.0.0 Safari/537.36 Edg/128.0.0.0"
84.17.86.9 - - [11/Mar/2025:19:20:03 +0000] "GET /api-web/v1/chart_data?timespan=60 HTTP/1.1" 200 2763 "https://cyber.ltfe.org/" "Mozilla/5.0 (X11; Linux x86_64) AppleWebKit/537.36 (KHTML, like Gecko) Chrome/128.0.0.0 Safari/537.36 Edg/128.0.0.0"
84.17.86.9 - - [11/Mar/2025:19:20:20 +0000] "GET /api-web/v1/traffic?timespan=60 HTTP/1.1" 200 85288 "https://cyber.ltfe.org/" "Mozilla/5.0 (X11; Linux x86_64) AppleWebKit/537.36 (KHTML, like Gecko) Chrome/128.0.0.0 Safari/537.36 Edg/128.0.0.0"
20.65.193.54 - - [11/Mar/2025:19:20:59 +0000] "GET / HTTP/1.1" 404 48 "-" "Mozilla/5.0 zgrab/0.x"
84.17.86.9 - - [11/Mar/2025:19:21:04 +0000] "GET /api-web/v1/chart_data?timespan=60 HTTP/1.1" 200 2763 "https://cyber.ltfe.org/" "Mozilla/5.0 (X11; Linux x86_64) AppleWebKit/537.36 (KHTML, like Gecko) Chrome/128.0.0.0 Safari/537.36 Edg/128.0.0.0"
84.17.86.9 - - [11/Mar/2025:19:22:05 +0000] "GET /api-web/v1/chart_data?timespan=60 HTTP/1.1" 200 2763 "https://cyber.ltfe.org/" "Mozilla/5.0 (X11; Linux x86_64) AppleWebKit/537.36 (KHTML, like Gecko) Chrome/128.0.0.0 Safari/537.36 Edg/128.0.0.0"
109.236.61.115 - - [11/Mar/2025:19:22:13 +0000] "GET / HTTP/1.1" 404 48 "-" "Hello World"
84.17.86.9 - - [11/Mar/2025:19:23:06 +0000] "GET /api-web/v1/chart_data?timespan=60 HTTP/1.1" 200 2763 "https://cyber.ltfe.org/" "Mozilla/5.0 (X11; Linux x86_64) AppleWebKit/537.36 (KHTML, like Gecko) Chrome/128.0.0.0 Safari/537.36 Edg/128.0.0.0"
84.17.86.9 - - [11/Mar/2025:19:24:07 +0000] "GET /api-web/v1/chart_data?timespan=60 HTTP/1.1" 200 2763 "https://cyber.ltfe.org/" "Mozilla/5.0 (X11; Linux x86_64) AppleWebKit/537.36 (KHTML, like Gecko) Chrome/128.0.0.0 Safari/537.36 Edg/128.0.0.0"
84.17.86.9 - - [11/Mar/2025:19:25:08 +0000] "GET /api-web/v1/chart_data?timespan=60 HTTP/1.1" 200 2763 "https://cyber.ltfe.org/" "Mozilla/5.0 (X11; Linux x86_64) AppleWebKit/537.36 (KHTML, like Gecko) Chrome/128.0.0.0 Safari/537.36 Edg/128.0.0.0"
84.17.86.9 - - [11/Mar/2025:19:25:28 +0000] "GET /api-web/v1/traffic?timespan=60 HTTP/1.1" 200 84523 "https://cyber.ltfe.org/" "Mozilla/5.0 (X11; Linux x86_64) AppleWebKit/537.36 (KHTML, like Gecko) Chrome/128.0.0.0 Safari/537.36 Edg/128.0.0.0"
84.17.86.9 - - [11/Mar/2025:19:26:10 +0000] "GET /api-web/v1/chart_data?timespan=60 HTTP/1.1" 200 2720 "https://cyber.ltfe.org/" "Mozilla/5.0 (X11; Linux x86_64) AppleWebKit/537.36 (KHTML, like Gecko) Chrome/128.0.0.0 Safari/537.36 Edg/128.0.0.0"
84.17.86.9 - - [11/Mar/2025:19:27:10 +0000] "GET /api-web/v1/chart_data?timespan=60 HTTP/1.1" 200 2720 "https://cyber.ltfe.org/" "Mozilla/5.0 (X11; Linux x86_64) AppleWebKit/537.36 (KHTML, like Gecko) Chrome/128.0.0.0 Safari/537.36 Edg/128.0.0.0"
84.17.86.9 - - [11/Mar/2025:19:28:11 +0000] "GET /api-web/v1/chart_data?timespan=60 HTTP/1.1" 200 2720 "https://cyber.ltfe.org/" "Mozilla/5.0 (X11; Linux x86_64) AppleWebKit/537.36 (KHTML, like Gecko) Chrome/128.0.0.0 Safari/537.36 Edg/128.0.0.0"
84.17.86.9 - - [11/Mar/2025:19:29:13 +0000] "GET /api-web/v1/chart_data?timespan=60 HTTP/1.1" 200 2719 "https://cyber.ltfe.org/" "Mozilla/5.0 (X11; Linux x86_64) AppleWebKit/537.36 (KHTML, like Gecko) Chrome/128.0.0.0 Safari/537.36 Edg/128.0.0.0"
84.17.86.9 - - [11/Mar/2025:19:30:13 +0000] "GET /api-web/v1/chart_data?timespan=60 HTTP/1.1" 200 2719 "https://cyber.ltfe.org/" "Mozilla/5.0 (X11; Linux x86_64) AppleWebKit/537.36 (KHTML, like Gecko) Chrome/128.0.0.0 Safari/537.36 Edg/128.0.0.0"
84.17.86.9 - - [11/Mar/2025:19:30:35 +0000] "GET /api-web/v1/traffic?timespan=60 HTTP/1.1" 200 86999 "https://cyber.ltfe.org/" "Mozilla/5.0 (X11; Linux x86_64) AppleWebKit/537.36 (KHTML, like Gecko) Chrome/128.0.0.0 Safari/537.36 Edg/128.0.0.0"
84.17.86.9 - - [11/Mar/2025:19:31:14 +0000] "GET /api-web/v1/chart_data?timespan=60 HTTP/1.1" 200 2719 "https://cyber.ltfe.org/" "Mozilla/5.0 (X11; Linux x86_64) AppleWebKit/537.36 (KHTML, like Gecko) Chrome/128.0.0.0 Safari/537.36 Edg/128.0.0.0"
84.17.86.9 - - [11/Mar/2025:19:32:15 +0000] "GET /api-web/v1/chart_data?timespan=60 HTTP/1.1" 200 2719 "https://cyber.ltfe.org/" "Mozilla/5.0 (X11; Linux x86_64) AppleWebKit/537.36 (KHTML, like Gecko) Chrome/128.0.0.0 Safari/537.36 Edg/128.0.0.0"
84.17.86.9 - - [11/Mar/2025:19:33:16 +0000] "GET /api-web/v1/chart_data?timespan=60 HTTP/1.1" 200 2719 "https://cyber.ltfe.org/" "Mozilla/5.0 (X11; Linux x86_64) AppleWebKit/537.36 (KHTML, like Gecko) Chrome/128.0.0.0 Safari/537.36 Edg/128.0.0.0"
84.17.86.9 - - [11/Mar/2025:19:34:17 +0000] "GET /api-web/v1/chart_data?timespan=60 HTTP/1.1" 200 2719 "https://cyber.ltfe.org/" "Mozilla/5.0 (X11; Linux x86_64) AppleWebKit/537.36 (KHTML, like Gecko) Chrome/128.0.0.0 Safari/537.36 Edg/128.0.0.0"
84.17.86.9 - - [11/Mar/2025:19:35:18 +0000] "GET /api-web/v1/chart_data?timespan=60 HTTP/1.1" 200 2719 "https://cyber.ltfe.org/" "Mozilla/5.0 (X11; Linux x86_64) AppleWebKit/537.36 (KHTML, like Gecko) Chrome/128.0.0.0 Safari/537.36 Edg/128.0.0.0"
84.17.86.9 - - [11/Mar/2025:19:35:44 +0000] "GET /api-web/v1/traffic?timespan=60 HTTP/1.1" 200 86419 "https://cyber.ltfe.org/" "Mozilla/5.0 (X11; Linux x86_64) AppleWebKit/537.36 (KHTML, like Gecko) Chrome/128.0.0.0 Safari/537.36 Edg/128.0.0.0"
84.17.86.9 - - [11/Mar/2025:19:36:19 +0000] "GET /api-web/v1/chart_data?timespan=60 HTTP/1.1" 200 2719 "https://cyber.ltfe.org/" "Mozilla/5.0 (X11; Linux x86_64) AppleWebKit/537.36 (KHTML, like Gecko) Chrome/128.0.0.0 Safari/537.36 Edg/128.0.0.0"
45.156.130.47 - - [11/Mar/2025:19:36:51 +0000] "GET / HTTP/1.1" 404 48 "-" "Mozilla/5.0 (Windows NT 10.0; Win64; x64) AppleWebKit/537.36 (KHTML, like Gecko) Chrome/60.0.3112.113 Safari/537.36"
84.17.86.9 - - [11/Mar/2025:19:37:20 +0000] "GET /api-web/v1/chart_data?timespan=60 HTTP/1.1" 200 2719 "https://cyber.ltfe.org/" "Mozilla/5.0 (X11; Linux x86_64) AppleWebKit/537.36 (KHTML, like Gecko) Chrome/128.0.0.0 Safari/537.36 Edg/128.0.0.0"
84.17.86.9 - - [11/Mar/2025:19:38:22 +0000] "GET /api-web/v1/chart_data?timespan=60 HTTP/1.1" 200 2713 "https://cyber.ltfe.org/" "Mozilla/5.0 (X11; Linux x86_64) AppleWebKit/537.36 (KHTML, like Gecko) Chrome/128.0.0.0 Safari/537.36 Edg/128.0.0.0"
84.17.86.9 - - [11/Mar/2025:19:39:22 +0000] "GET /api-web/v1/chart_data?timespan=60 HTTP/1.1" 200 2713 "https://cyber.ltfe.org/" "Mozilla/5.0 (X11; Linux x86_64) AppleWebKit/537.36 (KHTML, like Gecko) Chrome/128.0.0.0 Safari/537.36 Edg/128.0.0.0"
84.17.86.9 - - [11/Mar/2025:19:40:23 +0000] "GET /api-web/v1/chart_data?timespan=60 HTTP/1.1" 200 2713 "https://cyber.ltfe.org/" "Mozilla/5.0 (X11; Linux x86_64) AppleWebKit/537.36 (KHTML, like Gecko) Chrome/128.0.0.0 Safari/537.36 Edg/128.0.0.0"
84.17.86.9 - - [11/Mar/2025:19:40:51 +0000] "GET /api-web/v1/traffic?timespan=60 HTTP/1.1" 200 87528 "https://cyber.ltfe.org/" "Mozilla/5.0 (X11; Linux x86_64) AppleWebKit/537.36 (KHTML, like Gecko) Chrome/128.0.0.0 Safari/537.36 Edg/128.0.0.0"
84.17.86.9 - - [11/Mar/2025:19:41:24 +0000] "GET /api-web/v1/chart_data?timespan=60 HTTP/1.1" 200 2712 "https://cyber.ltfe.org/" "Mozilla/5.0 (X11; Linux x86_64) AppleWebKit/537.36 (KHTML, like Gecko) Chrome/128.0.0.0 Safari/537.36 Edg/128.0.0.0"
84.17.86.9 - - [11/Mar/2025:19:42:25 +0000] "GET /api-web/v1/chart_data?timespan=60 HTTP/1.1" 200 2712 "https://cyber.ltfe.org/" "Mozilla/5.0 (X11; Linux x86_64) AppleWebKit/537.36 (KHTML, like Gecko) Chrome/128.0.0.0 Safari/537.36 Edg/128.0.0.0"
84.17.86.9 - - [11/Mar/2025:19:43:26 +0000] "GET /api-web/v1/chart_data?timespan=60 HTTP/1.1" 200 2712 "https://cyber.ltfe.org/" "Mozilla/5.0 (X11; Linux x86_64) AppleWebKit/537.36 (KHTML, like Gecko) Chrome/128.0.0.0 Safari/537.36 Edg/128.0.0.0"
84.17.86.9 - - [11/Mar/2025:19:44:27 +0000] "GET /api-web/v1/chart_data?timespan=60 HTTP/1.1" 200 2712 "https://cyber.ltfe.org/" "Mozilla/5.0 (X11; Linux x86_64) AppleWebKit/537.36 (KHTML, like Gecko) Chrome/128.0.0.0 Safari/537.36 Edg/128.0.0.0"
84.17.86.9 - - [11/Mar/2025:19:45:28 +0000] "GET /api-web/v1/chart_data?timespan=60 HTTP/1.1" 200 2712 "https://cyber.ltfe.org/" "Mozilla/5.0 (X11; Linux x86_64) AppleWebKit/537.36 (KHTML, like Gecko) Chrome/128.0.0.0 Safari/537.36 Edg/128.0.0.0"
84.17.86.9 - - [11/Mar/2025:19:45:59 +0000] "GET /api-web/v1/traffic?timespan=60 HTTP/1.1" 200 88582 "https://cyber.ltfe.org/" "Mozilla/5.0 (X11; Linux x86_64) AppleWebKit/537.36 (KHTML, like Gecko) Chrome/128.0.0.0 Safari/537.36 Edg/128.0.0.0"
84.17.86.9 - - [11/Mar/2025:19:46:29 +0000] "GET /api-web/v1/chart_data?timespan=60 HTTP/1.1" 200 2712 "https://cyber.ltfe.org/" "Mozilla/5.0 (X11; Linux x86_64) AppleWebKit/537.36 (KHTML, like Gecko) Chrome/128.0.0.0 Safari/537.36 Edg/128.0.0.0"
84.17.86.9 - - [11/Mar/2025:19:47:30 +0000] "GET /api-web/v1/chart_data?timespan=60 HTTP/1.1" 200 2712 "https://cyber.ltfe.org/" "Mozilla/5.0 (X11; Linux x86_64) AppleWebKit/537.36 (KHTML, like Gecko) Chrome/128.0.0.0 Safari/537.36 Edg/128.0.0.0"
84.17.86.9 - - [11/Mar/2025:19:48:31 +0000] "GET /api-web/v1/chart_data?timespan=60 HTTP/1.1" 200 2712 "https://cyber.ltfe.org/" "Mozilla/5.0 (X11; Linux x86_64) AppleWebKit/537.36 (KHTML, like Gecko) Chrome/128.0.0.0 Safari/537.36 Edg/128.0.0.0"
84.17.86.9 - - [11/Mar/2025:19:49:32 +0000] "GET /api-web/v1/chart_data?timespan=60 HTTP/1.1" 200 2712 "https://cyber.ltfe.org/" "Mozilla/5.0 (X11; Linux x86_64) AppleWebKit/537.36 (KHTML, like Gecko) Chrome/128.0.0.0 Safari/537.36 Edg/128.0.0.0"
93.174.93.12 - - [11/Mar/2025:20:03:52 +0000] "\x16\x03\x02\x01o\x01\x00\x01k\x03\x02RH\xC5\x1A#\xF7:N\xDF\xE2\xB4\x82/\xFF\x09T\x9F\xA7\xC4y\xB0h\xC6\x13\x8C\xA4\x1C=\x22\xE1\x1A\x98 \x84\xB4,\x85\xAFn\xE3Y\xBBbhl\xFF(=':\xA9\x82\xD9o\xC8\xA2\xD7\x93\x98\xB4\xEF\x80\xE5\xB9\x90\x00(\xC0" 400 12 "-" "-"
157.230.247.206 - - [11/Mar/2025:20:06:29 +0000] "GET / HTTP/1.1" 301 134 "-" "Mozilla/5.0 (Windows NT 10.0; rv:68.0) Gecko/20100101 Firefox/68.0"
157.230.247.206 - - [11/Mar/2025:20:06:29 +0000] "GET / HTTP/1.1" 200 1018 "-" "Mozilla/5.0 (Windows NT 10.0; rv:68.0) Gecko/20100101 Firefox/68.0"
141.98.11.97 - - [11/Mar/2025:20:10:13 +0000] "GET / HTTP/1.1" 404 48 "-" "-"
80.82.77.202 - - [11/Mar/2025:20:26:11 +0000] "GET / HTTP/1.0" 404 48 "-" "Mozilla/5.0 (Macintosh; Intel Mac OS X 10_14_5) AppleWebKit/537.36 (KHTML, like Gecko) Chrome/75.0.3770.142 Safari/537.36 OPR/62.0.3331.119"
4.227.36.16 - - [11/Mar/2025:20:31:18 +0000] "GET /robots.txt HTTP/1.1" 301 134 "-" "Mozilla/5.0 AppleWebKit/537.36 (KHTML, like Gecko; compatible; GPTBot/1.2; +https://openai.com/gptbot)"
4.227.36.16 - - [11/Mar/2025:20:31:19 +0000] "GET /robots.txt HTTP/1.1" 200 24 "http://cyber.ltfe.org/robots.txt" "Mozilla/5.0 AppleWebKit/537.36 (KHTML, like Gecko; compatible; GPTBot/1.2; +https://openai.com/gptbot)"
20.171.207.137 - - [11/Mar/2025:20:31:19 +0000] "GET / HTTP/1.1" 301 134 "-" "Mozilla/5.0 AppleWebKit/537.36 (KHTML, like Gecko; compatible; GPTBot/1.2; +https://openai.com/gptbot)"
185.12.59.118 - - [11/Mar/2025:20:45:55 +0000] "GET / HTTP/1.1" 400 12 "-" "-"
162.158.154.96 - - [11/Mar/2025:20:48:41 +0000] "GET / HTTP/1.1" 200 1018 "http://cyberlab.si" "Mozilla/5.0 (X11; Linux x86_64) AppleWebKit/537.36 (KHTML, like Gecko) Chrome/105.0.0.0 Safari/537.36"
167.71.53.169 - - [11/Mar/2025:20:53:16 +0000] "GET /.env HTTP/1.1" 404 48 "-" "Mozilla/5.0 Keydrop"
167.71.53.169 - - [11/Mar/2025:20:53:16 +0000] "GET /.env HTTP/1.1" 400 220 "-" "Mozilla/5.0 Keydrop"
179.43.175.246 - - [11/Mar/2025:21:01:18 +0000] "GET / HTTP/1.1" 404 48 "-" "Mozilla/5.0 (Windows NT 10.0; Win64; x64) AppleWebKit/537.36 (KHTML, like Gecko) Chrome/90.0.4430.85 Safari/537.36 Edg/90.0.818.46"
66.249.75.69 - - [11/Mar/2025:21:08:14 +0000] "GET /robots.txt HTTP/1.1" 200 24 "-" "Mozilla/5.0 (compatible; Googlebot/2.1; +http://www.google.com/bot.html)"
66.249.75.70 - - [11/Mar/2025:21:08:14 +0000] "GET / HTTP/1.1" 200 1018 "-" "Mozilla/5.0 (Linux; Android 6.0.1; Nexus 5X Build/MMB29P) AppleWebKit/537.36 (KHTML, like Gecko) Chrome/133.0.6943.53 Mobile Safari/537.36 (compatible; Googlebot/2.1; +http://www.google.com/bot.html)"
66.249.75.70 - - [11/Mar/2025:21:08:17 +0000] "GET /js/app.4c07236b.js HTTP/1.1" 200 87699 "https://cyber.ltfe.org/" "Mozilla/5.0 (Linux; Android 6.0.1; Nexus 5X Build/MMB29P) AppleWebKit/537.36 (KHTML, like Gecko) Chrome/133.0.6943.141 Mobile Safari/537.36 (compatible; Googlebot/2.1; +http://www.google.com/bot.html)"
66.249.75.69 - - [11/Mar/2025:21:08:25 +0000] "GET /js/chunk-vendors.f0d1e719.js HTTP/1.1" 200 2111031 "https://cyber.ltfe.org/" "Mozilla/5.0 (Linux; Android 6.0.1; Nexus 5X Build/MMB29P) AppleWebKit/537.36 (KHTML, like Gecko) Chrome/133.0.6943.141 Mobile Safari/537.36 (compatible; Googlebot/2.1; +http://www.google.com/bot.html)"
66.249.75.69 - - [11/Mar/2025:21:08:27 +0000] "GET /api-web/v1/counter_data HTTP/1.1" 200 127 "https://cyber.ltfe.org/" "Mozilla/5.0 (Linux; Android 6.0.1; Nexus 5X Build/MMB29P) AppleWebKit/537.36 (KHTML, like Gecko) Chrome/133.0.6943.141 Mobile Safari/537.36 (compatible; Googlebot/2.1; +http://www.google.com/bot.html)"
66.249.75.69 - - [11/Mar/2025:21:08:33 +0000] "GET /api-web/v1/traffic?timespan=60 HTTP/1.1" 200 86785 "https://cyber.ltfe.org/" "Mozilla/5.0 (Linux; Android 6.0.1; Nexus 5X Build/MMB29P) AppleWebKit/537.36 (KHTML, like Gecko) Chrome/133.0.6943.141 Mobile Safari/537.36 (compatible; Googlebot/2.1; +http://www.google.com/bot.html)"
66.249.75.69 - - [11/Mar/2025:21:08:36 +0000] "GET /img/cyber-logo.c24a1e46.svg HTTP/1.1" 200 24197 "https://cyber.ltfe.org/" "Mozilla/5.0 (Linux; Android 6.0.1; Nexus 5X Build/MMB29P) AppleWebKit/537.36 (KHTML, like Gecko) Chrome/133.0.6943.141 Mobile Safari/537.36 (compatible; Googlebot/2.1; +http://www.google.com/bot.html)"
66.249.75.69 - - [11/Mar/2025:21:08:39 +0000] "GET /api-web/v1/chart_data?timespan=60 HTTP/1.1" 200 2563 "https://cyber.ltfe.org/" "Mozilla/5.0 (Linux; Android 6.0.1; Nexus 5X Build/MMB29P) AppleWebKit/537.36 (KHTML, like Gecko) Chrome/133.0.6943.141 Mobile Safari/537.36 (compatible; Googlebot/2.1; +http://www.google.com/bot.html)"
147.185.132.33 - - [11/Mar/2025:21:13:01 +0000] "GET / HTTP/1.0" 404 48 "-" "Expanse, a Palo Alto Networks company, searches across the global IPv4 space multiple times per day to identify customers&#39; presences on the Internet. If you would like to be excluded from our scans, please send IP addresses/domains to: scaninfo@paloaltonetworks.com"
109.236.61.115 - - [11/Mar/2025:21:13:05 +0000] "GET / HTTP/1.1" 404 48 "-" "Hello World"
94.102.49.155 - - [11/Mar/2025:21:54:23 +0000] "GET / HTTP/1.1" 404 48 "-" "Python/3.10 aiohttp/3.8.4"
80.82.77.202 - - [11/Mar/2025:22:00:00 +0000] "GET / HTTP/1.1" 404 48 "-" "Python/3.10 aiohttp/3.8.4"
45.79.120.183 - - [11/Mar/2025:22:08:46 +0000] "GET / HTTP/1.1" 404 48 "-" "Mozilla/5.0 (Macintosh; Intel Mac OS X 10_15_7) AppleWebKit/605.1.15 (KHTML, like Gecko) Version/17.2 Safari/605.1.15"
45.79.120.183 - - [11/Mar/2025:22:08:51 +0000] "\x16\x03\x01\x00\xF2\x01\x00\x00\xEE\x03\x03d\xC1w\x06\xFC\xE2\x1B\xB3w\xDE\xE4c\xB1\x16\xB2{\xFA5\xF7\x01\x9B\xF9P!\xC1\xFFn\xCC\x16\xB1e\xED p\x0FC\xDDwQ\xDA\xE9\xCF\xC1f\x19\x83\xD2\xAB68\xD8\x87\x14\xEC\x16\x94\xE9\x89\xDD\x96?:E[\xCD\x00&\xC0+\xC0/\xC0,\xC00\xCC\xA9\xCC\xA8\xC0\x09\xC0\x13\xC0" 400 12 "-" "-"
45.79.120.183 - - [11/Mar/2025:22:08:57 +0000] "GET /favicon.ico HTTP/1.1" 404 48 "-" "Mozilla/5.0 (Macintosh; Intel Mac OS X 10_15_7) AppleWebKit/605.1.15 (KHTML, like Gecko) Version/17.2 Safari/605.1.15"
45.79.120.183 - - [11/Mar/2025:22:08:57 +0000] "GET / HTTP/1.1" 404 48 "-" "Mozilla/5.0 (Knoppix; Linux i686; rv:127.0) Gecko/20100101 Firefox/127.0"
45.79.120.183 - - [11/Mar/2025:22:09:21 +0000] "GET /favicon.ico HTTP/1.1" 404 48 "-" "Mozilla/5.0 (Knoppix; Linux i686; rv:127.0) Gecko/20100101 Firefox/127.0"
45.156.128.130 - - [11/Mar/2025:22:10:57 +0000] "GET / HTTP/1.1" 404 48 "-" "Mozilla/5.0 (Windows NT 10.0; Win64; x64) AppleWebKit/537.36 (KHTML, like Gecko) Chrome/60.0.3112.113 Safari/537.36"
80.82.77.202 - - [11/Mar/2025:22:18:16 +0000] "\x16\x03\x02\x01o\x01\x00\x01k\x03\x02RH\xC5\x1A#\xF7:N\xDF\xE2\xB4\x82/\xFF\x09T\x9F\xA7\xC4y\xB0h\xC6\x13\x8C\xA4\x1C=\x22\xE1\x1A\x98 \x84\xB4,\x85\xAFn\xE3Y\xBBbhl\xFF(=':\xA9\x82\xD9o\xC8\xA2\xD7\x93\x98\xB4\xEF\x80\xE5\xB9\x90\x00(\xC0" 400 12 "-" "-"
20.42.10.191 - - [11/Mar/2025:22:42:48 +0000] "GET /robots.txt HTTP/1.1" 200 24 "-" "Mozilla/5.0 (Macintosh; Intel Mac OS X 10_15_7) AppleWebKit/537.36 (KHTML, like Gecko) Chrome/131.0.0.0 Safari/537.36; compatible; OAI-SearchBot/1.0; +https://openai.com/searchbot"
66.240.236.109 - - [11/Mar/2025:22:44:24 +0000] "GET / HTTP/1.1" 404 48 "-" "Mozilla/5.0 zgrab/0.x"
146.190.102.102 - - [11/Mar/2025:22:50:33 +0000] "\x16\x03\x01\x00{\x01\x00\x00w\x03\x03\xDB\xAA\xFC\x0C\xFF\xA6\x07\xCD\xEAg\xD9\xE6\xA3F\x80\xF9*\xB0\x90\xCA8\xBFb\xCB\x9C\xFE\xA8\xAC3\xC5\x1Au\x00\x00\x1A\xC0/\xC0+\xC0\x11\xC0\x07\xC0\x13\xC0\x09\xC0\x14\xC0" 400 12 "-" "-"
146.190.102.102 - - [11/Mar/2025:22:50:33 +0000] "\x16\x03\x01\x00{\x01\x00\x00w\x03\x03\x1E\x12\x1E\xA4\x04hBc\x85\x7F\x1F\xCC\xE5\x87\xE6\x94p\xC3\xF9\xFEo\xF5H\xACY\x1C\x09z\xE4\xAE\xB2\x22\x00\x00\x1A\xC0/\xC0+\xC0\x11\xC0\x07\xC0\x13\xC0\x09\xC0\x14\xC0" 400 12 "-" "-"
146.190.102.102 - - [11/Mar/2025:22:50:33 +0000] "GET / HTTP/1.1" 404 48 "-" "Mozilla/5.0 (Windows NT 10.0; Win64; x64) AppleWebKit/537.36 (KHTML, like Gecko) Chrome/108.0.0.0 Safari/537.36"
146.190.102.102 - - [11/Mar/2025:22:50:34 +0000] "GET /form.html HTTP/1.1" 404 48 "-" "curl/8.1.2"
146.190.102.102 - - [11/Mar/2025:22:50:34 +0000] "GET /upl.php HTTP/1.1" 404 48 "-" "Mozilla/5.0"
146.190.102.102 - - [11/Mar/2025:22:50:35 +0000] "GET /t4 HTTP/1.1" 404 48 "-" "Mozilla/5.0"
146.190.102.102 - - [11/Mar/2025:22:50:35 +0000] "GET /geoip/ HTTP/1.1" 404 48 "-" "Mozilla/5.0 (Windows NT 10.0; Win64; x64) AppleWebKit/537.36 (KHTML, like Gecko) Chrome/108.0.0.0 Safari/537.36"
146.190.102.102 - - [11/Mar/2025:22:50:36 +0000] "GET /favicon.ico HTTP/1.1" 404 48 "-" "Mozilla/5.0 (Windows NT 10.0; Win64; x64) AppleWebKit/537.36 (KHTML, like Gecko) Chrome/108.0.0.0 Safari/537.36"
146.190.102.102 - - [11/Mar/2025:22:50:36 +0000] "GET /1.php HTTP/1.1" 404 48 "-" "Mozilla/5.0 (Windows NT 10.0; Win64; x64) AppleWebKit/537.36 (KHTML, like Gecko) Chrome/108.0.0.0 Safari/537.36"
146.190.102.102 - - [11/Mar/2025:22:50:37 +0000] "GET /systembc/password.php HTTP/1.1" 404 48 "-" "Mozilla/5.0 (Windows NT 10.0; Win64; x64) AppleWebKit/537.36 (KHTML, like Gecko) Chrome/108.0.0.0 Safari/537.36"
146.190.102.102 - - [11/Mar/2025:22:50:38 +0000] "GET /password.php HTTP/1.1" 404 48 "-" "Mozilla/5.0 (Windows NT 10.0; Win64; x64) AppleWebKit/537.36 (KHTML, like Gecko) Chrome/108.0.0.0 Safari/537.36"
52.156.77.151 - - [11/Mar/2025:22:51:35 +0000] "GET /datasets HTTP/1.1" 200 1018 "-" "Mozilla/5.0 AppleWebKit/537.36 (KHTML, like Gecko); compatible; ChatGPT-User/1.0; +https://openai.com/bot"
35.189.232.73 - - [11/Mar/2025:22:54:15 +0000] "GET / HTTP/1.1" 404 48 "-" "python-requests/2.32.3"
93.174.93.12 - - [11/Mar/2025:22:58:33 +0000] "GET / HTTP/1.0" 404 48 "-" "Opera/9.80 (Windows NT 6.1; WOW64) Presto/2.12.388 Version/12.16"
185.147.124.57 - - [11/Mar/2025:23:11:34 +0000] "\x03\x00\x00/*\xE0\x00\x00\x00\x00\x00Cookie: mstshash=Administr" 400 12 "-" "-"
185.147.124.57 - - [11/Mar/2025:23:11:36 +0000] "\x03\x00\x00/*\xE0\x00\x00\x00\x00\x00Cookie: mstshash=Administr" 400 12 "-" "-"
147.185.132.212 - - [11/Mar/2025:23:14:43 +0000] "GET / HTTP/1.1" 404 48 "-" "Expanse, a Palo Alto Networks company, searches across the global IPv4 space multiple times per day to identify customers&#39; presences on the Internet. If you would like to be excluded from our scans, please send IP addresses/domains to: scaninfo@paloaltonetworks.com"
49.51.72.76 - - [11/Mar/2025:23:31:07 +0000] "GET / HTTP/1.1" 400 220 "-" "Mozilla/5.0 (iPhone; CPU iPhone OS 13_2_3 like Mac OS X) AppleWebKit/605.1.15 (KHTML, like Gecko) Version/13.0.3 Mobile/15E148 Safari/604.1"
172.203.190.142 - - [11/Mar/2025:23:34:00 +0000] "GET /robots.txt HTTP/1.1" 200 24 "-" "Mozilla/5.0 (Macintosh; Intel Mac OS X 10_15_7) AppleWebKit/537.36 (KHTML, like Gecko) Chrome/131.0.0.0 Safari/537.36; compatible; OAI-SearchBot/1.0; +https://openai.com/searchbot"
195.178.110.54 - - [11/Mar/2025:23:50:02 +0000] "GET / HTTP/1.1" 404 48 "-" "-"
92.255.57.58 - - [11/Mar/2025:23:50:40 +0000] "GET /?XDEBUG_SESSION_START=phpstorm HTTP/1.1" 404 48 "-" "Mozilla/5.0 (Windows NT 10.0; Win64; x64) AppleWebKit/537.36 (KHTML, like Gecko) Chrome/78.0.3904.108 Safari/537.36"
179.43.175.246 - - [11/Mar/2025:23:56:05 +0000] "GET / HTTP/1.1" 404 48 "-" "Mozilla/5.0 (Windows NT 10.0; Win64; x64) AppleWebKit/537.36 (KHTML, like Gecko) Chrome/90.0.4430.85 Safari/537.36 Edg/90.0.818.46"
104.152.52.123 - - [12/Mar/2025:00:18:16 +0000] "GET / HTTP/1.0" 404 48 "-" "masscan/1.3 (https://github.com/robertdavidgraham/masscan)"
162.216.150.75 - - [12/Mar/2025:00:31:09 +0000] "GET / HTTP/1.1" 404 48 "-" "Expanse, a Palo Alto Networks company, searches across the global IPv4 space multiple times per day to identify customers&#39; presences on the Internet. If you would like to be excluded from our scans, please send IP addresses/domains to: scaninfo@paloaltonetworks.com"
45.148.10.35 - - [12/Mar/2025:00:33:40 +0000] "\x16\x03\x01\x00\xEE\x01\x00\x00\xEA\x03\x03\x0B\x10}R\x10\xCB\x11j\xB01\xEA\xA6Y=85{\xEF\x02\x9C\xC0:0\x12Y\x0E\xBF\xCB\xD9\xA6v\xAB &~]I\xE8U\xB3\xCF\x5CF\x9D\x12\x19\xCE$)\x10\xC8\xAAv\xB3\xCC\x143\x8E\x94\xF4\xBC\x89Z\x18\x9C\x00&\xC0+\xC0/\xC0,\xC00\xCC\xA9\xCC\xA8\xC0\x09\xC0\x13\xC0" 400 12 "-" "-"
45.148.10.35 - - [12/Mar/2025:00:33:40 +0000] "GET / HTTP/1.1" 400 12 "-" "-"
45.148.10.35 - - [12/Mar/2025:00:33:40 +0000] "GET / HTTP/1.1" 404 48 "-" "l9tcpid/v1.1.0"
45.148.10.35 - - [12/Mar/2025:00:33:40 +0000] "GET /data/processing/.git/config HTTP/1.1" 404 48 "-" "l9explore/1.2.2"
45.148.10.35 - - [12/Mar/2025:00:33:40 +0000] "GET /user/.git/config HTTP/1.1" 404 48 "-" "l9explore/1.2.2"
45.148.10.35 - - [12/Mar/2025:00:33:40 +0000] "GET /app/frontend/.git/config HTTP/1.1" 404 48 "-" "l9explore/1.2.2"
45.148.10.35 - - [12/Mar/2025:00:33:40 +0000] "GET /static/files/.git/config HTTP/1.1" 404 48 "-" "l9explore/1.2.2"
45.148.10.35 - - [12/Mar/2025:00:33:40 +0000] "GET /tools/.git/config HTTP/1.1" 404 48 "-" "l9explore/1.2.2"
45.148.10.35 - - [12/Mar/2025:00:33:40 +0000] "GET /devops/.git/config HTTP/1.1" 404 48 "-" "l9explore/1.2.2"
185.242.226.116 - - [12/Mar/2025:00:36:55 +0000] "GET / HTTP/1.1" 404 48 "-" "Mozilla/5.0 (Windows NT 10.0; Win64; x64) AppleWebKit/537.36 (KHTML, like Gecko) Chrome/88.0.4324.190 Safari/537.36"
3.145.168.48 - - [12/Mar/2025:00:59:40 +0000] "GET / HTTP/1.1" 400 622 "-" "Mozilla/5.0 (Macintosh; Intel Mac OS X 10_15_7) Chrome/126.0.0.0 Safari/537.36"
3.145.168.48 - - [12/Mar/2025:00:59:46 +0000] "GET / HTTP/1.1" 400 622 "-" "Mozilla/5.0 (Macintosh; Intel Mac OS X 10_15_7) Chrome/126.0.0.0 Safari/537.36"
3.145.168.48 - - [12/Mar/2025:01:02:10 +0000] "" 400 0 "-" "-"
92.255.57.58 - - [12/Mar/2025:01:21:07 +0000] "GET /actuator/gateway/routes HTTP/1.1" 404 48 "-" "Mozilla/5.0 (Windows NT 10.0; Win64; x64) AppleWebKit/537.36 (KHTML, like Gecko) Chrome/78.0.3904.108 Safari/537.36"
185.242.226.14 - - [12/Mar/2025:01:53:49 +0000] "GET / HTTP/1.1" 404 48 "-" "Mozilla/5.0 (Windows NT 10.0; Win64; x64) AppleWebKit/537.36 (KHTML, like Gecko) Chrome/88.0.4324.190 Safari/537.36"
196.251.85.250 - - [12/Mar/2025:01:55:37 +0000] "GET /login.rsp HTTP/1.1" 404 48 "-" "Hello World"
94.102.49.155 - - [12/Mar/2025:02:02:17 +0000] "GET / HTTP/1.1" 404 48 "-" "Python/3.10 aiohttp/3.8.4"
167.71.60.139 - - [12/Mar/2025:02:05:31 +0000] "GET /.env HTTP/1.1" 404 48 "-" "Mozilla/5.0 Keydrop"
167.71.60.139 - - [12/Mar/2025:02:05:31 +0000] "GET /.env HTTP/1.1" 400 220 "-" "Mozilla/5.0 Keydrop"
80.82.77.202 - - [12/Mar/2025:02:05:56 +0000] "GET / HTTP/1.1" 404 48 "-" "Python/3.10 aiohttp/3.8.4"
220.135.152.21 - - [12/Mar/2025:02:09:00 +0000] "GET / HTTP/1.0" 404 48 "-" "curl/7.88.1"
141.98.11.97 - - [12/Mar/2025:02:19:04 +0000] "GET / HTTP/1.1" 404 48 "-" "Hello World/1.0"
92.255.57.58 - - [12/Mar/2025:02:21:07 +0000] "\x16\x03\x01\x05\xA8\x01\x00\x05\xA4\x03\x03l\xBC\xC6\xD17%\x92\x88\xCE\xB83\xF3\x9C\xF3\xCA\xC9" 400 12 "-" "-"
206.168.34.64 - - [12/Mar/2025:02:32:15 +0000] "GET / HTTP/1.1" 404 48 "-" "Mozilla/5.0 (compatible; CensysInspect/1.1; +https://about.censys.io/)"
206.168.34.64 - - [12/Mar/2025:02:32:19 +0000] "PRI * HTTP/2.0" 400 12 "-" "-"
206.168.34.64 - - [12/Mar/2025:02:33:15 +0000] "GET /favicon.ico HTTP/1.1" 404 48 "-" "Mozilla/5.0 (compatible; CensysInspect/1.1; +https://about.censys.io/)"
206.168.34.64 - - [12/Mar/2025:02:33:18 +0000] "PRI * HTTP/2.0" 400 12 "-" "-"
206.168.34.121 - - [12/Mar/2025:02:33:19 +0000] "GET / HTTP/1.1" 404 48 "-" "Mozilla/5.0 (compatible; CensysInspect/1.1; +https://about.censys.io/)"
206.168.34.121 - - [12/Mar/2025:02:33:20 +0000] "PRI * HTTP/2.0" 400 12 "-" "-"
206.168.34.121 - - [12/Mar/2025:02:33:25 +0000] "GET /favicon.ico HTTP/1.1" 404 48 "-" "Mozilla/5.0 (compatible; CensysInspect/1.1; +https://about.censys.io/)"
206.168.34.121 - - [12/Mar/2025:02:33:30 +0000] "\x16\x03\x01\x00\xF7\x01\x00\x00\xF3\x03\x03b\x12S\x9B\xF6\x8Er\x8A\x98\xC3;\xE1\x10\x8B\xD1\x1E\xB1\xB92|{\x88S\xEDP\x94\xDA\x17\xD1\x04\x8D\x04 \x0C\x9Dn" 400 12 "-" "-"
18.166.88.66 - - [12/Mar/2025:02:39:26 +0000] "HEAD /actuator/env HTTP/1.1" 404 0 "-" "Mozilla/5.0 (SS; Linux x86_64) AppleWebKit/537.36 (KHTML, like Gecko) Chrome/128.0.0.0 Safari/537.36"
167.253.34.3 - - [12/Mar/2025:02:43:22 +0000] "GET /robots.txt HTTP/1.0" 301 134 "-" "Mozilla/4.0 (compatible; fluid/0.0; +http://www.leak.info/bot.html)"
162.142.125.121 - - [12/Mar/2025:02:54:11 +0000] "\x00\x0E\x08?\xE7\x7Fz\xBD\xC8=\x8E\x00\x00\x00\x00\x00" 400 12 "-" "-"
162.142.125.121 - - [12/Mar/2025:02:54:12 +0000] "\x00\x0E8?\xE7\x7Fz\xBD\xC8=\x8E\x00\x00\x00\x00\x00" 400 12 "-" "-"
13.40.56.162 - - [12/Mar/2025:03:22:42 +0000] "GET / HTTP/1.1" 400 622 "-" "Mozilla/5.0 (Macintosh; Intel Mac OS X 10_14_6) Project-Resonance (http://project-resonance.com/) (KHTML, like Gecko) Chrome/83.0.4103.61 Safari/537.36"
13.40.56.162 - - [12/Mar/2025:03:22:42 +0000] "GET /favicon.ico HTTP/1.1" 400 622 "-" "Mozilla/5.0 (Macintosh; Intel Mac OS X 10_14_6) Project-Resonance (http://project-resonance.com/) (KHTML, like Gecko) Chrome/83.0.4103.61 Safari/537.36"
141.98.11.97 - - [12/Mar/2025:03:23:53 +0000] "GET / HTTP/1.1" 404 48 "-" "-"
172.172.245.179 - - [12/Mar/2025:03:31:09 +0000] "GET / HTTP/1.1" 404 48 "-" "Mozilla/5.0 zgrab/0.x"
185.147.124.57 - - [12/Mar/2025:03:53:09 +0000] "\x03\x00\x00/*\xE0\x00\x00\x00\x00\x00Cookie: mstshash=Administr" 400 12 "-" "-"
185.147.124.57 - - [12/Mar/2025:03:53:11 +0000] "\x03\x00\x00/*\xE0\x00\x00\x00\x00\x00Cookie: mstshash=Administr" 400 12 "-" "-"
198.235.24.212 - - [12/Mar/2025:03:56:47 +0000] "\x16\x03\x01\x00\xEE\x01\x00\x00\xEA\x03\x03\xF4\x9D\xC6852Z\xF2\x99\xD7\x9D\xEC\xEF\x94\xC3\xD8\x05\x02*<\xCD\x22" 400 12 "-" "-"
198.235.24.212 - - [12/Mar/2025:03:56:47 +0000] "\x16\x03\x01\x00\xCA\x01\x00\x00\xC6\x03\x035\x02\xC7\x04x\x82Q\x89\x98\xC6\xA3" 400 12 "-" "-"
179.43.175.246 - - [12/Mar/2025:04:45:58 +0000] "GET / HTTP/1.1" 404 48 "-" "Mozilla/5.0 (Windows NT 10.0; Win64; x64) AppleWebKit/537.36 (KHTML, like Gecko) Chrome/90.0.4430.85 Safari/537.36 Edg/90.0.818.46"
43.166.238.12 - - [12/Mar/2025:05:02:46 +0000] "GET / HTTP/1.1" 301 134 "-" "Mozilla/5.0 (iPhone; CPU iPhone OS 13_2_3 like Mac OS X) AppleWebKit/605.1.15 (KHTML, like Gecko) Version/13.0.3 Mobile/15E148 Safari/604.1"
43.166.238.12 - - [12/Mar/2025:05:02:47 +0000] "GET / HTTP/1.1" 200 1018 "http://cyber.ltfe.org" "Mozilla/5.0 (iPhone; CPU iPhone OS 13_2_3 like Mac OS X) AppleWebKit/605.1.15 (KHTML, like Gecko) Version/13.0.3 Mobile/15E148 Safari/604.1"
18.119.98.59 - - [12/Mar/2025:05:12:08 +0000] "GET / HTTP/1.1" 404 48 "-" "Mozilla/5.0 (Macintosh; Intel Mac OS X 10_15_7) Chrome/126.0.0.0 Safari/537.36"
18.119.98.59 - - [12/Mar/2025:05:12:41 +0000] "GET / HTTP/1.1" 404 48 "-" "Mozilla/5.0 (Macintosh; Intel Mac OS X 10_15_7) Chrome/126.0.0.0 Safari/537.36"
18.119.98.59 - - [12/Mar/2025:05:13:41 +0000] "" 400 0 "-" "-"
45.148.10.235 - - [12/Mar/2025:05:19:18 +0000] "GET / HTTP/1.1" 404 48 "-" "Mozilla/5.0 (Windows NT 10.0; Win64; x64) AppleWebKit/537.36 (KHTML, like Gecko) Chrome/90.0.4430.85 Safari/537.36 Edg/90.0.818.46"
196.251.85.238 - - [12/Mar/2025:05:21:12 +0000] "GET /login.rsp HTTP/1.1" 404 48 "-" "Hello World"
179.43.175.246 - - [12/Mar/2025:05:29:24 +0000] "GET / HTTP/1.1" 404 48 "-" "Mozilla/5.0 (Windows NT 10.0; Win64; x64) AppleWebKit/537.36 (KHTML, like Gecko) Chrome/90.0.4430.85 Safari/537.36 Edg/90.0.818.46"
141.98.11.175 - - [12/Mar/2025:05:38:35 +0000] "GET / HTTP/1.1" 404 48 "-" "Mozilla/5.0 (Windows NT 10.0; Win64; x64) AppleWebKit/537.36 (KHTML, like Gecko) Chrome/90.0.4430.85 Safari/537.36 Edg/90.0.818.46"
172.71.122.186 - - [12/Mar/2025:05:42:57 +0000] "GET /api/index.php/v1/config/application?public=true HTTP/1.1" 200 1018 "-" "python-requests/2.25.1"
87.121.84.204 - - [12/Mar/2025:05:43:07 +0000] "GET / HTTP/1.1" 404 48 "-" "Mozilla/5.0 (Windows NT 10.0; Win64; x64) AppleWebKit/537.36 (KHTML, like Gecko) Chrome/90.0.4430.85 Safari/537.36 Edg/90.0.818.46"
125.228.47.45 - - [12/Mar/2025:06:02:40 +0000] "GET / HTTP/1.0" 404 48 "-" "curl/7.88.1"
43.130.67.6 - - [12/Mar/2025:06:02:54 +0000] "GET / HTTP/1.1" 400 220 "-" "Mozilla/5.0 (iPhone; CPU iPhone OS 13_2_3 like Mac OS X) AppleWebKit/605.1.15 (KHTML, like Gecko) Version/13.0.3 Mobile/15E148 Safari/604.1"
148.153.56.82 - - [12/Mar/2025:06:05:47 +0000] "GET /Zi3f HTTP/1.1" 404 48 "-" "Mozilla/5.0 (Macintosh; Intel Mac OS X 10.9; rv:32.0) Gecko/20100101 Firefox/32.0"
148.153.56.82 - - [12/Mar/2025:06:05:47 +0000] "GET /q5Kl HTTP/1.1" 404 48 "-" "Mozilla/5.0 (Macintosh; Intel Mac OS X 10.9; rv:32.0) Gecko/20100101 Firefox/32.0"
148.153.56.82 - - [12/Mar/2025:06:05:47 +0000] "GET /aab8 HTTP/1.1" 404 48 "-" "Mozilla/5.0 (Macintosh; Intel Mac OS X 10.9; rv:32.0) Gecko/20100101 Firefox/32.0"
148.153.56.82 - - [12/Mar/2025:06:05:48 +0000] "GET /jquery-3.3.1.slim.min.js HTTP/1.1" 404 48 "-" "Mozilla/5.0 (Macintosh; Intel Mac OS X 10.9; rv:32.0) Gecko/20100101 Firefox/32.0"
148.153.56.82 - - [12/Mar/2025:06:05:48 +0000] "GET /aab9 HTTP/1.1" 404 48 "-" "Mozilla/5.0 (Macintosh; Intel Mac OS X 10.9; rv:32.0) Gecko/20100101 Firefox/32.0"
148.153.56.82 - - [12/Mar/2025:06:05:48 +0000] "GET /jquery-3.3.2.slim.min.js HTTP/1.1" 404 48 "-" "Mozilla/5.0 (Macintosh; Intel Mac OS X 10.9; rv:32.0) Gecko/20100101 Firefox/32.0"
147.185.132.64 - - [12/Mar/2025:06:09:41 +0000] "GET / HTTP/1.1" 404 48 "-" "Expanse, a Palo Alto Networks company, searches across the global IPv4 space multiple times per day to identify customers&#39; presences on the Internet. If you would like to be excluded from our scans, please send IP addresses/domains to: scaninfo@paloaltonetworks.com"
94.102.49.155 - - [12/Mar/2025:06:10:07 +0000] "GET / HTTP/1.1" 404 48 "-" "Python/3.10 aiohttp/3.8.4"
80.82.77.202 - - [12/Mar/2025:06:11:43 +0000] "GET / HTTP/1.1" 404 48 "-" "Python/3.10 aiohttp/3.8.4"
199.204.96.10 - - [12/Mar/2025:06:45:07 +0000] "GET http://httpbin.org/ip HTTP/1.1" 404 48 "-" "Go-http-client/1.1"
45.148.10.90 - - [12/Mar/2025:06:57:33 +0000] "GET / HTTP/1.1" 400 12 "-" "-"
179.43.175.250 - - [12/Mar/2025:07:03:03 +0000] "GET / HTTP/1.1" 404 48 "-" "Mozilla/5.0 (Windows NT 10.0; Win64; x64) AppleWebKit/537.36 (KHTML, like Gecko) Chrome/90.0.4430.85 Safari/537.36 Edg/90.0.818.46"
64.124.8.181 - - [12/Mar/2025:07:07:21 +0000] "GET /robots.txt HTTP/1.1" 200 24 "-" "Mozilla/5.0 (compatible; ImagesiftBot; +imagesift.com)"
64.124.8.181 - - [12/Mar/2025:07:07:21 +0000] "GET /img/icons/favicon-32x32.png HTTP/1.1" 200 1018 "-" "Mozilla/5.0 (compatible; ImagesiftBot; +imagesift.com)"
64.124.8.181 - - [12/Mar/2025:07:08:33 +0000] "GET /img/icons/favicons/favicon-16x16.png HTTP/1.1" 200 1018 "-" "Mozilla/5.0 (compatible; ImagesiftBot; +imagesift.com)"
188.166.146.143 - - [12/Mar/2025:07:21:05 +0000] "GET / HTTP/1.1" 404 48 "-" "Mozilla/5.0 (compatible)"
188.166.146.143 - - [12/Mar/2025:07:21:05 +0000] "GET /favicon.ico HTTP/1.1" 404 48 "https://212.101.140.57/" "Mozilla/5.0 (compatible)"
64.124.8.181 - - [12/Mar/2025:07:22:37 +0000] "GET /img/icons/apple-touch-icon-152x152.png HTTP/1.1" 200 1018 "-" "Mozilla/5.0 (compatible; ImagesiftBot; +imagesift.com)"
